Current Python version 3.10 is below the recommended 3.11 version. It is recommended to upgrade to Python 3.11 or higher for the best experience.
Generating dataset...
Saving dataset to on-disk cache at /huyang2/double-loop/.cache/zoology-directional-mqar/data_f9fb602ec39142e2e3cccd83d039d052.pt...
Generating dataset...
Saving dataset to on-disk cache at /huyang2/double-loop/.cache/zoology-directional-mqar/data_2adc20577404e078be7efe1e99261ea4.pt...
{
  "conv_backends": [
    "triton",
    "triton"
  ],
  "cuda_device_count": 1,
  "device": "NVIDIA A100-SXM4-80GB",
  "device_uuid": "53e9f3b4-2966-65d3-6614-09c540921519",
  "fla_sha": "9c8e42e762fce087c27b673af4922795d9edb85e",
  "fs_future_dependency_mean": 0.07177561521530151,
  "future_seed": {
    "future_seed_gate": 0.5,
    "future_seed_norm": 16.0,
    "future_seed_raw_rms": 0.014919877052307129,
    "future_seed_scale": 1.0
  },
  "future_seed_gate_grad_max": 0.0005639092996716499,
  "gdn2_class": "fla.layers.gdn2.GatedDeltaNet2",
  "gdn2_source": "/huyang2/double-loop/.cache/fla-versions/9c8e42e762fce087c27b673af4922795d9edb85e-0280db310981915e/fla/layers/gdn2.py",
  "loss": 5.534860134124756,
  "mode": [
    "chunk",
    "chunk"
  ],
  "no_fs_future_dependency_max": 0.0,
  "parameters": 538704,
  "peak_cuda_mem_bytes": 607949824,
  "scale0_output_max_diff": 0.0,
  "shared_init_max_diff": 0.0,
  "test_data_hash": "3fa26a5a04b8302001231451bce23c4f5372648d8cdd9fe6116d8e418f470209",
  "train_data_hash": "31bac228c46a1c85b0b0e164675c7f65e9bb0a3d4b733d4c42d7c057bd6d5bf9"
}
