mode=full
run_dir=/huyang2/double-loop/.worktrees/pscale033-nofs-d224-503f367-20260715/runs/gdn-full-diversity-d224l12-nofs-resume3000-s4500-20260715T1639Z-503f367
git_sha=503f367b4df84509feabe33e8c40edaeb5c2fb63
git_dirty=0
device=cuda torch=2.7.0+cu126 board=9x9 box=3x3 mainline=future_seed_loop backbone=gdn rwkv_kernel=auto gdn_mode=triton_recurrent forward_dtype=bfloat16
checkpoint_eval steps=4500 holes=53,60,64
resumed_train_checkpoint path=/huyang2/double-loop/models/gdn-full-diversity-d224l12-nofs-s8000-20260715T1235Z-503f367/checkpoints/train_state_step003000.pt step=3000 reason=eval_checkpoint
[future_seed_loop stage=2:51-55] step=3100 ce=1.6404 total=1.6411 loop1=1.6434 loop_last=1.6404 exact_margin=0.0000 softmin=0.000 upd_l=0.950 upd_h=0.950 fb_next=0.000 fb_corrupt=0.000 fb_conf=0.000 hagg_norm=0.000 hagg_raw=0.000 hagg_ent=0.000 hagg_maxw=0.000 hagg_clip=0.000 scratch_delta=0.000 scratch_gauss=0.0000
[train_checkpoint step=3100] path=/huyang2/double-loop/models/gdn-full-diversity-d224l12-nofs-s8000-20260715T1235Z-503f367/checkpoints/train_state_step003100.pt
[future_seed_loop stage=2:51-55] step=3200 ce=1.6453 total=1.6453 loop1=1.6462 loop_last=1.6453 exact_margin=0.0000 softmin=0.000 upd_l=0.950 upd_h=0.950 fb_next=0.000 fb_corrupt=0.000 fb_conf=0.000 hagg_norm=0.000 hagg_raw=0.000 hagg_ent=0.000 hagg_maxw=0.000 hagg_clip=0.000 scratch_delta=0.000 scratch_gauss=0.0000
[train_checkpoint step=3200] path=/huyang2/double-loop/models/gdn-full-diversity-d224l12-nofs-s8000-20260715T1235Z-503f367/checkpoints/train_state_step003200.pt
[future_seed_loop stage=2:51-55] step=3300 ce=1.6484 total=1.6485 loop1=1.6494 loop_last=1.6484 exact_margin=0.0000 softmin=0.000 upd_l=0.950 upd_h=0.950 fb_next=0.000 fb_corrupt=0.000 fb_conf=0.000 hagg_norm=0.000 hagg_raw=0.000 hagg_ent=0.000 hagg_maxw=0.000 hagg_clip=0.000 scratch_delta=0.000 scratch_gauss=0.0000
[train_checkpoint step=3300] path=/huyang2/double-loop/models/gdn-full-diversity-d224l12-nofs-s8000-20260715T1235Z-503f367/checkpoints/train_state_step003300.pt
[future_seed_loop stage=2:51-55] step=3400 ce=1.6509 total=1.6512 loop1=1.6524 loop_last=1.6509 exact_margin=0.0000 softmin=0.000 upd_l=0.950 upd_h=0.950 fb_next=0.000 fb_corrupt=0.000 fb_conf=0.000 hagg_norm=0.000 hagg_raw=0.000 hagg_ent=0.000 hagg_maxw=0.000 hagg_clip=0.000 scratch_delta=0.000 scratch_gauss=0.0000
[train_checkpoint step=3400] path=/huyang2/double-loop/models/gdn-full-diversity-d224l12-nofs-s8000-20260715T1235Z-503f367/checkpoints/train_state_step003400.pt
[future_seed_loop stage=2:51-55] step=3500 ce=1.6346 total=1.6344 loop1=1.6343 loop_last=1.6346 exact_margin=0.0000 softmin=0.000 upd_l=0.950 upd_h=0.950 fb_next=0.000 fb_corrupt=0.000 fb_conf=0.000 hagg_norm=0.000 hagg_raw=0.000 hagg_ent=0.000 hagg_maxw=0.000 hagg_clip=0.000 scratch_delta=0.000 scratch_gauss=0.0000
[train_checkpoint step=3500] path=/huyang2/double-loop/models/gdn-full-diversity-d224l12-nofs-s8000-20260715T1235Z-503f367/checkpoints/train_state_step003500.pt
[future_seed_loop stage=2:51-55] step=3600 ce=1.6407 total=1.6408 loop1=1.6414 loop_last=1.6407 exact_margin=0.0000 softmin=0.000 upd_l=0.950 upd_h=0.950 fb_next=0.000 fb_corrupt=0.000 fb_conf=0.000 hagg_norm=0.000 hagg_raw=0.000 hagg_ent=0.000 hagg_maxw=0.000 hagg_clip=0.000 scratch_delta=0.000 scratch_gauss=0.0000
[train_checkpoint step=3600] path=/huyang2/double-loop/models/gdn-full-diversity-d224l12-nofs-s8000-20260715T1235Z-503f367/checkpoints/train_state_step003600.pt
[future_seed_loop stage=2:51-55] step=3700 ce=1.6368 total=1.6376 loop1=1.6401 loop_last=1.6368 exact_margin=0.0000 softmin=0.000 upd_l=0.950 upd_h=0.950 fb_next=0.000 fb_corrupt=0.000 fb_conf=0.000 hagg_norm=0.000 hagg_raw=0.000 hagg_ent=0.000 hagg_maxw=0.000 hagg_clip=0.000 scratch_delta=0.000 scratch_gauss=0.0000
[train_checkpoint step=3700] path=/huyang2/double-loop/models/gdn-full-diversity-d224l12-nofs-s8000-20260715T1235Z-503f367/checkpoints/train_state_step003700.pt
[future_seed_loop stage=2:51-55] step=3800 ce=1.6365 total=1.6361 loop1=1.6357 loop_last=1.6365 exact_margin=0.0000 softmin=0.000 upd_l=0.950 upd_h=0.950 fb_next=0.000 fb_corrupt=0.000 fb_conf=0.000 hagg_norm=0.000 hagg_raw=0.000 hagg_ent=0.000 hagg_maxw=0.000 hagg_clip=0.000 scratch_delta=0.000 scratch_gauss=0.0000
[train_checkpoint step=3800] path=/huyang2/double-loop/models/gdn-full-diversity-d224l12-nofs-s8000-20260715T1235Z-503f367/checkpoints/train_state_step003800.pt
[future_seed_loop stage=2:51-55] step=3900 ce=1.6371 total=1.6375 loop1=1.6390 loop_last=1.6371 exact_margin=0.0000 softmin=0.000 upd_l=0.950 upd_h=0.950 fb_next=0.000 fb_corrupt=0.000 fb_conf=0.000 hagg_norm=0.000 hagg_raw=0.000 hagg_ent=0.000 hagg_maxw=0.000 hagg_clip=0.000 scratch_delta=0.000 scratch_gauss=0.0000
[train_checkpoint step=3900] path=/huyang2/double-loop/models/gdn-full-diversity-d224l12-nofs-s8000-20260715T1235Z-503f367/checkpoints/train_state_step003900.pt
[future_seed_loop stage=2:51-55] step=4000 ce=1.6409 total=1.6412 loop1=1.6426 loop_last=1.6409 exact_margin=0.0000 softmin=0.000 upd_l=0.950 upd_h=0.950 fb_next=0.000 fb_corrupt=0.000 fb_conf=0.000 hagg_norm=0.000 hagg_raw=0.000 hagg_ent=0.000 hagg_maxw=0.000 hagg_clip=0.000 scratch_delta=0.000 scratch_gauss=0.0000
[train_checkpoint step=4000] path=/huyang2/double-loop/models/gdn-full-diversity-d224l12-nofs-s8000-20260715T1235Z-503f367/checkpoints/train_state_step004000.pt
[future_seed_loop stage=2:51-55] step=4100 ce=1.6202 total=1.6204 loop1=1.6217 loop_last=1.6202 exact_margin=0.0000 softmin=0.000 upd_l=0.950 upd_h=0.950 fb_next=0.000 fb_corrupt=0.000 fb_conf=0.000 hagg_norm=0.000 hagg_raw=0.000 hagg_ent=0.000 hagg_maxw=0.000 hagg_clip=0.000 scratch_delta=0.000 scratch_gauss=0.0000
[train_checkpoint step=4100] path=/huyang2/double-loop/models/gdn-full-diversity-d224l12-nofs-s8000-20260715T1235Z-503f367/checkpoints/train_state_step004100.pt
