mode=full
run_dir=/huyang2/double-loop/.worktrees/d320-effb72-h120-s12800-20260615T1703Z-785f3cd/runs/d320-effb72-h120-resume10000-s12800-20260615T1801Z-785f3cd
git_sha=785f3cdca74aab1f6e9d6a4cc252a17e3aa63731
git_dirty=0
device=cuda torch=2.7.0+cu126 board=12x12 box=3x4 mainline=future_seed_loop rwkv_kernel=statepassing forward_dtype=bfloat16
checkpoint_eval steps=10800,11800,12800 holes=96,108,120,132
resumed_train_checkpoint path=/huyang2/double-loop/.worktrees/d320-effb72-h120-s12800-20260615T1703Z-785f3cd/runs/d320-effb72-h120-resume9800-s12800-20260615T1703Z-785f3cd/checkpoints/latest.pt step=10000 reason=periodic
[future_seed_loop stage=7:108-120] step=10100 ce=0.2566 total=0.4765 loop1=1.2766 loop_last=0.2566 scratch_delta=0.000 scratch_gauss=0.0000
[future_seed_loop stage=7:108-120] step=10200 ce=0.2802 total=0.4789 loop1=1.2502 loop_last=0.2802 scratch_delta=0.000 scratch_gauss=0.0000
[future_seed_loop stage=7:108-120] step=10300 ce=0.2958 total=0.4984 loop1=1.2529 loop_last=0.2958 scratch_delta=0.000 scratch_gauss=0.0000
[future_seed_loop stage=7:108-120] step=10400 ce=0.3764 total=0.5676 loop1=1.2967 loop_last=0.3764 scratch_delta=0.000 scratch_gauss=0.0000
[future_seed_loop stage=7:108-120] step=10500 ce=0.3454 total=0.5441 loop1=1.3074 loop_last=0.3454 scratch_delta=0.000 scratch_gauss=0.0000
[future_seed_loop stage=7:108-120] step=10600 ce=0.3155 total=0.5439 loop1=1.3548 loop_last=0.3155 scratch_delta=0.000 scratch_gauss=0.0000
[future_seed_loop stage=7:108-120] step=10700 ce=0.2596 total=0.4756 loop1=1.2771 loop_last=0.2596 scratch_delta=0.000 scratch_gauss=0.0000
[future_seed_loop stage=7:108-120] step=10800 ce=0.3762 total=0.5686 loop1=1.2992 loop_last=0.3762 scratch_delta=0.000 scratch_gauss=0.0000
[checkpoint_eval step=10800 holes120] loop6 exact=0.0820 blank=0.6905
[train_checkpoint step=10800] path=/huyang2/double-loop/.worktrees/d320-effb72-h120-s12800-20260615T1703Z-785f3cd/runs/d320-effb72-h120-resume10000-s12800-20260615T1801Z-785f3cd/checkpoints/train_state_step010800.pt
[future_seed_loop stage=7:108-120] step=10900 ce=0.2095 total=0.4367 loop1=1.2635 loop_last=0.2095 scratch_delta=0.000 scratch_gauss=0.0000
[future_seed_loop stage=7:108-120] step=11000 ce=0.3030 total=0.5298 loop1=1.3547 loop_last=0.3030 scratch_delta=0.000 scratch_gauss=0.0000
[train_checkpoint step=11000] path=/huyang2/double-loop/.worktrees/d320-effb72-h120-s12800-20260615T1703Z-785f3cd/runs/d320-effb72-h120-resume10000-s12800-20260615T1801Z-785f3cd/checkpoints/train_state_step011000.pt
[future_seed_loop stage=7:108-120] step=11100 ce=0.3236 total=0.5380 loop1=1.3356 loop_last=0.3236 scratch_delta=0.000 scratch_gauss=0.0000
[future_seed_loop stage=7:108-120] step=11200 ce=0.2953 total=0.5125 loop1=1.2961 loop_last=0.2953 scratch_delta=0.000 scratch_gauss=0.0000
[future_seed_loop stage=7:108-120] step=11300 ce=0.2820 total=0.4983 loop1=1.2688 loop_last=0.2820 scratch_delta=0.000 scratch_gauss=0.0000
[future_seed_loop stage=7:108-120] step=11400 ce=0.2219 total=0.4478 loop1=1.2754 loop_last=0.2219 scratch_delta=0.000 scratch_gauss=0.0000
[future_seed_loop stage=7:108-120] step=11500 ce=0.2455 total=0.4592 loop1=1.2352 loop_last=0.2455 scratch_delta=0.000 scratch_gauss=0.0000
[future_seed_loop stage=7:108-120] step=11600 ce=0.2176 total=0.4385 loop1=1.2544 loop_last=0.2176 scratch_delta=0.000 scratch_gauss=0.0000
[future_seed_loop stage=7:108-120] step=11700 ce=0.2079 total=0.4182 loop1=1.1869 loop_last=0.2079 scratch_delta=0.000 scratch_gauss=0.0000
[future_seed_loop stage=7:108-120] step=11800 ce=0.3369 total=0.5255 loop1=1.2449 loop_last=0.3369 scratch_delta=0.000 scratch_gauss=0.0000
[checkpoint_eval step=11800 holes120] loop6 exact=0.1016 blank=0.7077
[train_checkpoint step=11800] path=/huyang2/double-loop/.worktrees/d320-effb72-h120-s12800-20260615T1703Z-785f3cd/runs/d320-effb72-h120-resume10000-s12800-20260615T1801Z-785f3cd/checkpoints/train_state_step011800.pt
[future_seed_loop stage=7:108-120] step=11900 ce=0.3131 total=0.5178 loop1=1.2817 loop_last=0.3131 scratch_delta=0.000 scratch_gauss=0.0000
[future_seed_loop stage=7:108-120] step=12000 ce=0.3904 total=0.5995 loop1=1.3413 loop_last=0.3904 scratch_delta=0.000 scratch_gauss=0.0000
[train_checkpoint step=12000] path=/huyang2/double-loop/.worktrees/d320-effb72-h120-s12800-20260615T1703Z-785f3cd/runs/d320-effb72-h120-resume10000-s12800-20260615T1801Z-785f3cd/checkpoints/train_state_step012000.pt
[future_seed_loop stage=7:108-120] step=12100 ce=0.1616 total=0.3666 loop1=1.1684 loop_last=0.1616 scratch_delta=0.000 scratch_gauss=0.0000
[future_seed_loop stage=7:108-120] step=12200 ce=0.2561 total=0.4695 loop1=1.2713 loop_last=0.2561 scratch_delta=0.000 scratch_gauss=0.0000
[future_seed_loop stage=7:108-120] step=12300 ce=0.1806 total=0.4024 loop1=1.2268 loop_last=0.1806 scratch_delta=0.000 scratch_gauss=0.0000
[future_seed_loop stage=7:108-120] step=12400 ce=0.2538 total=0.4760 loop1=1.2852 loop_last=0.2538 scratch_delta=0.000 scratch_gauss=0.0000
[future_seed_loop stage=7:108-120] step=12500 ce=0.2349 total=0.4515 loop1=1.2582 loop_last=0.2349 scratch_delta=0.000 scratch_gauss=0.0000
[future_seed_loop stage=7:108-120] step=12600 ce=0.1964 total=0.4171 loop1=1.2479 loop_last=0.1964 scratch_delta=0.000 scratch_gauss=0.0000
[future_seed_loop stage=7:108-120] step=12700 ce=0.2157 total=0.4346 loop1=1.2476 loop_last=0.2157 scratch_delta=0.000 scratch_gauss=0.0000
[future_seed_loop stage=7:108-120] step=12800 ce=0.2818 total=0.4604 loop1=1.1807 loop_last=0.2818 scratch_delta=0.000 scratch_gauss=0.0000
[checkpoint_eval step=12800 holes120] loop6 exact=0.1191 blank=0.7347
[train_checkpoint step=12800] path=/huyang2/double-loop/.worktrees/d320-effb72-h120-s12800-20260615T1703Z-785f3cd/runs/d320-effb72-h120-resume10000-s12800-20260615T1801Z-785f3cd/checkpoints/train_state_step012800.pt

full-board metrics
loop=1 exact=0.0000, valid=0.0000, solved=0.0000, blank_acc=0.3711
        fs_gate=0.606, fs_update=1.000, fs_state_norm=19.398, fs_decay=0.00, fb_in=0.000, fb_next=0.000, loop_time=0.000, scratch_gate=0.000, scratch_decay=0.000, scratch_delta=0.000, scratch_resid=0.000
loop=2 exact=0.0020, valid=0.0020, solved=0.0020, blank_acc=0.5832
        fs_gate=0.606, fs_update=1.000, fs_state_norm=19.398, fs_decay=0.00, fb_in=0.000, fb_next=0.000, loop_time=0.000, scratch_gate=0.000, scratch_decay=0.000, scratch_delta=0.000, scratch_resid=0.000
loop=3 exact=0.0664, valid=0.0684, solved=0.0684, blank_acc=0.7041
        fs_gate=0.606, fs_update=1.000, fs_state_norm=19.398, fs_decay=0.00, fb_in=0.000, fb_next=0.000, loop_time=0.000, scratch_gate=0.000, scratch_decay=0.000, scratch_delta=0.000, scratch_resid=0.000
loop=4 exact=0.1074, valid=0.1113, solved=0.1113, blank_acc=0.7289
        fs_gate=0.606, fs_update=1.000, fs_state_norm=19.398, fs_decay=0.00, fb_in=0.000, fb_next=0.000, loop_time=0.000, scratch_gate=0.000, scratch_decay=0.000, scratch_delta=0.000, scratch_resid=0.000
loop=5 exact=0.1191, valid=0.1230, solved=0.1230, blank_acc=0.7319
        fs_gate=0.606, fs_update=1.000, fs_state_norm=19.398, fs_decay=0.00, fb_in=0.000, fb_next=0.000, loop_time=0.000, scratch_gate=0.000, scratch_decay=0.000, scratch_delta=0.000, scratch_resid=0.000
loop=6 exact=0.1270, valid=0.1309, solved=0.1309, blank_acc=0.7331
        fs_gate=0.606, fs_update=1.000, fs_state_norm=19.398, fs_decay=0.00, fb_in=0.000, fb_next=0.000, loop_time=0.000, scratch_gate=0.000, scratch_decay=0.000, scratch_delta=0.000, scratch_resid=0.000

stochastic rollout metrics
K1 oracle_exact=0.1270 oracle_solved=0.1309 disagree=0.0000
  confidence exact=0.1270, valid=0.1309, solved=0.1309, blank_acc=0.7331; gap=0.0000
  consistency exact=0.1270, valid=0.1309, solved=0.1309, blank_acc=0.7331; gap=0.0000
  residual    exact=0.1270, valid=0.1309, solved=0.1309, blank_acc=0.7331; gap=0.0000
  majority    exact=0.1270, valid=0.1309, solved=0.1309, blank_acc=0.7331; gap=0.0000

compute-scaling rollout metrics
loop1
  K1 oracle_exact=0.0000 confidence_exact=0.0000 residual_exact=0.0000 disagree=0.0000
loop3
  K1 oracle_exact=0.0664 confidence_exact=0.0664 residual_exact=0.0664 disagree=0.0000
loop4
  K1 oracle_exact=0.1074 confidence_exact=0.1074 residual_exact=0.1074 disagree=0.0000
loop5
  K1 oracle_exact=0.1191 confidence_exact=0.1191 residual_exact=0.1191 disagree=0.0000
loop6
  K1 oracle_exact=0.1270 confidence_exact=0.1270 residual_exact=0.1270 disagree=0.0000

hole-transfer metrics
holes=120 exact=0.1270, valid=0.1309, solved=0.1309, blank_acc=0.7331; indep=0.0000, exact/indep=1916508270101759.50
holes=96 exact=0.9883, valid=0.9883, solved=0.9883, blank_acc=0.9993; indep=0.9376, exact/indep=1.05
holes=108 exact=0.9355, valid=0.9375, solved=0.9375, blank_acc=0.9938; indep=0.5127, exact/indep=1.82
holes=132 exact=0.0000, valid=0.0000, solved=0.0000, blank_acc=0.1642; indep=0.0000, exact/indep=0.00
Depth loop adds useful full-board refinement.
wrote /huyang2/double-loop/.worktrees/d320-effb72-h120-s12800-20260615T1703Z-785f3cd/runs/d320-effb72-h120-resume10000-s12800-20260615T1801Z-785f3cd/output/futureseed_loop_seed52.json
wrote /huyang2/double-loop/.worktrees/d320-effb72-h120-s12800-20260615T1703Z-785f3cd/runs/d320-effb72-h120-resume10000-s12800-20260615T1801Z-785f3cd/output/futureseed_loop_seed52.md
wrote /huyang2/double-loop/.worktrees/d320-effb72-h120-s12800-20260615T1703Z-785f3cd/runs/d320-effb72-h120-resume10000-s12800-20260615T1801Z-785f3cd/output/futureseed_loop_case_seed52.html
