mode=full
run_dir=/huyang2/double-loop/artifacts/worktrees/baseline-clean-20260724-3bc5dec/runs/sudoku-backbone-gdn2-s500-clean-20260724T020321Z-3bc5dec
git_sha=3bc5dec7677606cc3f12def6538891c199798ca5
git_dirty=1
Current Python version 3.10 is below the recommended 3.11 version. It is recommended to upgrade to Python 3.11 or higher for the best experience.
device=cuda torch=2.7.0+cu126 board=9x9 box=3x3 mainline=future_seed_loop backbone=gdn2 rwkv_kernel=statepassing gdn_mode=chunk gdn_progressive_base_expand_v=0.0 forward_dtype=bfloat16
checkpoint_eval steps=500 holes=53
[future_seed_loop stage=1:46-50] step=0100 ce=1.6043 total=1.6043 loop1=1.6049 loop_last=1.6043 exact_margin=0.0000 softmin=0.000 upd_l=0.950 upd_h=0.950 fb_next=0.000 fb_corrupt=0.000 fb_conf=0.000 hagg_norm=0.000 hagg_raw=0.000 hagg_ent=0.000 hagg_maxw=0.000 hagg_clip=0.000 scratch_delta=0.000 scratch_gauss=0.0000
[future_seed_loop stage=2:51-55] step=0200 ce=1.2831 total=1.2840 loop1=1.2884 loop_last=1.2831 exact_margin=0.0000 softmin=0.000 upd_l=0.950 upd_h=0.950 fb_next=0.000 fb_corrupt=0.000 fb_conf=0.000 hagg_norm=0.000 hagg_raw=0.000 hagg_ent=0.000 hagg_maxw=0.000 hagg_clip=0.000 scratch_delta=0.000 scratch_gauss=0.0000
[future_seed_loop stage=2:51-55] step=0300 ce=1.0789 total=1.0829 loop1=1.0971 loop_last=1.0789 exact_margin=0.0000 softmin=0.000 upd_l=0.950 upd_h=0.950 fb_next=0.000 fb_corrupt=0.000 fb_conf=0.000 hagg_norm=0.000 hagg_raw=0.000 hagg_ent=0.000 hagg_maxw=0.000 hagg_clip=0.000 scratch_delta=0.000 scratch_gauss=0.0000
[future_seed_loop stage=2:51-55] step=0400 ce=1.0286 total=1.0350 loop1=1.0577 loop_last=1.0286 exact_margin=0.0000 softmin=0.000 upd_l=0.950 upd_h=0.950 fb_next=0.000 fb_corrupt=0.000 fb_conf=0.000 hagg_norm=0.000 hagg_raw=0.000 hagg_ent=0.000 hagg_maxw=0.000 hagg_clip=0.000 scratch_delta=0.000 scratch_gauss=0.0000
[future_seed_loop stage=2:51-55] step=0500 ce=1.0078 total=1.0145 loop1=1.0371 loop_last=1.0078 exact_margin=0.0000 softmin=0.000 upd_l=0.950 upd_h=0.950 fb_next=0.000 fb_corrupt=0.000 fb_conf=0.000 hagg_norm=0.000 hagg_raw=0.000 hagg_ent=0.000 hagg_maxw=0.000 hagg_clip=0.000 scratch_delta=0.000 scratch_gauss=0.0000
[checkpoint_eval step=0500 holes53] loop5 exact=0.0156 blank=0.4941
[train_checkpoint step=0500] path=/huyang2/double-loop/models/sudoku-backbone-gdn2-s500-clean-20260724T020321Z-3bc5dec/checkpoints/train_state_step000500.pt

full-board metrics
loop=1 exact=0.0117, valid=0.0117, solved=0.0117, blank_acc=0.4873, early=0.4836, late=0.4892, early_late_gap=-0.0057
        fs_gate=0.503, fs_update=1.000, fs_state_norm=22.781, fs_decay=0.00, fs_raw_rms=0.495, fs_raw_rms_std=0.035, fs_norm_gain=1.000, fs_norm_gain_std=0.000, fb_in=0.000, fb_next=0.000, loop_time=0.000, upd_l=0.950, upd_h=0.950, scratch_gate=0.000, scratch_decay=0.000, scratch_delta=0.000, scratch_resid=0.000
loop=2 exact=0.0195, valid=0.0195, solved=0.0195, blank_acc=0.5024, early=0.4987, late=0.5070, early_late_gap=-0.0082
        fs_gate=0.503, fs_update=1.000, fs_state_norm=22.781, fs_decay=0.00, fs_raw_rms=0.476, fs_raw_rms_std=0.038, fs_norm_gain=1.000, fs_norm_gain_std=0.000, fb_in=0.000, fb_next=0.000, loop_time=0.000, upd_l=0.950, upd_h=0.950, scratch_gate=0.000, scratch_decay=0.000, scratch_delta=0.000, scratch_resid=0.000
loop=3 exact=0.0195, valid=0.0195, solved=0.0195, blank_acc=0.5017, early=0.4967, late=0.5065, early_late_gap=-0.0098
        fs_gate=0.503, fs_update=1.000, fs_state_norm=22.781, fs_decay=0.00, fs_raw_rms=0.468, fs_raw_rms_std=0.038, fs_norm_gain=1.000, fs_norm_gain_std=0.000, fb_in=0.000, fb_next=0.000, loop_time=0.000, upd_l=0.950, upd_h=0.950, scratch_gate=0.000, scratch_decay=0.000, scratch_delta=0.000, scratch_resid=0.000
loop=4 exact=0.0195, valid=0.0195, solved=0.0195, blank_acc=0.5019, early=0.4957, late=0.5069, early_late_gap=-0.0112
        fs_gate=0.503, fs_update=1.000, fs_state_norm=22.781, fs_decay=0.00, fs_raw_rms=0.466, fs_raw_rms_std=0.038, fs_norm_gain=1.000, fs_norm_gain_std=0.000, fb_in=0.000, fb_next=0.000, loop_time=0.000, upd_l=0.950, upd_h=0.950, scratch_gate=0.000, scratch_decay=0.000, scratch_delta=0.000, scratch_resid=0.000
loop=5 exact=0.0195, valid=0.0195, solved=0.0195, blank_acc=0.5016, early=0.4954, late=0.5069, early_late_gap=-0.0115
        fs_gate=0.503, fs_update=1.000, fs_state_norm=22.781, fs_decay=0.00, fs_raw_rms=0.465, fs_raw_rms_std=0.038, fs_norm_gain=1.000, fs_norm_gain_std=0.000, fb_in=0.000, fb_next=0.000, loop_time=0.000, upd_l=0.950, upd_h=0.950, scratch_gate=0.000, scratch_decay=0.000, scratch_delta=0.000, scratch_resid=0.000

official sudoku eval split=test eval_n=512 seed=1051

official blank-range metrics
b46_50 blanks=46-50 n=512 exact=0.7676, valid=0.7676, solved=0.7676, blank_acc=0.9905, early=0.9875, late=0.9916, early_late_gap=-0.0041
b51_55 blanks=51-55 n=512 exact=0.0000, valid=0.0000, solved=0.0000, blank_acc=0.5205, early=0.5166, late=0.5217, early_late_gap=-0.0050
b56_64 blanks=56-64 n=512 exact=0.0000, valid=0.0000, solved=0.0000, blank_acc=0.4689, early=0.4649, late=0.4706, early_late_gap=-0.0057

case-bank artifacts
official_b46_50 exact=0.7383 blank_acc=0.9892 selected={'solved_by_loop': 4, 'almost_solved': 4, 'hard_failure': 2}
  index=/huyang2/double-loop/artifacts/worktrees/baseline-clean-20260724-3bc5dec/runs/sudoku-backbone-gdn2-s500-clean-20260724T020321Z-3bc5dec/output/case_bank/official_b46_50/index.html
  cases=/huyang2/double-loop/artifacts/worktrees/baseline-clean-20260724-3bc5dec/runs/sudoku-backbone-gdn2-s500-clean-20260724T020321Z-3bc5dec/output/case_bank/official_b46_50/cases.json
official_b51_55 exact=0.0000 blank_acc=0.5234 selected={'solved_by_loop': 0, 'almost_solved': 0, 'hard_failure': 4}
  index=/huyang2/double-loop/artifacts/worktrees/baseline-clean-20260724-3bc5dec/runs/sudoku-backbone-gdn2-s500-clean-20260724T020321Z-3bc5dec/output/case_bank/official_b51_55/index.html
  cases=/huyang2/double-loop/artifacts/worktrees/baseline-clean-20260724-3bc5dec/runs/sudoku-backbone-gdn2-s500-clean-20260724T020321Z-3bc5dec/output/case_bank/official_b51_55/cases.json
official_b56_64 exact=0.0000 blank_acc=0.4665 selected={'solved_by_loop': 0, 'almost_solved': 0, 'hard_failure': 4}
  index=/huyang2/double-loop/artifacts/worktrees/baseline-clean-20260724-3bc5dec/runs/sudoku-backbone-gdn2-s500-clean-20260724T020321Z-3bc5dec/output/case_bank/official_b56_64/index.html
  cases=/huyang2/double-loop/artifacts/worktrees/baseline-clean-20260724-3bc5dec/runs/sudoku-backbone-gdn2-s500-clean-20260724T020321Z-3bc5dec/output/case_bank/official_b56_64/cases.json
Depth loop adds useful full-board refinement.
wrote /huyang2/double-loop/artifacts/worktrees/baseline-clean-20260724-3bc5dec/runs/sudoku-backbone-gdn2-s500-clean-20260724T020321Z-3bc5dec/output/futureseed_loop_seed52.json
wrote /huyang2/double-loop/artifacts/worktrees/baseline-clean-20260724-3bc5dec/runs/sudoku-backbone-gdn2-s500-clean-20260724T020321Z-3bc5dec/output/futureseed_loop_seed52.md
wrote /huyang2/double-loop/artifacts/worktrees/baseline-clean-20260724-3bc5dec/runs/sudoku-backbone-gdn2-s500-clean-20260724T020321Z-3bc5dec/output/futureseed_loop_case_seed52.html
