mode=full
run_dir=/huyang2/double-loop/.worktrees/pdiag024-softgroup-75f9936/runs/gdn-transition-softgroupnoise-d224l12-s1000-20260705T0517Z-75f9936
git_sha=75f9936e2dd45eea1af19c331e9986a8065db0f4
git_dirty=0
device=cuda torch=2.7.0+cu126 board=9x9 box=3x3 mainline=future_seed_loop backbone=gdn rwkv_kernel=auto gdn_mode=triton_recurrent forward_dtype=float32
checkpoint_eval steps=500,1000 holes=53,60,64
[future_seed_loop stage=1:46-50] step=0100 ce=1.6044 total=1.6038 loop1=1.6031 loop_last=1.6044 exact_margin=0.0000 softmin=0.000 upd_l=0.950 upd_h=0.950 fb_next=0.000 fb_corrupt=0.000 fb_conf=0.000 hagg_norm=2.000 hagg_raw=805.229 hagg_ent=0.978 hagg_maxw=0.200 hagg_clip=1.000 scratch_delta=0.000 scratch_gauss=0.0000
[train_checkpoint step=0100] path=/huyang2/double-loop/.worktrees/pdiag024-softgroup-75f9936/runs/gdn-transition-softgroupnoise-d224l12-s1000-20260705T0517Z-75f9936/checkpoints/train_state_step000100.pt
[future_seed_loop stage=2:51-55] step=0200 ce=1.2666 total=1.2677 loop1=1.2732 loop_last=1.2666 exact_margin=0.0000 softmin=0.000 upd_l=0.950 upd_h=0.950 fb_next=0.000 fb_corrupt=0.000 fb_conf=0.000 hagg_norm=2.000 hagg_raw=796.908 hagg_ent=0.982 hagg_maxw=0.194 hagg_clip=1.000 scratch_delta=0.000 scratch_gauss=0.0000
[train_checkpoint step=0200] path=/huyang2/double-loop/.worktrees/pdiag024-softgroup-75f9936/runs/gdn-transition-softgroupnoise-d224l12-s1000-20260705T0517Z-75f9936/checkpoints/train_state_step000200.pt
[future_seed_loop stage=2:51-55] step=0300 ce=1.1186 total=1.1223 loop1=1.1351 loop_last=1.1186 exact_margin=0.0000 softmin=0.000 upd_l=0.950 upd_h=0.950 fb_next=0.000 fb_corrupt=0.000 fb_conf=0.000 hagg_norm=2.000 hagg_raw=921.057 hagg_ent=0.980 hagg_maxw=0.197 hagg_clip=1.000 scratch_delta=0.000 scratch_gauss=0.0000
[train_checkpoint step=0300] path=/huyang2/double-loop/.worktrees/pdiag024-softgroup-75f9936/runs/gdn-transition-softgroupnoise-d224l12-s1000-20260705T0517Z-75f9936/checkpoints/train_state_step000300.pt
[future_seed_loop stage=2:51-55] step=0400 ce=1.0575 total=1.0627 loop1=1.0807 loop_last=1.0575 exact_margin=0.0000 softmin=0.000 upd_l=0.950 upd_h=0.950 fb_next=0.000 fb_corrupt=0.000 fb_conf=0.000 hagg_norm=2.000 hagg_raw=972.917 hagg_ent=0.979 hagg_maxw=0.201 hagg_clip=1.000 scratch_delta=0.000 scratch_gauss=0.0000
[train_checkpoint step=0400] path=/huyang2/double-loop/.worktrees/pdiag024-softgroup-75f9936/runs/gdn-transition-softgroupnoise-d224l12-s1000-20260705T0517Z-75f9936/checkpoints/train_state_step000400.pt
[future_seed_loop stage=2:51-55] step=0500 ce=1.0450 total=1.0523 loop1=1.0779 loop_last=1.0450 exact_margin=0.0000 softmin=0.000 upd_l=0.950 upd_h=0.950 fb_next=0.000 fb_corrupt=0.000 fb_conf=0.000 hagg_norm=2.000 hagg_raw=1047.994 hagg_ent=0.977 hagg_maxw=0.204 hagg_clip=1.000 scratch_delta=0.000 scratch_gauss=0.0000
[checkpoint_eval step=0500 holes60] loop5 exact=0.0137 blank=0.4943
[train_checkpoint step=0500] path=/huyang2/double-loop/.worktrees/pdiag024-softgroup-75f9936/runs/gdn-transition-softgroupnoise-d224l12-s1000-20260705T0517Z-75f9936/checkpoints/train_state_step000500.pt
[future_seed_loop stage=2:51-55] step=0600 ce=1.0094 total=1.0185 loop1=1.0504 loop_last=1.0094 exact_margin=0.0000 softmin=0.000 upd_l=0.950 upd_h=0.950 fb_next=0.000 fb_corrupt=0.000 fb_conf=0.000 hagg_norm=2.000 hagg_raw=1078.485 hagg_ent=0.982 hagg_maxw=0.192 hagg_clip=1.000 scratch_delta=0.000 scratch_gauss=0.0000
[train_checkpoint step=0600] path=/huyang2/double-loop/.worktrees/pdiag024-softgroup-75f9936/runs/gdn-transition-softgroupnoise-d224l12-s1000-20260705T0517Z-75f9936/checkpoints/train_state_step000600.pt
[future_seed_loop stage=2:51-55] step=0700 ce=0.9967 total=1.0060 loop1=1.0387 loop_last=0.9967 exact_margin=0.0000 softmin=0.000 upd_l=0.950 upd_h=0.950 fb_next=0.000 fb_corrupt=0.000 fb_conf=0.000 hagg_norm=2.000 hagg_raw=1112.165 hagg_ent=0.979 hagg_maxw=0.202 hagg_clip=1.000 scratch_delta=0.000 scratch_gauss=0.0000
[train_checkpoint step=0700] path=/huyang2/double-loop/.worktrees/pdiag024-softgroup-75f9936/runs/gdn-transition-softgroupnoise-d224l12-s1000-20260705T0517Z-75f9936/checkpoints/train_state_step000700.pt
[future_seed_loop stage=2:51-55] step=0800 ce=0.9950 total=1.0077 loop1=1.0495 loop_last=0.9950 exact_margin=0.0000 softmin=0.000 upd_l=0.950 upd_h=0.950 fb_next=0.000 fb_corrupt=0.000 fb_conf=0.000 hagg_norm=2.000 hagg_raw=1123.667 hagg_ent=0.975 hagg_maxw=0.205 hagg_clip=1.000 scratch_delta=0.000 scratch_gauss=0.0000
[train_checkpoint step=0800] path=/huyang2/double-loop/.worktrees/pdiag024-softgroup-75f9936/runs/gdn-transition-softgroupnoise-d224l12-s1000-20260705T0517Z-75f9936/checkpoints/train_state_step000800.pt
[future_seed_loop stage=2:51-55] step=0900 ce=0.9911 total=1.0027 loop1=1.0446 loop_last=0.9911 exact_margin=0.0000 softmin=0.000 upd_l=0.950 upd_h=0.950 fb_next=0.000 fb_corrupt=0.000 fb_conf=0.000 hagg_norm=2.000 hagg_raw=1131.984 hagg_ent=0.976 hagg_maxw=0.208 hagg_clip=1.000 scratch_delta=0.000 scratch_gauss=0.0000
[train_checkpoint step=0900] path=/huyang2/double-loop/.worktrees/pdiag024-softgroup-75f9936/runs/gdn-transition-softgroupnoise-d224l12-s1000-20260705T0517Z-75f9936/checkpoints/train_state_step000900.pt
[future_seed_loop stage=2:51-55] step=1000 ce=0.9906 total=1.0020 loop1=1.0414 loop_last=0.9906 exact_margin=0.0000 softmin=0.000 upd_l=0.950 upd_h=0.950 fb_next=0.000 fb_corrupt=0.000 fb_conf=0.000 hagg_norm=2.000 hagg_raw=1199.079 hagg_ent=0.980 hagg_maxw=0.200 hagg_clip=1.000 scratch_delta=0.000 scratch_gauss=0.0000
[checkpoint_eval step=1000 holes60] loop5 exact=0.0215 blank=0.5265
[train_checkpoint step=1000] path=/huyang2/double-loop/.worktrees/pdiag024-softgroup-75f9936/runs/gdn-transition-softgroupnoise-d224l12-s1000-20260705T0517Z-75f9936/checkpoints/train_state_step001000.pt

full-board metrics
loop=1 exact=0.0195, valid=0.0195, solved=0.0195, blank_acc=0.5003, early=0.4979, late=0.5042, early_late_gap=-0.0063
        fs_gate=0.487, fs_update=1.000, fs_state_norm=15.590, fs_decay=0.00, fb_in=0.000, fb_next=0.000, loop_time=0.000, upd_l=0.950, upd_h=0.950, scratch_gate=0.000, scratch_decay=0.000, scratch_delta=0.000, scratch_resid=0.000
loop=2 exact=0.0234, valid=0.0234, solved=0.0234, blank_acc=0.5206, early=0.5242, late=0.5176, early_late_gap=+0.0066
        fs_gate=0.487, fs_update=1.000, fs_state_norm=15.590, fs_decay=0.00, fb_in=0.000, fb_next=0.000, loop_time=0.000, upd_l=0.950, upd_h=0.950, scratch_gate=0.000, scratch_decay=0.000, scratch_delta=0.000, scratch_resid=0.000
loop=3 exact=0.0234, valid=0.0234, solved=0.0234, blank_acc=0.5239, early=0.5272, late=0.5222, early_late_gap=+0.0050
        fs_gate=0.487, fs_update=1.000, fs_state_norm=15.590, fs_decay=0.00, fb_in=0.000, fb_next=0.000, loop_time=0.000, upd_l=0.950, upd_h=0.950, scratch_gate=0.000, scratch_decay=0.000, scratch_delta=0.000, scratch_resid=0.000
loop=4 exact=0.0234, valid=0.0234, solved=0.0234, blank_acc=0.5252, early=0.5283, late=0.5233, early_late_gap=+0.0050
        fs_gate=0.487, fs_update=1.000, fs_state_norm=15.590, fs_decay=0.00, fb_in=0.000, fb_next=0.000, loop_time=0.000, upd_l=0.950, upd_h=0.950, scratch_gate=0.000, scratch_decay=0.000, scratch_delta=0.000, scratch_resid=0.000
loop=5 exact=0.0234, valid=0.0234, solved=0.0234, blank_acc=0.5252, early=0.5292, late=0.5228, early_late_gap=+0.0064
        fs_gate=0.487, fs_update=1.000, fs_state_norm=15.590, fs_decay=0.00, fb_in=0.000, fb_next=0.000, loop_time=0.000, upd_l=0.950, upd_h=0.950, scratch_gate=0.000, scratch_decay=0.000, scratch_delta=0.000, scratch_resid=0.000

stochastic rollout metrics
K1 oracle_exact=0.0234 oracle_solved=0.0234 disagree=0.0000
  confidence exact=0.0234, valid=0.0234, solved=0.0234, blank_acc=0.5252, early=0.5292, late=0.5228, early_late_gap=+0.0064; gap=0.0000
  consistency exact=0.0234, valid=0.0234, solved=0.0234, blank_acc=0.5252, early=0.5292, late=0.5228, early_late_gap=+0.0064; gap=0.0000
  residual    exact=0.0234, valid=0.0234, solved=0.0234, blank_acc=0.5252, early=0.5292, late=0.5228, early_late_gap=+0.0064; gap=0.0000
  majority    exact=0.0234, valid=0.0234, solved=0.0234, blank_acc=0.5252, early=0.5292, late=0.5228, early_late_gap=+0.0064; gap=0.0000

official sudoku eval split=test eval_n=512 seed=1051

official blank-range metrics
b46_50 blanks=46-50 n=512 exact=1.0000, valid=1.0000, solved=1.0000, blank_acc=1.0000, early=1.0000, late=1.0000, early_late_gap=+0.0000
b51_55 blanks=51-55 n=512 exact=0.0000, valid=0.0000, solved=0.0000, blank_acc=0.5478, early=0.5473, late=0.5477, early_late_gap=-0.0004
b56_64 blanks=56-64 n=512 exact=0.0000, valid=0.0000, solved=0.0000, blank_acc=0.4871, early=0.4892, late=0.4807, early_late_gap=+0.0085

case-bank artifacts
official_b46_50 exact=0.9961 blank_acc=0.9998 selected={'solved_by_loop': 4, 'almost_solved': 1, 'hard_failure': 0}
  index=/huyang2/double-loop/.worktrees/pdiag024-softgroup-75f9936/runs/gdn-transition-softgroupnoise-d224l12-s1000-20260705T0517Z-75f9936/output/case_bank/official_b46_50/index.html
  cases=/huyang2/double-loop/.worktrees/pdiag024-softgroup-75f9936/runs/gdn-transition-softgroupnoise-d224l12-s1000-20260705T0517Z-75f9936/output/case_bank/official_b46_50/cases.json
official_b51_55 exact=0.0000 blank_acc=0.5338 selected={'solved_by_loop': 0, 'almost_solved': 0, 'hard_failure': 4}
  index=/huyang2/double-loop/.worktrees/pdiag024-softgroup-75f9936/runs/gdn-transition-softgroupnoise-d224l12-s1000-20260705T0517Z-75f9936/output/case_bank/official_b51_55/index.html
  cases=/huyang2/double-loop/.worktrees/pdiag024-softgroup-75f9936/runs/gdn-transition-softgroupnoise-d224l12-s1000-20260705T0517Z-75f9936/output/case_bank/official_b51_55/cases.json
official_b56_64 exact=0.0000 blank_acc=0.4897 selected={'solved_by_loop': 0, 'almost_solved': 0, 'hard_failure': 4}
  index=/huyang2/double-loop/.worktrees/pdiag024-softgroup-75f9936/runs/gdn-transition-softgroupnoise-d224l12-s1000-20260705T0517Z-75f9936/output/case_bank/official_b56_64/index.html
  cases=/huyang2/double-loop/.worktrees/pdiag024-softgroup-75f9936/runs/gdn-transition-softgroupnoise-d224l12-s1000-20260705T0517Z-75f9936/output/case_bank/official_b56_64/cases.json
Depth loop adds useful full-board refinement.
wrote /huyang2/double-loop/.worktrees/pdiag024-softgroup-75f9936/runs/gdn-transition-softgroupnoise-d224l12-s1000-20260705T0517Z-75f9936/output/futureseed_loop_seed52.json
wrote /huyang2/double-loop/.worktrees/pdiag024-softgroup-75f9936/runs/gdn-transition-softgroupnoise-d224l12-s1000-20260705T0517Z-75f9936/output/futureseed_loop_seed52.md
wrote /huyang2/double-loop/.worktrees/pdiag024-softgroup-75f9936/runs/gdn-transition-softgroupnoise-d224l12-s1000-20260705T0517Z-75f9936/output/futureseed_loop_case_seed52.html
