mode=full
run_dir=/huyang2/double-loop/.worktrees/pscale033-nofs-d224-503f367-20260715/runs/gdn-full-diversity-d224l12-nofs-resume4000-s4500-20260715T1738Z-503f367
git_sha=503f367b4df84509feabe33e8c40edaeb5c2fb63
git_dirty=0
device=cuda torch=2.7.0+cu126 board=9x9 box=3x3 mainline=future_seed_loop backbone=gdn rwkv_kernel=auto gdn_mode=triton_recurrent forward_dtype=bfloat16
checkpoint_eval steps=4500 holes=53,60,64
resumed_train_checkpoint path=/huyang2/double-loop/models/gdn-full-diversity-d224l12-nofs-s8000-20260715T1235Z-503f367/checkpoints/train_state_step004000.pt step=4000 reason=periodic
[future_seed_loop stage=2:51-55] step=4100 ce=1.6202 total=1.6204 loop1=1.6217 loop_last=1.6202 exact_margin=0.0000 softmin=0.000 upd_l=0.950 upd_h=0.950 fb_next=0.000 fb_corrupt=0.000 fb_conf=0.000 hagg_norm=0.000 hagg_raw=0.000 hagg_ent=0.000 hagg_maxw=0.000 hagg_clip=0.000 scratch_delta=0.000 scratch_gauss=0.0000
[train_checkpoint step=4100] path=/huyang2/double-loop/models/gdn-full-diversity-d224l12-nofs-s8000-20260715T1235Z-503f367/checkpoints/train_state_step004100.pt
[future_seed_loop stage=2:51-55] step=4200 ce=1.6372 total=1.6379 loop1=1.6401 loop_last=1.6372 exact_margin=0.0000 softmin=0.000 upd_l=0.950 upd_h=0.950 fb_next=0.000 fb_corrupt=0.000 fb_conf=0.000 hagg_norm=0.000 hagg_raw=0.000 hagg_ent=0.000 hagg_maxw=0.000 hagg_clip=0.000 scratch_delta=0.000 scratch_gauss=0.0000
[train_checkpoint step=4200] path=/huyang2/double-loop/models/gdn-full-diversity-d224l12-nofs-s8000-20260715T1235Z-503f367/checkpoints/train_state_step004200.pt
[future_seed_loop stage=2:51-55] step=4300 ce=1.6332 total=1.6337 loop1=1.6356 loop_last=1.6332 exact_margin=0.0000 softmin=0.000 upd_l=0.950 upd_h=0.950 fb_next=0.000 fb_corrupt=0.000 fb_conf=0.000 hagg_norm=0.000 hagg_raw=0.000 hagg_ent=0.000 hagg_maxw=0.000 hagg_clip=0.000 scratch_delta=0.000 scratch_gauss=0.0000
[train_checkpoint step=4300] path=/huyang2/double-loop/models/gdn-full-diversity-d224l12-nofs-s8000-20260715T1235Z-503f367/checkpoints/train_state_step004300.pt
[future_seed_loop stage=2:51-55] step=4400 ce=1.6277 total=1.6283 loop1=1.6307 loop_last=1.6277 exact_margin=0.0000 softmin=0.000 upd_l=0.950 upd_h=0.950 fb_next=0.000 fb_corrupt=0.000 fb_conf=0.000 hagg_norm=0.000 hagg_raw=0.000 hagg_ent=0.000 hagg_maxw=0.000 hagg_clip=0.000 scratch_delta=0.000 scratch_gauss=0.0000
[train_checkpoint step=4400] path=/huyang2/double-loop/models/gdn-full-diversity-d224l12-nofs-s8000-20260715T1235Z-503f367/checkpoints/train_state_step004400.pt
[future_seed_loop stage=2:51-55] step=4500 ce=1.6372 total=1.6376 loop1=1.6391 loop_last=1.6372 exact_margin=0.0000 softmin=0.000 upd_l=0.950 upd_h=0.950 fb_next=0.000 fb_corrupt=0.000 fb_conf=0.000 hagg_norm=0.000 hagg_raw=0.000 hagg_ent=0.000 hagg_maxw=0.000 hagg_clip=0.000 scratch_delta=0.000 scratch_gauss=0.0000
[checkpoint_eval step=4500 holes53] loop5 exact=0.0000 blank=0.2755
[train_checkpoint step=4500] path=/huyang2/double-loop/models/gdn-full-diversity-d224l12-nofs-s8000-20260715T1235Z-503f367/checkpoints/train_state_step004500.pt

full-board metrics
loop=1 exact=0.0000, valid=0.0000, solved=0.0000, blank_acc=0.2745, early=0.2039, late=0.3481, early_late_gap=-0.1442
        fs_gate=0.000, fs_update=0.000, fs_state_norm=0.000, fs_decay=0.00, fb_in=0.000, fb_next=0.000, loop_time=0.000, upd_l=0.950, upd_h=0.950, scratch_gate=0.000, scratch_decay=0.000, scratch_delta=0.000, scratch_resid=0.000
loop=2 exact=0.0000, valid=0.0000, solved=0.0000, blank_acc=0.2755, early=0.2030, late=0.3519, early_late_gap=-0.1489
        fs_gate=0.000, fs_update=0.000, fs_state_norm=0.000, fs_decay=0.00, fb_in=0.000, fb_next=0.000, loop_time=0.000, upd_l=0.950, upd_h=0.950, scratch_gate=0.000, scratch_decay=0.000, scratch_delta=0.000, scratch_resid=0.000
loop=3 exact=0.0000, valid=0.0000, solved=0.0000, blank_acc=0.2756, early=0.2048, late=0.3495, early_late_gap=-0.1447
        fs_gate=0.000, fs_update=0.000, fs_state_norm=0.000, fs_decay=0.00, fb_in=0.000, fb_next=0.000, loop_time=0.000, upd_l=0.950, upd_h=0.950, scratch_gate=0.000, scratch_decay=0.000, scratch_delta=0.000, scratch_resid=0.000
loop=4 exact=0.0000, valid=0.0000, solved=0.0000, blank_acc=0.2758, early=0.2048, late=0.3502, early_late_gap=-0.1455
        fs_gate=0.000, fs_update=0.000, fs_state_norm=0.000, fs_decay=0.00, fb_in=0.000, fb_next=0.000, loop_time=0.000, upd_l=0.950, upd_h=0.950, scratch_gate=0.000, scratch_decay=0.000, scratch_delta=0.000, scratch_resid=0.000
loop=5 exact=0.0000, valid=0.0000, solved=0.0000, blank_acc=0.2760, early=0.2044, late=0.3501, early_late_gap=-0.1458
        fs_gate=0.000, fs_update=0.000, fs_state_norm=0.000, fs_decay=0.00, fb_in=0.000, fb_next=0.000, loop_time=0.000, upd_l=0.950, upd_h=0.950, scratch_gate=0.000, scratch_decay=0.000, scratch_delta=0.000, scratch_resid=0.000

official sudoku eval split=test eval_n=512 seed=1051

official blank-range metrics
b46_50 blanks=46-50 n=512 exact=0.0000, valid=0.0000, solved=0.0000, blank_acc=0.4187, early=0.2631, late=0.5926, early_late_gap=-0.3295
b51_55 blanks=51-55 n=512 exact=0.0000, valid=0.0000, solved=0.0000, blank_acc=0.2862, early=0.2093, late=0.3719, early_late_gap=-0.1626
b56_64 blanks=56-64 n=512 exact=0.0000, valid=0.0000, solved=0.0000, blank_acc=0.2641, early=0.2033, late=0.3263, early_late_gap=-0.1230

case-bank artifacts
official_b46_50 exact=0.0000 blank_acc=0.4190 selected={'solved_by_loop': 0, 'almost_solved': 0, 'hard_failure': 4}
  index=/huyang2/double-loop/.worktrees/pscale033-nofs-d224-503f367-20260715/runs/gdn-full-diversity-d224l12-nofs-resume4000-s4500-20260715T1738Z-503f367/output/case_bank/official_b46_50/index.html
  cases=/huyang2/double-loop/.worktrees/pscale033-nofs-d224-503f367-20260715/runs/gdn-full-diversity-d224l12-nofs-resume4000-s4500-20260715T1738Z-503f367/output/case_bank/official_b46_50/cases.json
official_b51_55 exact=0.0000 blank_acc=0.2913 selected={'solved_by_loop': 0, 'almost_solved': 0, 'hard_failure': 4}
  index=/huyang2/double-loop/.worktrees/pscale033-nofs-d224-503f367-20260715/runs/gdn-full-diversity-d224l12-nofs-resume4000-s4500-20260715T1738Z-503f367/output/case_bank/official_b51_55/index.html
  cases=/huyang2/double-loop/.worktrees/pscale033-nofs-d224-503f367-20260715/runs/gdn-full-diversity-d224l12-nofs-resume4000-s4500-20260715T1738Z-503f367/output/case_bank/official_b51_55/cases.json
official_b56_64 exact=0.0000 blank_acc=0.2714 selected={'solved_by_loop': 0, 'almost_solved': 0, 'hard_failure': 4}
  index=/huyang2/double-loop/.worktrees/pscale033-nofs-d224-503f367-20260715/runs/gdn-full-diversity-d224l12-nofs-resume4000-s4500-20260715T1738Z-503f367/output/case_bank/official_b56_64/index.html
  cases=/huyang2/double-loop/.worktrees/pscale033-nofs-d224-503f367-20260715/runs/gdn-full-diversity-d224l12-nofs-resume4000-s4500-20260715T1738Z-503f367/output/case_bank/official_b56_64/cases.json
Depth loop is neutral on full-board exact in this run.
wrote /huyang2/double-loop/.worktrees/pscale033-nofs-d224-503f367-20260715/runs/gdn-full-diversity-d224l12-nofs-resume4000-s4500-20260715T1738Z-503f367/output/futureseed_loop_seed52.json
wrote /huyang2/double-loop/.worktrees/pscale033-nofs-d224-503f367-20260715/runs/gdn-full-diversity-d224l12-nofs-resume4000-s4500-20260715T1738Z-503f367/output/futureseed_loop_seed52.md
wrote /huyang2/double-loop/.worktrees/pscale033-nofs-d224-503f367-20260715/runs/gdn-full-diversity-d224l12-nofs-resume4000-s4500-20260715T1738Z-503f367/output/futureseed_loop_case_seed52.html
built visualizations for 1 run(s)
recorded run=gdn-full-diversity-d224l12-nofs-resume4000-s4500-20260715T1738Z-503f367 score=0.0 key=metrics.eval_clean.loop5.label_exact
completed run_dir=/huyang2/double-loop/.worktrees/pscale033-nofs-d224-503f367-20260715/runs/gdn-full-diversity-d224l12-nofs-resume4000-s4500-20260715T1738Z-503f367
