mode=full
run_dir=/huyang2/double-loop/runs/sudoku-backbone-gdn2-s500-sharedinit-20260724T154020Z-6e51f06
git_sha=6e51f067a18d936bda7f3d588b7b3f32625b2b18
git_dirty=0
Current Python version 3.10 is below the recommended 3.11 version. It is recommended to upgrade to Python 3.11 or higher for the best experience.
device=cuda torch=2.7.0+cu126 board=9x9 box=3x3 mainline=future_seed_loop backbone=gdn2 rwkv_kernel=statepassing gdn_mode=chunk gdn_progressive_base_expand_v=0.0 forward_dtype=bfloat16
checkpoint_eval steps=500 holes=53
[future_seed_loop stage=1:46-50] step=0100 ce=1.6517 total=1.6505 loop1=1.6478 loop_last=1.6517 exact_margin=0.0000 softmin=0.000 upd_l=0.950 upd_h=0.950 fb_next=0.000 fb_corrupt=0.000 fb_conf=0.000 hagg_norm=0.000 hagg_raw=0.000 hagg_ent=0.000 hagg_maxw=0.000 hagg_clip=0.000 scratch_delta=0.000 scratch_gauss=0.0000
[future_seed_loop stage=2:51-55] step=0200 ce=1.3333 total=1.3338 loop1=1.3366 loop_last=1.3333 exact_margin=0.0000 softmin=0.000 upd_l=0.950 upd_h=0.950 fb_next=0.000 fb_corrupt=0.000 fb_conf=0.000 hagg_norm=0.000 hagg_raw=0.000 hagg_ent=0.000 hagg_maxw=0.000 hagg_clip=0.000 scratch_delta=0.000 scratch_gauss=0.0000
[future_seed_loop stage=2:51-55] step=0300 ce=1.0914 total=1.0962 loop1=1.1125 loop_last=1.0914 exact_margin=0.0000 softmin=0.000 upd_l=0.950 upd_h=0.950 fb_next=0.000 fb_corrupt=0.000 fb_conf=0.000 hagg_norm=0.000 hagg_raw=0.000 hagg_ent=0.000 hagg_maxw=0.000 hagg_clip=0.000 scratch_delta=0.000 scratch_gauss=0.0000
[future_seed_loop stage=2:51-55] step=0400 ce=1.0332 total=1.0402 loop1=1.0655 loop_last=1.0332 exact_margin=0.0000 softmin=0.000 upd_l=0.950 upd_h=0.950 fb_next=0.000 fb_corrupt=0.000 fb_conf=0.000 hagg_norm=0.000 hagg_raw=0.000 hagg_ent=0.000 hagg_maxw=0.000 hagg_clip=0.000 scratch_delta=0.000 scratch_gauss=0.0000
[future_seed_loop stage=2:51-55] step=0500 ce=1.0062 total=1.0133 loop1=1.0381 loop_last=1.0062 exact_margin=0.0000 softmin=0.000 upd_l=0.950 upd_h=0.950 fb_next=0.000 fb_corrupt=0.000 fb_conf=0.000 hagg_norm=0.000 hagg_raw=0.000 hagg_ent=0.000 hagg_maxw=0.000 hagg_clip=0.000 scratch_delta=0.000 scratch_gauss=0.0000
[checkpoint_eval step=0500 holes53] loop5 exact=0.0000 blank=0.5454
[train_checkpoint step=0500] path=/huyang2/double-loop/models/sudoku-backbone-gdn2-s500-sharedinit-20260724T154020Z-6e51f06/checkpoints/train_state_step000500.pt

full-board metrics
loop=1 exact=0.0137, valid=0.0137, solved=0.0137, blank_acc=0.4885, early=0.4849, late=0.4865, early_late_gap=-0.0016
        fs_gate=0.497, fs_update=1.000, fs_state_norm=15.918, fs_decay=0.00, fs_raw_rms=0.405, fs_raw_rms_std=0.028, fs_norm_gain=1.000, fs_norm_gain_std=0.000, fb_in=0.000, fb_next=0.000, loop_time=0.000, upd_l=0.950, upd_h=0.950, scratch_gate=0.000, scratch_decay=0.000, scratch_delta=0.000, scratch_resid=0.000
loop=2 exact=0.0215, valid=0.0215, solved=0.0215, blank_acc=0.5016, early=0.4973, late=0.5023, early_late_gap=-0.0050
        fs_gate=0.497, fs_update=1.000, fs_state_norm=15.918, fs_decay=0.00, fs_raw_rms=0.382, fs_raw_rms_std=0.030, fs_norm_gain=1.000, fs_norm_gain_std=0.000, fb_in=0.000, fb_next=0.000, loop_time=0.000, upd_l=0.950, upd_h=0.950, scratch_gate=0.000, scratch_decay=0.000, scratch_delta=0.000, scratch_resid=0.000
loop=3 exact=0.0215, valid=0.0215, solved=0.0215, blank_acc=0.5009, early=0.4957, late=0.5008, early_late_gap=-0.0051
        fs_gate=0.497, fs_update=1.000, fs_state_norm=15.918, fs_decay=0.00, fs_raw_rms=0.375, fs_raw_rms_std=0.030, fs_norm_gain=1.000, fs_norm_gain_std=0.000, fb_in=0.000, fb_next=0.000, loop_time=0.000, upd_l=0.950, upd_h=0.950, scratch_gate=0.000, scratch_decay=0.000, scratch_delta=0.000, scratch_resid=0.000
loop=4 exact=0.0234, valid=0.0234, solved=0.0234, blank_acc=0.5012, early=0.4955, late=0.5024, early_late_gap=-0.0069
        fs_gate=0.497, fs_update=1.000, fs_state_norm=15.918, fs_decay=0.00, fs_raw_rms=0.373, fs_raw_rms_std=0.030, fs_norm_gain=1.000, fs_norm_gain_std=0.000, fb_in=0.000, fb_next=0.000, loop_time=0.000, upd_l=0.950, upd_h=0.950, scratch_gate=0.000, scratch_decay=0.000, scratch_delta=0.000, scratch_resid=0.000
loop=5 exact=0.0234, valid=0.0234, solved=0.0234, blank_acc=0.5011, early=0.4951, late=0.5022, early_late_gap=-0.0071
        fs_gate=0.497, fs_update=1.000, fs_state_norm=15.918, fs_decay=0.00, fs_raw_rms=0.372, fs_raw_rms_std=0.030, fs_norm_gain=1.000, fs_norm_gain_std=0.000, fb_in=0.000, fb_next=0.000, loop_time=0.000, upd_l=0.950, upd_h=0.950, scratch_gate=0.000, scratch_decay=0.000, scratch_delta=0.000, scratch_resid=0.000

official sudoku eval split=test eval_n=512 seed=1051

official blank-range metrics
b46_50 blanks=46-50 n=512 exact=0.7969, valid=0.7969, solved=0.7969, blank_acc=0.9924, early=0.9902, late=0.9931, early_late_gap=-0.0028
b51_55 blanks=51-55 n=512 exact=0.0000, valid=0.0000, solved=0.0000, blank_acc=0.5259, early=0.5224, late=0.5249, early_late_gap=-0.0025
b56_64 blanks=56-64 n=512 exact=0.0000, valid=0.0000, solved=0.0000, blank_acc=0.4722, early=0.4666, late=0.4719, early_late_gap=-0.0054

case-bank artifacts
official_b46_50 exact=0.7930 blank_acc=0.9923 selected={'solved_by_loop': 4, 'almost_solved': 4, 'hard_failure': 1}
  index=/huyang2/double-loop/runs/sudoku-backbone-gdn2-s500-sharedinit-20260724T154020Z-6e51f06/output/case_bank/official_b46_50/index.html
  cases=/huyang2/double-loop/runs/sudoku-backbone-gdn2-s500-sharedinit-20260724T154020Z-6e51f06/output/case_bank/official_b46_50/cases.json
official_b51_55 exact=0.0000 blank_acc=0.5167 selected={'solved_by_loop': 0, 'almost_solved': 0, 'hard_failure': 4}
  index=/huyang2/double-loop/runs/sudoku-backbone-gdn2-s500-sharedinit-20260724T154020Z-6e51f06/output/case_bank/official_b51_55/index.html
  cases=/huyang2/double-loop/runs/sudoku-backbone-gdn2-s500-sharedinit-20260724T154020Z-6e51f06/output/case_bank/official_b51_55/cases.json
official_b56_64 exact=0.0000 blank_acc=0.4726 selected={'solved_by_loop': 0, 'almost_solved': 0, 'hard_failure': 4}
  index=/huyang2/double-loop/runs/sudoku-backbone-gdn2-s500-sharedinit-20260724T154020Z-6e51f06/output/case_bank/official_b56_64/index.html
  cases=/huyang2/double-loop/runs/sudoku-backbone-gdn2-s500-sharedinit-20260724T154020Z-6e51f06/output/case_bank/official_b56_64/cases.json
Depth loop adds useful full-board refinement.
wrote /huyang2/double-loop/runs/sudoku-backbone-gdn2-s500-sharedinit-20260724T154020Z-6e51f06/output/futureseed_loop_seed52.json
wrote /huyang2/double-loop/runs/sudoku-backbone-gdn2-s500-sharedinit-20260724T154020Z-6e51f06/output/futureseed_loop_seed52.md
wrote /huyang2/double-loop/runs/sudoku-backbone-gdn2-s500-sharedinit-20260724T154020Z-6e51f06/output/futureseed_loop_case_seed52.html
