mode=eqr_maze_probe
run_dir=/huyang2/double-loop/.worktrees/maze31-depth-d192l4-s1600-20260617T085426Z-d5a8258/runs/maze31-depth-d192l4-s1600-20260617T085426Z-d5a8258
git_sha=d5a82583fd3e4f160cf86731c05f35a1bc3fc445
git_dirty=1
device=cuda torch=2.7.0+cu126 params=1845892 eqr_dir=/huyang2/double-loop/repos/eqr
[eqr_maze] step=0100 ce=0.3750 loop1=0.3750 path_f1=0.5274 exact=0.0000 zH=0.0059 zL=0.0061 path=160-260
[eqr_maze] step=0200 ce=0.3652 loop1=0.3652 path_f1=0.5703 exact=0.0000 zH=0.0058 zL=0.0061 path=160-260
[eqr_maze] step=0300 ce=0.3594 loop1=0.3594 path_f1=0.5644 exact=0.0000 zH=0.0056 zL=0.0057 path=160-260
[eqr_maze] step=0400 ce=0.3516 loop1=0.3516 path_f1=0.5039 exact=0.0000 zH=0.0058 zL=0.0057 path=160-260
[eqr_maze] step=0500 ce=0.3496 loop1=0.3496 path_f1=0.5405 exact=0.0000 zH=0.0055 zL=0.0056 path=160-260
[eqr_maze] step=0600 ce=0.3594 loop1=0.3594 path_f1=0.5662 exact=0.0000 zH=0.0055 zL=0.0055 path=160-260
[eqr_maze] step=0700 ce=0.3555 loop1=0.3555 path_f1=0.5778 exact=0.0000 zH=0.0056 zL=0.0055 path=160-260
[eqr_maze] step=0800 ce=0.3535 loop1=0.3535 path_f1=0.5671 exact=0.0000 zH=0.0055 zL=0.0055 path=160-260
[eqr_maze] step=0900 ce=0.3516 loop1=0.3516 path_f1=0.5730 exact=0.0000 zH=0.0055 zL=0.0054 path=160-260
[eqr_maze] step=1000 ce=0.3535 loop1=0.3535 path_f1=0.3295 exact=0.0000 zH=0.0055 zL=0.0054 path=160-260
[eqr_maze] step=1100 ce=0.3496 loop1=0.3496 path_f1=0.5666 exact=0.0000 zH=0.0058 zL=0.0055 path=160-260
[eqr_maze] step=1200 ce=0.3516 loop1=0.3516 path_f1=0.5687 exact=0.0000 zH=0.0056 zL=0.0054 path=160-260
[eqr_maze] step=1300 ce=0.3555 loop1=0.3555 path_f1=0.5329 exact=0.0000 zH=0.0054 zL=0.0053 path=160-260
[eqr_maze] step=1400 ce=0.3516 loop1=0.3516 path_f1=0.4357 exact=0.0000 zH=0.0054 zL=0.0053 path=160-260
[eqr_maze] step=1500 ce=0.3496 loop1=0.3496 path_f1=0.5561 exact=0.0000 zH=0.0054 zL=0.0053 path=160-260
[eqr_maze] step=1600 ce=0.3477 loop1=0.3477 path_f1=0.5552 exact=0.0000 zH=0.0052 zL=0.0051 path=160-260
primary loop12 exact=0.0000 path_f1=0.5364 gain=-0.0008
decision=Continue cautiously: maze path learning is alive, but loop gain is weak; inspect residuals before scaling.
wrote /huyang2/double-loop/.worktrees/maze31-depth-d192l4-s1600-20260617T085426Z-d5a8258/runs/maze31-depth-d192l4-s1600-20260617T085426Z-d5a8258/output/eqr_maze_probe_fs1_seed52.json
wrote /huyang2/double-loop/.worktrees/maze31-depth-d192l4-s1600-20260617T085426Z-d5a8258/runs/maze31-depth-d192l4-s1600-20260617T085426Z-d5a8258/output/eqr_maze_probe_fs1_seed52.md
