mode=full
run_dir=/huyang2/double-loop/runs/gdn3-position-qk-d256l12-fit-20260806T131002Z-9f2ee8d
git_sha=9f2ee8d1738032bc5f09b55db0b81d507780b376
git_dirty=0
Current Python version 3.10 is below the recommended 3.11 version. It is recommended to upgrade to Python 3.11 or higher for the best experience.
device=cuda torch=2.7.0+cu126 board=9x9 box=3x3 mainline=future_seed_loop backbone=gdn2 rwkv_kernel=auto future_seed_gate_mode=head future_seed_scope=layer future_seed_readout_hop=0 gdn_mode=chunk gdn_progressive_base_expand_v=0.0 gdn2_gain_budget=none gdn2_fast_slow_decay=none gdn2_precondition=none gdn2_address=position_qk gdn2_cross_layer_init=independent raven_slots/topk=0/0 cell_order_train=random forward_dtype=bfloat16
checkpoint_eval steps=2 holes=53
[future_seed_loop stage=1:51-55] step=0001 ce=2.3213 total=2.3215 loop1=2.3222 loop_last=2.3213 exact_margin=0.0000 softmin=0.000 upd_l=0.950 upd_h=0.950 fb_next=0.000 fb_corrupt=0.000 fb_conf=0.000 hagg_norm=0.000 hagg_raw=0.000 hagg_ent=0.000 hagg_maxw=0.000 hagg_clip=0.000 gb_clip=0.0000 gb_infeas=0.0000 gb_endpoint=0.0000 gb_bound=0.000000 gb_delta=0.00e+00 gb_change=0.0000 slow_rho=0.0000 slow_lag=0.0000 slow_tv=0.0000 slow_change=0.0000 pre_m=0.0000/0.0000 pre_seed=0.0000 pre_write=0.0000 pre_erase=0.00e+00 addr_scale=0.0000 addr_phase=0.0000 addr_qchg=0.0000 addr_kchg=0.0000 addr_wrms=0.0000 addr_tstd=0.0000 addr_pstd=0.0000 addr_rrms=0.0000 addr_rstd=0.0000 addr_rq=0.0000 addr_rk=0.0000 addr_qwrms=0.0000 addr_kwrms=0.0000 carrier=0.0000/0.0000/0.0000 carrier_min=0.0000 carrier_r=0.0000 addr_state=0.0000 scratch_delta=0.000 scratch_gauss=0.0000
[future_seed_loop stage=1:51-55] step=0002 ce=3.1327 total=3.1587 loop1=3.2270 loop_last=3.1327 exact_margin=0.0000 softmin=0.000 upd_l=0.950 upd_h=0.950 fb_next=0.000 fb_corrupt=0.000 fb_conf=0.000 hagg_norm=0.000 hagg_raw=0.000 hagg_ent=0.000 hagg_maxw=0.000 hagg_clip=0.000 gb_clip=0.0000 gb_infeas=0.0000 gb_endpoint=0.0000 gb_bound=0.000000 gb_delta=0.00e+00 gb_change=0.0000 slow_rho=0.0000 slow_lag=0.0000 slow_tv=0.0000 slow_change=0.0000 pre_m=0.0000/0.0000 pre_seed=0.0000 pre_write=0.0000 pre_erase=0.00e+00 addr_scale=0.0000 addr_phase=0.0000 addr_qchg=0.0000 addr_kchg=0.0000 addr_wrms=0.0000 addr_tstd=0.0000 addr_pstd=0.0000 addr_rrms=0.0000 addr_rstd=0.0000 addr_rq=0.0000 addr_rk=0.0000 addr_qwrms=0.0000 addr_kwrms=0.0000 carrier=0.0000/0.0000/0.0000 carrier_min=0.0000 carrier_r=0.0000 addr_state=0.0000 scratch_delta=0.000 scratch_gauss=0.0000
[train_checkpoint step=0002] path=/huyang2/double-loop/models/gdn3-position-qk-d256l12-fit-20260806T131002Z-9f2ee8d/checkpoints/train_state_step000002.pt

full-board metrics
loop=1 exact=0.0000, valid=0.0000, solved=0.0000, blank_acc=0.1149, early=0.1192, late=0.1419, early_late_gap=-0.0227
        fs_gate=0.500, fs_update=1.000, fs_state_norm=16.003, fs_decay=0.00, fs_raw_rms=0.069, fs_raw_rms_std=0.003, fs_norm_gain=1.000, fs_norm_gain_std=0.000, fs2_delta=0.0000, fs2_gate_std=0.0000, fs2_batch_std=0.0000, fs2_feature_std=0.0000, fs2_gate_range=0.499:0.501, fs2_seed_change=0.0000, fs2_block_active=0.0, fs2_block_raw_norm=0.000, addr_scale=0.0000, addr_phase=0.0000, addr_qk_change=0.0000/0.0000, addr_norm_err=0.0e+00/0.0e+00, fb_in=0.000, fb_next=0.000, loop_time=0.000, upd_l=0.950, upd_h=0.950, scratch_gate=0.000, scratch_decay=0.000, scratch_delta=0.000, scratch_resid=0.000
loop=2 exact=0.0000, valid=0.0000, solved=0.0000, blank_acc=0.1194, early=0.1325, late=0.1419, early_late_gap=-0.0094
        fs_gate=0.500, fs_update=1.000, fs_state_norm=16.003, fs_decay=0.00, fs_raw_rms=0.069, fs_raw_rms_std=0.003, fs_norm_gain=1.000, fs_norm_gain_std=0.000, fs2_delta=0.0000, fs2_gate_std=0.0000, fs2_batch_std=0.0000, fs2_feature_std=0.0000, fs2_gate_range=0.499:0.501, fs2_seed_change=0.0000, fs2_block_active=0.0, fs2_block_raw_norm=0.000, addr_scale=0.0000, addr_phase=0.0000, addr_qk_change=0.0000/0.0000, addr_norm_err=0.0e+00/0.0e+00, fb_in=0.000, fb_next=0.000, loop_time=0.000, upd_l=0.950, upd_h=0.950, scratch_gate=0.000, scratch_decay=0.000, scratch_delta=0.000, scratch_resid=0.000
loop=3 exact=0.0000, valid=0.0000, solved=0.0000, blank_acc=0.1171, early=0.1258, late=0.1419, early_late_gap=-0.0161
        fs_gate=0.500, fs_update=1.000, fs_state_norm=16.003, fs_decay=0.00, fs_raw_rms=0.069, fs_raw_rms_std=0.003, fs_norm_gain=1.000, fs_norm_gain_std=0.000, fs2_delta=0.0000, fs2_gate_std=0.0000, fs2_batch_std=0.0000, fs2_feature_std=0.0000, fs2_gate_range=0.499:0.501, fs2_seed_change=0.0000, fs2_block_active=0.0, fs2_block_raw_norm=0.000, addr_scale=0.0000, addr_phase=0.0000, addr_qk_change=0.0000/0.0000, addr_norm_err=0.0e+00/0.0e+00, fb_in=0.000, fb_next=0.000, loop_time=0.000, upd_l=0.950, upd_h=0.950, scratch_gate=0.000, scratch_decay=0.000, scratch_delta=0.000, scratch_resid=0.000
loop=4 exact=0.0000, valid=0.0000, solved=0.0000, blank_acc=0.1149, early=0.1258, late=0.1419, early_late_gap=-0.0161
        fs_gate=0.500, fs_update=1.000, fs_state_norm=16.003, fs_decay=0.00, fs_raw_rms=0.069, fs_raw_rms_std=0.003, fs_norm_gain=1.000, fs_norm_gain_std=0.000, fs2_delta=0.0000, fs2_gate_std=0.0000, fs2_batch_std=0.0000, fs2_feature_std=0.0000, fs2_gate_range=0.499:0.501, fs2_seed_change=0.0000, fs2_block_active=0.0, fs2_block_raw_norm=0.000, addr_scale=0.0000, addr_phase=0.0000, addr_qk_change=0.0000/0.0000, addr_norm_err=0.0e+00/0.0e+00, fb_in=0.000, fb_next=0.000, loop_time=0.000, upd_l=0.950, upd_h=0.950, scratch_gate=0.000, scratch_decay=0.000, scratch_delta=0.000, scratch_resid=0.000
loop=5 exact=0.0000, valid=0.0000, solved=0.0000, blank_acc=0.1149, early=0.1258, late=0.1419, early_late_gap=-0.0161
        fs_gate=0.500, fs_update=1.000, fs_state_norm=16.003, fs_decay=0.00, fs_raw_rms=0.069, fs_raw_rms_std=0.003, fs_norm_gain=1.000, fs_norm_gain_std=0.000, fs2_delta=0.0000, fs2_gate_std=0.0000, fs2_batch_std=0.0000, fs2_feature_std=0.0000, fs2_gate_range=0.499:0.501, fs2_seed_change=0.0000, fs2_block_active=0.0, fs2_block_raw_norm=0.000, addr_scale=0.0000, addr_phase=0.0000, addr_qk_change=0.0000/0.0000, addr_norm_err=0.0e+00/0.0e+00, fb_in=0.000, fb_next=0.000, loop_time=0.000, upd_l=0.950, upd_h=0.950, scratch_gate=0.000, scratch_decay=0.000, scratch_delta=0.000, scratch_resid=0.000

official sudoku eval split=test eval_n=8 seed=1051

official blank-range metrics
b51_55 blanks=51-55 n=8 exact=0.0000, valid=0.0000, solved=0.0000, blank_acc=0.1267, early=0.1172, late=0.1200, early_late_gap=-0.0028
Depth loop is neutral on full-board exact in this run.
wrote /huyang2/double-loop/runs/gdn3-position-qk-d256l12-fit-20260806T131002Z-9f2ee8d/output/futureseed_loop_seed52.json
wrote /huyang2/double-loop/runs/gdn3-position-qk-d256l12-fit-20260806T131002Z-9f2ee8d/output/futureseed_loop_seed52.md
wrote /huyang2/double-loop/runs/gdn3-position-qk-d256l12-fit-20260806T131002Z-9f2ee8d/output/futureseed_loop_case_seed52.html
recorded run=gdn3-position-qk-d256l12-fit-20260806T131002Z-9f2ee8d score=0.0 key=metrics.eval_clean.loop5.label_exact
completed run_dir=/huyang2/double-loop/runs/gdn3-position-qk-d256l12-fit-20260806T131002Z-9f2ee8d
