mode=full
run_dir=/huyang2/double-loop/.worktrees/pscale035-state-expandv8-83e7841-full-20260722/runs/gdn-full-diversity-d224l12-expandv8-progressive-s30500-20260722T115855Z-83e7841
git_sha=83e7841f408c642b31a981bde43b710e98e3b22d
git_dirty=0
Current Python version 3.10 is below the recommended 3.11 version. It is recommended to upgrade to Python 3.11 or higher for the best experience.
device=cuda torch=2.7.0+cu126 board=9x9 box=3x3 mainline=future_seed_loop backbone=gdn rwkv_kernel=auto gdn_mode=triton_recurrent gdn_progressive_base_expand_v=4.0 forward_dtype=bfloat16
checkpoint_eval steps=30500 holes=53,60,64
resumed_train_checkpoint path=/huyang2/double-loop/models/gdn-full-diversity-d224l12-s6000-20260711T1510Z-eeb38f5/checkpoints/train_state_step030000.pt step=30000 reason=eval_checkpoint
[future_seed_loop stage=3:51-64] step=30025 ce=0.5416 total=0.6443 loop1=0.8779 loop_last=0.5416 exact_margin=0.0000 softmin=0.000 upd_l=0.950 upd_h=0.950 fb_next=0.000 fb_corrupt=0.000 fb_conf=0.000 hagg_norm=0.000 hagg_raw=0.000 hagg_ent=0.000 hagg_maxw=0.000 hagg_clip=0.000 scratch_delta=0.000 scratch_gauss=0.0000
[train_checkpoint step=30025] path=/huyang2/double-loop/models/gdn-full-diversity-d224l12-expandv8-progressive-20260722/checkpoints/train_state_step030025.pt
[future_seed_loop stage=3:51-64] step=30050 ce=0.5549 total=0.6793 loop1=0.9153 loop_last=0.5549 exact_margin=0.0000 softmin=0.000 upd_l=0.950 upd_h=0.950 fb_next=0.000 fb_corrupt=0.000 fb_conf=0.000 hagg_norm=0.000 hagg_raw=0.000 hagg_ent=0.000 hagg_maxw=0.000 hagg_clip=0.000 scratch_delta=0.000 scratch_gauss=0.0000
[train_checkpoint step=30050] path=/huyang2/double-loop/models/gdn-full-diversity-d224l12-expandv8-progressive-20260722/checkpoints/train_state_step030050.pt
[future_seed_loop stage=3:51-64] step=30075 ce=0.5077 total=0.6355 loop1=0.8924 loop_last=0.5077 exact_margin=0.0000 softmin=0.000 upd_l=0.950 upd_h=0.950 fb_next=0.000 fb_corrupt=0.000 fb_conf=0.000 hagg_norm=0.000 hagg_raw=0.000 hagg_ent=0.000 hagg_maxw=0.000 hagg_clip=0.000 scratch_delta=0.000 scratch_gauss=0.0000
[train_checkpoint step=30075] path=/huyang2/double-loop/models/gdn-full-diversity-d224l12-expandv8-progressive-20260722/checkpoints/train_state_step030075.pt
[future_seed_loop stage=3:51-64] step=30100 ce=0.6015 total=0.6987 loop1=0.9016 loop_last=0.6015 exact_margin=0.0000 softmin=0.000 upd_l=0.950 upd_h=0.950 fb_next=0.000 fb_corrupt=0.000 fb_conf=0.000 hagg_norm=0.000 hagg_raw=0.000 hagg_ent=0.000 hagg_maxw=0.000 hagg_clip=0.000 scratch_delta=0.000 scratch_gauss=0.0000
[train_checkpoint step=30100] path=/huyang2/double-loop/models/gdn-full-diversity-d224l12-expandv8-progressive-20260722/checkpoints/train_state_step030100.pt
[future_seed_loop stage=3:51-64] step=30125 ce=0.4793 total=0.6101 loop1=0.8711 loop_last=0.4793 exact_margin=0.0000 softmin=0.000 upd_l=0.950 upd_h=0.950 fb_next=0.000 fb_corrupt=0.000 fb_conf=0.000 hagg_norm=0.000 hagg_raw=0.000 hagg_ent=0.000 hagg_maxw=0.000 hagg_clip=0.000 scratch_delta=0.000 scratch_gauss=0.0000
[train_checkpoint step=30125] path=/huyang2/double-loop/models/gdn-full-diversity-d224l12-expandv8-progressive-20260722/checkpoints/train_state_step030125.pt
[future_seed_loop stage=3:51-64] step=30150 ce=0.5809 total=0.6955 loop1=0.9275 loop_last=0.5809 exact_margin=0.0000 softmin=0.000 upd_l=0.950 upd_h=0.950 fb_next=0.000 fb_corrupt=0.000 fb_conf=0.000 hagg_norm=0.000 hagg_raw=0.000 hagg_ent=0.000 hagg_maxw=0.000 hagg_clip=0.000 scratch_delta=0.000 scratch_gauss=0.0000
[train_checkpoint step=30150] path=/huyang2/double-loop/models/gdn-full-diversity-d224l12-expandv8-progressive-20260722/checkpoints/train_state_step030150.pt
[future_seed_loop stage=3:51-64] step=30175 ce=0.5839 total=0.7046 loop1=0.9325 loop_last=0.5839 exact_margin=0.0000 softmin=0.000 upd_l=0.950 upd_h=0.950 fb_next=0.000 fb_corrupt=0.000 fb_conf=0.000 hagg_norm=0.000 hagg_raw=0.000 hagg_ent=0.000 hagg_maxw=0.000 hagg_clip=0.000 scratch_delta=0.000 scratch_gauss=0.0000
[train_checkpoint step=30175] path=/huyang2/double-loop/models/gdn-full-diversity-d224l12-expandv8-progressive-20260722/checkpoints/train_state_step030175.pt
[future_seed_loop stage=3:51-64] step=30200 ce=0.5542 total=0.6775 loop1=0.9148 loop_last=0.5542 exact_margin=0.0000 softmin=0.000 upd_l=0.950 upd_h=0.950 fb_next=0.000 fb_corrupt=0.000 fb_conf=0.000 hagg_norm=0.000 hagg_raw=0.000 hagg_ent=0.000 hagg_maxw=0.000 hagg_clip=0.000 scratch_delta=0.000 scratch_gauss=0.0000
[train_checkpoint step=30200] path=/huyang2/double-loop/models/gdn-full-diversity-d224l12-expandv8-progressive-20260722/checkpoints/train_state_step030200.pt
[future_seed_loop stage=3:51-64] step=30225 ce=0.4891 total=0.5942 loop1=0.8398 loop_last=0.4891 exact_margin=0.0000 softmin=0.000 upd_l=0.950 upd_h=0.950 fb_next=0.000 fb_corrupt=0.000 fb_conf=0.000 hagg_norm=0.000 hagg_raw=0.000 hagg_ent=0.000 hagg_maxw=0.000 hagg_clip=0.000 scratch_delta=0.000 scratch_gauss=0.0000
[train_checkpoint step=30225] path=/huyang2/double-loop/models/gdn-full-diversity-d224l12-expandv8-progressive-20260722/checkpoints/train_state_step030225.pt
[future_seed_loop stage=3:51-64] step=30250 ce=0.4991 total=0.6208 loop1=0.8726 loop_last=0.4991 exact_margin=0.0000 softmin=0.000 upd_l=0.950 upd_h=0.950 fb_next=0.000 fb_corrupt=0.000 fb_conf=0.000 hagg_norm=0.000 hagg_raw=0.000 hagg_ent=0.000 hagg_maxw=0.000 hagg_clip=0.000 scratch_delta=0.000 scratch_gauss=0.0000
[train_checkpoint step=30250] path=/huyang2/double-loop/models/gdn-full-diversity-d224l12-expandv8-progressive-20260722/checkpoints/train_state_step030250.pt
[future_seed_loop stage=3:51-64] step=30275 ce=0.5454 total=0.6609 loop1=0.8828 loop_last=0.5454 exact_margin=0.0000 softmin=0.000 upd_l=0.950 upd_h=0.950 fb_next=0.000 fb_corrupt=0.000 fb_conf=0.000 hagg_norm=0.000 hagg_raw=0.000 hagg_ent=0.000 hagg_maxw=0.000 hagg_clip=0.000 scratch_delta=0.000 scratch_gauss=0.0000
[train_checkpoint step=30275] path=/huyang2/double-loop/models/gdn-full-diversity-d224l12-expandv8-progressive-20260722/checkpoints/train_state_step030275.pt
[future_seed_loop stage=3:51-64] step=30300 ce=0.5373 total=0.6633 loop1=0.9115 loop_last=0.5373 exact_margin=0.0000 softmin=0.000 upd_l=0.950 upd_h=0.950 fb_next=0.000 fb_corrupt=0.000 fb_conf=0.000 hagg_norm=0.000 hagg_raw=0.000 hagg_ent=0.000 hagg_maxw=0.000 hagg_clip=0.000 scratch_delta=0.000 scratch_gauss=0.0000
[train_checkpoint step=30300] path=/huyang2/double-loop/models/gdn-full-diversity-d224l12-expandv8-progressive-20260722/checkpoints/train_state_step030300.pt
