tar: Ignoring unknown extended header keyword 'LIBARCHIVE.xattr.com.apple.provenance'
tar: Ignoring unknown extended header keyword 'LIBARCHIVE.xattr.com.apple.provenance'
tar: wheelhouse/setuptools_scm-9.2.2-py3-none-any.whl: time stamp 2026-06-21 05:06:37.171070707 is 160.152237009 s in the future
tar: Ignoring unknown extended header keyword 'LIBARCHIVE.xattr.com.apple.provenance'
tar: Ignoring unknown extended header keyword 'LIBARCHIVE.xattr.com.apple.provenance'
tar: Ignoring unknown extended header keyword 'LIBARCHIVE.xattr.com.apple.provenance'
tar: Ignoring unknown extended header keyword 'LIBARCHIVE.xattr.com.apple.provenance'
tar: Ignoring unknown extended header keyword 'LIBARCHIVE.xattr.com.apple.provenance'
tar: Ignoring unknown extended header keyword 'LIBARCHIVE.xattr.com.apple.provenance'
tar: Ignoring unknown extended header keyword 'LIBARCHIVE.xattr.com.apple.provenance'
tar: Ignoring unknown extended header keyword 'LIBARCHIVE.xattr.com.apple.provenance'
tar: Ignoring unknown extended header keyword 'LIBARCHIVE.xattr.com.apple.provenance'
tar: Ignoring unknown extended header keyword 'LIBARCHIVE.xattr.com.apple.provenance'
tar: wheelhouse: time stamp 2026-06-21 05:06:37.170964582 is 160.096327638 s in the future
tar: Ignoring unknown extended header keyword 'LIBARCHIVE.xattr.com.apple.provenance'
tar: Ignoring unknown extended header keyword 'LIBARCHIVE.xattr.com.apple.provenance'
tar: Ignoring unknown extended header keyword 'LIBARCHIVE.xattr.com.apple.provenance'
tar: ./csrc: time stamp 2026-06-21 05:05:45.36818034 is 108.265653543 s in the future
tar: ./LICENSE: time stamp 2026-06-21 05:05:45.36705075 is 108.263360284 s in the future
tar: Ignoring unknown extended header keyword 'LIBARCHIVE.xattr.com.apple.provenance'
tar: ./README.md: time stamp 2026-06-21 05:05:45.367163376 is 108.262219255 s in the future
tar: Ignoring unknown extended header keyword 'LIBARCHIVE.xattr.com.apple.provenance'
tar: ./setup.py: time stamp 2026-06-21 05:05:45.368363008 is 108.262262569 s in the future
tar: Ignoring unknown extended header keyword 'LIBARCHIVE.xattr.com.apple.provenance'
tar: ./.gitignore: time stamp 2026-06-21 05:05:45.366909541 is 108.259713412 s in the future
tar: Ignoring unknown extended header keyword 'LIBARCHIVE.xattr.com.apple.provenance'
tar: Ignoring unknown extended header keyword 'LIBARCHIVE.xattr.com.apple.provenance'
tar: ./.github: time stamp 2026-06-21 05:05:45.36660279 is 108.258387671 s in the future
tar: Ignoring unknown extended header keyword 'LIBARCHIVE.xattr.com.apple.provenance'
tar: ./adam_atan2/adam_atan2.py: time stamp 2026-06-21 05:05:45.367464253 is 108.257905826 s in the future
tar: Ignoring unknown extended header keyword 'LIBARCHIVE.xattr.com.apple.provenance'
tar: ./adam_atan2/__init__.py: time stamp 2026-06-21 05:05:45.367341294 is 108.256310327 s in the future
tar: Ignoring unknown extended header keyword 'LIBARCHIVE.xattr.com.apple.provenance'
tar: ./adam_atan2/adam_atan2_test.py: time stamp 2026-06-21 05:05:45.367589087 is 108.255363147 s in the future
tar: Ignoring unknown extended header keyword 'LIBARCHIVE.xattr.com.apple.provenance'
tar: ./adam_atan2: time stamp 2026-06-21 05:05:45.367526795 is 108.254832557 s in the future
tar: Ignoring unknown extended header keyword 'LIBARCHIVE.xattr.com.apple.provenance'
tar: ./.github/workflows/pypi_publish.yaml: time stamp 2026-06-21 05:05:45.366795124 is 108.252910151 s in the future
tar: Ignoring unknown extended header keyword 'LIBARCHIVE.xattr.com.apple.provenance'
tar: ./.github/workflows: time stamp 2026-06-21 05:05:45.366723582 is 108.252456963 s in the future
tar: ./csrc/adam_atan2.cu: time stamp 2026-06-21 05:05:45.367761129 is 108.248745514 s in the future
tar: Ignoring unknown extended header keyword 'LIBARCHIVE.xattr.com.apple.provenance'
tar: ./csrc/ops.cu: time stamp 2026-06-21 05:05:45.368253424 is 108.248070045 s in the future
tar: Ignoring unknown extended header keyword 'LIBARCHIVE.xattr.com.apple.provenance'
tar: ./csrc/adam_atan2.h: time stamp 2026-06-21 05:05:45.368112006 is 108.242926972 s in the future
tar: .: time stamp 2026-06-21 05:05:45.368297633 is 108.24272459 s in the future
Looking in links: wheelhouse
Processing ./wheelhouse/setuptools_scm-9.2.2-py3-none-any.whl
Installing collected packages: setuptools_scm
Successfully installed setuptools_scm-9.2.2
build started: 2026-06-21T05:04:02Z
CUDA_HOME=/usr/local/cuda-11.7
/usr/local/cuda-11.7/bin/nvcc
nvcc: NVIDIA (R) Cuda compiler driver
Copyright (c) 2005-2022 NVIDIA Corporation
Built on Wed_Jun__8_16:49:14_PDT_2022
Cuda compilation tools, release 11.7, V11.7.99
Build cuda_11.7.r11.7/compiler.31442593_0
torch 2.7.0+cu126 cuda 12.6 available True
Looking in indexes: https://pypi.tuna.tsinghua.edu.cn/simple
Processing ./adam-atan2-src
  Preparing metadata (pyproject.toml): started
  Preparing metadata (pyproject.toml): finished with status 'done'
Building wheels for collected packages: adam_atan2
  Building wheel for adam_atan2 (pyproject.toml): started
  Building wheel for adam_atan2 (pyproject.toml): finished with status 'error'
  error: subprocess-exited-with-error
  
  × Building wheel for adam_atan2 (pyproject.toml) did not run successfully.
  │ exit code: 1
  ╰─> [81 lines of output]
      /huyang2/double-loop/official_eqr_compare/.venv/lib/python3.10/site-packages/setuptools/dist.py:765: SetuptoolsDeprecationWarning: License classifiers are deprecated.
      !!
      
              ********************************************************************************
              Please consider removing the following classifiers in favor of a SPDX license expression:
      
              License :: OSI Approved :: Apache Software License
      
              See https://packaging.python.org/en/latest/guides/writing-pyproject-toml/#license for details.
              ********************************************************************************
      
      !!
        self._finalize_license_expression()
      running bdist_wheel
      /opt/conda/lib/python3.10/site-packages/torch/utils/cpp_extension.py:576: UserWarning: Attempted to use ninja as the BuildExtension backend but we could not find ninja.. Falling back to using the slow distutils backend.
        warnings.warn(msg.format('we could not find ninja.'))
      running build
      running build_py
      creating build/lib.linux-x86_64-cpython-310/adam_atan2
      copying adam_atan2/adam_atan2_test.py -> build/lib.linux-x86_64-cpython-310/adam_atan2
      copying adam_atan2/__init__.py -> build/lib.linux-x86_64-cpython-310/adam_atan2
      copying adam_atan2/adam_atan2.py -> build/lib.linux-x86_64-cpython-310/adam_atan2
      running build_ext
      Traceback (most recent call last):
        File "/huyang2/double-loop/official_eqr_compare/.venv/lib/python3.10/site-packages/pip/_vendor/pyproject_hooks/_in_process/_in_process.py", line 389, in <module>
          main()
        File "/huyang2/double-loop/official_eqr_compare/.venv/lib/python3.10/site-packages/pip/_vendor/pyproject_hooks/_in_process/_in_process.py", line 373, in main
          json_out["return_val"] = hook(**hook_input["kwargs"])
        File "/huyang2/double-loop/official_eqr_compare/.venv/lib/python3.10/site-packages/pip/_vendor/pyproject_hooks/_in_process/_in_process.py", line 280, in build_wheel
          return _build_backend().build_wheel(
        File "/huyang2/double-loop/official_eqr_compare/.venv/lib/python3.10/site-packages/setuptools/build_meta.py", line 441, in build_wheel
          return _build(['bdist_wheel', '--dist-info-dir', str(metadata_directory)])
        File "/huyang2/double-loop/official_eqr_compare/.venv/lib/python3.10/site-packages/setuptools/build_meta.py", line 429, in _build
          return self._build_with_temp_dir(
        File "/huyang2/double-loop/official_eqr_compare/.venv/lib/python3.10/site-packages/setuptools/build_meta.py", line 410, in _build_with_temp_dir
          self.run_setup()
        File "/huyang2/double-loop/official_eqr_compare/.venv/lib/python3.10/site-packages/setuptools/build_meta.py", line 520, in run_setup
          super().run_setup(setup_script=setup_script)
        File "/huyang2/double-loop/official_eqr_compare/.venv/lib/python3.10/site-packages/setuptools/build_meta.py", line 317, in run_setup
          exec(code, locals())
        File "<string>", line 49, in <module>
        File "/huyang2/double-loop/official_eqr_compare/.venv/lib/python3.10/site-packages/setuptools/__init__.py", line 117, in setup
          return distutils.core.setup(**attrs)  # type: ignore[return-value]
        File "/huyang2/double-loop/official_eqr_compare/.venv/lib/python3.10/site-packages/setuptools/_distutils/core.py", line 186, in setup
          return run_commands(dist)
        File "/huyang2/double-loop/official_eqr_compare/.venv/lib/python3.10/site-packages/setuptools/_distutils/core.py", line 202, in run_commands
          dist.run_commands()
        File "/huyang2/double-loop/official_eqr_compare/.venv/lib/python3.10/site-packages/setuptools/_distutils/dist.py", line 1000, in run_commands
          self.run_command(cmd)
        File "/huyang2/double-loop/official_eqr_compare/.venv/lib/python3.10/site-packages/setuptools/dist.py", line 1107, in run_command
          super().run_command(command)
        File "/huyang2/double-loop/official_eqr_compare/.venv/lib/python3.10/site-packages/setuptools/_distutils/dist.py", line 1019, in run_command
          cmd_obj.run()
        File "/huyang2/double-loop/official_eqr_compare/.venv/lib/python3.10/site-packages/setuptools/command/bdist_wheel.py", line 370, in run
          self.run_command("build")
        File "/huyang2/double-loop/official_eqr_compare/.venv/lib/python3.10/site-packages/setuptools/_distutils/cmd.py", line 341, in run_command
          self.distribution.run_command(command)
        File "/huyang2/double-loop/official_eqr_compare/.venv/lib/python3.10/site-packages/setuptools/dist.py", line 1107, in run_command
          super().run_command(command)
        File "/huyang2/double-loop/official_eqr_compare/.venv/lib/python3.10/site-packages/setuptools/_distutils/dist.py", line 1019, in run_command
          cmd_obj.run()
        File "/huyang2/double-loop/official_eqr_compare/.venv/lib/python3.10/site-packages/setuptools/_distutils/command/build.py", line 135, in run
          self.run_command(cmd_name)
        File "/huyang2/double-loop/official_eqr_compare/.venv/lib/python3.10/site-packages/setuptools/_distutils/cmd.py", line 341, in run_command
          self.distribution.run_command(command)
        File "/huyang2/double-loop/official_eqr_compare/.venv/lib/python3.10/site-packages/setuptools/dist.py", line 1107, in run_command
          super().run_command(command)
        File "/huyang2/double-loop/official_eqr_compare/.venv/lib/python3.10/site-packages/setuptools/_distutils/dist.py", line 1019, in run_command
          cmd_obj.run()
        File "/huyang2/double-loop/official_eqr_compare/.venv/lib/python3.10/site-packages/setuptools/command/build_ext.py", line 97, in run
          _build_ext.run(self)
        File "/huyang2/double-loop/official_eqr_compare/.venv/lib/python3.10/site-packages/setuptools/_distutils/command/build_ext.py", line 367, in run
          self.build_extensions()
        File "/opt/conda/lib/python3.10/site-packages/torch/utils/cpp_extension.py", line 611, in build_extensions
          _check_cuda_version(compiler_name, compiler_version)
        File "/opt/conda/lib/python3.10/site-packages/torch/utils/cpp_extension.py", line 479, in _check_cuda_version
          raise RuntimeError(CUDA_MISMATCH_MESSAGE.format(cuda_str_version, torch.version.cuda))
      RuntimeError:
      The detected CUDA version (11.7) mismatches the version that was used to compile
      PyTorch (12.6). Please make sure to use the same CUDA versions.
      
      [end of output]
  
  note: This error originates from a subprocess, and is likely not a problem with pip.
  ERROR: Failed building wheel for adam_atan2
Failed to build adam_atan2
error: failed-wheel-build-for-install

× Failed to build installable wheels for some pyproject.toml based projects
╰─> adam_atan2
