tar: Ignoring unknown extended header keyword 'LIBARCHIVE.xattr.com.apple.provenance'
tar: Ignoring unknown extended header keyword 'LIBARCHIVE.xattr.com.apple.provenance'
tar: Ignoring unknown extended header keyword 'LIBARCHIVE.xattr.com.apple.provenance'
tar: Ignoring unknown extended header keyword 'LIBARCHIVE.xattr.com.apple.provenance'
tar: Ignoring unknown extended header keyword 'LIBARCHIVE.xattr.com.apple.provenance'
tar: Ignoring unknown extended header keyword 'LIBARCHIVE.xattr.com.apple.provenance'
tar: Ignoring unknown extended header keyword 'LIBARCHIVE.xattr.com.apple.provenance'
tar: Ignoring unknown extended header keyword 'LIBARCHIVE.xattr.com.apple.provenance'
tar: Ignoring unknown extended header keyword 'LIBARCHIVE.xattr.com.apple.provenance'
tar: Ignoring unknown extended header keyword 'LIBARCHIVE.xattr.com.apple.provenance'
tar: Ignoring unknown extended header keyword 'LIBARCHIVE.xattr.com.apple.provenance'
tar: Ignoring unknown extended header keyword 'LIBARCHIVE.xattr.com.apple.provenance'
tar: Ignoring unknown extended header keyword 'LIBARCHIVE.xattr.com.apple.provenance'
tar: Ignoring unknown extended header keyword 'LIBARCHIVE.xattr.com.apple.provenance'
tar: Ignoring unknown extended header keyword 'LIBARCHIVE.xattr.com.apple.provenance'
tar: Ignoring unknown extended header keyword 'LIBARCHIVE.xattr.com.apple.provenance'
tar: Ignoring unknown extended header keyword 'LIBARCHIVE.xattr.com.apple.provenance'
tar: Ignoring unknown extended header keyword 'LIBARCHIVE.xattr.com.apple.provenance'
tar: Ignoring unknown extended header keyword 'LIBARCHIVE.xattr.com.apple.provenance'
tar: Ignoring unknown extended header keyword 'LIBARCHIVE.xattr.com.apple.provenance'
tar: Ignoring unknown extended header keyword 'LIBARCHIVE.xattr.com.apple.provenance'
tar: Ignoring unknown extended header keyword 'LIBARCHIVE.xattr.com.apple.provenance'
tar: Ignoring unknown extended header keyword 'LIBARCHIVE.xattr.com.apple.provenance'
tar: Ignoring unknown extended header keyword 'LIBARCHIVE.xattr.com.apple.provenance'
tar: Ignoring unknown extended header keyword 'LIBARCHIVE.xattr.com.apple.provenance'
tar: Ignoring unknown extended header keyword 'LIBARCHIVE.xattr.com.apple.provenance'
tar: Ignoring unknown extended header keyword 'LIBARCHIVE.xattr.com.apple.provenance'
tar: Ignoring unknown extended header keyword 'LIBARCHIVE.xattr.com.apple.provenance'
tar: Ignoring unknown extended header keyword 'LIBARCHIVE.xattr.com.apple.provenance'
Looking in links: wheelhouse
Requirement already satisfied: setuptools_scm==9.2.2 in ./.venv/lib/python3.10/site-packages (9.2.2)
fallback build started: 2026-06-21T05:09:29Z
CUDA_HOME=/usr/local/cuda-11.7
/usr/local/cuda-11.7/bin/nvcc
nvcc: NVIDIA (R) Cuda compiler driver
Copyright (c) 2005-2022 NVIDIA Corporation
Built on Wed_Jun__8_16:49:14_PDT_2022
Cuda compilation tools, release 11.7, V11.7.99
Build cuda_11.7.r11.7/compiler.31442593_0
torch 2.7.0+cu126 cuda 12.6 available True
Looking in indexes: https://pypi.tuna.tsinghua.edu.cn/simple
Processing ./adam-atan2-src
  Preparing metadata (pyproject.toml): started
  Preparing metadata (pyproject.toml): finished with status 'done'
Building wheels for collected packages: adam_atan2
  Building wheel for adam_atan2 (pyproject.toml): started
  Building wheel for adam_atan2 (pyproject.toml): still running...
  Building wheel for adam_atan2 (pyproject.toml): still running...
  Building wheel for adam_atan2 (pyproject.toml): finished with status 'done'
  Created wheel for adam_atan2: filename=adam_atan2-0.0.3-cp310-cp310-linux_x86_64.whl size=104858 sha256=53e50e6e1665985acc27cfa4a50d97e1ff879d0531870751015652e9849d16c4
  Stored in directory: /tmp/pip-ephem-wheel-cache-ebc25c1l/wheels/b1/5e/6c/7664f27bcd691c8e696eadd3de3eb395588e78900356a3e79b
Successfully built adam_atan2
Installing collected packages: adam_atan2
  Attempting uninstall: adam_atan2
    Found existing installation: adam_atan2 0.0.3
    Uninstalling adam_atan2-0.0.3:
      Successfully uninstalled adam_atan2-0.0.3
Successfully installed adam_atan2-0.0.3
AdamATan2 OK <class 'adam_atan2.adam_atan2.AdamATan2'>
backend OK /huyang2/double-loop/official_eqr_compare/.venv/lib/python3.10/site-packages/adam_atan2_backend.cpython-310-x86_64-linux-gnu.so
fallback build finished: 2026-06-21T05:11:52Z
