tar: Ignoring unknown extended header keyword 'LIBARCHIVE.xattr.com.apple.provenance'
tar: Ignoring unknown extended header keyword 'LIBARCHIVE.xattr.com.apple.provenance'
tar: Ignoring unknown extended header keyword 'LIBARCHIVE.xattr.com.apple.provenance'
tar: Ignoring unknown extended header keyword 'LIBARCHIVE.xattr.com.apple.provenance'
tar: Ignoring unknown extended header keyword 'LIBARCHIVE.xattr.com.apple.provenance'
tar: Ignoring unknown extended header keyword 'LIBARCHIVE.xattr.com.apple.provenance'
tar: Ignoring unknown extended header keyword 'LIBARCHIVE.xattr.com.apple.provenance'
tar: Ignoring unknown extended header keyword 'LIBARCHIVE.xattr.com.apple.provenance'
tar: Ignoring unknown extended header keyword 'LIBARCHIVE.xattr.com.apple.provenance'
tar: Ignoring unknown extended header keyword 'LIBARCHIVE.xattr.com.apple.provenance'
tar: Ignoring unknown extended header keyword 'LIBARCHIVE.xattr.com.apple.provenance'
tar: Ignoring unknown extended header keyword 'LIBARCHIVE.xattr.com.apple.provenance'
tar: wheelhouse/nvidia_cuda_nvcc_cu12-12.6.85-py3-none-manylinux1_x86_64.manylinux_2_5_x86_64.whl: time stamp 2026-06-21 05:09:23.456377665 is 134.931038183 s in the future
tar: Ignoring unknown extended header keyword 'LIBARCHIVE.xattr.com.apple.provenance'
tar: wheelhouse: time stamp 2026-06-21 05:09:23.44828612 is 134.92079783 s in the future
tar: Ignoring unknown extended header keyword 'LIBARCHIVE.xattr.com.apple.provenance'
tar: Ignoring unknown extended header keyword 'LIBARCHIVE.xattr.com.apple.provenance'
tar: Ignoring unknown extended header keyword 'LIBARCHIVE.xattr.com.apple.provenance'
tar: Ignoring unknown extended header keyword 'LIBARCHIVE.xattr.com.apple.provenance'
tar: Ignoring unknown extended header keyword 'LIBARCHIVE.xattr.com.apple.provenance'
tar: Ignoring unknown extended header keyword 'LIBARCHIVE.xattr.com.apple.provenance'
tar: Ignoring unknown extended header keyword 'LIBARCHIVE.xattr.com.apple.provenance'
tar: Ignoring unknown extended header keyword 'LIBARCHIVE.xattr.com.apple.provenance'
tar: Ignoring unknown extended header keyword 'LIBARCHIVE.xattr.com.apple.provenance'
tar: Ignoring unknown extended header keyword 'LIBARCHIVE.xattr.com.apple.provenance'
tar: Ignoring unknown extended header keyword 'LIBARCHIVE.xattr.com.apple.provenance'
tar: Ignoring unknown extended header keyword 'LIBARCHIVE.xattr.com.apple.provenance'
tar: Ignoring unknown extended header keyword 'LIBARCHIVE.xattr.com.apple.provenance'
tar: Ignoring unknown extended header keyword 'LIBARCHIVE.xattr.com.apple.provenance'
tar: Ignoring unknown extended header keyword 'LIBARCHIVE.xattr.com.apple.provenance'
tar: Ignoring unknown extended header keyword 'LIBARCHIVE.xattr.com.apple.provenance'
Looking in links: wheelhouse
Requirement already satisfied: setuptools_scm==9.2.2 in ./.venv/lib/python3.10/site-packages (9.2.2)
Looking in links: wheelhouse
Processing ./wheelhouse/nvidia_cuda_nvcc_cu12-12.6.85-py3-none-manylinux1_x86_64.manylinux_2_5_x86_64.whl
Installing collected packages: nvidia-cuda-nvcc-cu12
Successfully installed nvidia-cuda-nvcc-cu12-12.6.85
build started: 2026-06-21T05:07:14Z
CUDA_HOME=/huyang2/double-loop/official_eqr_compare/.venv/lib/python3.10/site-packages/nvidia/cuda_nvcc
/usr/local/cuda-11.7/bin/nvcc
nvcc: NVIDIA (R) Cuda compiler driver
Copyright (c) 2005-2022 NVIDIA Corporation
Built on Wed_Jun__8_16:49:14_PDT_2022
Cuda compilation tools, release 11.7, V11.7.99
Build cuda_11.7.r11.7/compiler.31442593_0
torch 2.7.0+cu126 cuda 12.6 available True
Looking in indexes: https://pypi.tuna.tsinghua.edu.cn/simple
Processing ./adam-atan2-src
  Preparing metadata (pyproject.toml): started
  Preparing metadata (pyproject.toml): finished with status 'done'
Building wheels for collected packages: adam_atan2
  Building wheel for adam_atan2 (pyproject.toml): started
  Building wheel for adam_atan2 (pyproject.toml): finished with status 'error'
  error: subprocess-exited-with-error
  
  × Building wheel for adam_atan2 (pyproject.toml) did not run successfully.
  │ exit code: 1
  ╰─> [24 lines of output]
      /huyang2/double-loop/official_eqr_compare/.venv/lib/python3.10/site-packages/setuptools/dist.py:765: SetuptoolsDeprecationWarning: License classifiers are deprecated.
      !!
      
              ********************************************************************************
              Please consider removing the following classifiers in favor of a SPDX license expression:
      
              License :: OSI Approved :: Apache Software License
      
              See https://packaging.python.org/en/latest/guides/writing-pyproject-toml/#license for details.
              ********************************************************************************
      
      !!
        self._finalize_license_expression()
      running bdist_wheel
      /opt/conda/lib/python3.10/site-packages/torch/utils/cpp_extension.py:576: UserWarning: Attempted to use ninja as the BuildExtension backend but we could not find ninja.. Falling back to using the slow distutils backend.
        warnings.warn(msg.format('we could not find ninja.'))
      running build
      running build_py
      creating build/lib.linux-x86_64-cpython-310/adam_atan2
      copying adam_atan2/adam_atan2_test.py -> build/lib.linux-x86_64-cpython-310/adam_atan2
      copying adam_atan2/__init__.py -> build/lib.linux-x86_64-cpython-310/adam_atan2
      copying adam_atan2/adam_atan2.py -> build/lib.linux-x86_64-cpython-310/adam_atan2
      running build_ext
      error: [Errno 2] No such file or directory: '/huyang2/double-loop/official_eqr_compare/.venv/lib/python3.10/site-packages/nvidia/cuda_nvcc/bin/nvcc'
      [end of output]
  
  note: This error originates from a subprocess, and is likely not a problem with pip.
  ERROR: Failed building wheel for adam_atan2
Failed to build adam_atan2
error: failed-wheel-build-for-install

× Failed to build installable wheels for some pyproject.toml based projects
╰─> adam_atan2
