[Info] Run Name: official-eqr-base-e64-nowandb-20260621T052407Z-aba94e9, Project Name: None
[Info] Deterministic mode enabled:
[Info]   - CUDA deterministic: False
[Info]   - CUDA benchmark: False
[Info]   - PYTHONHASHSEED: 0
running on dataset Maze-30x30-unique-1k from data/maze-30x30-unique-1k
[Info] 
epochs: 64
total_groups: 1000
mean_puzzle_examples: 1.0
puzzle_ids: 1
vocab_size: 6
seq_len: 900

total_samples: 1000
global_batch_size: 128                         
Estimated total training steps: 448
[Info] Steps per epoch: 7
[Info] Using optimizer: adam_atan2 with args: {}
[Info] WANDB_RUN_ID: z3horvxk, z3horvxk
[Info] Results will be saved in: /huyang2/double-loop/official_eqr_compare/outputs/base/outputs/z3horvxk/2026-6-21/5-20-18
scripts/train.sh: line 55:  6862 Killed                  torchrun --standalone --nproc-per-node "${NPROC_PER_NODE:-${default_nproc}}" pretrain.py --config-name "${config_name}" "$@"
