Traceback (most recent call last):
  File "/huyang2/double-loop/official_eqr_compare/eqr-clean/pretrain.py", line 45, in <module>
    from utils.checkpoint import (
  File "/huyang2/double-loop/official_eqr_compare/eqr-clean/utils/checkpoint.py", line 30, in <module>
    from utils.wandb import get_run_id
  File "/huyang2/double-loop/official_eqr_compare/eqr-clean/utils/wandb.py", line 4, in <module>
    from exceptiongroup import suppress
ImportError: cannot import name 'suppress' from 'exceptiongroup' (/opt/conda/lib/python3.10/site-packages/exceptiongroup/__init__.py)
E0621 05:14:26.645000 5403 site-packages/torch/distributed/elastic/multiprocessing/api.py:874] failed (exitcode: 1) local_rank: 0 (pid: 5470) of binary: /opt/conda/bin/python
Traceback (most recent call last):
  File "/opt/conda/bin/torchrun", line 8, in <module>
    sys.exit(main())
  File "/opt/conda/lib/python3.10/site-packages/torch/distributed/elastic/multiprocessing/errors/__init__.py", line 355, in wrapper
    return f(*args, **kwargs)
  File "/opt/conda/lib/python3.10/site-packages/torch/distributed/run.py", line 892, in main
    run(args)
  File "/opt/conda/lib/python3.10/site-packages/torch/distributed/run.py", line 883, in run
    elastic_launch(
  File "/opt/conda/lib/python3.10/site-packages/torch/distributed/launcher/api.py", line 139, in __call__
    return launch_agent(self._config, self._entrypoint, list(args))
  File "/opt/conda/lib/python3.10/site-packages/torch/distributed/launcher/api.py", line 270, in launch_agent
    raise ChildFailedError(
torch.distributed.elastic.multiprocessing.errors.ChildFailedError: 
============================================================
pretrain.py FAILED
------------------------------------------------------------
Failures:
  <NO_OTHER_FAILURES>
------------------------------------------------------------
Root Cause (first observed failure):
[0]:
  time      : 2026-06-21_05:14:26
  host      : 81t3ttdg7b8k8-0
  rank      : 0 (local_rank: 0)
  exitcode  : 1 (pid: 5470)
  error_file: <N/A>
  traceback : To enable traceback see: https://pytorch.org/docs/stable/elastic/errors.html
============================================================
