Looking in indexes: https://pypi.tuna.tsinghua.edu.cn/simple
Requirement already satisfied: pip in ./.venv/lib/python3.10/site-packages (23.0.1)
Collecting pip
  Downloading https://pypi.tuna.tsinghua.edu.cn/packages/5d/95/6b5cb3461ea5673ba0995989746db58eb18b91b54dbf331e72f569540946/pip-26.1.2-py3-none-any.whl (1.8 MB)
     ━━━━━━━━━━━━━━━━━━━━━━━━━━━━━━━━━━━━━━━━ 1.8/1.8 MB 6.3 MB/s eta 0:00:00
Requirement already satisfied: setuptools in ./.venv/lib/python3.10/site-packages (65.5.0)
Collecting setuptools
  Downloading https://pypi.tuna.tsinghua.edu.cn/packages/9d/76/f789f7a86709c6b087c5a2f52f911838cad707cc613162401badc665acfe/setuptools-82.0.1-py3-none-any.whl (1.0 MB)
     ━━━━━━━━━━━━━━━━━━━━━━━━━━━━━━━━━━━━━━━━ 1.0/1.0 MB 14.9 MB/s eta 0:00:00
Requirement already satisfied: wheel in /opt/conda/lib/python3.10/site-packages (0.38.4)
Collecting wheel
  Downloading https://pypi.tuna.tsinghua.edu.cn/packages/87/1b/9e33c09813d65e248f7f773119148a612516a4bea93e9c6f545f78455b7c/wheel-0.47.0-py3-none-any.whl (32 kB)
Requirement already satisfied: packaging>=24.0 in /opt/conda/lib/python3.10/site-packages (from wheel) (24.2)
Installing collected packages: wheel, setuptools, pip
  Attempting uninstall: wheel
    Found existing installation: wheel 0.38.4
    Not uninstalling wheel at /opt/conda/lib/python3.10/site-packages, outside environment /huyang2/double-loop/official_eqr_compare/.venv
    Can't uninstall 'wheel'. No files were found to uninstall.
  Attempting uninstall: setuptools
    Found existing installation: setuptools 65.5.0
    Uninstalling setuptools-65.5.0:
      Successfully uninstalled setuptools-65.5.0
  Attempting uninstall: pip
    Found existing installation: pip 23.0.1
    Uninstalling pip-23.0.1:
      Successfully uninstalled pip-23.0.1
Successfully installed pip-26.1.2 setuptools-82.0.1 wheel-0.47.0
Looking in indexes: https://pypi.tuna.tsinghua.edu.cn/simple
Collecting hydra-core
  Downloading hydra_core-1.3.3-py3-none-any.whl (154 kB)
Collecting omegaconf
  Downloading omegaconf-2.3.1-py3-none-any.whl (79 kB)
Collecting coolname
  Downloading coolname-5.0.0-py3-none-any.whl (47 kB)
Collecting argdantic
  Downloading argdantic-1.3.3-py2.py3-none-any.whl (26 kB)
Collecting colorama
  Downloading colorama-0.4.6-py2.py3-none-any.whl (25 kB)
Requirement already satisfied: huggingface_hub in /opt/conda/lib/python3.10/site-packages (0.30.2)
Collecting adam-atan2
  Downloading adam_atan2-0.0.3.tar.gz (11 kB)
  Installing build dependencies: started
  Installing build dependencies: finished with status 'done'
  Getting requirements to build wheel: started
  Getting requirements to build wheel: finished with status 'done'
  Installing backend dependencies: started
  Installing backend dependencies: finished with status 'done'
  Preparing metadata (pyproject.toml): started
  Preparing metadata (pyproject.toml): finished with status 'done'
Collecting antlr4-python3-runtime==4.9.* (from hydra-core)
  Downloading antlr4-python3-runtime-4.9.3.tar.gz (117 kB)
  Installing build dependencies: started
  Installing build dependencies: finished with status 'done'
  Getting requirements to build wheel: started
  Getting requirements to build wheel: finished with status 'done'
  Preparing metadata (pyproject.toml): started
  Preparing metadata (pyproject.toml): finished with status 'done'
Requirement already satisfied: packaging in /opt/conda/lib/python3.10/site-packages (from hydra-core) (24.2)
Requirement already satisfied: PyYAML>=5.1.0 in /opt/conda/lib/python3.10/site-packages (from omegaconf) (6.0)
Requirement already satisfied: pydantic<3.0,>=2.8.0 in /opt/conda/lib/python3.10/site-packages (from argdantic) (2.11.3)
Collecting pydantic-settings<3,>=2.4.0 (from argdantic)
  Downloading pydantic_settings-2.14.2-py3-none-any.whl (61 kB)
Requirement already satisfied: annotated-types>=0.6.0 in /opt/conda/lib/python3.10/site-packages (from pydantic<3.0,>=2.8.0->argdantic) (0.7.0)
Requirement already satisfied: pydantic-core==2.33.1 in /opt/conda/lib/python3.10/site-packages (from pydantic<3.0,>=2.8.0->argdantic) (2.33.1)
Requirement already satisfied: typing-extensions>=4.12.2 in /opt/conda/lib/python3.10/site-packages (from pydantic<3.0,>=2.8.0->argdantic) (4.13.1)
Requirement already satisfied: typing-inspection>=0.4.0 in /opt/conda/lib/python3.10/site-packages (from pydantic<3.0,>=2.8.0->argdantic) (0.4.0)
Collecting python-dotenv>=0.21.0 (from pydantic-settings<3,>=2.4.0->argdantic)
  Downloading python_dotenv-1.2.2-py3-none-any.whl (22 kB)
Requirement already satisfied: filelock in /opt/conda/lib/python3.10/site-packages (from huggingface_hub) (3.12.2)
Requirement already satisfied: fsspec>=2023.5.0 in /opt/conda/lib/python3.10/site-packages (from huggingface_hub) (2023.6.0)
Requirement already satisfied: requests in /opt/conda/lib/python3.10/site-packages (from huggingface_hub) (2.32.3)
Requirement already satisfied: tqdm>=4.42.1 in /opt/conda/lib/python3.10/site-packages (from huggingface_hub) (4.67.1)
Requirement already satisfied: charset-normalizer<4,>=2 in /opt/conda/lib/python3.10/site-packages (from requests->huggingface_hub) (2.0.4)
Requirement already satisfied: idna<4,>=2.5 in /opt/conda/lib/python3.10/site-packages (from requests->huggingface_hub) (3.4)
Requirement already satisfied: urllib3<3,>=1.21.1 in /opt/conda/lib/python3.10/site-packages (from requests->huggingface_hub) (1.26.15)
Requirement already satisfied: certifi>=2017.4.17 in /opt/conda/lib/python3.10/site-packages (from requests->huggingface_hub) (2023.5.7)
Building wheels for collected packages: antlr4-python3-runtime, adam-atan2
  Building wheel for antlr4-python3-runtime (pyproject.toml): started
  Building wheel for antlr4-python3-runtime (pyproject.toml): finished with status 'done'
  Created wheel for antlr4-python3-runtime: filename=antlr4_python3_runtime-4.9.3-py3-none-any.whl size=144590 sha256=c316275151fcfcf4775534fa37953be1d64538cb577591f69aa9652240a68ec5
  Stored in directory: /huyang2/double-loop/official_eqr_compare/.cache/pip/wheels/fd/40/c6/c03a72bc01e732a4371de9a6c5f5d5a97436243fb7778d2e60
  Building wheel for adam-atan2 (pyproject.toml): started
  Building wheel for adam-atan2 (pyproject.toml): finished with status 'done'
  Created wheel for adam-atan2: filename=adam_atan2-0.0.3-py3-none-any.whl size=8684 sha256=cdc9b3e49a330015903e24bb8e9203fb30371a8b9c9cb832c5b7c47639eb0895
  Stored in directory: /huyang2/double-loop/official_eqr_compare/.cache/pip/wheels/be/b5/61/8ee335ca40ae78230db80bb416ec8ad8be194a0fb6d5b60520
Successfully built antlr4-python3-runtime adam-atan2
Installing collected packages: antlr4-python3-runtime, adam-atan2, python-dotenv, omegaconf, coolname, colorama, hydra-core, pydantic-settings, argdantic

Successfully installed adam-atan2-0.0.3 antlr4-python3-runtime-4.9.3 argdantic-1.3.3 colorama-0.4.6 coolname-5.0.0 hydra-core-1.3.3 omegaconf-2.3.1 pydantic-settings-2.14.2 python-dotenv-1.2.2
python /huyang2/double-loop/official_eqr_compare/.venv/bin/python
torch 2.7.0+cu126 True 12.6
hydra OK /huyang2/double-loop/official_eqr_compare/.venv/lib/python3.10/site-packages/hydra/__init__.py
omegaconf OK /huyang2/double-loop/official_eqr_compare/.venv/lib/python3.10/site-packages/omegaconf/__init__.py
coolname OK /huyang2/double-loop/official_eqr_compare/.venv/lib/python3.10/site-packages/coolname/__init__.py
argdantic OK /huyang2/double-loop/official_eqr_compare/.venv/lib/python3.10/site-packages/argdantic/__init__.py
colorama OK /huyang2/double-loop/official_eqr_compare/.venv/lib/python3.10/site-packages/colorama/__init__.py
huggingface_hub OK /opt/conda/lib/python3.10/site-packages/huggingface_hub/__init__.py
adam_atan2 OK /huyang2/double-loop/official_eqr_compare/.venv/lib/python3.10/site-packages/adam_atan2/__init__.py
adam_atan2_backend MISSING 
flash_attn OK /opt/conda/lib/python3.10/site-packages/flash_attn/__init__.py
