Cloning into '/huyang2/double-loop/official_eqr_compare/eqr-clean'...
HEAD is now at aba94e9 added reproducing
HEAD is now at aba94e9 added reproducing
Cloning into '/huyang2/double-loop/official_eqr_compare/eqr-futureseed'...
HEAD is now at aba94e9 added reproducing
HEAD is now at aba94e9 added reproducing
FutureSeed patch applied to /huyang2/double-loop/official_eqr_compare/eqr-futureseed
Looking in indexes: https://pypi.tuna.tsinghua.edu.cn/simple
Requirement already satisfied: pip in ./.venv/lib/python3.10/site-packages (26.1.2)
Requirement already satisfied: setuptools in ./.venv/lib/python3.10/site-packages (82.0.1)
Requirement already satisfied: wheel in ./.venv/lib/python3.10/site-packages (0.47.0)
Requirement already satisfied: packaging>=24.0 in /opt/conda/lib/python3.10/site-packages (from wheel) (24.2)
Looking in indexes: https://pypi.tuna.tsinghua.edu.cn/simple
Requirement already satisfied: hydra-core in ./.venv/lib/python3.10/site-packages (1.3.3)
Requirement already satisfied: omegaconf in ./.venv/lib/python3.10/site-packages (2.3.1)
Requirement already satisfied: coolname in ./.venv/lib/python3.10/site-packages (5.0.0)
Requirement already satisfied: argdantic in ./.venv/lib/python3.10/site-packages (1.3.3)
Requirement already satisfied: colorama in ./.venv/lib/python3.10/site-packages (0.4.6)
Requirement already satisfied: huggingface_hub in /opt/conda/lib/python3.10/site-packages (0.30.2)
Requirement already satisfied: adam-atan2 in ./.venv/lib/python3.10/site-packages (0.0.3)
Requirement already satisfied: antlr4-python3-runtime==4.9.* in ./.venv/lib/python3.10/site-packages (from hydra-core) (4.9.3)
Requirement already satisfied: packaging in /opt/conda/lib/python3.10/site-packages (from hydra-core) (24.2)
Requirement already satisfied: PyYAML>=5.1.0 in /opt/conda/lib/python3.10/site-packages (from omegaconf) (6.0)
Requirement already satisfied: pydantic<3.0,>=2.8.0 in /opt/conda/lib/python3.10/site-packages (from argdantic) (2.11.3)
Requirement already satisfied: pydantic-settings<3,>=2.4.0 in ./.venv/lib/python3.10/site-packages (from argdantic) (2.14.2)
Requirement already satisfied: annotated-types>=0.6.0 in /opt/conda/lib/python3.10/site-packages (from pydantic<3.0,>=2.8.0->argdantic) (0.7.0)
Requirement already satisfied: pydantic-core==2.33.1 in /opt/conda/lib/python3.10/site-packages (from pydantic<3.0,>=2.8.0->argdantic) (2.33.1)
Requirement already satisfied: typing-extensions>=4.12.2 in /opt/conda/lib/python3.10/site-packages (from pydantic<3.0,>=2.8.0->argdantic) (4.13.1)
Requirement already satisfied: typing-inspection>=0.4.0 in /opt/conda/lib/python3.10/site-packages (from pydantic<3.0,>=2.8.0->argdantic) (0.4.0)
Requirement already satisfied: python-dotenv>=0.21.0 in ./.venv/lib/python3.10/site-packages (from pydantic-settings<3,>=2.4.0->argdantic) (1.2.2)
Requirement already satisfied: filelock in /opt/conda/lib/python3.10/site-packages (from huggingface_hub) (3.12.2)
Requirement already satisfied: fsspec>=2023.5.0 in /opt/conda/lib/python3.10/site-packages (from huggingface_hub) (2023.6.0)
Requirement already satisfied: requests in /opt/conda/lib/python3.10/site-packages (from huggingface_hub) (2.32.3)
Requirement already satisfied: tqdm>=4.42.1 in /opt/conda/lib/python3.10/site-packages (from huggingface_hub) (4.67.1)
Requirement already satisfied: charset-normalizer<4,>=2 in /opt/conda/lib/python3.10/site-packages (from requests->huggingface_hub) (2.0.4)
Requirement already satisfied: idna<4,>=2.5 in /opt/conda/lib/python3.10/site-packages (from requests->huggingface_hub) (3.4)
Requirement already satisfied: urllib3<3,>=1.21.1 in /opt/conda/lib/python3.10/site-packages (from requests->huggingface_hub) (1.26.15)
Requirement already satisfied: certifi>=2017.4.17 in /opt/conda/lib/python3.10/site-packages (from requests->huggingface_hub) (2023.5.7)
