mode=full
run_dir=/huyang2/double-loop/.worktrees/gdn-real-bwd-clean-645011a-20260625T2130/runs/gdn-realbwd-fs-s100-20260625T2130-645011a
git_sha=645011ae1fbecad71b6c6ce93a21d10d29e1b044
git_dirty=0
device=cuda torch=2.7.0+cu126 board=9x9 box=3x3 mainline=future_seed_loop backbone=gdn rwkv_kernel=auto gdn_mode=triton_recurrent forward_dtype=bfloat16
[future_seed_loop stage=1:8-16] step=0025 ce=1.7301 total=1.7301 loop1=1.7277 loop_last=1.7301 upd_l=0.950 upd_h=0.950 scratch_delta=0.000 scratch_gauss=0.0000
[future_seed_loop stage=1:8-16] step=0050 ce=1.5257 total=1.5257 loop1=1.5226 loop_last=1.5257 upd_l=0.950 upd_h=0.950 scratch_delta=0.000 scratch_gauss=0.0000
[future_seed_loop stage=2:16-24] step=0075 ce=1.7356 total=1.7356 loop1=1.7339 loop_last=1.7356 upd_l=0.950 upd_h=0.950 scratch_delta=0.000 scratch_gauss=0.0000
[future_seed_loop stage=2:16-24] step=0100 ce=1.6118 total=1.6118 loop1=1.6080 loop_last=1.6118 upd_l=0.950 upd_h=0.950 scratch_delta=0.000 scratch_gauss=0.0000

full-board metrics
loop=1 exact=0.0000, valid=0.0000, solved=0.0000, blank_acc=0.2427, early=0.2434, late=0.2578, early_late_gap=-0.0145
        fs_gate=0.471, fs_update=1.000, fs_state_norm=7.540, fs_decay=0.00, fb_in=0.000, fb_next=0.000, loop_time=0.000, upd_l=0.950, upd_h=0.950, scratch_gate=0.000, scratch_decay=0.000, scratch_delta=0.000, scratch_resid=0.000
loop=2 exact=0.0000, valid=0.0000, solved=0.0000, blank_acc=0.2385, early=0.2383, late=0.2556, early_late_gap=-0.0173
        fs_gate=0.471, fs_update=1.000, fs_state_norm=7.540, fs_decay=0.00, fb_in=0.000, fb_next=0.000, loop_time=0.000, upd_l=0.950, upd_h=0.950, scratch_gate=0.000, scratch_decay=0.000, scratch_delta=0.000, scratch_resid=0.000

hole-transfer metrics
holes=16 exact=0.0000, valid=0.0000, solved=0.0000, blank_acc=0.2385, early=0.2383, late=0.2556, early_late_gap=-0.0173; indep=0.0000, exact/indep=0.00
holes=8  exact=0.0000, valid=0.0000, solved=0.0000, blank_acc=0.2666, early=0.2453, late=0.2796, early_late_gap=-0.0343; indep=0.0000, exact/indep=0.00
holes=24 exact=0.0000, valid=0.0000, solved=0.0000, blank_acc=0.2023, early=0.1981, late=0.2095, early_late_gap=-0.0114; indep=0.0000, exact/indep=0.00
Depth loop is neutral on full-board exact in this run.
wrote /huyang2/double-loop/.worktrees/gdn-real-bwd-clean-645011a-20260625T2130/runs/gdn-realbwd-fs-s100-20260625T2130-645011a/output/futureseed_loop_seed52.json
wrote /huyang2/double-loop/.worktrees/gdn-real-bwd-clean-645011a-20260625T2130/runs/gdn-realbwd-fs-s100-20260625T2130-645011a/output/futureseed_loop_seed52.md
wrote /huyang2/double-loop/.worktrees/gdn-real-bwd-clean-645011a-20260625T2130/runs/gdn-realbwd-fs-s100-20260625T2130-645011a/output/futureseed_loop_case_seed52.html
