mode=full
run_dir=/huyang2/double-loop/.worktrees/gdn-realbwd-official-sudoku-d192-fs-hardcurr-s4000-d5658e0-20260628/runs/gdn-d192-official-sudoku-fs-hardcurr-s4000-20260628T1435Z-d5658e0
git_sha=d5658e0501faad20133bd85533b307dd8eb9893b
git_dirty=0
device=cuda torch=2.7.0+cu126 board=9x9 box=3x3 mainline=future_seed_loop backbone=gdn rwkv_kernel=auto gdn_mode=triton_recurrent forward_dtype=bfloat16
checkpoint_eval steps=1500,2500 holes=16
[future_seed_loop stage=1:46-55] step=0100 ce=1.7786 total=1.7786 loop1=1.7791 loop_last=1.7786 upd_l=0.950 upd_h=0.950 scratch_delta=0.000 scratch_gauss=0.0000
[future_seed_loop stage=1:46-55] step=0200 ce=1.3371 total=1.3371 loop1=1.3425 loop_last=1.3371 upd_l=0.950 upd_h=0.950 scratch_delta=0.000 scratch_gauss=0.0000
[future_seed_loop stage=1:46-55] step=0300 ce=1.0411 total=1.0411 loop1=1.1026 loop_last=1.0411 upd_l=0.950 upd_h=0.950 scratch_delta=0.000 scratch_gauss=0.0000
[future_seed_loop stage=1:46-55] step=0400 ce=1.0543 total=1.0543 loop1=1.1579 loop_last=1.0543 upd_l=0.950 upd_h=0.950 scratch_delta=0.000 scratch_gauss=0.0000
[future_seed_loop stage=1:46-55] step=0500 ce=0.9818 total=0.9818 loop1=1.0877 loop_last=0.9818 upd_l=0.950 upd_h=0.950 scratch_delta=0.000 scratch_gauss=0.0000
[future_seed_loop stage=1:46-55] step=0600 ce=0.9464 total=0.9464 loop1=1.1313 loop_last=0.9464 upd_l=0.950 upd_h=0.950 scratch_delta=0.000 scratch_gauss=0.0000
[future_seed_loop stage=1:46-55] step=0700 ce=0.9051 total=0.9051 loop1=1.0880 loop_last=0.9051 upd_l=0.950 upd_h=0.950 scratch_delta=0.000 scratch_gauss=0.0000
[future_seed_loop stage=1:46-55] step=0800 ce=0.9693 total=0.9693 loop1=1.1876 loop_last=0.9693 upd_l=0.950 upd_h=0.950 scratch_delta=0.000 scratch_gauss=0.0000
[future_seed_loop stage=2:56-64] step=0900 ce=1.0816 total=1.0816 loop1=1.2296 loop_last=1.0816 upd_l=0.950 upd_h=0.950 scratch_delta=0.000 scratch_gauss=0.0000
[future_seed_loop stage=2:56-64] step=1000 ce=1.0852 total=1.0852 loop1=1.2738 loop_last=1.0852 upd_l=0.950 upd_h=0.950 scratch_delta=0.000 scratch_gauss=0.0000
[future_seed_loop stage=2:56-64] step=1100 ce=1.0704 total=1.0704 loop1=1.2313 loop_last=1.0704 upd_l=0.950 upd_h=0.950 scratch_delta=0.000 scratch_gauss=0.0000
[future_seed_loop stage=2:56-64] step=1200 ce=1.0367 total=1.0367 loop1=1.2218 loop_last=1.0367 upd_l=0.950 upd_h=0.950 scratch_delta=0.000 scratch_gauss=0.0000
[future_seed_loop stage=2:56-64] step=1300 ce=1.0632 total=1.0632 loop1=1.2348 loop_last=1.0632 upd_l=0.950 upd_h=0.950 scratch_delta=0.000 scratch_gauss=0.0000
[future_seed_loop stage=2:56-64] step=1400 ce=1.0799 total=1.0799 loop1=1.3066 loop_last=1.0799 upd_l=0.950 upd_h=0.950 scratch_delta=0.000 scratch_gauss=0.0000
[future_seed_loop stage=2:56-64] step=1500 ce=1.0690 total=1.0690 loop1=1.2507 loop_last=1.0690 upd_l=0.950 upd_h=0.950 scratch_delta=0.000 scratch_gauss=0.0000
[checkpoint_eval step=1500 holes16] loop5 exact=0.0181 blank=0.5199
[future_seed_loop stage=2:56-64] step=1600 ce=0.9968 total=0.9968 loop1=1.2794 loop_last=0.9968 upd_l=0.950 upd_h=0.950 scratch_delta=0.000 scratch_gauss=0.0000
[future_seed_loop stage=2:56-64] step=1700 ce=1.0420 total=1.0420 loop1=1.2825 loop_last=1.0420 upd_l=0.950 upd_h=0.950 scratch_delta=0.000 scratch_gauss=0.0000
[future_seed_loop stage=2:56-64] step=1800 ce=1.0428 total=1.0428 loop1=1.3029 loop_last=1.0428 upd_l=0.950 upd_h=0.950 scratch_delta=0.000 scratch_gauss=0.0000
[future_seed_loop stage=2:56-64] step=1900 ce=1.0327 total=1.0327 loop1=1.3199 loop_last=1.0327 upd_l=0.950 upd_h=0.950 scratch_delta=0.000 scratch_gauss=0.0000
[future_seed_loop stage=2:56-64] step=2000 ce=1.0496 total=1.0496 loop1=1.3161 loop_last=1.0496 upd_l=0.950 upd_h=0.950 scratch_delta=0.000 scratch_gauss=0.0000
[future_seed_loop stage=2:56-64] step=2100 ce=1.0486 total=1.0486 loop1=1.2690 loop_last=1.0486 upd_l=0.950 upd_h=0.950 scratch_delta=0.000 scratch_gauss=0.0000
[future_seed_loop stage=2:56-64] step=2200 ce=1.0229 total=1.0229 loop1=1.2190 loop_last=1.0229 upd_l=0.950 upd_h=0.950 scratch_delta=0.000 scratch_gauss=0.0000
[future_seed_loop stage=2:56-64] step=2300 ce=1.0457 total=1.0457 loop1=1.3264 loop_last=1.0457 upd_l=0.950 upd_h=0.950 scratch_delta=0.000 scratch_gauss=0.0000
[future_seed_loop stage=2:56-64] step=2400 ce=1.0379 total=1.0379 loop1=1.2331 loop_last=1.0379 upd_l=0.950 upd_h=0.950 scratch_delta=0.000 scratch_gauss=0.0000
[future_seed_loop stage=2:56-64] step=2500 ce=1.0569 total=1.0569 loop1=1.2272 loop_last=1.0569 upd_l=0.950 upd_h=0.950 scratch_delta=0.000 scratch_gauss=0.0000
[checkpoint_eval step=2500 holes16] loop5 exact=0.0181 blank=0.5345
[future_seed_loop stage=2:56-64] step=2600 ce=1.0456 total=1.0456 loop1=1.2604 loop_last=1.0456 upd_l=0.950 upd_h=0.950 scratch_delta=0.000 scratch_gauss=0.0000
[future_seed_loop stage=2:56-64] step=2700 ce=1.0313 total=1.0313 loop1=1.2223 loop_last=1.0313 upd_l=0.950 upd_h=0.950 scratch_delta=0.000 scratch_gauss=0.0000
[future_seed_loop stage=2:56-64] step=2800 ce=1.0060 total=1.0060 loop1=1.2299 loop_last=1.0060 upd_l=0.950 upd_h=0.950 scratch_delta=0.000 scratch_gauss=0.0000
[future_seed_loop stage=2:56-64] step=2900 ce=1.0188 total=1.0188 loop1=1.2296 loop_last=1.0188 upd_l=0.950 upd_h=0.950 scratch_delta=0.000 scratch_gauss=0.0000
[future_seed_loop stage=2:56-64] step=3000 ce=1.0367 total=1.0367 loop1=1.2600 loop_last=1.0367 upd_l=0.950 upd_h=0.950 scratch_delta=0.000 scratch_gauss=0.0000
[future_seed_loop stage=2:56-64] step=3100 ce=1.0223 total=1.0223 loop1=1.2498 loop_last=1.0223 upd_l=0.950 upd_h=0.950 scratch_delta=0.000 scratch_gauss=0.0000
[future_seed_loop stage=2:56-64] step=3200 ce=1.0236 total=1.0236 loop1=1.2762 loop_last=1.0236 upd_l=0.950 upd_h=0.950 scratch_delta=0.000 scratch_gauss=0.0000
[future_seed_loop stage=2:56-64] step=3300 ce=1.0490 total=1.0490 loop1=1.2573 loop_last=1.0490 upd_l=0.950 upd_h=0.950 scratch_delta=0.000 scratch_gauss=0.0000
[future_seed_loop stage=2:56-64] step=3400 ce=1.0171 total=1.0171 loop1=1.2351 loop_last=1.0171 upd_l=0.950 upd_h=0.950 scratch_delta=0.000 scratch_gauss=0.0000
[future_seed_loop stage=2:56-64] step=3500 ce=1.0021 total=1.0021 loop1=1.2675 loop_last=1.0021 upd_l=0.950 upd_h=0.950 scratch_delta=0.000 scratch_gauss=0.0000
[future_seed_loop stage=2:56-64] step=3600 ce=1.0205 total=1.0205 loop1=1.2423 loop_last=1.0205 upd_l=0.950 upd_h=0.950 scratch_delta=0.000 scratch_gauss=0.0000
[future_seed_loop stage=2:56-64] step=3700 ce=1.0335 total=1.0335 loop1=1.2338 loop_last=1.0335 upd_l=0.950 upd_h=0.950 scratch_delta=0.000 scratch_gauss=0.0000
[future_seed_loop stage=2:56-64] step=3800 ce=1.0401 total=1.0401 loop1=1.2578 loop_last=1.0401 upd_l=0.950 upd_h=0.950 scratch_delta=0.000 scratch_gauss=0.0000
[future_seed_loop stage=2:56-64] step=3900 ce=1.0048 total=1.0048 loop1=1.2268 loop_last=1.0048 upd_l=0.950 upd_h=0.950 scratch_delta=0.000 scratch_gauss=0.0000
[future_seed_loop stage=2:56-64] step=4000 ce=0.9903 total=0.9903 loop1=1.2650 loop_last=0.9903 upd_l=0.950 upd_h=0.950 scratch_delta=0.000 scratch_gauss=0.0000

full-board metrics
loop=1 exact=0.0029, valid=0.0029, solved=0.0029, blank_acc=0.4503, early=0.4531, late=0.4511, early_late_gap=+0.0019
        fs_gate=0.482, fs_update=1.000, fs_state_norm=7.720, fs_decay=0.00, fb_in=0.000, fb_next=0.000, loop_time=0.000, upd_l=0.950, upd_h=0.950, scratch_gate=0.000, scratch_decay=0.000, scratch_delta=0.000, scratch_resid=0.000
loop=2 exact=0.0278, valid=0.0278, solved=0.0278, blank_acc=0.4997, early=0.4997, late=0.5009, early_late_gap=-0.0012
        fs_gate=0.482, fs_update=1.000, fs_state_norm=7.720, fs_decay=0.00, fb_in=0.000, fb_next=0.000, loop_time=0.000, upd_l=0.950, upd_h=0.950, scratch_gate=0.000, scratch_decay=0.000, scratch_delta=0.000, scratch_resid=0.000
loop=3 exact=0.0293, valid=0.0293, solved=0.0293, blank_acc=0.5392, early=0.5366, late=0.5428, early_late_gap=-0.0062
        fs_gate=0.482, fs_update=1.000, fs_state_norm=7.720, fs_decay=0.00, fb_in=0.000, fb_next=0.000, loop_time=0.000, upd_l=0.950, upd_h=0.950, scratch_gate=0.000, scratch_decay=0.000, scratch_delta=0.000, scratch_resid=0.000
loop=4 exact=0.0303, valid=0.0303, solved=0.0303, blank_acc=0.5454, early=0.5438, late=0.5482, early_late_gap=-0.0044
        fs_gate=0.482, fs_update=1.000, fs_state_norm=7.720, fs_decay=0.00, fb_in=0.000, fb_next=0.000, loop_time=0.000, upd_l=0.950, upd_h=0.950, scratch_gate=0.000, scratch_decay=0.000, scratch_delta=0.000, scratch_resid=0.000
loop=5 exact=0.0312, valid=0.0312, solved=0.0312, blank_acc=0.5462, early=0.5443, late=0.5490, early_late_gap=-0.0047
        fs_gate=0.482, fs_update=1.000, fs_state_norm=7.720, fs_decay=0.00, fb_in=0.000, fb_next=0.000, loop_time=0.000, upd_l=0.950, upd_h=0.950, scratch_gate=0.000, scratch_decay=0.000, scratch_delta=0.000, scratch_resid=0.000

official sudoku eval split=test eval_n=2048 seed=1051
Depth loop adds useful full-board refinement.
wrote /huyang2/double-loop/.worktrees/gdn-realbwd-official-sudoku-d192-fs-hardcurr-s4000-d5658e0-20260628/runs/gdn-d192-official-sudoku-fs-hardcurr-s4000-20260628T1435Z-d5658e0/output/futureseed_loop_seed52.json
wrote /huyang2/double-loop/.worktrees/gdn-realbwd-official-sudoku-d192-fs-hardcurr-s4000-d5658e0-20260628/runs/gdn-d192-official-sudoku-fs-hardcurr-s4000-20260628T1435Z-d5658e0/output/futureseed_loop_seed52.md
wrote /huyang2/double-loop/.worktrees/gdn-realbwd-official-sudoku-d192-fs-hardcurr-s4000-d5658e0-20260628/runs/gdn-d192-official-sudoku-fs-hardcurr-s4000-20260628T1435Z-d5658e0/output/futureseed_loop_case_seed52.html
