nohup: ignoring input
mode=full
run_dir=/huyang2/double-loop/.worktrees/gdn-transition-mixedhard-d224l12-step6100-20260702T143834Z-0151369/runs/gdn-transition-mixedhard-d224l12-step6100-20260702T143834Z-0151369
git_sha=01513695dc97b5ceb2431798bac521b0611f1114
git_dirty=0
device=cuda torch=2.7.0+cu126 board=9x9 box=3x3 mainline=future_seed_loop backbone=gdn rwkv_kernel=auto gdn_mode=triton_recurrent forward_dtype=float32
checkpoint_eval steps=6100 holes=53,60
resumed_train_checkpoint path=/huyang2/double-loop/.worktrees/gdn-transition-d224l12-nockpt-continue-c00167e-20260702T0209Z/runs/gdn-transition-d224l12-nockpt-continue-s6000-20260702T0209Z-c00167e/checkpoints/train_state_step006000.pt step=6000 reason=eval_checkpoint
[future_seed_loop stage=1:51-64] step=6100 ce=0.7241 total=0.8031 loop1=1.0011 loop_last=0.7241 exact_margin=0.0000 softmin=0.000 upd_l=0.950 upd_h=0.950 fb_next=0.000 fb_corrupt=0.000 fb_conf=0.000 scratch_delta=0.000 scratch_gauss=0.0000
[checkpoint_eval step=6100 holes60] loop5 exact=0.1973 blank=0.6603
[train_checkpoint step=6100] path=/huyang2/double-loop/.worktrees/gdn-transition-mixedhard-d224l12-step6100-20260702T143834Z-0151369/runs/gdn-transition-mixedhard-d224l12-step6100-20260702T143834Z-0151369/checkpoints/train_state_step006100.pt

full-board metrics
loop=1 exact=0.0234, valid=0.0234, solved=0.0234, blank_acc=0.5446, early=0.5361, late=0.5506, early_late_gap=-0.0145
        fs_gate=0.462, fs_update=1.000, fs_state_norm=14.785, fs_decay=0.00, fb_in=0.000, fb_next=0.000, loop_time=0.000, upd_l=0.950, upd_h=0.950, scratch_gate=0.000, scratch_decay=0.000, scratch_delta=0.000, scratch_resid=0.000
loop=2 exact=0.0312, valid=0.0312, solved=0.0312, blank_acc=0.6061, early=0.5942, late=0.6101, early_late_gap=-0.0159
        fs_gate=0.462, fs_update=1.000, fs_state_norm=14.785, fs_decay=0.00, fb_in=0.000, fb_next=0.000, loop_time=0.000, upd_l=0.950, upd_h=0.950, scratch_gate=0.000, scratch_decay=0.000, scratch_delta=0.000, scratch_resid=0.000
loop=3 exact=0.1250, valid=0.1250, solved=0.1250, blank_acc=0.6344, early=0.6289, late=0.6356, early_late_gap=-0.0067
        fs_gate=0.462, fs_update=1.000, fs_state_norm=14.785, fs_decay=0.00, fb_in=0.000, fb_next=0.000, loop_time=0.000, upd_l=0.950, upd_h=0.950, scratch_gate=0.000, scratch_decay=0.000, scratch_delta=0.000, scratch_resid=0.000
loop=4 exact=0.1777, valid=0.1777, solved=0.1777, blank_acc=0.6438, early=0.6377, late=0.6441, early_late_gap=-0.0064
        fs_gate=0.462, fs_update=1.000, fs_state_norm=14.785, fs_decay=0.00, fb_in=0.000, fb_next=0.000, loop_time=0.000, upd_l=0.950, upd_h=0.950, scratch_gate=0.000, scratch_decay=0.000, scratch_delta=0.000, scratch_resid=0.000
loop=5 exact=0.1855, valid=0.1855, solved=0.1855, blank_acc=0.6460, early=0.6390, late=0.6472, early_late_gap=-0.0082
        fs_gate=0.462, fs_update=1.000, fs_state_norm=14.785, fs_decay=0.00, fb_in=0.000, fb_next=0.000, loop_time=0.000, upd_l=0.950, upd_h=0.950, scratch_gate=0.000, scratch_decay=0.000, scratch_delta=0.000, scratch_resid=0.000

official sudoku eval split=test eval_n=512 seed=1051
Depth loop adds useful full-board refinement.
wrote /huyang2/double-loop/.worktrees/gdn-transition-mixedhard-d224l12-step6100-20260702T143834Z-0151369/runs/gdn-transition-mixedhard-d224l12-step6100-20260702T143834Z-0151369/output/futureseed_loop_seed52.json
wrote /huyang2/double-loop/.worktrees/gdn-transition-mixedhard-d224l12-step6100-20260702T143834Z-0151369/runs/gdn-transition-mixedhard-d224l12-step6100-20260702T143834Z-0151369/output/futureseed_loop_seed52.md
wrote /huyang2/double-loop/.worktrees/gdn-transition-mixedhard-d224l12-step6100-20260702T143834Z-0151369/runs/gdn-transition-mixedhard-d224l12-step6100-20260702T143834Z-0151369/output/futureseed_loop_case_seed52.html
built visualizations for 1 run(s)
recorded run=gdn-transition-mixedhard-d224l12-step6100-20260702T143834Z-0151369 score=0.185546875 key=metrics.eval_clean.loop5.label_exact
completed run_dir=/huyang2/double-loop/.worktrees/gdn-transition-mixedhard-d224l12-step6100-20260702T143834Z-0151369/runs/gdn-transition-mixedhard-d224l12-step6100-20260702T143834Z-0151369
