launch_sha=be2815bd27ece12df237ed01456e651d1dac5212
launch_dirty=0
data=/huyang2/double-loop/official_eqr_sudoku_repro_20260623/data/sudoku-extreme-1k-aug-1000
0, NVIDIA A800-SXM4-80GB, 0 MiB, 81920 MiB, 0 %
===== nofs start 2026-06-26T00:53:12Z =====
mode=full
run_dir=/huyang2/double-loop/.worktrees/gdn-realbwd-official-sudoku-scale-be2815b-20260626/runs/gdn-realbwd-official-sudoku-scale-nofs-20260626T0055-be2815b
git_sha=be2815bd27ece12df237ed01456e651d1dac5212
git_dirty=0
device=cuda torch=2.7.0+cu126 board=9x9 box=3x3 mainline=future_seed_loop backbone=gdn rwkv_kernel=auto gdn_mode=triton_recurrent forward_dtype=bfloat16
[future_seed_loop stage=1:2-4] step=0100 ce=1.8137 total=1.8137 loop1=1.8141 loop_last=1.8137 upd_l=0.950 upd_h=0.950 scratch_delta=0.000 scratch_gauss=0.0000
[future_seed_loop stage=1:2-4] step=0200 ce=1.6591 total=1.6591 loop1=1.6601 loop_last=1.6591 upd_l=0.950 upd_h=0.950 scratch_delta=0.000 scratch_gauss=0.0000
[future_seed_loop stage=1:2-4] step=0300 ce=1.6523 total=1.6523 loop1=1.6553 loop_last=1.6523 upd_l=0.950 upd_h=0.950 scratch_delta=0.000 scratch_gauss=0.0000
[future_seed_loop stage=1:2-4] step=0400 ce=1.6400 total=1.6400 loop1=1.6428 loop_last=1.6400 upd_l=0.950 upd_h=0.950 scratch_delta=0.000 scratch_gauss=0.0000
[future_seed_loop stage=1:2-4] step=0500 ce=1.6418 total=1.6418 loop1=1.6443 loop_last=1.6418 upd_l=0.950 upd_h=0.950 scratch_delta=0.000 scratch_gauss=0.0000
[future_seed_loop stage=1:2-4] step=0600 ce=1.6355 total=1.6355 loop1=1.6393 loop_last=1.6355 upd_l=0.950 upd_h=0.950 scratch_delta=0.000 scratch_gauss=0.0000

full-board metrics
loop=1 exact=0.0000, valid=0.0000, solved=0.0000, blank_acc=0.2666, early=0.2052, late=0.3322, early_late_gap=-0.1270
        fs_gate=0.000, fs_update=0.000, fs_state_norm=0.000, fs_decay=0.00, fb_in=0.000, fb_next=0.000, loop_time=0.000, upd_l=0.950, upd_h=0.950, scratch_gate=0.000, scratch_decay=0.000, scratch_delta=0.000, scratch_resid=0.000
loop=2 exact=0.0000, valid=0.0000, solved=0.0000, blank_acc=0.2685, early=0.2070, late=0.3359, early_late_gap=-0.1289
        fs_gate=0.000, fs_update=0.000, fs_state_norm=0.000, fs_decay=0.00, fb_in=0.000, fb_next=0.000, loop_time=0.000, upd_l=0.950, upd_h=0.950, scratch_gate=0.000, scratch_decay=0.000, scratch_delta=0.000, scratch_resid=0.000
loop=3 exact=0.0000, valid=0.0000, solved=0.0000, blank_acc=0.2683, early=0.2068, late=0.3359, early_late_gap=-0.1291
        fs_gate=0.000, fs_update=0.000, fs_state_norm=0.000, fs_decay=0.00, fb_in=0.000, fb_next=0.000, loop_time=0.000, upd_l=0.950, upd_h=0.950, scratch_gate=0.000, scratch_decay=0.000, scratch_delta=0.000, scratch_resid=0.000
loop=4 exact=0.0000, valid=0.0000, solved=0.0000, blank_acc=0.2686, early=0.2072, late=0.3367, early_late_gap=-0.1294
        fs_gate=0.000, fs_update=0.000, fs_state_norm=0.000, fs_decay=0.00, fb_in=0.000, fb_next=0.000, loop_time=0.000, upd_l=0.950, upd_h=0.950, scratch_gate=0.000, scratch_decay=0.000, scratch_delta=0.000, scratch_resid=0.000

official sudoku eval split=test eval_n=1024 seed=1051
Depth loop is neutral on full-board exact in this run.
wrote /huyang2/double-loop/.worktrees/gdn-realbwd-official-sudoku-scale-be2815b-20260626/runs/gdn-realbwd-official-sudoku-scale-nofs-20260626T0055-be2815b/output/futureseed_loop_seed52.json
wrote /huyang2/double-loop/.worktrees/gdn-realbwd-official-sudoku-scale-be2815b-20260626/runs/gdn-realbwd-official-sudoku-scale-nofs-20260626T0055-be2815b/output/futureseed_loop_seed52.md
wrote /huyang2/double-loop/.worktrees/gdn-realbwd-official-sudoku-scale-be2815b-20260626/runs/gdn-realbwd-official-sudoku-scale-nofs-20260626T0055-be2815b/output/futureseed_loop_case_seed52.html
built visualizations for 1 run(s)
recorded run=gdn-realbwd-official-sudoku-scale-nofs-20260626T0055-be2815b score=0.0 key=metrics.eval_clean.loop4.label_exact
completed run_dir=/huyang2/double-loop/.worktrees/gdn-realbwd-official-sudoku-scale-be2815b-20260626/runs/gdn-realbwd-official-sudoku-scale-nofs-20260626T0055-be2815b
===== nofs done 2026-06-26T00:56:45Z =====
===== fs start 2026-06-26T00:56:45Z =====
mode=full
run_dir=/huyang2/double-loop/.worktrees/gdn-realbwd-official-sudoku-scale-be2815b-20260626/runs/gdn-realbwd-official-sudoku-scale-fs-20260626T0055-be2815b
git_sha=be2815bd27ece12df237ed01456e651d1dac5212
git_dirty=1
device=cuda torch=2.7.0+cu126 board=9x9 box=3x3 mainline=future_seed_loop backbone=gdn rwkv_kernel=auto gdn_mode=triton_recurrent forward_dtype=bfloat16
[future_seed_loop stage=1:2-4] step=0100 ce=1.7918 total=1.7918 loop1=1.7923 loop_last=1.7918 upd_l=0.950 upd_h=0.950 scratch_delta=0.000 scratch_gauss=0.0000
[future_seed_loop stage=1:2-4] step=0200 ce=1.3550 total=1.3550 loop1=1.3611 loop_last=1.3550 upd_l=0.950 upd_h=0.950 scratch_delta=0.000 scratch_gauss=0.0000
[future_seed_loop stage=1:2-4] step=0300 ce=1.1813 total=1.1813 loop1=1.2066 loop_last=1.1813 upd_l=0.950 upd_h=0.950 scratch_delta=0.000 scratch_gauss=0.0000
[future_seed_loop stage=1:2-4] step=0400 ce=1.1387 total=1.1387 loop1=1.2079 loop_last=1.1387 upd_l=0.950 upd_h=0.950 scratch_delta=0.000 scratch_gauss=0.0000
[future_seed_loop stage=1:2-4] step=0500 ce=1.0861 total=1.0861 loop1=1.2054 loop_last=1.0861 upd_l=0.950 upd_h=0.950 scratch_delta=0.000 scratch_gauss=0.0000
Terminated
