mode=full
run_dir=/huyang2/double-loop/runs/sudoku-backbone-gdn-s500-sharedinit-20260724T154020Z-6e51f06
git_sha=6e51f067a18d936bda7f3d588b7b3f32625b2b18
git_dirty=0
Current Python version 3.10 is below the recommended 3.11 version. It is recommended to upgrade to Python 3.11 or higher for the best experience.
device=cuda torch=2.7.0+cu126 board=9x9 box=3x3 mainline=future_seed_loop backbone=fla_gdn rwkv_kernel=statepassing gdn_mode=chunk gdn_progressive_base_expand_v=0.0 forward_dtype=bfloat16
checkpoint_eval steps=500 holes=53
[future_seed_loop stage=1:46-50] step=0100 ce=1.6202 total=1.6196 loop1=1.6183 loop_last=1.6202 exact_margin=0.0000 softmin=0.000 upd_l=0.950 upd_h=0.950 fb_next=0.000 fb_corrupt=0.000 fb_conf=0.000 hagg_norm=0.000 hagg_raw=0.000 hagg_ent=0.000 hagg_maxw=0.000 hagg_clip=0.000 scratch_delta=0.000 scratch_gauss=0.0000
[future_seed_loop stage=2:51-55] step=0200 ce=1.4803 total=1.4800 loop1=1.4805 loop_last=1.4803 exact_margin=0.0000 softmin=0.000 upd_l=0.950 upd_h=0.950 fb_next=0.000 fb_corrupt=0.000 fb_conf=0.000 hagg_norm=0.000 hagg_raw=0.000 hagg_ent=0.000 hagg_maxw=0.000 hagg_clip=0.000 scratch_delta=0.000 scratch_gauss=0.0000
[future_seed_loop stage=2:51-55] step=0300 ce=1.1469 total=1.1486 loop1=1.1550 loop_last=1.1469 exact_margin=0.0000 softmin=0.000 upd_l=0.950 upd_h=0.950 fb_next=0.000 fb_corrupt=0.000 fb_conf=0.000 hagg_norm=0.000 hagg_raw=0.000 hagg_ent=0.000 hagg_maxw=0.000 hagg_clip=0.000 scratch_delta=0.000 scratch_gauss=0.0000
[future_seed_loop stage=2:51-55] step=0400 ce=1.0694 total=1.0741 loop1=1.0900 loop_last=1.0694 exact_margin=0.0000 softmin=0.000 upd_l=0.950 upd_h=0.950 fb_next=0.000 fb_corrupt=0.000 fb_conf=0.000 hagg_norm=0.000 hagg_raw=0.000 hagg_ent=0.000 hagg_maxw=0.000 hagg_clip=0.000 scratch_delta=0.000 scratch_gauss=0.0000
[future_seed_loop stage=2:51-55] step=0500 ce=1.0509 total=1.0552 loop1=1.0697 loop_last=1.0509 exact_margin=0.0000 softmin=0.000 upd_l=0.950 upd_h=0.950 fb_next=0.000 fb_corrupt=0.000 fb_conf=0.000 hagg_norm=0.000 hagg_raw=0.000 hagg_ent=0.000 hagg_maxw=0.000 hagg_clip=0.000 scratch_delta=0.000 scratch_gauss=0.0000
[checkpoint_eval step=0500 holes53] loop5 exact=0.0000 blank=0.5295
[train_checkpoint step=0500] path=/huyang2/double-loop/models/sudoku-backbone-gdn-s500-sharedinit-20260724T154020Z-6e51f06/checkpoints/train_state_step000500.pt

full-board metrics
loop=1 exact=0.0020, valid=0.0020, solved=0.0020, blank_acc=0.4751, early=0.4688, late=0.4773, early_late_gap=-0.0084
        fs_gate=0.488, fs_update=1.000, fs_state_norm=15.601, fs_decay=0.00, fs_raw_rms=0.164, fs_raw_rms_std=0.009, fs_norm_gain=1.000, fs_norm_gain_std=0.000, fb_in=0.000, fb_next=0.000, loop_time=0.000, upd_l=0.950, upd_h=0.950, scratch_gate=0.000, scratch_decay=0.000, scratch_delta=0.000, scratch_resid=0.000
loop=2 exact=0.0059, valid=0.0059, solved=0.0059, blank_acc=0.4873, early=0.4851, late=0.4889, early_late_gap=-0.0038
        fs_gate=0.488, fs_update=1.000, fs_state_norm=15.601, fs_decay=0.00, fs_raw_rms=0.159, fs_raw_rms_std=0.010, fs_norm_gain=1.000, fs_norm_gain_std=0.000, fb_in=0.000, fb_next=0.000, loop_time=0.000, upd_l=0.950, upd_h=0.950, scratch_gate=0.000, scratch_decay=0.000, scratch_delta=0.000, scratch_resid=0.000
loop=3 exact=0.0059, valid=0.0059, solved=0.0059, blank_acc=0.4880, early=0.4865, late=0.4889, early_late_gap=-0.0024
        fs_gate=0.488, fs_update=1.000, fs_state_norm=15.601, fs_decay=0.00, fs_raw_rms=0.158, fs_raw_rms_std=0.010, fs_norm_gain=1.000, fs_norm_gain_std=0.000, fb_in=0.000, fb_next=0.000, loop_time=0.000, upd_l=0.950, upd_h=0.950, scratch_gate=0.000, scratch_decay=0.000, scratch_delta=0.000, scratch_resid=0.000
loop=4 exact=0.0059, valid=0.0059, solved=0.0059, blank_acc=0.4888, early=0.4870, late=0.4899, early_late_gap=-0.0028
        fs_gate=0.488, fs_update=1.000, fs_state_norm=15.601, fs_decay=0.00, fs_raw_rms=0.157, fs_raw_rms_std=0.010, fs_norm_gain=1.000, fs_norm_gain_std=0.000, fb_in=0.000, fb_next=0.000, loop_time=0.000, upd_l=0.950, upd_h=0.950, scratch_gate=0.000, scratch_decay=0.000, scratch_delta=0.000, scratch_resid=0.000
loop=5 exact=0.0059, valid=0.0059, solved=0.0059, blank_acc=0.4887, early=0.4871, late=0.4898, early_late_gap=-0.0026
        fs_gate=0.488, fs_update=1.000, fs_state_norm=15.601, fs_decay=0.00, fs_raw_rms=0.157, fs_raw_rms_std=0.010, fs_norm_gain=1.000, fs_norm_gain_std=0.000, fb_in=0.000, fb_next=0.000, loop_time=0.000, upd_l=0.950, upd_h=0.950, scratch_gate=0.000, scratch_decay=0.000, scratch_delta=0.000, scratch_resid=0.000

official sudoku eval split=test eval_n=512 seed=1051

official blank-range metrics
b46_50 blanks=46-50 n=512 exact=0.3633, valid=0.3633, solved=0.3633, blank_acc=0.9701, early=0.9635, late=0.9744, early_late_gap=-0.0109
b51_55 blanks=51-55 n=512 exact=0.0000, valid=0.0000, solved=0.0000, blank_acc=0.5150, early=0.5116, late=0.5135, early_late_gap=-0.0020
b56_64 blanks=56-64 n=512 exact=0.0000, valid=0.0000, solved=0.0000, blank_acc=0.4541, early=0.4562, late=0.4465, early_late_gap=+0.0097

case-bank artifacts
official_b46_50 exact=0.3867 blank_acc=0.9686 selected={'solved_by_loop': 4, 'almost_solved': 4, 'hard_failure': 4}
  index=/huyang2/double-loop/runs/sudoku-backbone-gdn-s500-sharedinit-20260724T154020Z-6e51f06/output/case_bank/official_b46_50/index.html
  cases=/huyang2/double-loop/runs/sudoku-backbone-gdn-s500-sharedinit-20260724T154020Z-6e51f06/output/case_bank/official_b46_50/cases.json
official_b51_55 exact=0.0000 blank_acc=0.5087 selected={'solved_by_loop': 0, 'almost_solved': 0, 'hard_failure': 4}
  index=/huyang2/double-loop/runs/sudoku-backbone-gdn-s500-sharedinit-20260724T154020Z-6e51f06/output/case_bank/official_b51_55/index.html
  cases=/huyang2/double-loop/runs/sudoku-backbone-gdn-s500-sharedinit-20260724T154020Z-6e51f06/output/case_bank/official_b51_55/cases.json
official_b56_64 exact=0.0000 blank_acc=0.4571 selected={'solved_by_loop': 0, 'almost_solved': 0, 'hard_failure': 4}
  index=/huyang2/double-loop/runs/sudoku-backbone-gdn-s500-sharedinit-20260724T154020Z-6e51f06/output/case_bank/official_b56_64/index.html
  cases=/huyang2/double-loop/runs/sudoku-backbone-gdn-s500-sharedinit-20260724T154020Z-6e51f06/output/case_bank/official_b56_64/cases.json
Depth loop adds useful full-board refinement.
wrote /huyang2/double-loop/runs/sudoku-backbone-gdn-s500-sharedinit-20260724T154020Z-6e51f06/output/futureseed_loop_seed52.json
wrote /huyang2/double-loop/runs/sudoku-backbone-gdn-s500-sharedinit-20260724T154020Z-6e51f06/output/futureseed_loop_seed52.md
wrote /huyang2/double-loop/runs/sudoku-backbone-gdn-s500-sharedinit-20260724T154020Z-6e51f06/output/futureseed_loop_case_seed52.html
