test_active_projection_vjp_matches_finite_difference (__main__.GainBudgetProjectionTests) ... ok
test_allow_negative_happens_before_projection (__main__.GainBudgetProjectionTests) ... ok
test_centered_component_only_shrinks (__main__.GainBudgetProjectionTests) ... ok
test_channel_permutation_equivariance (__main__.GainBudgetProjectionTests) ... ok
test_closed_form_sigma_matches_svd (__main__.GainBudgetProjectionTests) ... ok
test_delta_is_preserved (__main__.GainBudgetProjectionTests) ... ok
test_empty_reference_sequence (__main__.GainBudgetProjectionTests) ... ok
test_fla_l2norm_formula_and_dtype (__main__.GainBudgetProjectionTests) ... ok
test_inactive_projection_is_exact_identity (__main__.GainBudgetProjectionTests) ... ok
test_infeasible_budget_raises (__main__.GainBudgetProjectionTests) ... ok
test_invalid_shapes_are_rejected (__main__.GainBudgetProjectionTests) ... ok
test_key_dimension_one_is_rejected (__main__.GainBudgetProjectionTests) ... ok
test_large_near_unit_budget_batch_fails_closed (__main__.GainBudgetProjectionTests) ... ok
test_near_zero_key_remains_finite (__main__.GainBudgetProjectionTests) ... ok
test_none_preserves_gate_values (__main__.GainBudgetProjectionTests) ... ok
test_nonfinite_hyperparameters_are_rejected (__main__.GainBudgetProjectionTests) ... ok
test_positive_log_decay_is_rejected (__main__.GainBudgetProjectionTests) ... ok
test_reference_explicit_fla_read_scale (__main__.GainBudgetProjectionTests) ... ok
test_reference_matches_manual_recurrence (__main__.GainBudgetProjectionTests) ... ok
test_reference_output_and_state_shapes (__main__.GainBudgetProjectionTests) ... ok
test_relax_reports_effective_budget (__main__.GainBudgetProjectionTests) ... ok
test_spectral_bound_random (__main__.GainBudgetProjectionTests) ... ok
test_tau_one_backward_is_finite (__main__.GainBudgetProjectionTests) ... ok
test_zero_key_is_identity (__main__.GainBudgetProjectionTests) ... ok

----------------------------------------------------------------------
Ran 24 tests in 18.331s

OK
