reusing /opt/conda/bin/python: torch=2.7.0+cu126 cuda=NVIDIA A800-SXM4-80GB
Current Python version 3.10 is below the recommended 3.11 version. It is recommended to upgrade to Python 3.11 or higher for the best experience.
Current Python version 3.10 is below the recommended 3.11 version. It is recommended to upgrade to Python 3.11 or higher for the best experience.
active flash-linear-attention=0.5.2 root=/huyang2/double-loop/.cache/fla-versions/9c8e42e762fce087c27b673af4922795d9edb85e-0280db310981915e/fla
Environment ready: /opt/conda/bin/python
test_active_projection_vjp_matches_finite_difference (__main__.GainBudgetProjectionTests) ... ok
test_allow_negative_happens_before_projection (__main__.GainBudgetProjectionTests) ... ok
test_centered_component_only_shrinks (__main__.GainBudgetProjectionTests) ... ok
test_channel_permutation_equivariance (__main__.GainBudgetProjectionTests) ... ok
test_closed_form_sigma_matches_svd (__main__.GainBudgetProjectionTests) ... ok
test_delta_is_preserved (__main__.GainBudgetProjectionTests) ... ok
test_empty_reference_sequence (__main__.GainBudgetProjectionTests) ... ok
test_fla_l2norm_formula_and_dtype (__main__.GainBudgetProjectionTests) ... ok
test_inactive_projection_is_exact_identity (__main__.GainBudgetProjectionTests) ... ok
test_infeasible_budget_raises (__main__.GainBudgetProjectionTests) ... ok
test_invalid_shapes_are_rejected (__main__.GainBudgetProjectionTests) ... ok
test_key_dimension_one_is_rejected (__main__.GainBudgetProjectionTests) ... ok
test_large_near_unit_budget_batch_fails_closed (__main__.GainBudgetProjectionTests) ... ok
test_near_zero_key_remains_finite (__main__.GainBudgetProjectionTests) ... ok
test_none_preserves_gate_values (__main__.GainBudgetProjectionTests) ... ok
test_nonfinite_hyperparameters_are_rejected (__main__.GainBudgetProjectionTests) ... ok
test_positive_log_decay_is_rejected (__main__.GainBudgetProjectionTests) ... ok
test_reference_explicit_fla_read_scale (__main__.GainBudgetProjectionTests) ... ok
test_reference_matches_manual_recurrence (__main__.GainBudgetProjectionTests) ... ok
test_reference_output_and_state_shapes (__main__.GainBudgetProjectionTests) ... ok
test_relax_reports_effective_budget (__main__.GainBudgetProjectionTests) ... ok
test_spectral_bound_random (__main__.GainBudgetProjectionTests) ... ok
test_tau_one_backward_is_finite (__main__.GainBudgetProjectionTests) ... ok
test_zero_key_is_identity (__main__.GainBudgetProjectionTests) ... ok

----------------------------------------------------------------------
Ran 24 tests in 18.331s

OK
Current Python version 3.10 is below the recommended 3.11 version. It is recommended to upgrade to Python 3.11 or higher for the best experience.
PASS chunk_boundary_forward (36.24s)
PASS fused_forward (0.33s)
PASS chunk_backward (36.70s)
PASS chunk_backward_bfloat16 (22.27s)
PASS chunk_state_carry (0.02s)
PASS mode_none_exact (37.84s)
PASS budget_layer_backward (16.22s)
Traceback (most recent call last):
  File "/huyang2/double-loop/.worktrees/gain-budget-ca24913/experiments/rwkv_fs_sudoku/check_gain_budget_gdn2_cuda.py", line 1354, in <module>
    main()
  File "/huyang2/double-loop/.worktrees/gain-budget-ca24913/experiments/rwkv_fs_sudoku/check_gain_budget_gdn2_cuda.py", line 1329, in main
    raise AssertionError("; ".join(result[name]["violations"]))
AssertionError: gain-budget projection time overhead exceeds 20% over the matched external identity: 0.3213948709861336
