mode=full
run_dir=/huyang2/double-loop/.worktrees/pscale036-matched-resume-648ee75-20260723/runs/gdn-data-coverage-unseen-histmatched990k-resume30500-s31500-20260723T133526Z-648ee75
git_sha=648ee75f94c794e11174008e6913c4f807866c60
git_dirty=0
Current Python version 3.10 is below the recommended 3.11 version. It is recommended to upgrade to Python 3.11 or higher for the best experience.
device=cuda torch=2.7.0+cu126 board=9x9 box=3x3 mainline=future_seed_loop backbone=gdn rwkv_kernel=auto gdn_mode=triton_recurrent gdn_progressive_base_expand_v=0.0 forward_dtype=bfloat16
checkpoint_eval steps=31000,31500 holes=53,60,64
resumed_train_checkpoint path=/huyang2/double-loop/models/gdn-data-coverage-unseen-histmatched990k-s30500-20260723T1220Z-648ee75/checkpoints/train_state_step030500.pt step=30500 reason=eval_checkpoint
[future_seed_loop stage=3:51-64] step=30600 ce=0.4988 total=0.6180 loop1=0.8663 loop_last=0.4988 exact_margin=0.0000 softmin=0.000 upd_l=0.950 upd_h=0.950 fb_next=0.000 fb_corrupt=0.000 fb_conf=0.000 hagg_norm=0.000 hagg_raw=0.000 hagg_ent=0.000 hagg_maxw=0.000 hagg_clip=0.000 scratch_delta=0.000 scratch_gauss=0.0000
[future_seed_loop stage=3:51-64] step=30700 ce=0.4948 total=0.6055 loop1=0.8577 loop_last=0.4948 exact_margin=0.0000 softmin=0.000 upd_l=0.950 upd_h=0.950 fb_next=0.000 fb_corrupt=0.000 fb_conf=0.000 hagg_norm=0.000 hagg_raw=0.000 hagg_ent=0.000 hagg_maxw=0.000 hagg_clip=0.000 scratch_delta=0.000 scratch_gauss=0.0000
[future_seed_loop stage=3:51-64] step=30800 ce=0.6154 total=0.7190 loop1=0.9261 loop_last=0.6154 exact_margin=0.0000 softmin=0.000 upd_l=0.950 upd_h=0.950 fb_next=0.000 fb_corrupt=0.000 fb_conf=0.000 hagg_norm=0.000 hagg_raw=0.000 hagg_ent=0.000 hagg_maxw=0.000 hagg_clip=0.000 scratch_delta=0.000 scratch_gauss=0.0000
[future_seed_loop stage=3:51-64] step=30900 ce=0.5369 total=0.6437 loop1=0.8606 loop_last=0.5369 exact_margin=0.0000 softmin=0.000 upd_l=0.950 upd_h=0.950 fb_next=0.000 fb_corrupt=0.000 fb_conf=0.000 hagg_norm=0.000 hagg_raw=0.000 hagg_ent=0.000 hagg_maxw=0.000 hagg_clip=0.000 scratch_delta=0.000 scratch_gauss=0.0000
[future_seed_loop stage=3:51-64] step=31000 ce=0.5973 total=0.6829 loop1=0.8884 loop_last=0.5973 exact_margin=0.0000 softmin=0.000 upd_l=0.950 upd_h=0.950 fb_next=0.000 fb_corrupt=0.000 fb_conf=0.000 hagg_norm=0.000 hagg_raw=0.000 hagg_ent=0.000 hagg_maxw=0.000 hagg_clip=0.000 scratch_delta=0.000 scratch_gauss=0.0000
[checkpoint_eval step=31000 holes60] loop5 exact=0.4922 blank=0.7783
[train_checkpoint step=31000] path=/huyang2/double-loop/models/gdn-data-coverage-unseen-histmatched990k-resume30500-s31500-20260723T133526Z-648ee75/checkpoints/train_state_step031000.pt
[future_seed_loop stage=3:51-64] step=31100 ce=0.4189 total=0.5489 loop1=0.8335 loop_last=0.4189 exact_margin=0.0000 softmin=0.000 upd_l=0.950 upd_h=0.950 fb_next=0.000 fb_corrupt=0.000 fb_conf=0.000 hagg_norm=0.000 hagg_raw=0.000 hagg_ent=0.000 hagg_maxw=0.000 hagg_clip=0.000 scratch_delta=0.000 scratch_gauss=0.0000
[future_seed_loop stage=3:51-64] step=31200 ce=0.4642 total=0.5851 loop1=0.8308 loop_last=0.4642 exact_margin=0.0000 softmin=0.000 upd_l=0.950 upd_h=0.950 fb_next=0.000 fb_corrupt=0.000 fb_conf=0.000 hagg_norm=0.000 hagg_raw=0.000 hagg_ent=0.000 hagg_maxw=0.000 hagg_clip=0.000 scratch_delta=0.000 scratch_gauss=0.0000
[future_seed_loop stage=3:51-64] step=31300 ce=0.4860 total=0.6044 loop1=0.8433 loop_last=0.4860 exact_margin=0.0000 softmin=0.000 upd_l=0.950 upd_h=0.950 fb_next=0.000 fb_corrupt=0.000 fb_conf=0.000 hagg_norm=0.000 hagg_raw=0.000 hagg_ent=0.000 hagg_maxw=0.000 hagg_clip=0.000 scratch_delta=0.000 scratch_gauss=0.0000
[future_seed_loop stage=3:51-64] step=31400 ce=0.5549 total=0.6604 loop1=0.8936 loop_last=0.5549 exact_margin=0.0000 softmin=0.000 upd_l=0.950 upd_h=0.950 fb_next=0.000 fb_corrupt=0.000 fb_conf=0.000 hagg_norm=0.000 hagg_raw=0.000 hagg_ent=0.000 hagg_maxw=0.000 hagg_clip=0.000 scratch_delta=0.000 scratch_gauss=0.0000
[future_seed_loop stage=3:51-64] step=31500 ce=0.5197 total=0.6427 loop1=0.8917 loop_last=0.5197 exact_margin=0.0000 softmin=0.000 upd_l=0.950 upd_h=0.950 fb_next=0.000 fb_corrupt=0.000 fb_conf=0.000 hagg_norm=0.000 hagg_raw=0.000 hagg_ent=0.000 hagg_maxw=0.000 hagg_clip=0.000 scratch_delta=0.000 scratch_gauss=0.0000
[checkpoint_eval step=31500 holes60] loop5 exact=0.4824 blank=0.7757
[train_checkpoint step=31500] path=/huyang2/double-loop/models/gdn-data-coverage-unseen-histmatched990k-resume30500-s31500-20260723T133526Z-648ee75/checkpoints/train_state_step031500.pt

full-board metrics
loop=1 exact=0.0234, valid=0.0234, solved=0.0234, blank_acc=0.5962, early=0.5928, late=0.5943, early_late_gap=-0.0015
        fs_gate=0.407, fs_update=1.000, fs_state_norm=13.011, fs_decay=0.00, fs_raw_rms=0.332, fs_raw_rms_std=0.034, fs_norm_gain=1.000, fs_norm_gain_std=0.000, fb_in=0.000, fb_next=0.000, loop_time=0.000, upd_l=0.950, upd_h=0.950, scratch_gate=0.000, scratch_decay=0.000, scratch_delta=0.000, scratch_resid=0.000
loop=2 exact=0.1289, valid=0.1289, solved=0.1289, blank_acc=0.6931, early=0.6889, late=0.6902, early_late_gap=-0.0013
        fs_gate=0.407, fs_update=1.000, fs_state_norm=13.011, fs_decay=0.00, fs_raw_rms=0.286, fs_raw_rms_std=0.031, fs_norm_gain=1.000, fs_norm_gain_std=0.000, fb_in=0.000, fb_next=0.000, loop_time=0.000, upd_l=0.950, upd_h=0.950, scratch_gate=0.000, scratch_decay=0.000, scratch_delta=0.000, scratch_resid=0.000
loop=3 exact=0.3496, valid=0.3496, solved=0.3496, blank_acc=0.7283, early=0.7236, late=0.7240, early_late_gap=-0.0004
        fs_gate=0.407, fs_update=1.000, fs_state_norm=13.010, fs_decay=0.00, fs_raw_rms=0.315, fs_raw_rms_std=0.054, fs_norm_gain=1.000, fs_norm_gain_std=0.000, fb_in=0.000, fb_next=0.000, loop_time=0.000, upd_l=0.950, upd_h=0.950, scratch_gate=0.000, scratch_decay=0.000, scratch_delta=0.000, scratch_resid=0.000
loop=4 exact=0.4355, valid=0.4355, solved=0.4355, blank_acc=0.7484, early=0.7469, late=0.7471, early_late_gap=-0.0002
        fs_gate=0.407, fs_update=1.000, fs_state_norm=12.999, fs_decay=0.00, fs_raw_rms=0.382, fs_raw_rms_std=0.090, fs_norm_gain=1.000, fs_norm_gain_std=0.000, fb_in=0.000, fb_next=0.000, loop_time=0.000, upd_l=0.950, upd_h=0.950, scratch_gate=0.000, scratch_decay=0.000, scratch_delta=0.000, scratch_resid=0.000
loop=5 exact=0.4551, valid=0.4551, solved=0.4551, blank_acc=0.7528, early=0.7504, late=0.7493, early_late_gap=+0.0010
        fs_gate=0.407, fs_update=1.000, fs_state_norm=12.992, fs_decay=0.00, fs_raw_rms=0.400, fs_raw_rms_std=0.104, fs_norm_gain=1.000, fs_norm_gain_std=0.000, fb_in=0.000, fb_next=0.000, loop_time=0.000, upd_l=0.950, upd_h=0.950, scratch_gate=0.000, scratch_decay=0.000, scratch_delta=0.000, scratch_resid=0.000

official sudoku eval split=test eval_n=512 seed=1051

official blank-range metrics
b46_50 blanks=46-50 n=512 exact=1.0000, valid=1.0000, solved=1.0000, blank_acc=1.0000, early=1.0000, late=1.0000, early_late_gap=+0.0000
b51_55 blanks=51-55 n=512 exact=0.6367, valid=0.6367, solved=0.6367, blank_acc=0.8500, early=0.8520, late=0.8465, early_late_gap=+0.0055
b56_64 blanks=56-64 n=512 exact=0.3711, valid=0.3711, solved=0.3711, blank_acc=0.7038, early=0.6987, late=0.7028, early_late_gap=-0.0042

case-bank artifacts
official_b46_50 exact=1.0000 blank_acc=1.0000 selected={'solved_by_loop': 0, 'almost_solved': 0, 'hard_failure': 0}
  index=/huyang2/double-loop/.worktrees/pscale036-matched-resume-648ee75-20260723/runs/gdn-data-coverage-unseen-histmatched990k-resume30500-s31500-20260723T133526Z-648ee75/output/case_bank/official_b46_50/index.html
  cases=/huyang2/double-loop/.worktrees/pscale036-matched-resume-648ee75-20260723/runs/gdn-data-coverage-unseen-histmatched990k-resume30500-s31500-20260723T133526Z-648ee75/output/case_bank/official_b46_50/cases.json
official_b51_55 exact=0.6406 blank_acc=0.8509 selected={'solved_by_loop': 4, 'almost_solved': 2, 'hard_failure': 4}
  index=/huyang2/double-loop/.worktrees/pscale036-matched-resume-648ee75-20260723/runs/gdn-data-coverage-unseen-histmatched990k-resume30500-s31500-20260723T133526Z-648ee75/output/case_bank/official_b51_55/index.html
  cases=/huyang2/double-loop/.worktrees/pscale036-matched-resume-648ee75-20260723/runs/gdn-data-coverage-unseen-histmatched990k-resume30500-s31500-20260723T133526Z-648ee75/output/case_bank/official_b51_55/cases.json
official_b56_64 exact=0.3789 blank_acc=0.7126 selected={'solved_by_loop': 4, 'almost_solved': 4, 'hard_failure': 4}
  index=/huyang2/double-loop/.worktrees/pscale036-matched-resume-648ee75-20260723/runs/gdn-data-coverage-unseen-histmatched990k-resume30500-s31500-20260723T133526Z-648ee75/output/case_bank/official_b56_64/index.html
  cases=/huyang2/double-loop/.worktrees/pscale036-matched-resume-648ee75-20260723/runs/gdn-data-coverage-unseen-histmatched990k-resume30500-s31500-20260723T133526Z-648ee75/output/case_bank/official_b56_64/cases.json
Depth loop adds useful full-board refinement.
wrote /huyang2/double-loop/.worktrees/pscale036-matched-resume-648ee75-20260723/runs/gdn-data-coverage-unseen-histmatched990k-resume30500-s31500-20260723T133526Z-648ee75/output/futureseed_loop_seed52.json
wrote /huyang2/double-loop/.worktrees/pscale036-matched-resume-648ee75-20260723/runs/gdn-data-coverage-unseen-histmatched990k-resume30500-s31500-20260723T133526Z-648ee75/output/futureseed_loop_seed52.md
wrote /huyang2/double-loop/.worktrees/pscale036-matched-resume-648ee75-20260723/runs/gdn-data-coverage-unseen-histmatched990k-resume30500-s31500-20260723T133526Z-648ee75/output/futureseed_loop_case_seed52.html
