mode=full
run_dir=/huyang2/double-loop/.worktrees/gdn-realbwd-official-sudoku-d192-fs-b471906-20260626/runs/gdn-d192-official-sudoku-fs-long-s1500-20260626T0910Z-fce43c9
git_sha=fce43c9755baca7db873ef0516f0f428b21aae9b
git_dirty=0
device=cuda torch=2.7.0+cu126 board=9x9 box=3x3 mainline=future_seed_loop backbone=gdn rwkv_kernel=auto gdn_mode=triton_recurrent forward_dtype=bfloat16
[future_seed_loop stage=1:2-4] step=0100 ce=1.8048 total=1.8048 loop1=1.8050 loop_last=1.8048 upd_l=0.950 upd_h=0.950 scratch_delta=0.000 scratch_gauss=0.0000
[future_seed_loop stage=1:2-4] step=0200 ce=1.3207 total=1.3207 loop1=1.3282 loop_last=1.3207 upd_l=0.950 upd_h=0.950 scratch_delta=0.000 scratch_gauss=0.0000
[future_seed_loop stage=1:2-4] step=0300 ce=1.1287 total=1.1287 loop1=1.2053 loop_last=1.1287 upd_l=0.950 upd_h=0.950 scratch_delta=0.000 scratch_gauss=0.0000
[future_seed_loop stage=1:2-4] step=0400 ce=1.0853 total=1.0853 loop1=1.2112 loop_last=1.0853 upd_l=0.950 upd_h=0.950 scratch_delta=0.000 scratch_gauss=0.0000
[future_seed_loop stage=1:2-4] step=0500 ce=1.0488 total=1.0488 loop1=1.1436 loop_last=1.0488 upd_l=0.950 upd_h=0.950 scratch_delta=0.000 scratch_gauss=0.0000
[future_seed_loop stage=1:2-4] step=0600 ce=1.0479 total=1.0479 loop1=1.1842 loop_last=1.0479 upd_l=0.950 upd_h=0.950 scratch_delta=0.000 scratch_gauss=0.0000
[future_seed_loop stage=1:2-4] step=0700 ce=1.0430 total=1.0430 loop1=1.1799 loop_last=1.0430 upd_l=0.950 upd_h=0.950 scratch_delta=0.000 scratch_gauss=0.0000
[future_seed_loop stage=1:2-4] step=0800 ce=1.0103 total=1.0103 loop1=1.1666 loop_last=1.0103 upd_l=0.950 upd_h=0.950 scratch_delta=0.000 scratch_gauss=0.0000
[future_seed_loop stage=1:2-4] step=0900 ce=1.0172 total=1.0172 loop1=1.2363 loop_last=1.0172 upd_l=0.950 upd_h=0.950 scratch_delta=0.000 scratch_gauss=0.0000
[future_seed_loop stage=1:2-4] step=1000 ce=1.0150 total=1.0150 loop1=1.2440 loop_last=1.0150 upd_l=0.950 upd_h=0.950 scratch_delta=0.000 scratch_gauss=0.0000
[future_seed_loop stage=1:2-4] step=1100 ce=0.9848 total=0.9848 loop1=1.1944 loop_last=0.9848 upd_l=0.950 upd_h=0.950 scratch_delta=0.000 scratch_gauss=0.0000
[future_seed_loop stage=1:2-4] step=1200 ce=0.9462 total=0.9462 loop1=1.1453 loop_last=0.9462 upd_l=0.950 upd_h=0.950 scratch_delta=0.000 scratch_gauss=0.0000
[future_seed_loop stage=1:2-4] step=1300 ce=0.9881 total=0.9881 loop1=1.1646 loop_last=0.9881 upd_l=0.950 upd_h=0.950 scratch_delta=0.000 scratch_gauss=0.0000
[future_seed_loop stage=1:2-4] step=1400 ce=1.0296 total=1.0296 loop1=1.2144 loop_last=1.0296 upd_l=0.950 upd_h=0.950 scratch_delta=0.000 scratch_gauss=0.0000
[future_seed_loop stage=1:2-4] step=1500 ce=0.9875 total=0.9875 loop1=1.2053 loop_last=0.9875 upd_l=0.950 upd_h=0.950 scratch_delta=0.000 scratch_gauss=0.0000

full-board metrics
loop=1 exact=0.0054, valid=0.0054, solved=0.0054, blank_acc=0.4547, early=0.4417, late=0.4571, early_late_gap=-0.0154
        fs_gate=0.488, fs_update=1.000, fs_state_norm=7.810, fs_decay=0.00, fb_in=0.000, fb_next=0.000, loop_time=0.000, upd_l=0.950, upd_h=0.950, scratch_gate=0.000, scratch_decay=0.000, scratch_delta=0.000, scratch_resid=0.000
loop=2 exact=0.0293, valid=0.0293, solved=0.0293, blank_acc=0.5177, early=0.5153, late=0.5230, early_late_gap=-0.0077
        fs_gate=0.488, fs_update=1.000, fs_state_norm=7.810, fs_decay=0.00, fb_in=0.000, fb_next=0.000, loop_time=0.000, upd_l=0.950, upd_h=0.950, scratch_gate=0.000, scratch_decay=0.000, scratch_delta=0.000, scratch_resid=0.000
loop=3 exact=0.0293, valid=0.0293, solved=0.0293, blank_acc=0.5323, early=0.5312, late=0.5358, early_late_gap=-0.0046
        fs_gate=0.488, fs_update=1.000, fs_state_norm=7.810, fs_decay=0.00, fb_in=0.000, fb_next=0.000, loop_time=0.000, upd_l=0.950, upd_h=0.950, scratch_gate=0.000, scratch_decay=0.000, scratch_delta=0.000, scratch_resid=0.000
loop=4 exact=0.0293, valid=0.0293, solved=0.0293, blank_acc=0.5334, early=0.5324, late=0.5362, early_late_gap=-0.0038
        fs_gate=0.488, fs_update=1.000, fs_state_norm=7.810, fs_decay=0.00, fb_in=0.000, fb_next=0.000, loop_time=0.000, upd_l=0.950, upd_h=0.950, scratch_gate=0.000, scratch_decay=0.000, scratch_delta=0.000, scratch_resid=0.000
loop=5 exact=0.0293, valid=0.0293, solved=0.0293, blank_acc=0.5337, early=0.5330, late=0.5367, early_late_gap=-0.0037
        fs_gate=0.488, fs_update=1.000, fs_state_norm=7.810, fs_decay=0.00, fb_in=0.000, fb_next=0.000, loop_time=0.000, upd_l=0.950, upd_h=0.950, scratch_gate=0.000, scratch_decay=0.000, scratch_delta=0.000, scratch_resid=0.000

official sudoku eval split=test eval_n=2048 seed=1051
Depth loop adds useful full-board refinement.
wrote /huyang2/double-loop/.worktrees/gdn-realbwd-official-sudoku-d192-fs-b471906-20260626/runs/gdn-d192-official-sudoku-fs-long-s1500-20260626T0910Z-fce43c9/output/futureseed_loop_seed52.json
wrote /huyang2/double-loop/.worktrees/gdn-realbwd-official-sudoku-d192-fs-b471906-20260626/runs/gdn-d192-official-sudoku-fs-long-s1500-20260626T0910Z-fce43c9/output/futureseed_loop_seed52.md
wrote /huyang2/double-loop/.worktrees/gdn-realbwd-official-sudoku-d192-fs-b471906-20260626/runs/gdn-d192-official-sudoku-fs-long-s1500-20260626T0910Z-fce43c9/output/futureseed_loop_case_seed52.html
