benchmark_backbone=rwkv
internal_backbone=rwkv
steps=500
run_name=sudoku-backbone-rwkv-s500-20260723T061503Z-manual-8c7c759
mode=full
run_dir=/huyang2/double-loop/.worktrees/final-baseline-sparse-16f56e8/runs/sudoku-backbone-rwkv-s500-20260723T061503Z-manual-8c7c759
git_sha=8c7c7596987b365877603419ad4a7e0b91486119
git_dirty=1
Current Python version 3.10 is below the recommended 3.11 version. It is recommended to upgrade to Python 3.11 or higher for the best experience.
device=cuda torch=2.7.0+cu126 board=9x9 box=3x3 mainline=future_seed_loop backbone=rwkv rwkv_kernel=statepassing gdn_mode=chunk gdn_progressive_base_expand_v=0.0 forward_dtype=bfloat16
checkpoint_eval steps=500 holes=53
/opt/conda/lib/python3.10/site-packages/torch/utils/cpp_extension.py:2356: UserWarning: TORCH_CUDA_ARCH_LIST is not set, all archs for visible cards are included for compilation.
If this is not desired, please set os.environ['TORCH_CUDA_ARCH_LIST'].
  warnings.warn(
[future_seed_loop stage=1:46-50] step=0100 ce=1.6506 total=1.6499 loop1=1.6487 loop_last=1.6506 exact_margin=0.0000 softmin=0.000 upd_l=0.950 upd_h=0.950 fb_next=0.000 fb_corrupt=0.000 fb_conf=0.000 hagg_norm=0.000 hagg_raw=0.000 hagg_ent=0.000 hagg_maxw=0.000 hagg_clip=0.000 scratch_delta=0.000 scratch_gauss=0.0000
[future_seed_loop stage=2:51-55] step=0200 ce=1.4239 total=1.4242 loop1=1.4278 loop_last=1.4239 exact_margin=0.0000 softmin=0.000 upd_l=0.950 upd_h=0.950 fb_next=0.000 fb_corrupt=0.000 fb_conf=0.000 hagg_norm=0.000 hagg_raw=0.000 hagg_ent=0.000 hagg_maxw=0.000 hagg_clip=0.000 scratch_delta=0.000 scratch_gauss=0.0000
[future_seed_loop stage=2:51-55] step=0300 ce=1.1487 total=1.1518 loop1=1.1632 loop_last=1.1487 exact_margin=0.0000 softmin=0.000 upd_l=0.950 upd_h=0.950 fb_next=0.000 fb_corrupt=0.000 fb_conf=0.000 hagg_norm=0.000 hagg_raw=0.000 hagg_ent=0.000 hagg_maxw=0.000 hagg_clip=0.000 scratch_delta=0.000 scratch_gauss=0.0000
[future_seed_loop stage=2:51-55] step=0400 ce=1.0823 total=1.0893 loop1=1.1143 loop_last=1.0823 exact_margin=0.0000 softmin=0.000 upd_l=0.950 upd_h=0.950 fb_next=0.000 fb_corrupt=0.000 fb_conf=0.000 hagg_norm=0.000 hagg_raw=0.000 hagg_ent=0.000 hagg_maxw=0.000 hagg_clip=0.000 scratch_delta=0.000 scratch_gauss=0.0000
[future_seed_loop stage=2:51-55] step=0500 ce=1.0432 total=1.0508 loop1=1.0786 loop_last=1.0432 exact_margin=0.0000 softmin=0.000 upd_l=0.950 upd_h=0.950 fb_next=0.000 fb_corrupt=0.000 fb_conf=0.000 hagg_norm=0.000 hagg_raw=0.000 hagg_ent=0.000 hagg_maxw=0.000 hagg_clip=0.000 scratch_delta=0.000 scratch_gauss=0.0000
[checkpoint_eval step=0500 holes53] loop5 exact=0.0059 blank=0.4795
[train_checkpoint step=0500] path=/huyang2/double-loop/models/sudoku-backbone-rwkv-s500-20260723T061503Z-manual-8c7c759/checkpoints/train_state_step000500.pt

full-board metrics
loop=1 exact=0.0000, valid=0.0000, solved=0.0000, blank_acc=0.4681, early=0.4661, late=0.4709, early_late_gap=-0.0048
        fs_gate=0.527, fs_update=1.000, fs_state_norm=16.878, fs_decay=0.00, fs_raw_rms=0.861, fs_raw_rms_std=0.073, fs_norm_gain=1.000, fs_norm_gain_std=0.000, fb_in=0.000, fb_next=0.000, loop_time=0.000, upd_l=0.950, upd_h=0.950, scratch_gate=0.000, scratch_decay=0.000, scratch_delta=0.000, scratch_resid=0.000
loop=2 exact=0.0059, valid=0.0059, solved=0.0059, blank_acc=0.4842, early=0.4816, late=0.4839, early_late_gap=-0.0023
        fs_gate=0.527, fs_update=1.000, fs_state_norm=16.878, fs_decay=0.00, fs_raw_rms=0.837, fs_raw_rms_std=0.078, fs_norm_gain=1.000, fs_norm_gain_std=0.000, fb_in=0.000, fb_next=0.000, loop_time=0.000, upd_l=0.950, upd_h=0.950, scratch_gate=0.000, scratch_decay=0.000, scratch_delta=0.000, scratch_resid=0.000
loop=3 exact=0.0078, valid=0.0078, solved=0.0078, blank_acc=0.4859, early=0.4819, late=0.4862, early_late_gap=-0.0043
        fs_gate=0.527, fs_update=1.000, fs_state_norm=16.878, fs_decay=0.00, fs_raw_rms=0.831, fs_raw_rms_std=0.079, fs_norm_gain=1.000, fs_norm_gain_std=0.000, fb_in=0.000, fb_next=0.000, loop_time=0.000, upd_l=0.950, upd_h=0.950, scratch_gate=0.000, scratch_decay=0.000, scratch_delta=0.000, scratch_resid=0.000
loop=4 exact=0.0078, valid=0.0078, solved=0.0078, blank_acc=0.4866, early=0.4821, late=0.4868, early_late_gap=-0.0047
        fs_gate=0.527, fs_update=1.000, fs_state_norm=16.878, fs_decay=0.00, fs_raw_rms=0.830, fs_raw_rms_std=0.079, fs_norm_gain=1.000, fs_norm_gain_std=0.000, fb_in=0.000, fb_next=0.000, loop_time=0.000, upd_l=0.950, upd_h=0.950, scratch_gate=0.000, scratch_decay=0.000, scratch_delta=0.000, scratch_resid=0.000
loop=5 exact=0.0078, valid=0.0078, solved=0.0078, blank_acc=0.4867, early=0.4827, late=0.4864, early_late_gap=-0.0037
        fs_gate=0.527, fs_update=1.000, fs_state_norm=16.878, fs_decay=0.00, fs_raw_rms=0.829, fs_raw_rms_std=0.079, fs_norm_gain=1.000, fs_norm_gain_std=0.000, fb_in=0.000, fb_next=0.000, loop_time=0.000, upd_l=0.950, upd_h=0.950, scratch_gate=0.000, scratch_decay=0.000, scratch_delta=0.000, scratch_resid=0.000

official sudoku eval split=test eval_n=512 seed=1051

official blank-range metrics
b46_50 blanks=46-50 n=512 exact=0.3359, valid=0.3359, solved=0.3359, blank_acc=0.9659, early=0.9620, late=0.9715, early_late_gap=-0.0094
b51_55 blanks=51-55 n=512 exact=0.0000, valid=0.0000, solved=0.0000, blank_acc=0.5097, early=0.5061, late=0.5110, early_late_gap=-0.0049
b56_64 blanks=56-64 n=512 exact=0.0000, valid=0.0000, solved=0.0000, blank_acc=0.4553, early=0.4490, late=0.4560, early_late_gap=-0.0071

case-bank artifacts
official_b46_50 exact=0.3398 blank_acc=0.9658 selected={'solved_by_loop': 4, 'almost_solved': 4, 'hard_failure': 4}
  index=/huyang2/double-loop/.worktrees/final-baseline-sparse-16f56e8/runs/sudoku-backbone-rwkv-s500-20260723T061503Z-manual-8c7c759/output/case_bank/official_b46_50/index.html
  cases=/huyang2/double-loop/.worktrees/final-baseline-sparse-16f56e8/runs/sudoku-backbone-rwkv-s500-20260723T061503Z-manual-8c7c759/output/case_bank/official_b46_50/cases.json
official_b51_55 exact=0.0000 blank_acc=0.5000 selected={'solved_by_loop': 0, 'almost_solved': 0, 'hard_failure': 4}
  index=/huyang2/double-loop/.worktrees/final-baseline-sparse-16f56e8/runs/sudoku-backbone-rwkv-s500-20260723T061503Z-manual-8c7c759/output/case_bank/official_b51_55/index.html
  cases=/huyang2/double-loop/.worktrees/final-baseline-sparse-16f56e8/runs/sudoku-backbone-rwkv-s500-20260723T061503Z-manual-8c7c759/output/case_bank/official_b51_55/cases.json
official_b56_64 exact=0.0000 blank_acc=0.4555 selected={'solved_by_loop': 0, 'almost_solved': 0, 'hard_failure': 4}
  index=/huyang2/double-loop/.worktrees/final-baseline-sparse-16f56e8/runs/sudoku-backbone-rwkv-s500-20260723T061503Z-manual-8c7c759/output/case_bank/official_b56_64/index.html
  cases=/huyang2/double-loop/.worktrees/final-baseline-sparse-16f56e8/runs/sudoku-backbone-rwkv-s500-20260723T061503Z-manual-8c7c759/output/case_bank/official_b56_64/cases.json
Depth loop adds useful full-board refinement.
wrote /huyang2/double-loop/.worktrees/final-baseline-sparse-16f56e8/runs/sudoku-backbone-rwkv-s500-20260723T061503Z-manual-8c7c759/output/futureseed_loop_seed52.json
wrote /huyang2/double-loop/.worktrees/final-baseline-sparse-16f56e8/runs/sudoku-backbone-rwkv-s500-20260723T061503Z-manual-8c7c759/output/futureseed_loop_seed52.md
wrote /huyang2/double-loop/.worktrees/final-baseline-sparse-16f56e8/runs/sudoku-backbone-rwkv-s500-20260723T061503Z-manual-8c7c759/output/futureseed_loop_case_seed52.html
built visualizations for 1 run(s)
recorded run=sudoku-backbone-rwkv-s500-20260723T061503Z-manual-8c7c759 score=0.0078125 key=metrics.eval_clean.loop5.label_exact
completed run_dir=/huyang2/double-loop/.worktrees/final-baseline-sparse-16f56e8/runs/sudoku-backbone-rwkv-s500-20260723T061503Z-manual-8c7c759
benchmark_backbone=gdn
internal_backbone=fla_gdn
steps=500
run_name=sudoku-backbone-gdn-s500-20260723T061503Z-manual-8c7c759
mode=full
run_dir=/huyang2/double-loop/.worktrees/final-baseline-sparse-16f56e8/runs/sudoku-backbone-gdn-s500-20260723T061503Z-manual-8c7c759
git_sha=8c7c7596987b365877603419ad4a7e0b91486119
git_dirty=1
Current Python version 3.10 is below the recommended 3.11 version. It is recommended to upgrade to Python 3.11 or higher for the best experience.
device=cuda torch=2.7.0+cu126 board=9x9 box=3x3 mainline=future_seed_loop backbone=fla_gdn rwkv_kernel=statepassing gdn_mode=chunk gdn_progressive_base_expand_v=0.0 forward_dtype=bfloat16
checkpoint_eval steps=500 holes=53
[future_seed_loop stage=1:46-50] step=0100 ce=1.5920 total=1.5908 loop1=1.5881 loop_last=1.5920 exact_margin=0.0000 softmin=0.000 upd_l=0.950 upd_h=0.950 fb_next=0.000 fb_corrupt=0.000 fb_conf=0.000 hagg_norm=0.000 hagg_raw=0.000 hagg_ent=0.000 hagg_maxw=0.000 hagg_clip=0.000 scratch_delta=0.000 scratch_gauss=0.0000
[future_seed_loop stage=2:51-55] step=0200 ce=1.2084 total=1.2090 loop1=1.2123 loop_last=1.2084 exact_margin=0.0000 softmin=0.000 upd_l=0.950 upd_h=0.950 fb_next=0.000 fb_corrupt=0.000 fb_conf=0.000 hagg_norm=0.000 hagg_raw=0.000 hagg_ent=0.000 hagg_maxw=0.000 hagg_clip=0.000 scratch_delta=0.000 scratch_gauss=0.0000
[future_seed_loop stage=2:51-55] step=0300 ce=1.0521 total=1.0579 loop1=1.0782 loop_last=1.0521 exact_margin=0.0000 softmin=0.000 upd_l=0.950 upd_h=0.950 fb_next=0.000 fb_corrupt=0.000 fb_conf=0.000 hagg_norm=0.000 hagg_raw=0.000 hagg_ent=0.000 hagg_maxw=0.000 hagg_clip=0.000 scratch_delta=0.000 scratch_gauss=0.0000
[future_seed_loop stage=2:51-55] step=0400 ce=1.0075 total=1.0145 loop1=1.0384 loop_last=1.0075 exact_margin=0.0000 softmin=0.000 upd_l=0.950 upd_h=0.950 fb_next=0.000 fb_corrupt=0.000 fb_conf=0.000 hagg_norm=0.000 hagg_raw=0.000 hagg_ent=0.000 hagg_maxw=0.000 hagg_clip=0.000 scratch_delta=0.000 scratch_gauss=0.0000
[future_seed_loop stage=2:51-55] step=0500 ce=1.0001 total=1.0075 loop1=1.0351 loop_last=1.0001 exact_margin=0.0000 softmin=0.000 upd_l=0.950 upd_h=0.950 fb_next=0.000 fb_corrupt=0.000 fb_conf=0.000 hagg_norm=0.000 hagg_raw=0.000 hagg_ent=0.000 hagg_maxw=0.000 hagg_clip=0.000 scratch_delta=0.000 scratch_gauss=0.0000
[checkpoint_eval step=0500 holes53] loop5 exact=0.0176 blank=0.4970
[train_checkpoint step=0500] path=/huyang2/double-loop/models/sudoku-backbone-gdn-s500-20260723T061503Z-manual-8c7c759/checkpoints/train_state_step000500.pt

full-board metrics
loop=1 exact=0.0137, valid=0.0137, solved=0.0137, blank_acc=0.4885, early=0.4834, late=0.4927, early_late_gap=-0.0093
        fs_gate=0.489, fs_update=1.000, fs_state_norm=22.109, fs_decay=0.00, fs_raw_rms=0.136, fs_raw_rms_std=0.009, fs_norm_gain=1.000, fs_norm_gain_std=0.000, fb_in=0.000, fb_next=0.000, loop_time=0.000, upd_l=0.950, upd_h=0.950, scratch_gate=0.000, scratch_decay=0.000, scratch_delta=0.000, scratch_resid=0.000
loop=2 exact=0.0215, valid=0.0215, solved=0.0215, blank_acc=0.5045, early=0.5007, late=0.5088, early_late_gap=-0.0080
        fs_gate=0.489, fs_update=1.000, fs_state_norm=22.109, fs_decay=0.00, fs_raw_rms=0.135, fs_raw_rms_std=0.009, fs_norm_gain=1.000, fs_norm_gain_std=0.000, fb_in=0.000, fb_next=0.000, loop_time=0.000, upd_l=0.950, upd_h=0.950, scratch_gate=0.000, scratch_decay=0.000, scratch_delta=0.000, scratch_resid=0.000
loop=3 exact=0.0215, valid=0.0215, solved=0.0215, blank_acc=0.5046, early=0.5014, late=0.5079, early_late_gap=-0.0066
        fs_gate=0.489, fs_update=1.000, fs_state_norm=22.109, fs_decay=0.00, fs_raw_rms=0.135, fs_raw_rms_std=0.009, fs_norm_gain=1.000, fs_norm_gain_std=0.000, fb_in=0.000, fb_next=0.000, loop_time=0.000, upd_l=0.950, upd_h=0.950, scratch_gate=0.000, scratch_decay=0.000, scratch_delta=0.000, scratch_resid=0.000
loop=4 exact=0.0215, valid=0.0215, solved=0.0215, blank_acc=0.5051, early=0.5016, late=0.5086, early_late_gap=-0.0070
        fs_gate=0.489, fs_update=1.000, fs_state_norm=22.109, fs_decay=0.00, fs_raw_rms=0.135, fs_raw_rms_std=0.009, fs_norm_gain=1.000, fs_norm_gain_std=0.000, fb_in=0.000, fb_next=0.000, loop_time=0.000, upd_l=0.950, upd_h=0.950, scratch_gate=0.000, scratch_decay=0.000, scratch_delta=0.000, scratch_resid=0.000
loop=5 exact=0.0215, valid=0.0215, solved=0.0215, blank_acc=0.5054, early=0.5022, late=0.5087, early_late_gap=-0.0065
        fs_gate=0.489, fs_update=1.000, fs_state_norm=22.109, fs_decay=0.00, fs_raw_rms=0.135, fs_raw_rms_std=0.009, fs_norm_gain=1.000, fs_norm_gain_std=0.000, fb_in=0.000, fb_next=0.000, loop_time=0.000, upd_l=0.950, upd_h=0.950, scratch_gate=0.000, scratch_decay=0.000, scratch_delta=0.000, scratch_resid=0.000

official sudoku eval split=test eval_n=512 seed=1051

official blank-range metrics
b46_50 blanks=46-50 n=512 exact=0.8770, valid=0.8770, solved=0.8770, blank_acc=0.9952, early=0.9936, late=0.9952, early_late_gap=-0.0016
b51_55 blanks=51-55 n=512 exact=0.0000, valid=0.0000, solved=0.0000, blank_acc=0.5325, early=0.5311, late=0.5291, early_late_gap=+0.0021
b56_64 blanks=56-64 n=512 exact=0.0000, valid=0.0000, solved=0.0000, blank_acc=0.4738, early=0.4695, late=0.4749, early_late_gap=-0.0054

case-bank artifacts
official_b46_50 exact=0.8711 blank_acc=0.9951 selected={'solved_by_loop': 4, 'almost_solved': 4, 'hard_failure': 1}
  index=/huyang2/double-loop/.worktrees/final-baseline-sparse-16f56e8/runs/sudoku-backbone-gdn-s500-20260723T061503Z-manual-8c7c759/output/case_bank/official_b46_50/index.html
  cases=/huyang2/double-loop/.worktrees/final-baseline-sparse-16f56e8/runs/sudoku-backbone-gdn-s500-20260723T061503Z-manual-8c7c759/output/case_bank/official_b46_50/cases.json
official_b51_55 exact=0.0000 blank_acc=0.5291 selected={'solved_by_loop': 0, 'almost_solved': 0, 'hard_failure': 4}
  index=/huyang2/double-loop/.worktrees/final-baseline-sparse-16f56e8/runs/sudoku-backbone-gdn-s500-20260723T061503Z-manual-8c7c759/output/case_bank/official_b51_55/index.html
  cases=/huyang2/double-loop/.worktrees/final-baseline-sparse-16f56e8/runs/sudoku-backbone-gdn-s500-20260723T061503Z-manual-8c7c759/output/case_bank/official_b51_55/cases.json
official_b56_64 exact=0.0000 blank_acc=0.4739 selected={'solved_by_loop': 0, 'almost_solved': 0, 'hard_failure': 4}
  index=/huyang2/double-loop/.worktrees/final-baseline-sparse-16f56e8/runs/sudoku-backbone-gdn-s500-20260723T061503Z-manual-8c7c759/output/case_bank/official_b56_64/index.html
  cases=/huyang2/double-loop/.worktrees/final-baseline-sparse-16f56e8/runs/sudoku-backbone-gdn-s500-20260723T061503Z-manual-8c7c759/output/case_bank/official_b56_64/cases.json
Depth loop adds useful full-board refinement.
wrote /huyang2/double-loop/.worktrees/final-baseline-sparse-16f56e8/runs/sudoku-backbone-gdn-s500-20260723T061503Z-manual-8c7c759/output/futureseed_loop_seed52.json
wrote /huyang2/double-loop/.worktrees/final-baseline-sparse-16f56e8/runs/sudoku-backbone-gdn-s500-20260723T061503Z-manual-8c7c759/output/futureseed_loop_seed52.md
wrote /huyang2/double-loop/.worktrees/final-baseline-sparse-16f56e8/runs/sudoku-backbone-gdn-s500-20260723T061503Z-manual-8c7c759/output/futureseed_loop_case_seed52.html
built visualizations for 1 run(s)
recorded run=sudoku-backbone-gdn-s500-20260723T061503Z-manual-8c7c759 score=0.021484375 key=metrics.eval_clean.loop5.label_exact
completed run_dir=/huyang2/double-loop/.worktrees/final-baseline-sparse-16f56e8/runs/sudoku-backbone-gdn-s500-20260723T061503Z-manual-8c7c759
benchmark_backbone=gdn2
internal_backbone=gdn2
steps=500
run_name=sudoku-backbone-gdn2-s500-20260723T061503Z-manual-8c7c759
mode=full
run_dir=/huyang2/double-loop/.worktrees/final-baseline-sparse-16f56e8/runs/sudoku-backbone-gdn2-s500-20260723T061503Z-manual-8c7c759
git_sha=8c7c7596987b365877603419ad4a7e0b91486119
git_dirty=1
Current Python version 3.10 is below the recommended 3.11 version. It is recommended to upgrade to Python 3.11 or higher for the best experience.
device=cuda torch=2.7.0+cu126 board=9x9 box=3x3 mainline=future_seed_loop backbone=gdn2 rwkv_kernel=statepassing gdn_mode=chunk gdn_progressive_base_expand_v=0.0 forward_dtype=bfloat16
checkpoint_eval steps=500 holes=53
[future_seed_loop stage=1:46-50] step=0100 ce=1.6055 total=1.6056 loop1=1.6063 loop_last=1.6055 exact_margin=0.0000 softmin=0.000 upd_l=0.950 upd_h=0.950 fb_next=0.000 fb_corrupt=0.000 fb_conf=0.000 hagg_norm=0.000 hagg_raw=0.000 hagg_ent=0.000 hagg_maxw=0.000 hagg_clip=0.000 scratch_delta=0.000 scratch_gauss=0.0000
[future_seed_loop stage=2:51-55] step=0200 ce=1.2766 total=1.2780 loop1=1.2838 loop_last=1.2766 exact_margin=0.0000 softmin=0.000 upd_l=0.950 upd_h=0.950 fb_next=0.000 fb_corrupt=0.000 fb_conf=0.000 hagg_norm=0.000 hagg_raw=0.000 hagg_ent=0.000 hagg_maxw=0.000 hagg_clip=0.000 scratch_delta=0.000 scratch_gauss=0.0000
[future_seed_loop stage=2:51-55] step=0300 ce=1.0815 total=1.0850 loop1=1.0980 loop_last=1.0815 exact_margin=0.0000 softmin=0.000 upd_l=0.950 upd_h=0.950 fb_next=0.000 fb_corrupt=0.000 fb_conf=0.000 hagg_norm=0.000 hagg_raw=0.000 hagg_ent=0.000 hagg_maxw=0.000 hagg_clip=0.000 scratch_delta=0.000 scratch_gauss=0.0000
[future_seed_loop stage=2:51-55] step=0400 ce=1.0341 total=1.0396 loop1=1.0592 loop_last=1.0341 exact_margin=0.0000 softmin=0.000 upd_l=0.950 upd_h=0.950 fb_next=0.000 fb_corrupt=0.000 fb_conf=0.000 hagg_norm=0.000 hagg_raw=0.000 hagg_ent=0.000 hagg_maxw=0.000 hagg_clip=0.000 scratch_delta=0.000 scratch_gauss=0.0000
[future_seed_loop stage=2:51-55] step=0500 ce=1.0114 total=1.0175 loop1=1.0389 loop_last=1.0114 exact_margin=0.0000 softmin=0.000 upd_l=0.950 upd_h=0.950 fb_next=0.000 fb_corrupt=0.000 fb_conf=0.000 hagg_norm=0.000 hagg_raw=0.000 hagg_ent=0.000 hagg_maxw=0.000 hagg_clip=0.000 scratch_delta=0.000 scratch_gauss=0.0000
[checkpoint_eval step=0500 holes53] loop5 exact=0.0176 blank=0.4955
[train_checkpoint step=0500] path=/huyang2/double-loop/models/sudoku-backbone-gdn2-s500-20260723T061503Z-manual-8c7c759/checkpoints/train_state_step000500.pt

full-board metrics
loop=1 exact=0.0078, valid=0.0078, solved=0.0078, blank_acc=0.4904, early=0.4833, late=0.4949, early_late_gap=-0.0116
        fs_gate=0.504, fs_update=1.000, fs_state_norm=22.789, fs_decay=0.00, fs_raw_rms=0.469, fs_raw_rms_std=0.032, fs_norm_gain=1.000, fs_norm_gain_std=0.000, fb_in=0.000, fb_next=0.000, loop_time=0.000, upd_l=0.950, upd_h=0.950, scratch_gate=0.000, scratch_decay=0.000, scratch_delta=0.000, scratch_resid=0.000
loop=2 exact=0.0176, valid=0.0176, solved=0.0176, blank_acc=0.5007, early=0.4952, late=0.5065, early_late_gap=-0.0113
        fs_gate=0.504, fs_update=1.000, fs_state_norm=22.789, fs_decay=0.00, fs_raw_rms=0.450, fs_raw_rms_std=0.033, fs_norm_gain=1.000, fs_norm_gain_std=0.000, fb_in=0.000, fb_next=0.000, loop_time=0.000, upd_l=0.950, upd_h=0.950, scratch_gate=0.000, scratch_decay=0.000, scratch_delta=0.000, scratch_resid=0.000
loop=3 exact=0.0195, valid=0.0195, solved=0.0195, blank_acc=0.5016, early=0.4958, late=0.5079, early_late_gap=-0.0121
        fs_gate=0.504, fs_update=1.000, fs_state_norm=22.789, fs_decay=0.00, fs_raw_rms=0.443, fs_raw_rms_std=0.033, fs_norm_gain=1.000, fs_norm_gain_std=0.000, fb_in=0.000, fb_next=0.000, loop_time=0.000, upd_l=0.950, upd_h=0.950, scratch_gate=0.000, scratch_decay=0.000, scratch_delta=0.000, scratch_resid=0.000
loop=4 exact=0.0195, valid=0.0195, solved=0.0195, blank_acc=0.5012, early=0.4973, late=0.5067, early_late_gap=-0.0094
        fs_gate=0.504, fs_update=1.000, fs_state_norm=22.789, fs_decay=0.00, fs_raw_rms=0.442, fs_raw_rms_std=0.033, fs_norm_gain=1.000, fs_norm_gain_std=0.000, fb_in=0.000, fb_next=0.000, loop_time=0.000, upd_l=0.950, upd_h=0.950, scratch_gate=0.000, scratch_decay=0.000, scratch_delta=0.000, scratch_resid=0.000
loop=5 exact=0.0195, valid=0.0195, solved=0.0195, blank_acc=0.5013, early=0.4971, late=0.5070, early_late_gap=-0.0099
        fs_gate=0.504, fs_update=1.000, fs_state_norm=22.789, fs_decay=0.00, fs_raw_rms=0.441, fs_raw_rms_std=0.033, fs_norm_gain=1.000, fs_norm_gain_std=0.000, fb_in=0.000, fb_next=0.000, loop_time=0.000, upd_l=0.950, upd_h=0.950, scratch_gate=0.000, scratch_decay=0.000, scratch_delta=0.000, scratch_resid=0.000

official sudoku eval split=test eval_n=512 seed=1051

official blank-range metrics
b46_50 blanks=46-50 n=512 exact=0.7754, valid=0.7754, solved=0.7754, blank_acc=0.9916, early=0.9891, late=0.9927, early_late_gap=-0.0036
b51_55 blanks=51-55 n=512 exact=0.0000, valid=0.0000, solved=0.0000, blank_acc=0.5199, early=0.5167, late=0.5179, early_late_gap=-0.0012
b56_64 blanks=56-64 n=512 exact=0.0000, valid=0.0000, solved=0.0000, blank_acc=0.4712, early=0.4657, late=0.4704, early_late_gap=-0.0046

case-bank artifacts
official_b46_50 exact=0.7539 blank_acc=0.9907 selected={'solved_by_loop': 4, 'almost_solved': 4, 'hard_failure': 3}
  index=/huyang2/double-loop/.worktrees/final-baseline-sparse-16f56e8/runs/sudoku-backbone-gdn2-s500-20260723T061503Z-manual-8c7c759/output/case_bank/official_b46_50/index.html
  cases=/huyang2/double-loop/.worktrees/final-baseline-sparse-16f56e8/runs/sudoku-backbone-gdn2-s500-20260723T061503Z-manual-8c7c759/output/case_bank/official_b46_50/cases.json
official_b51_55 exact=0.0000 blank_acc=0.5231 selected={'solved_by_loop': 0, 'almost_solved': 0, 'hard_failure': 4}
  index=/huyang2/double-loop/.worktrees/final-baseline-sparse-16f56e8/runs/sudoku-backbone-gdn2-s500-20260723T061503Z-manual-8c7c759/output/case_bank/official_b51_55/index.html
  cases=/huyang2/double-loop/.worktrees/final-baseline-sparse-16f56e8/runs/sudoku-backbone-gdn2-s500-20260723T061503Z-manual-8c7c759/output/case_bank/official_b51_55/cases.json
official_b56_64 exact=0.0000 blank_acc=0.4697 selected={'solved_by_loop': 0, 'almost_solved': 0, 'hard_failure': 4}
  index=/huyang2/double-loop/.worktrees/final-baseline-sparse-16f56e8/runs/sudoku-backbone-gdn2-s500-20260723T061503Z-manual-8c7c759/output/case_bank/official_b56_64/index.html
  cases=/huyang2/double-loop/.worktrees/final-baseline-sparse-16f56e8/runs/sudoku-backbone-gdn2-s500-20260723T061503Z-manual-8c7c759/output/case_bank/official_b56_64/cases.json
Depth loop adds useful full-board refinement.
wrote /huyang2/double-loop/.worktrees/final-baseline-sparse-16f56e8/runs/sudoku-backbone-gdn2-s500-20260723T061503Z-manual-8c7c759/output/futureseed_loop_seed52.json
wrote /huyang2/double-loop/.worktrees/final-baseline-sparse-16f56e8/runs/sudoku-backbone-gdn2-s500-20260723T061503Z-manual-8c7c759/output/futureseed_loop_seed52.md
wrote /huyang2/double-loop/.worktrees/final-baseline-sparse-16f56e8/runs/sudoku-backbone-gdn2-s500-20260723T061503Z-manual-8c7c759/output/futureseed_loop_case_seed52.html
built visualizations for 1 run(s)
recorded run=sudoku-backbone-gdn2-s500-20260723T061503Z-manual-8c7c759 score=0.01953125 key=metrics.eval_clean.loop5.label_exact
completed run_dir=/huyang2/double-loop/.worktrees/final-baseline-sparse-16f56e8/runs/sudoku-backbone-gdn2-s500-20260723T061503Z-manual-8c7c759
benchmark_backbone=kda
internal_backbone=kda
steps=500
run_name=sudoku-backbone-kda-s500-20260723T061503Z-manual-8c7c759
mode=full
run_dir=/huyang2/double-loop/.worktrees/final-baseline-sparse-16f56e8/runs/sudoku-backbone-kda-s500-20260723T061503Z-manual-8c7c759
git_sha=8c7c7596987b365877603419ad4a7e0b91486119
git_dirty=1
Current Python version 3.10 is below the recommended 3.11 version. It is recommended to upgrade to Python 3.11 or higher for the best experience.
device=cuda torch=2.7.0+cu126 board=9x9 box=3x3 mainline=future_seed_loop backbone=kda rwkv_kernel=statepassing gdn_mode=chunk gdn_progressive_base_expand_v=0.0 forward_dtype=bfloat16
checkpoint_eval steps=500 holes=53
[future_seed_loop stage=1:46-50] step=0100 ce=1.6664 total=1.6656 loop1=1.6636 loop_last=1.6664 exact_margin=0.0000 softmin=0.000 upd_l=0.950 upd_h=0.950 fb_next=0.000 fb_corrupt=0.000 fb_conf=0.000 hagg_norm=0.000 hagg_raw=0.000 hagg_ent=0.000 hagg_maxw=0.000 hagg_clip=0.000 scratch_delta=0.000 scratch_gauss=0.0000
[future_seed_loop stage=2:51-55] step=0200 ce=1.3445 total=1.3443 loop1=1.3457 loop_last=1.3445 exact_margin=0.0000 softmin=0.000 upd_l=0.950 upd_h=0.950 fb_next=0.000 fb_corrupt=0.000 fb_conf=0.000 hagg_norm=0.000 hagg_raw=0.000 hagg_ent=0.000 hagg_maxw=0.000 hagg_clip=0.000 scratch_delta=0.000 scratch_gauss=0.0000
[future_seed_loop stage=2:51-55] step=0300 ce=1.1101 total=1.1131 loop1=1.1235 loop_last=1.1101 exact_margin=0.0000 softmin=0.000 upd_l=0.950 upd_h=0.950 fb_next=0.000 fb_corrupt=0.000 fb_conf=0.000 hagg_norm=0.000 hagg_raw=0.000 hagg_ent=0.000 hagg_maxw=0.000 hagg_clip=0.000 scratch_delta=0.000 scratch_gauss=0.0000
[future_seed_loop stage=2:51-55] step=0400 ce=1.0418 total=1.0458 loop1=1.0608 loop_last=1.0418 exact_margin=0.0000 softmin=0.000 upd_l=0.950 upd_h=0.950 fb_next=0.000 fb_corrupt=0.000 fb_conf=0.000 hagg_norm=0.000 hagg_raw=0.000 hagg_ent=0.000 hagg_maxw=0.000 hagg_clip=0.000 scratch_delta=0.000 scratch_gauss=0.0000
[future_seed_loop stage=2:51-55] step=0500 ce=1.0065 total=1.0122 loop1=1.0326 loop_last=1.0065 exact_margin=0.0000 softmin=0.000 upd_l=0.950 upd_h=0.950 fb_next=0.000 fb_corrupt=0.000 fb_conf=0.000 hagg_norm=0.000 hagg_raw=0.000 hagg_ent=0.000 hagg_maxw=0.000 hagg_clip=0.000 scratch_delta=0.000 scratch_gauss=0.0000
[checkpoint_eval step=0500 holes53] loop5 exact=0.0156 blank=0.4940
[train_checkpoint step=0500] path=/huyang2/double-loop/models/sudoku-backbone-kda-s500-20260723T061503Z-manual-8c7c759/checkpoints/train_state_step000500.pt
