Current Python version 3.10 is below the recommended 3.11 version. It is recommended to upgrade to Python 3.11 or higher for the best experience.
[native-gdn-gate] start full-stack model construction
[native-gdn-gate] pass full-stack model construction
[native-gdn-gate] start shared-shell hash comparison
[native-gdn-gate] pass shared-shell hash comparison
[native-gdn-gate] start official runtime and geometry checks
[native-gdn-gate] pass official runtime and geometry checks
[native-gdn-gate] start adapter initial-state backward
[native-gdn-gate] pass adapter initial-state backward
[native-gdn-gate] start 10-layer two-loop full-stack backward
[native-gdn-gate] pass 10-layer two-loop full-stack backward
{
  "adapter": {
    "initial_state_grad_norm": 0.0050897616893053055,
    "official_chunk_autograd_node": "ChunkGatedDeltaRuleFunctionBackward",
    "output_shape": [
      2,
      81,
      192
    ],
    "state_shape": [
      2,
      6,
      48,
      24
    ]
  },
  "contract": {
    "d_model": 192,
    "expected_ce_delta": -0.03,
    "expected_official_46_50_delta": 0.15,
    "future_seed_scale": 1.0,
    "gdn_expand_v": 2.0,
    "head_dim": 24,
    "heads": 6,
    "layers": 10,
    "loops_smoke": 2,
    "seed": 52,
    "shared_shell_init_seed": 52
  },
  "cuda_visible_devices": "0",
  "device": "NVIDIA A800-SXM4-80GB",
  "full_stack": {
    "forward_backward_sec": 19.192245023092255,
    "fs_gate_mean": 0.5,
    "fs_state_norm": 16.970561981201172,
    "future_seed_gate_grad_norm": 0.0008752000867389143,
    "gradients": {
      "expected_missing": [
        "reasoner.blocks.0.future_seed_logit"
      ],
      "global_norm": 1.990454257664816,
      "nonfinite": [],
      "unexpected_missing": []
    },
    "loss": 2.343902826309204,
    "output_shape": [
      2,
      81,
      9
    ],
    "peak_allocated_mib": 461.05859375
  },
  "geometry": {
    "d_model": 192,
    "head_dim_k": 24,
    "head_dim_v": 48,
    "heads": 6,
    "key_dim": 144,
    "state_elements_per_sample_layer": 6912,
    "state_layout": "VxK",
    "value_dim": 288
  },
  "hypothesis": "The state-matched GDN arm may be compressed by K32/V32; official native K24/V48 geometry should improve finite-budget opening if geometry is the cause.",
  "matched_parameter_count": 4866548,
  "native_shape_reference": null,
  "parameter_count": 5235348,
  "phase": "full_stack",
  "runtime": {
    "backend_dispatch_disabled": true,
    "conv_backend": "triton",
    "fla_source_sha": "fe8fce9fc6984f22905f54cfa885dce1502baf26",
    "layers": [
      {
        "class": "fla.layers.gated_deltanet.GatedDeltaNet",
        "conv_backends": {
          "k_conv1d": "triton",
          "q_conv1d": "triton",
          "v_conv1d": "triton"
        },
        "layer": 0
      },
      {
        "class": "fla.layers.gated_deltanet.GatedDeltaNet",
        "conv_backends": {
          "k_conv1d": "triton",
          "q_conv1d": "triton",
          "v_conv1d": "triton"
        },
        "layer": 1
      },
      {
        "class": "fla.layers.gated_deltanet.GatedDeltaNet",
        "conv_backends": {
          "k_conv1d": "triton",
          "q_conv1d": "triton",
          "v_conv1d": "triton"
        },
        "layer": 2
      },
      {
        "class": "fla.layers.gated_deltanet.GatedDeltaNet",
        "conv_backends": {
          "k_conv1d": "triton",
          "q_conv1d": "triton",
          "v_conv1d": "triton"
        },
        "layer": 3
      },
      {
        "class": "fla.layers.gated_deltanet.GatedDeltaNet",
        "conv_backends": {
          "k_conv1d": "triton",
          "q_conv1d": "triton",
          "v_conv1d": "triton"
        },
        "layer": 4
      },
      {
        "class": "fla.layers.gated_deltanet.GatedDeltaNet",
        "conv_backends": {
          "k_conv1d": "triton",
          "q_conv1d": "triton",
          "v_conv1d": "triton"
        },
        "layer": 5
      },
      {
        "class": "fla.layers.gated_deltanet.GatedDeltaNet",
        "conv_backends": {
          "k_conv1d": "triton",
          "q_conv1d": "triton",
          "v_conv1d": "triton"
        },
        "layer": 6
      },
      {
        "class": "fla.layers.gated_deltanet.GatedDeltaNet",
        "conv_backends": {
          "k_conv1d": "triton",
          "q_conv1d": "triton",
          "v_conv1d": "triton"
        },
        "layer": 7
      },
      {
        "class": "fla.layers.gated_deltanet.GatedDeltaNet",
        "conv_backends": {
          "k_conv1d": "triton",
          "q_conv1d": "triton",
          "v_conv1d": "triton"
        },
        "layer": 8
      },
      {
        "class": "fla.layers.gated_deltanet.GatedDeltaNet",
        "conv_backends": {
          "k_conv1d": "triton",
          "q_conv1d": "triton",
          "v_conv1d": "triton"
        },
        "layer": 9
      }
    ],
    "strict": true
  },
  "shared_shell": {
    "common_parameter_tensors": 77,
    "differing_parameter_tensors": 0,
    "identical_parameter_tensors": 77
  },
  "status": "PASS"
}
