mode=full
run_dir=/huyang2/double-loop/.worktrees/gdn-realbwd-official-sudoku-d192-fs-loop8-dynamics-s1500-83b6bff-20260629/runs/gdn-d192-official-sudoku-fs-loop8-dynamics-s1500-20260629T0416Z-83b6bff
git_sha=83b6bff27fe2bb520b73cf25d9514de0078a990e
git_dirty=0
device=cuda torch=2.7.0+cu126 board=9x9 box=3x3 mainline=future_seed_loop backbone=gdn rwkv_kernel=auto gdn_mode=triton_recurrent forward_dtype=bfloat16
checkpoint_eval steps=800,1200 holes=16
[future_seed_loop stage=1:45-64] step=0100 ce=1.8162 total=1.8162 loop1=1.8161 loop_last=1.8162 exact_margin=0.0000 softmin=0.000 upd_l=0.950 upd_h=0.950 scratch_delta=0.000 scratch_gauss=0.0000
[future_seed_loop stage=1:45-64] step=0200 ce=1.5365 total=1.5365 loop1=1.5407 loop_last=1.5365 exact_margin=0.0000 softmin=0.000 upd_l=0.950 upd_h=0.950 scratch_delta=0.000 scratch_gauss=0.0000
[future_seed_loop stage=1:45-64] step=0300 ce=1.1498 total=1.1498 loop1=1.2048 loop_last=1.1498 exact_margin=0.0000 softmin=0.000 upd_l=0.950 upd_h=0.950 scratch_delta=0.000 scratch_gauss=0.0000
[future_seed_loop stage=1:45-64] step=0400 ce=1.1228 total=1.1228 loop1=1.2405 loop_last=1.1228 exact_margin=0.0000 softmin=0.000 upd_l=0.950 upd_h=0.950 scratch_delta=0.000 scratch_gauss=0.0000
[future_seed_loop stage=1:45-64] step=0500 ce=1.1025 total=1.1025 loop1=1.2350 loop_last=1.1025 exact_margin=0.0000 softmin=0.000 upd_l=0.950 upd_h=0.950 scratch_delta=0.000 scratch_gauss=0.0000
[future_seed_loop stage=1:45-64] step=0600 ce=1.0498 total=1.0498 loop1=1.2379 loop_last=1.0498 exact_margin=0.0000 softmin=0.000 upd_l=0.950 upd_h=0.950 scratch_delta=0.000 scratch_gauss=0.0000
[future_seed_loop stage=1:45-64] step=0700 ce=1.0656 total=1.0656 loop1=1.2079 loop_last=1.0656 exact_margin=0.0000 softmin=0.000 upd_l=0.950 upd_h=0.950 scratch_delta=0.000 scratch_gauss=0.0000
[future_seed_loop stage=1:45-64] step=0800 ce=1.0436 total=1.0436 loop1=1.2107 loop_last=1.0436 exact_margin=0.0000 softmin=0.000 upd_l=0.950 upd_h=0.950 scratch_delta=0.000 scratch_gauss=0.0000
[checkpoint_eval step=0800 holes16] loop8 exact=0.0142 blank=0.5052
[future_seed_loop stage=1:45-64] step=0900 ce=1.0299 total=1.0299 loop1=1.2662 loop_last=1.0299 exact_margin=0.0000 softmin=0.000 upd_l=0.950 upd_h=0.950 scratch_delta=0.000 scratch_gauss=0.0000
[future_seed_loop stage=1:45-64] step=1000 ce=1.0429 total=1.0429 loop1=1.2142 loop_last=1.0429 exact_margin=0.0000 softmin=0.000 upd_l=0.950 upd_h=0.950 scratch_delta=0.000 scratch_gauss=0.0000
[future_seed_loop stage=1:45-64] step=1100 ce=1.0044 total=1.0044 loop1=1.1642 loop_last=1.0044 exact_margin=0.0000 softmin=0.000 upd_l=0.950 upd_h=0.950 scratch_delta=0.000 scratch_gauss=0.0000
[future_seed_loop stage=1:45-64] step=1200 ce=1.0152 total=1.0152 loop1=1.1320 loop_last=1.0152 exact_margin=0.0000 softmin=0.000 upd_l=0.950 upd_h=0.950 scratch_delta=0.000 scratch_gauss=0.0000
[checkpoint_eval step=1200 holes16] loop8 exact=0.0181 blank=0.5142
[future_seed_loop stage=1:45-64] step=1300 ce=0.9924 total=0.9924 loop1=1.1730 loop_last=0.9924 exact_margin=0.0000 softmin=0.000 upd_l=0.950 upd_h=0.950 scratch_delta=0.000 scratch_gauss=0.0000
[future_seed_loop stage=1:45-64] step=1400 ce=0.9886 total=0.9886 loop1=1.1142 loop_last=0.9886 exact_margin=0.0000 softmin=0.000 upd_l=0.950 upd_h=0.950 scratch_delta=0.000 scratch_gauss=0.0000
[future_seed_loop stage=1:45-64] step=1500 ce=1.0133 total=1.0133 loop1=1.1348 loop_last=1.0133 exact_margin=0.0000 softmin=0.000 upd_l=0.950 upd_h=0.950 scratch_delta=0.000 scratch_gauss=0.0000

full-board metrics
loop=1 exact=0.0083, valid=0.0083, solved=0.0083, blank_acc=0.4651, early=0.4651, late=0.4697, early_late_gap=-0.0046
        fs_gate=0.496, fs_update=1.000, fs_state_norm=7.943, fs_decay=0.00, fb_in=0.000, fb_next=0.000, loop_time=0.000, upd_l=0.950, upd_h=0.950, scratch_gate=0.000, scratch_decay=0.000, scratch_delta=0.000, scratch_resid=0.000
loop=2 exact=0.0288, valid=0.0288, solved=0.0288, blank_acc=0.5048, early=0.4986, late=0.5131, early_late_gap=-0.0145
        fs_gate=0.496, fs_update=1.000, fs_state_norm=7.943, fs_decay=0.00, fb_in=0.000, fb_next=0.000, loop_time=0.000, upd_l=0.950, upd_h=0.950, scratch_gate=0.000, scratch_decay=0.000, scratch_delta=0.000, scratch_resid=0.000
loop=3 exact=0.0293, valid=0.0293, solved=0.0293, blank_acc=0.5215, early=0.5173, late=0.5276, early_late_gap=-0.0103
        fs_gate=0.496, fs_update=1.000, fs_state_norm=7.943, fs_decay=0.00, fb_in=0.000, fb_next=0.000, loop_time=0.000, upd_l=0.950, upd_h=0.950, scratch_gate=0.000, scratch_decay=0.000, scratch_delta=0.000, scratch_resid=0.000
loop=4 exact=0.0293, valid=0.0293, solved=0.0293, blank_acc=0.5223, early=0.5182, late=0.5281, early_late_gap=-0.0099
        fs_gate=0.496, fs_update=1.000, fs_state_norm=7.943, fs_decay=0.00, fb_in=0.000, fb_next=0.000, loop_time=0.000, upd_l=0.950, upd_h=0.950, scratch_gate=0.000, scratch_decay=0.000, scratch_delta=0.000, scratch_resid=0.000
loop=5 exact=0.0293, valid=0.0293, solved=0.0293, blank_acc=0.5225, early=0.5181, late=0.5285, early_late_gap=-0.0104
        fs_gate=0.496, fs_update=1.000, fs_state_norm=7.943, fs_decay=0.00, fb_in=0.000, fb_next=0.000, loop_time=0.000, upd_l=0.950, upd_h=0.950, scratch_gate=0.000, scratch_decay=0.000, scratch_delta=0.000, scratch_resid=0.000
loop=6 exact=0.0293, valid=0.0293, solved=0.0293, blank_acc=0.5226, early=0.5180, late=0.5288, early_late_gap=-0.0109
        fs_gate=0.496, fs_update=1.000, fs_state_norm=7.943, fs_decay=0.00, fb_in=0.000, fb_next=0.000, loop_time=0.000, upd_l=0.950, upd_h=0.950, scratch_gate=0.000, scratch_decay=0.000, scratch_delta=0.000, scratch_resid=0.000
loop=7 exact=0.0293, valid=0.0293, solved=0.0293, blank_acc=0.5226, early=0.5179, late=0.5290, early_late_gap=-0.0111
        fs_gate=0.496, fs_update=1.000, fs_state_norm=7.943, fs_decay=0.00, fb_in=0.000, fb_next=0.000, loop_time=0.000, upd_l=0.950, upd_h=0.950, scratch_gate=0.000, scratch_decay=0.000, scratch_delta=0.000, scratch_resid=0.000
loop=8 exact=0.0293, valid=0.0293, solved=0.0293, blank_acc=0.5226, early=0.5180, late=0.5288, early_late_gap=-0.0108
        fs_gate=0.496, fs_update=1.000, fs_state_norm=7.943, fs_decay=0.00, fb_in=0.000, fb_next=0.000, loop_time=0.000, upd_l=0.950, upd_h=0.950, scratch_gate=0.000, scratch_decay=0.000, scratch_delta=0.000, scratch_resid=0.000

official sudoku eval split=test eval_n=2048 seed=1051

case-bank artifacts
official exact=0.0352 blank_acc=0.5223 selected={'solved_by_loop': 3, 'almost_solved': 0, 'hard_failure': 3}
  index=/huyang2/double-loop/.worktrees/gdn-realbwd-official-sudoku-d192-fs-loop8-dynamics-s1500-83b6bff-20260629/runs/gdn-d192-official-sudoku-fs-loop8-dynamics-s1500-20260629T0416Z-83b6bff/output/case_bank/official/index.html
  cases=/huyang2/double-loop/.worktrees/gdn-realbwd-official-sudoku-d192-fs-loop8-dynamics-s1500-83b6bff-20260629/runs/gdn-d192-official-sudoku-fs-loop8-dynamics-s1500-20260629T0416Z-83b6bff/output/case_bank/official/cases.json
Depth loop adds useful full-board refinement.
wrote /huyang2/double-loop/.worktrees/gdn-realbwd-official-sudoku-d192-fs-loop8-dynamics-s1500-83b6bff-20260629/runs/gdn-d192-official-sudoku-fs-loop8-dynamics-s1500-20260629T0416Z-83b6bff/output/futureseed_loop_seed52.json
wrote /huyang2/double-loop/.worktrees/gdn-realbwd-official-sudoku-d192-fs-loop8-dynamics-s1500-83b6bff-20260629/runs/gdn-d192-official-sudoku-fs-loop8-dynamics-s1500-20260629T0416Z-83b6bff/output/futureseed_loop_seed52.md
wrote /huyang2/double-loop/.worktrees/gdn-realbwd-official-sudoku-d192-fs-loop8-dynamics-s1500-83b6bff-20260629/runs/gdn-d192-official-sudoku-fs-loop8-dynamics-s1500-20260629T0416Z-83b6bff/output/futureseed_loop_case_seed52.html
