mode=eqr_maze_probe
run_dir=/huyang2/double-loop/.worktrees/maze21-pressure-fs-vs-base-20260617T0525Z-ca0f837/runs/maze21-pressure-fs-s1200-20260617T0525Z-ca0f837
git_sha=ca0f83709963cbf25b60f75eec9f2abd0d173404
git_dirty=1
device=cuda torch=2.7.0+cu126 params=961156 eqr_dir=/huyang2/double-loop/repos/eqr
[eqr_maze] step=0100 ce=0.3398 loop1=0.3418 path_f1=0.5937 exact=0.0000 zH=0.0113 zL=0.0105
[eqr_maze] step=0200 ce=0.3418 loop1=0.3418 path_f1=0.6054 exact=0.0000 zH=0.0087 zL=0.0085
[eqr_maze] step=0300 ce=0.3398 loop1=0.3398 path_f1=0.6442 exact=0.0000 zH=0.0070 zL=0.0071
[eqr_maze] step=0400 ce=0.3340 loop1=0.3340 path_f1=0.6470 exact=0.0000 zH=0.0068 zL=0.0068
[eqr_maze] step=0500 ce=0.3359 loop1=0.3359 path_f1=0.6350 exact=0.0000 zH=0.0063 zL=0.0064
[eqr_maze] step=0600 ce=0.3359 loop1=0.3379 path_f1=0.6403 exact=0.0000 zH=0.0064 zL=0.0066
[eqr_maze] step=0700 ce=0.3320 loop1=0.3340 path_f1=0.6487 exact=0.0000 zH=0.0059 zL=0.0062
[eqr_maze] step=0800 ce=0.3262 loop1=0.3340 path_f1=0.6550 exact=0.0000 zH=0.0120 zL=0.0116
[eqr_maze] step=0900 ce=0.3242 loop1=0.3301 path_f1=0.6578 exact=0.0000 zH=0.0215 zL=0.0191
[eqr_maze] step=1000 ce=0.2773 loop1=0.3047 path_f1=0.7127 exact=0.0000 zH=0.0226 zL=0.0233
[eqr_maze] step=1100 ce=0.2695 loop1=0.3066 path_f1=0.7301 exact=0.0000 zH=0.0296 zL=0.0238
[eqr_maze] step=1200 ce=0.2207 loop1=0.2949 path_f1=0.8006 exact=0.0000 zH=0.0567 zL=0.0517
primary loop10 exact=0.0000 path_f1=0.8051 gain=0.1177
decision=Continue: recurrence is buying real path refinement on maze; compare against base or scale path length next.
wrote /huyang2/double-loop/.worktrees/maze21-pressure-fs-vs-base-20260617T0525Z-ca0f837/runs/maze21-pressure-fs-s1200-20260617T0525Z-ca0f837/output/eqr_maze_probe_fs1_seed52.json
wrote /huyang2/double-loop/.worktrees/maze21-pressure-fs-vs-base-20260617T0525Z-ca0f837/runs/maze21-pressure-fs-s1200-20260617T0525Z-ca0f837/output/eqr_maze_probe_fs1_seed52.md
