mode=full
run_dir=/huyang2/double-loop/.worktrees/gdn-realbwd-official-sudoku-d192-fs-loopresid-629b578-20260627/runs/gdn-d192-official-sudoku-fs-loopresid-s1500-20260627T0135Z-629b578
git_sha=629b5787b2c579a487f51d9d9aa776248b66ab16
git_dirty=0
device=cuda torch=2.7.0+cu126 board=9x9 box=3x3 mainline=future_seed_loop backbone=gdn rwkv_kernel=auto gdn_mode=triton_recurrent forward_dtype=bfloat16
[future_seed_loop stage=1:2-4] step=0100 ce=1.7984 total=1.7984 loop1=1.7983 loop_last=1.7984 upd_l=0.950 upd_h=0.950 scratch_delta=0.000 scratch_gauss=0.0000
[future_seed_loop stage=1:2-4] step=0200 ce=1.2071 total=1.2071 loop1=1.2194 loop_last=1.2071 upd_l=0.950 upd_h=0.950 scratch_delta=0.000 scratch_gauss=0.0000
[future_seed_loop stage=1:2-4] step=0300 ce=1.1194 total=1.1194 loop1=1.1632 loop_last=1.1194 upd_l=0.950 upd_h=0.950 scratch_delta=0.000 scratch_gauss=0.0000
[future_seed_loop stage=1:2-4] step=0400 ce=1.0897 total=1.0897 loop1=1.1763 loop_last=1.0897 upd_l=0.950 upd_h=0.950 scratch_delta=0.000 scratch_gauss=0.0000
[future_seed_loop stage=1:2-4] step=0500 ce=1.0509 total=1.0509 loop1=1.1447 loop_last=1.0509 upd_l=0.950 upd_h=0.950 scratch_delta=0.000 scratch_gauss=0.0000
[future_seed_loop stage=1:2-4] step=0600 ce=1.0341 total=1.0341 loop1=1.1621 loop_last=1.0341 upd_l=0.950 upd_h=0.950 scratch_delta=0.000 scratch_gauss=0.0000
[future_seed_loop stage=1:2-4] step=0700 ce=1.0276 total=1.0276 loop1=1.1740 loop_last=1.0276 upd_l=0.950 upd_h=0.950 scratch_delta=0.000 scratch_gauss=0.0000
[future_seed_loop stage=1:2-4] step=0800 ce=1.0074 total=1.0074 loop1=1.1743 loop_last=1.0074 upd_l=0.950 upd_h=0.950 scratch_delta=0.000 scratch_gauss=0.0000
[future_seed_loop stage=1:2-4] step=0900 ce=1.0236 total=1.0236 loop1=1.1506 loop_last=1.0236 upd_l=0.950 upd_h=0.950 scratch_delta=0.000 scratch_gauss=0.0000
[future_seed_loop stage=1:2-4] step=1000 ce=1.0134 total=1.0134 loop1=1.1772 loop_last=1.0134 upd_l=0.950 upd_h=0.950 scratch_delta=0.000 scratch_gauss=0.0000
[future_seed_loop stage=1:2-4] step=1100 ce=0.9877 total=0.9877 loop1=1.1399 loop_last=0.9877 upd_l=0.950 upd_h=0.950 scratch_delta=0.000 scratch_gauss=0.0000
[future_seed_loop stage=1:2-4] step=1200 ce=0.9348 total=0.9348 loop1=1.1308 loop_last=0.9348 upd_l=0.950 upd_h=0.950 scratch_delta=0.000 scratch_gauss=0.0000
[future_seed_loop stage=1:2-4] step=1300 ce=0.9805 total=0.9805 loop1=1.1540 loop_last=0.9805 upd_l=0.950 upd_h=0.950 scratch_delta=0.000 scratch_gauss=0.0000
[future_seed_loop stage=1:2-4] step=1400 ce=1.0380 total=1.0380 loop1=1.2310 loop_last=1.0380 upd_l=0.950 upd_h=0.950 scratch_delta=0.000 scratch_gauss=0.0000
[future_seed_loop stage=1:2-4] step=1500 ce=0.9901 total=0.9901 loop1=1.2194 loop_last=0.9901 upd_l=0.950 upd_h=0.950 scratch_delta=0.000 scratch_gauss=0.0000

full-board metrics
loop=1 exact=0.0078, valid=0.0078, solved=0.0078, blank_acc=0.4520, early=0.4487, late=0.4500, early_late_gap=-0.0013
        fs_gate=0.485, fs_update=0.533, fs_state_norm=7.759, fs_decay=0.50, fs_mem=5.296, fs_mem_delta=0.000, fb_in=0.000, fb_next=0.000, loop_time=0.000, upd_l=0.950, upd_h=0.950, scratch_gate=0.000, scratch_decay=0.000, scratch_delta=0.000, scratch_resid=0.000
loop=2 exact=0.0293, valid=0.0293, solved=0.0293, blank_acc=0.5193, early=0.5163, late=0.5218, early_late_gap=-0.0055
        fs_gate=0.485, fs_update=0.533, fs_state_norm=7.759, fs_decay=0.50, fs_mem=5.077, fs_mem_delta=1.548, fb_in=0.000, fb_next=0.000, loop_time=0.000, upd_l=0.950, upd_h=0.950, scratch_gate=0.000, scratch_decay=0.000, scratch_delta=0.000, scratch_resid=0.000
loop=3 exact=0.0293, valid=0.0293, solved=0.0293, blank_acc=0.5333, early=0.5283, late=0.5352, early_late_gap=-0.0070
        fs_gate=0.485, fs_update=0.533, fs_state_norm=7.759, fs_decay=0.50, fs_mem=4.995, fs_mem_delta=0.954, fb_in=0.000, fb_next=0.000, loop_time=0.000, upd_l=0.950, upd_h=0.950, scratch_gate=0.000, scratch_decay=0.000, scratch_delta=0.000, scratch_resid=0.000
loop=4 exact=0.0293, valid=0.0293, solved=0.0293, blank_acc=0.5342, early=0.5298, late=0.5372, early_late_gap=-0.0074
        fs_gate=0.485, fs_update=0.533, fs_state_norm=7.759, fs_decay=0.50, fs_mem=4.968, fs_mem_delta=0.526, fb_in=0.000, fb_next=0.000, loop_time=0.000, upd_l=0.950, upd_h=0.950, scratch_gate=0.000, scratch_decay=0.000, scratch_delta=0.000, scratch_resid=0.000
loop=5 exact=0.0293, valid=0.0293, solved=0.0293, blank_acc=0.5344, early=0.5301, late=0.5372, early_late_gap=-0.0071
        fs_gate=0.485, fs_update=0.533, fs_state_norm=7.759, fs_decay=0.50, fs_mem=4.959, fs_mem_delta=0.280, fb_in=0.000, fb_next=0.000, loop_time=0.000, upd_l=0.950, upd_h=0.950, scratch_gate=0.000, scratch_decay=0.000, scratch_delta=0.000, scratch_resid=0.000

official sudoku eval split=test eval_n=2048 seed=1051
Depth loop adds useful full-board refinement.
wrote /huyang2/double-loop/.worktrees/gdn-realbwd-official-sudoku-d192-fs-loopresid-629b578-20260627/runs/gdn-d192-official-sudoku-fs-loopresid-s1500-20260627T0135Z-629b578/output/futureseed_loop_seed52.json
wrote /huyang2/double-loop/.worktrees/gdn-realbwd-official-sudoku-d192-fs-loopresid-629b578-20260627/runs/gdn-d192-official-sudoku-fs-loopresid-s1500-20260627T0135Z-629b578/output/futureseed_loop_seed52.md
wrote /huyang2/double-loop/.worktrees/gdn-realbwd-official-sudoku-d192-fs-loopresid-629b578-20260627/runs/gdn-d192-official-sudoku-fs-loopresid-s1500-20260627T0135Z-629b578/output/futureseed_loop_case_seed52.html
