mode=full
run_dir=/huyang2/double-loop/runs/raven-futureseed-vs-gdn2-20260801T104903Z-f2306f8-gdn2
git_sha=f2306f8cf34098e45187828755546172435bcc17
git_dirty=0
Current Python version 3.10 is below the recommended 3.11 version. It is recommended to upgrade to Python 3.11 or higher for the best experience.
device=cuda torch=2.7.0+cu126 board=9x9 box=3x3 mainline=future_seed_loop backbone=gdn2 rwkv_kernel=auto future_seed_gate_mode=head future_seed_scope=layer future_seed_readout_hop=0 gdn_mode=chunk gdn_progressive_base_expand_v=0.0 gdn2_gain_budget=none gdn2_fast_slow_decay=none gdn2_address=none raven_slots/topk=0/0 cell_order_train=row_major forward_dtype=bfloat16
checkpoint_eval steps=500 holes=53
[future_seed_loop stage=1:46-50] step=0100 ce=1.6528 total=1.6517 loop1=1.6495 loop_last=1.6528 exact_margin=0.0000 softmin=0.000 upd_l=0.950 upd_h=0.950 fb_next=0.000 fb_corrupt=0.000 fb_conf=0.000 hagg_norm=0.000 hagg_raw=0.000 hagg_ent=0.000 hagg_maxw=0.000 hagg_clip=0.000 gb_clip=0.0000 gb_infeas=0.0000 gb_endpoint=0.0000 gb_bound=0.000000 gb_delta=0.00e+00 gb_change=0.0000 slow_rho=0.0000 slow_lag=0.0000 slow_tv=1.0000 slow_change=0.0000 addr_scale=0.0000 addr_phase=0.0000 addr_qchg=0.0000 addr_kchg=0.0000 addr_wrms=0.0000 addr_tstd=0.0000 addr_pstd=0.0000 addr_rrms=0.0000 addr_rstd=0.0000 addr_rq=0.0000 addr_rk=0.0000 addr_qwrms=0.0000 addr_kwrms=0.0000 carrier=0.0000/0.0000/0.0000 carrier_min=0.0000 carrier_r=0.0000 addr_state=0.0000 scratch_delta=0.000 scratch_gauss=0.0000
[future_seed_loop stage=2:51-55] step=0200 ce=1.3420 total=1.3420 loop1=1.3438 loop_last=1.3420 exact_margin=0.0000 softmin=0.000 upd_l=0.950 upd_h=0.950 fb_next=0.000 fb_corrupt=0.000 fb_conf=0.000 hagg_norm=0.000 hagg_raw=0.000 hagg_ent=0.000 hagg_maxw=0.000 hagg_clip=0.000 gb_clip=0.0000 gb_infeas=0.0000 gb_endpoint=0.0000 gb_bound=0.000000 gb_delta=0.00e+00 gb_change=0.0000 slow_rho=0.0000 slow_lag=0.0000 slow_tv=1.0000 slow_change=0.0000 addr_scale=0.0000 addr_phase=0.0000 addr_qchg=0.0000 addr_kchg=0.0000 addr_wrms=0.0000 addr_tstd=0.0000 addr_pstd=0.0000 addr_rrms=0.0000 addr_rstd=0.0000 addr_rq=0.0000 addr_rk=0.0000 addr_qwrms=0.0000 addr_kwrms=0.0000 carrier=0.0000/0.0000/0.0000 carrier_min=0.0000 carrier_r=0.0000 addr_state=0.0000 scratch_delta=0.000 scratch_gauss=0.0000
[future_seed_loop stage=2:51-55] step=0300 ce=1.0984 total=1.1036 loop1=1.1212 loop_last=1.0984 exact_margin=0.0000 softmin=0.000 upd_l=0.950 upd_h=0.950 fb_next=0.000 fb_corrupt=0.000 fb_conf=0.000 hagg_norm=0.000 hagg_raw=0.000 hagg_ent=0.000 hagg_maxw=0.000 hagg_clip=0.000 gb_clip=0.0000 gb_infeas=0.0000 gb_endpoint=0.0000 gb_bound=0.000000 gb_delta=0.00e+00 gb_change=0.0000 slow_rho=0.0000 slow_lag=0.0000 slow_tv=1.0000 slow_change=0.0000 addr_scale=0.0000 addr_phase=0.0000 addr_qchg=0.0000 addr_kchg=0.0000 addr_wrms=0.0000 addr_tstd=0.0000 addr_pstd=0.0000 addr_rrms=0.0000 addr_rstd=0.0000 addr_rq=0.0000 addr_rk=0.0000 addr_qwrms=0.0000 addr_kwrms=0.0000 carrier=0.0000/0.0000/0.0000 carrier_min=0.0000 carrier_r=0.0000 addr_state=0.0000 scratch_delta=0.000 scratch_gauss=0.0000
[future_seed_loop stage=2:51-55] step=0400 ce=1.0348 total=1.0423 loop1=1.0693 loop_last=1.0348 exact_margin=0.0000 softmin=0.000 upd_l=0.950 upd_h=0.950 fb_next=0.000 fb_corrupt=0.000 fb_conf=0.000 hagg_norm=0.000 hagg_raw=0.000 hagg_ent=0.000 hagg_maxw=0.000 hagg_clip=0.000 gb_clip=0.0000 gb_infeas=0.0000 gb_endpoint=0.0000 gb_bound=0.000000 gb_delta=0.00e+00 gb_change=0.0000 slow_rho=0.0000 slow_lag=0.0000 slow_tv=1.0000 slow_change=0.0000 addr_scale=0.0000 addr_phase=0.0000 addr_qchg=0.0000 addr_kchg=0.0000 addr_wrms=0.0000 addr_tstd=0.0000 addr_pstd=0.0000 addr_rrms=0.0000 addr_rstd=0.0000 addr_rq=0.0000 addr_rk=0.0000 addr_qwrms=0.0000 addr_kwrms=0.0000 carrier=0.0000/0.0000/0.0000 carrier_min=0.0000 carrier_r=0.0000 addr_state=0.0000 scratch_delta=0.000 scratch_gauss=0.0000
[future_seed_loop stage=2:51-55] step=0500 ce=1.0186 total=1.0259 loop1=1.0533 loop_last=1.0186 exact_margin=0.0000 softmin=0.000 upd_l=0.950 upd_h=0.950 fb_next=0.000 fb_corrupt=0.000 fb_conf=0.000 hagg_norm=0.000 hagg_raw=0.000 hagg_ent=0.000 hagg_maxw=0.000 hagg_clip=0.000 gb_clip=0.0000 gb_infeas=0.0000 gb_endpoint=0.0000 gb_bound=0.000000 gb_delta=0.00e+00 gb_change=0.0000 slow_rho=0.0000 slow_lag=0.0000 slow_tv=1.0000 slow_change=0.0000 addr_scale=0.0000 addr_phase=0.0000 addr_qchg=0.0000 addr_kchg=0.0000 addr_wrms=0.0000 addr_tstd=0.0000 addr_pstd=0.0000 addr_rrms=0.0000 addr_rstd=0.0000 addr_rq=0.0000 addr_rk=0.0000 addr_qwrms=0.0000 addr_kwrms=0.0000 carrier=0.0000/0.0000/0.0000 carrier_min=0.0000 carrier_r=0.0000 addr_state=0.0000 scratch_delta=0.000 scratch_gauss=0.0000
[checkpoint_eval step=0500 holes53] loop5 exact=0.0000 blank=0.5399
[train_checkpoint step=0500] path=/huyang2/double-loop/models/raven-futureseed-vs-gdn2-20260801T104903Z-f2306f8-gdn2/checkpoints/train_state_step000500.pt

full-board metrics
loop=1 exact=0.0098, valid=0.0098, solved=0.0098, blank_acc=0.4854, early=0.4825, late=0.4826, early_late_gap=-0.0001
        fs_gate=0.499, fs_update=1.000, fs_state_norm=15.963, fs_decay=0.00, fs_raw_rms=0.395, fs_raw_rms_std=0.027, fs_norm_gain=1.000, fs_norm_gain_std=0.000, fs2_delta=0.0000, fs2_gate_std=0.0000, fs2_batch_std=0.0000, fs2_feature_std=0.0000, fs2_gate_range=0.456:0.572, fs2_seed_change=0.0000, fs2_block_active=0.0, fs2_block_raw_norm=0.000, slow_decay=0, slow_rho/lag=0.000/0.000, slow_tv=0.0000->0.0000, slow_change=0.0000, fb_in=0.000, fb_next=0.000, loop_time=0.000, upd_l=0.950, upd_h=0.950, scratch_gate=0.000, scratch_decay=0.000, scratch_delta=0.000, scratch_resid=0.000
loop=2 exact=0.0156, valid=0.0156, solved=0.0156, blank_acc=0.5011, early=0.5000, late=0.5045, early_late_gap=-0.0045
        fs_gate=0.499, fs_update=1.000, fs_state_norm=15.963, fs_decay=0.00, fs_raw_rms=0.371, fs_raw_rms_std=0.030, fs_norm_gain=1.000, fs_norm_gain_std=0.000, fs2_delta=0.0000, fs2_gate_std=0.0000, fs2_batch_std=0.0000, fs2_feature_std=0.0000, fs2_gate_range=0.456:0.572, fs2_seed_change=0.0000, fs2_block_active=0.0, fs2_block_raw_norm=0.000, slow_decay=0, slow_rho/lag=0.000/0.000, slow_tv=0.0000->0.0000, slow_change=0.0000, fb_in=0.000, fb_next=0.000, loop_time=0.000, upd_l=0.950, upd_h=0.950, scratch_gate=0.000, scratch_decay=0.000, scratch_delta=0.000, scratch_resid=0.000
loop=3 exact=0.0195, valid=0.0195, solved=0.0195, blank_acc=0.5011, early=0.4984, late=0.5063, early_late_gap=-0.0079
        fs_gate=0.499, fs_update=1.000, fs_state_norm=15.963, fs_decay=0.00, fs_raw_rms=0.362, fs_raw_rms_std=0.030, fs_norm_gain=1.000, fs_norm_gain_std=0.000, fs2_delta=0.0000, fs2_gate_std=0.0000, fs2_batch_std=0.0000, fs2_feature_std=0.0000, fs2_gate_range=0.456:0.572, fs2_seed_change=0.0000, fs2_block_active=0.0, fs2_block_raw_norm=0.000, slow_decay=0, slow_rho/lag=0.000/0.000, slow_tv=0.0000->0.0000, slow_change=0.0000, fb_in=0.000, fb_next=0.000, loop_time=0.000, upd_l=0.950, upd_h=0.950, scratch_gate=0.000, scratch_decay=0.000, scratch_delta=0.000, scratch_resid=0.000
loop=4 exact=0.0195, valid=0.0195, solved=0.0195, blank_acc=0.5015, early=0.4995, late=0.5060, early_late_gap=-0.0066
        fs_gate=0.499, fs_update=1.000, fs_state_norm=15.963, fs_decay=0.00, fs_raw_rms=0.360, fs_raw_rms_std=0.030, fs_norm_gain=1.000, fs_norm_gain_std=0.000, fs2_delta=0.0000, fs2_gate_std=0.0000, fs2_batch_std=0.0000, fs2_feature_std=0.0000, fs2_gate_range=0.456:0.572, fs2_seed_change=0.0000, fs2_block_active=0.0, fs2_block_raw_norm=0.000, slow_decay=0, slow_rho/lag=0.000/0.000, slow_tv=0.0000->0.0000, slow_change=0.0000, fb_in=0.000, fb_next=0.000, loop_time=0.000, upd_l=0.950, upd_h=0.950, scratch_gate=0.000, scratch_decay=0.000, scratch_delta=0.000, scratch_resid=0.000
loop=5 exact=0.0195, valid=0.0195, solved=0.0195, blank_acc=0.5012, early=0.4997, late=0.5057, early_late_gap=-0.0060
        fs_gate=0.499, fs_update=1.000, fs_state_norm=15.963, fs_decay=0.00, fs_raw_rms=0.359, fs_raw_rms_std=0.030, fs_norm_gain=1.000, fs_norm_gain_std=0.000, fs2_delta=0.0000, fs2_gate_std=0.0000, fs2_batch_std=0.0000, fs2_feature_std=0.0000, fs2_gate_range=0.456:0.572, fs2_seed_change=0.0000, fs2_block_active=0.0, fs2_block_raw_norm=0.000, slow_decay=0, slow_rho/lag=0.000/0.000, slow_tv=0.0000->0.0000, slow_change=0.0000, fb_in=0.000, fb_next=0.000, loop_time=0.000, upd_l=0.950, upd_h=0.950, scratch_gate=0.000, scratch_decay=0.000, scratch_delta=0.000, scratch_resid=0.000

official sudoku eval split=test eval_n=512 seed=1051

official blank-range metrics
b46_50 blanks=46-50 n=512 exact=0.7969, valid=0.7969, solved=0.7969, blank_acc=0.9918, early=0.9888, late=0.9926, early_late_gap=-0.0037
b51_55 blanks=51-55 n=512 exact=0.0000, valid=0.0000, solved=0.0000, blank_acc=0.5257, early=0.5220, late=0.5227, early_late_gap=-0.0007
b56_64 blanks=56-64 n=512 exact=0.0000, valid=0.0000, solved=0.0000, blank_acc=0.4680, early=0.4637, late=0.4633, early_late_gap=+0.0004

case-bank artifacts
official_b46_50 exact=0.7871 blank_acc=0.9918 selected={'solved_by_loop': 8, 'almost_solved': 8, 'hard_failure': 2}
  index=/huyang2/double-loop/runs/raven-futureseed-vs-gdn2-20260801T104903Z-f2306f8-gdn2/output/case_bank/official_b46_50/index.html
  cases=/huyang2/double-loop/runs/raven-futureseed-vs-gdn2-20260801T104903Z-f2306f8-gdn2/output/case_bank/official_b46_50/cases.json
official_b51_55 exact=0.0000 blank_acc=0.5249 selected={'solved_by_loop': 0, 'almost_solved': 0, 'hard_failure': 8}
  index=/huyang2/double-loop/runs/raven-futureseed-vs-gdn2-20260801T104903Z-f2306f8-gdn2/output/case_bank/official_b51_55/index.html
  cases=/huyang2/double-loop/runs/raven-futureseed-vs-gdn2-20260801T104903Z-f2306f8-gdn2/output/case_bank/official_b51_55/cases.json
official_b56_64 exact=0.0000 blank_acc=0.4709 selected={'solved_by_loop': 0, 'almost_solved': 0, 'hard_failure': 8}
  index=/huyang2/double-loop/runs/raven-futureseed-vs-gdn2-20260801T104903Z-f2306f8-gdn2/output/case_bank/official_b56_64/index.html
  cases=/huyang2/double-loop/runs/raven-futureseed-vs-gdn2-20260801T104903Z-f2306f8-gdn2/output/case_bank/official_b56_64/cases.json
Depth loop adds useful full-board refinement.
wrote /huyang2/double-loop/runs/raven-futureseed-vs-gdn2-20260801T104903Z-f2306f8-gdn2/output/futureseed_loop_seed52.json
wrote /huyang2/double-loop/runs/raven-futureseed-vs-gdn2-20260801T104903Z-f2306f8-gdn2/output/futureseed_loop_seed52.md
wrote /huyang2/double-loop/runs/raven-futureseed-vs-gdn2-20260801T104903Z-f2306f8-gdn2/output/futureseed_loop_case_seed52.html
