mode=full
run_dir=/huyang2/double-loop/.worktrees/gdn-triton-fs-0f5771c-20260625T2035/runs/gdn-triton-fs-s100-20260625T2035-0f5771c
git_sha=0f5771c8557ca757a3e7fd1bd2b16e5f70bf44fc
git_dirty=0
device=cuda torch=2.7.0+cu126 board=9x9 box=3x3 mainline=future_seed_loop backbone=gdn rwkv_kernel=auto gdn_mode=triton_recurrent forward_dtype=bfloat16
[future_seed_loop stage=1:8-16] step=0025 ce=1.7301 total=1.7301 loop1=1.7278 loop_last=1.7301 upd_l=0.950 upd_h=0.950 scratch_delta=0.000 scratch_gauss=0.0000
[future_seed_loop stage=1:8-16] step=0050 ce=1.5260 total=1.5260 loop1=1.5229 loop_last=1.5260 upd_l=0.950 upd_h=0.950 scratch_delta=0.000 scratch_gauss=0.0000
[future_seed_loop stage=2:16-24] step=0075 ce=1.7357 total=1.7357 loop1=1.7339 loop_last=1.7357 upd_l=0.950 upd_h=0.950 scratch_delta=0.000 scratch_gauss=0.0000
[future_seed_loop stage=2:16-24] step=0100 ce=1.6116 total=1.6116 loop1=1.6077 loop_last=1.6116 upd_l=0.950 upd_h=0.950 scratch_delta=0.000 scratch_gauss=0.0000

full-board metrics
loop=1 exact=0.0000, valid=0.0000, solved=0.0000, blank_acc=0.2417, early=0.2434, late=0.2571, early_late_gap=-0.0137
        fs_gate=0.471, fs_update=1.000, fs_state_norm=7.541, fs_decay=0.00, fb_in=0.000, fb_next=0.000, loop_time=0.000, upd_l=0.950, upd_h=0.950, scratch_gate=0.000, scratch_decay=0.000, scratch_delta=0.000, scratch_resid=0.000
loop=2 exact=0.0000, valid=0.0000, solved=0.0000, blank_acc=0.2385, early=0.2383, late=0.2571, early_late_gap=-0.0187
        fs_gate=0.471, fs_update=1.000, fs_state_norm=7.541, fs_decay=0.00, fb_in=0.000, fb_next=0.000, loop_time=0.000, upd_l=0.950, upd_h=0.950, scratch_gate=0.000, scratch_decay=0.000, scratch_delta=0.000, scratch_resid=0.000

hole-transfer metrics
holes=16 exact=0.0000, valid=0.0000, solved=0.0000, blank_acc=0.2385, early=0.2383, late=0.2571, early_late_gap=-0.0187; indep=0.0000, exact/indep=0.00
holes=8  exact=0.0000, valid=0.0000, solved=0.0000, blank_acc=0.2681, early=0.2482, late=0.2825, early_late_gap=-0.0343; indep=0.0000, exact/indep=0.00
holes=24 exact=0.0000, valid=0.0000, solved=0.0000, blank_acc=0.2010, early=0.1971, late=0.2100, early_late_gap=-0.0128; indep=0.0000, exact/indep=0.00
Depth loop is neutral on full-board exact in this run.
wrote /huyang2/double-loop/.worktrees/gdn-triton-fs-0f5771c-20260625T2035/runs/gdn-triton-fs-s100-20260625T2035-0f5771c/output/futureseed_loop_seed52.json
wrote /huyang2/double-loop/.worktrees/gdn-triton-fs-0f5771c-20260625T2035/runs/gdn-triton-fs-s100-20260625T2035-0f5771c/output/futureseed_loop_seed52.md
wrote /huyang2/double-loop/.worktrees/gdn-triton-fs-0f5771c-20260625T2035/runs/gdn-triton-fs-s100-20260625T2035-0f5771c/output/futureseed_loop_case_seed52.html
