mode=full
run_dir=/huyang2/double-loop/.worktrees/final-baseline-sparse-16f56e8/runs/sudoku-backbone-gdn-s500-20260723T061503Z-manual-8c7c759
git_sha=8c7c7596987b365877603419ad4a7e0b91486119
git_dirty=1
Current Python version 3.10 is below the recommended 3.11 version. It is recommended to upgrade to Python 3.11 or higher for the best experience.
device=cuda torch=2.7.0+cu126 board=9x9 box=3x3 mainline=future_seed_loop backbone=fla_gdn rwkv_kernel=statepassing gdn_mode=chunk gdn_progressive_base_expand_v=0.0 forward_dtype=bfloat16
checkpoint_eval steps=500 holes=53
[future_seed_loop stage=1:46-50] step=0100 ce=1.5920 total=1.5908 loop1=1.5881 loop_last=1.5920 exact_margin=0.0000 softmin=0.000 upd_l=0.950 upd_h=0.950 fb_next=0.000 fb_corrupt=0.000 fb_conf=0.000 hagg_norm=0.000 hagg_raw=0.000 hagg_ent=0.000 hagg_maxw=0.000 hagg_clip=0.000 scratch_delta=0.000 scratch_gauss=0.0000
[future_seed_loop stage=2:51-55] step=0200 ce=1.2084 total=1.2090 loop1=1.2123 loop_last=1.2084 exact_margin=0.0000 softmin=0.000 upd_l=0.950 upd_h=0.950 fb_next=0.000 fb_corrupt=0.000 fb_conf=0.000 hagg_norm=0.000 hagg_raw=0.000 hagg_ent=0.000 hagg_maxw=0.000 hagg_clip=0.000 scratch_delta=0.000 scratch_gauss=0.0000
[future_seed_loop stage=2:51-55] step=0300 ce=1.0521 total=1.0579 loop1=1.0782 loop_last=1.0521 exact_margin=0.0000 softmin=0.000 upd_l=0.950 upd_h=0.950 fb_next=0.000 fb_corrupt=0.000 fb_conf=0.000 hagg_norm=0.000 hagg_raw=0.000 hagg_ent=0.000 hagg_maxw=0.000 hagg_clip=0.000 scratch_delta=0.000 scratch_gauss=0.0000
[future_seed_loop stage=2:51-55] step=0400 ce=1.0075 total=1.0145 loop1=1.0384 loop_last=1.0075 exact_margin=0.0000 softmin=0.000 upd_l=0.950 upd_h=0.950 fb_next=0.000 fb_corrupt=0.000 fb_conf=0.000 hagg_norm=0.000 hagg_raw=0.000 hagg_ent=0.000 hagg_maxw=0.000 hagg_clip=0.000 scratch_delta=0.000 scratch_gauss=0.0000
[future_seed_loop stage=2:51-55] step=0500 ce=1.0001 total=1.0075 loop1=1.0351 loop_last=1.0001 exact_margin=0.0000 softmin=0.000 upd_l=0.950 upd_h=0.950 fb_next=0.000 fb_corrupt=0.000 fb_conf=0.000 hagg_norm=0.000 hagg_raw=0.000 hagg_ent=0.000 hagg_maxw=0.000 hagg_clip=0.000 scratch_delta=0.000 scratch_gauss=0.0000
[checkpoint_eval step=0500 holes53] loop5 exact=0.0176 blank=0.4970
[train_checkpoint step=0500] path=/huyang2/double-loop/models/sudoku-backbone-gdn-s500-20260723T061503Z-manual-8c7c759/checkpoints/train_state_step000500.pt

full-board metrics
loop=1 exact=0.0137, valid=0.0137, solved=0.0137, blank_acc=0.4885, early=0.4834, late=0.4927, early_late_gap=-0.0093
        fs_gate=0.489, fs_update=1.000, fs_state_norm=22.109, fs_decay=0.00, fs_raw_rms=0.136, fs_raw_rms_std=0.009, fs_norm_gain=1.000, fs_norm_gain_std=0.000, fb_in=0.000, fb_next=0.000, loop_time=0.000, upd_l=0.950, upd_h=0.950, scratch_gate=0.000, scratch_decay=0.000, scratch_delta=0.000, scratch_resid=0.000
loop=2 exact=0.0215, valid=0.0215, solved=0.0215, blank_acc=0.5045, early=0.5007, late=0.5088, early_late_gap=-0.0080
        fs_gate=0.489, fs_update=1.000, fs_state_norm=22.109, fs_decay=0.00, fs_raw_rms=0.135, fs_raw_rms_std=0.009, fs_norm_gain=1.000, fs_norm_gain_std=0.000, fb_in=0.000, fb_next=0.000, loop_time=0.000, upd_l=0.950, upd_h=0.950, scratch_gate=0.000, scratch_decay=0.000, scratch_delta=0.000, scratch_resid=0.000
loop=3 exact=0.0215, valid=0.0215, solved=0.0215, blank_acc=0.5046, early=0.5014, late=0.5079, early_late_gap=-0.0066
        fs_gate=0.489, fs_update=1.000, fs_state_norm=22.109, fs_decay=0.00, fs_raw_rms=0.135, fs_raw_rms_std=0.009, fs_norm_gain=1.000, fs_norm_gain_std=0.000, fb_in=0.000, fb_next=0.000, loop_time=0.000, upd_l=0.950, upd_h=0.950, scratch_gate=0.000, scratch_decay=0.000, scratch_delta=0.000, scratch_resid=0.000
loop=4 exact=0.0215, valid=0.0215, solved=0.0215, blank_acc=0.5051, early=0.5016, late=0.5086, early_late_gap=-0.0070
        fs_gate=0.489, fs_update=1.000, fs_state_norm=22.109, fs_decay=0.00, fs_raw_rms=0.135, fs_raw_rms_std=0.009, fs_norm_gain=1.000, fs_norm_gain_std=0.000, fb_in=0.000, fb_next=0.000, loop_time=0.000, upd_l=0.950, upd_h=0.950, scratch_gate=0.000, scratch_decay=0.000, scratch_delta=0.000, scratch_resid=0.000
loop=5 exact=0.0215, valid=0.0215, solved=0.0215, blank_acc=0.5054, early=0.5022, late=0.5087, early_late_gap=-0.0065
        fs_gate=0.489, fs_update=1.000, fs_state_norm=22.109, fs_decay=0.00, fs_raw_rms=0.135, fs_raw_rms_std=0.009, fs_norm_gain=1.000, fs_norm_gain_std=0.000, fb_in=0.000, fb_next=0.000, loop_time=0.000, upd_l=0.950, upd_h=0.950, scratch_gate=0.000, scratch_decay=0.000, scratch_delta=0.000, scratch_resid=0.000

official sudoku eval split=test eval_n=512 seed=1051

official blank-range metrics
b46_50 blanks=46-50 n=512 exact=0.8770, valid=0.8770, solved=0.8770, blank_acc=0.9952, early=0.9936, late=0.9952, early_late_gap=-0.0016
b51_55 blanks=51-55 n=512 exact=0.0000, valid=0.0000, solved=0.0000, blank_acc=0.5325, early=0.5311, late=0.5291, early_late_gap=+0.0021
b56_64 blanks=56-64 n=512 exact=0.0000, valid=0.0000, solved=0.0000, blank_acc=0.4738, early=0.4695, late=0.4749, early_late_gap=-0.0054

case-bank artifacts
official_b46_50 exact=0.8711 blank_acc=0.9951 selected={'solved_by_loop': 4, 'almost_solved': 4, 'hard_failure': 1}
  index=/huyang2/double-loop/.worktrees/final-baseline-sparse-16f56e8/runs/sudoku-backbone-gdn-s500-20260723T061503Z-manual-8c7c759/output/case_bank/official_b46_50/index.html
  cases=/huyang2/double-loop/.worktrees/final-baseline-sparse-16f56e8/runs/sudoku-backbone-gdn-s500-20260723T061503Z-manual-8c7c759/output/case_bank/official_b46_50/cases.json
official_b51_55 exact=0.0000 blank_acc=0.5291 selected={'solved_by_loop': 0, 'almost_solved': 0, 'hard_failure': 4}
  index=/huyang2/double-loop/.worktrees/final-baseline-sparse-16f56e8/runs/sudoku-backbone-gdn-s500-20260723T061503Z-manual-8c7c759/output/case_bank/official_b51_55/index.html
  cases=/huyang2/double-loop/.worktrees/final-baseline-sparse-16f56e8/runs/sudoku-backbone-gdn-s500-20260723T061503Z-manual-8c7c759/output/case_bank/official_b51_55/cases.json
official_b56_64 exact=0.0000 blank_acc=0.4739 selected={'solved_by_loop': 0, 'almost_solved': 0, 'hard_failure': 4}
  index=/huyang2/double-loop/.worktrees/final-baseline-sparse-16f56e8/runs/sudoku-backbone-gdn-s500-20260723T061503Z-manual-8c7c759/output/case_bank/official_b56_64/index.html
  cases=/huyang2/double-loop/.worktrees/final-baseline-sparse-16f56e8/runs/sudoku-backbone-gdn-s500-20260723T061503Z-manual-8c7c759/output/case_bank/official_b56_64/cases.json
Depth loop adds useful full-board refinement.
wrote /huyang2/double-loop/.worktrees/final-baseline-sparse-16f56e8/runs/sudoku-backbone-gdn-s500-20260723T061503Z-manual-8c7c759/output/futureseed_loop_seed52.json
wrote /huyang2/double-loop/.worktrees/final-baseline-sparse-16f56e8/runs/sudoku-backbone-gdn-s500-20260723T061503Z-manual-8c7c759/output/futureseed_loop_seed52.md
wrote /huyang2/double-loop/.worktrees/final-baseline-sparse-16f56e8/runs/sudoku-backbone-gdn-s500-20260723T061503Z-manual-8c7c759/output/futureseed_loop_case_seed52.html
