mode=full
run_dir=/huyang2/double-loop/.worktrees/gdn-realbwd-official-sudoku-d192-fs-clean-s3000-e6fe7a0-20260627/runs/gdn-d192-official-sudoku-fs-clean-s3000-20260627T0512Z-e6fe7a0
git_sha=e6fe7a03533b0ecb98fa674fd338e89fbf8e0643
git_dirty=0
device=cuda torch=2.7.0+cu126 board=9x9 box=3x3 mainline=future_seed_loop backbone=gdn rwkv_kernel=auto gdn_mode=triton_recurrent forward_dtype=bfloat16
checkpoint_eval steps=1500,2200 holes=16
[future_seed_loop stage=1:2-4] step=0100 ce=1.8010 total=1.8010 loop1=1.8018 loop_last=1.8010 upd_l=0.950 upd_h=0.950 scratch_delta=0.000 scratch_gauss=0.0000
[future_seed_loop stage=1:2-4] step=0200 ce=1.3564 total=1.3564 loop1=1.3684 loop_last=1.3564 upd_l=0.950 upd_h=0.950 scratch_delta=0.000 scratch_gauss=0.0000
[future_seed_loop stage=1:2-4] step=0300 ce=1.1538 total=1.1538 loop1=1.2558 loop_last=1.1538 upd_l=0.950 upd_h=0.950 scratch_delta=0.000 scratch_gauss=0.0000
[future_seed_loop stage=1:2-4] step=0400 ce=1.1145 total=1.1145 loop1=1.2305 loop_last=1.1145 upd_l=0.950 upd_h=0.950 scratch_delta=0.000 scratch_gauss=0.0000
[future_seed_loop stage=1:2-4] step=0500 ce=1.0679 total=1.0679 loop1=1.2186 loop_last=1.0679 upd_l=0.950 upd_h=0.950 scratch_delta=0.000 scratch_gauss=0.0000
[future_seed_loop stage=1:2-4] step=0600 ce=1.0566 total=1.0566 loop1=1.2163 loop_last=1.0566 upd_l=0.950 upd_h=0.950 scratch_delta=0.000 scratch_gauss=0.0000
[future_seed_loop stage=1:2-4] step=0700 ce=1.0577 total=1.0577 loop1=1.1804 loop_last=1.0577 upd_l=0.950 upd_h=0.950 scratch_delta=0.000 scratch_gauss=0.0000
[future_seed_loop stage=1:2-4] step=0800 ce=1.0285 total=1.0285 loop1=1.2645 loop_last=1.0285 upd_l=0.950 upd_h=0.950 scratch_delta=0.000 scratch_gauss=0.0000
[future_seed_loop stage=1:2-4] step=0900 ce=1.0370 total=1.0370 loop1=1.2286 loop_last=1.0370 upd_l=0.950 upd_h=0.950 scratch_delta=0.000 scratch_gauss=0.0000
[future_seed_loop stage=1:2-4] step=1000 ce=1.0184 total=1.0184 loop1=1.1889 loop_last=1.0184 upd_l=0.950 upd_h=0.950 scratch_delta=0.000 scratch_gauss=0.0000
[future_seed_loop stage=1:2-4] step=1100 ce=1.0081 total=1.0081 loop1=1.1993 loop_last=1.0081 upd_l=0.950 upd_h=0.950 scratch_delta=0.000 scratch_gauss=0.0000
[future_seed_loop stage=1:2-4] step=1200 ce=0.9506 total=0.9506 loop1=1.1296 loop_last=0.9506 upd_l=0.950 upd_h=0.950 scratch_delta=0.000 scratch_gauss=0.0000
[future_seed_loop stage=1:2-4] step=1300 ce=0.9961 total=0.9961 loop1=1.1749 loop_last=0.9961 upd_l=0.950 upd_h=0.950 scratch_delta=0.000 scratch_gauss=0.0000
[future_seed_loop stage=1:2-4] step=1400 ce=1.0312 total=1.0312 loop1=1.2405 loop_last=1.0312 upd_l=0.950 upd_h=0.950 scratch_delta=0.000 scratch_gauss=0.0000
[future_seed_loop stage=1:2-4] step=1500 ce=0.9956 total=0.9956 loop1=1.2129 loop_last=0.9956 upd_l=0.950 upd_h=0.950 scratch_delta=0.000 scratch_gauss=0.0000
[checkpoint_eval step=1500 holes16] loop5 exact=0.0181 blank=0.5246
[future_seed_loop stage=1:2-4] step=1600 ce=0.9523 total=0.9523 loop1=1.2143 loop_last=0.9523 upd_l=0.950 upd_h=0.950 scratch_delta=0.000 scratch_gauss=0.0000
[future_seed_loop stage=1:2-4] step=1700 ce=1.0160 total=1.0160 loop1=1.2252 loop_last=1.0160 upd_l=0.950 upd_h=0.950 scratch_delta=0.000 scratch_gauss=0.0000
[future_seed_loop stage=1:2-4] step=1800 ce=1.0253 total=1.0253 loop1=1.2328 loop_last=1.0253 upd_l=0.950 upd_h=0.950 scratch_delta=0.000 scratch_gauss=0.0000
[future_seed_loop stage=1:2-4] step=1900 ce=0.9864 total=0.9864 loop1=1.2164 loop_last=0.9864 upd_l=0.950 upd_h=0.950 scratch_delta=0.000 scratch_gauss=0.0000
[future_seed_loop stage=1:2-4] step=2000 ce=0.9704 total=0.9704 loop1=1.1981 loop_last=0.9704 upd_l=0.950 upd_h=0.950 scratch_delta=0.000 scratch_gauss=0.0000
[future_seed_loop stage=1:2-4] step=2100 ce=1.0031 total=1.0031 loop1=1.1962 loop_last=1.0031 upd_l=0.950 upd_h=0.950 scratch_delta=0.000 scratch_gauss=0.0000
[future_seed_loop stage=1:2-4] step=2200 ce=0.9835 total=0.9835 loop1=1.1990 loop_last=0.9835 upd_l=0.950 upd_h=0.950 scratch_delta=0.000 scratch_gauss=0.0000
[checkpoint_eval step=2200 holes16] loop5 exact=0.0181 blank=0.5309
[future_seed_loop stage=1:2-4] step=2300 ce=0.9811 total=0.9811 loop1=1.2246 loop_last=0.9811 upd_l=0.950 upd_h=0.950 scratch_delta=0.000 scratch_gauss=0.0000
[future_seed_loop stage=1:2-4] step=2400 ce=0.9809 total=0.9809 loop1=1.2220 loop_last=0.9809 upd_l=0.950 upd_h=0.950 scratch_delta=0.000 scratch_gauss=0.0000
[future_seed_loop stage=1:2-4] step=2500 ce=0.9877 total=0.9877 loop1=1.2029 loop_last=0.9877 upd_l=0.950 upd_h=0.950 scratch_delta=0.000 scratch_gauss=0.0000
[future_seed_loop stage=1:2-4] step=2600 ce=0.9618 total=0.9618 loop1=1.2196 loop_last=0.9618 upd_l=0.950 upd_h=0.950 scratch_delta=0.000 scratch_gauss=0.0000
[future_seed_loop stage=1:2-4] step=2700 ce=0.9888 total=0.9888 loop1=1.2060 loop_last=0.9888 upd_l=0.950 upd_h=0.950 scratch_delta=0.000 scratch_gauss=0.0000
[future_seed_loop stage=1:2-4] step=2800 ce=0.9162 total=0.9162 loop1=1.1470 loop_last=0.9162 upd_l=0.950 upd_h=0.950 scratch_delta=0.000 scratch_gauss=0.0000
[future_seed_loop stage=1:2-4] step=2900 ce=0.9566 total=0.9566 loop1=1.1695 loop_last=0.9566 upd_l=0.950 upd_h=0.950 scratch_delta=0.000 scratch_gauss=0.0000
[future_seed_loop stage=1:2-4] step=3000 ce=0.9633 total=0.9633 loop1=1.1972 loop_last=0.9633 upd_l=0.950 upd_h=0.950 scratch_delta=0.000 scratch_gauss=0.0000

full-board metrics
loop=1 exact=0.0044, valid=0.0044, solved=0.0044, blank_acc=0.4644, early=0.4681, late=0.4644, early_late_gap=+0.0037
        fs_gate=0.480, fs_update=1.000, fs_state_norm=7.687, fs_decay=0.00, fb_in=0.000, fb_next=0.000, loop_time=0.000, upd_l=0.950, upd_h=0.950, scratch_gate=0.000, scratch_decay=0.000, scratch_delta=0.000, scratch_resid=0.000
loop=2 exact=0.0283, valid=0.0283, solved=0.0283, blank_acc=0.5133, early=0.5120, late=0.5214, early_late_gap=-0.0094
        fs_gate=0.480, fs_update=1.000, fs_state_norm=7.687, fs_decay=0.00, fb_in=0.000, fb_next=0.000, loop_time=0.000, upd_l=0.950, upd_h=0.950, scratch_gate=0.000, scratch_decay=0.000, scratch_delta=0.000, scratch_resid=0.000
loop=3 exact=0.0288, valid=0.0288, solved=0.0288, blank_acc=0.5385, early=0.5372, late=0.5418, early_late_gap=-0.0046
        fs_gate=0.480, fs_update=1.000, fs_state_norm=7.687, fs_decay=0.00, fb_in=0.000, fb_next=0.000, loop_time=0.000, upd_l=0.950, upd_h=0.950, scratch_gate=0.000, scratch_decay=0.000, scratch_delta=0.000, scratch_resid=0.000
loop=4 exact=0.0293, valid=0.0293, solved=0.0293, blank_acc=0.5410, early=0.5393, late=0.5446, early_late_gap=-0.0053
        fs_gate=0.480, fs_update=1.000, fs_state_norm=7.687, fs_decay=0.00, fb_in=0.000, fb_next=0.000, loop_time=0.000, upd_l=0.950, upd_h=0.950, scratch_gate=0.000, scratch_decay=0.000, scratch_delta=0.000, scratch_resid=0.000
loop=5 exact=0.0298, valid=0.0298, solved=0.0298, blank_acc=0.5418, early=0.5402, late=0.5454, early_late_gap=-0.0052
        fs_gate=0.480, fs_update=1.000, fs_state_norm=7.687, fs_decay=0.00, fb_in=0.000, fb_next=0.000, loop_time=0.000, upd_l=0.950, upd_h=0.950, scratch_gate=0.000, scratch_decay=0.000, scratch_delta=0.000, scratch_resid=0.000

official sudoku eval split=test eval_n=2048 seed=1051
Depth loop adds useful full-board refinement.
wrote /huyang2/double-loop/.worktrees/gdn-realbwd-official-sudoku-d192-fs-clean-s3000-e6fe7a0-20260627/runs/gdn-d192-official-sudoku-fs-clean-s3000-20260627T0512Z-e6fe7a0/output/futureseed_loop_seed52.json
wrote /huyang2/double-loop/.worktrees/gdn-realbwd-official-sudoku-d192-fs-clean-s3000-e6fe7a0-20260627/runs/gdn-d192-official-sudoku-fs-clean-s3000-20260627T0512Z-e6fe7a0/output/futureseed_loop_seed52.md
wrote /huyang2/double-loop/.worktrees/gdn-realbwd-official-sudoku-d192-fs-clean-s3000-e6fe7a0-20260627/runs/gdn-d192-official-sudoku-fs-clean-s3000-20260627T0512Z-e6fe7a0/output/futureseed_loop_case_seed52.html
