mode=full
run_dir=/huyang2/double-loop/.worktrees/gdn-maskcliff-74ed759-20260630T1357Z/runs/gdn-official-maskcliff-fs-d192l10-s1000-20260630T1357Z-74ed759
git_sha=74ed7591d9dba41ccdea0b6c4638112e3bbc4ad5
git_dirty=0
device=cuda torch=2.7.0+cu126 board=9x9 box=3x3 mainline=future_seed_loop backbone=gdn rwkv_kernel=auto gdn_mode=triton_recurrent forward_dtype=bfloat16
checkpoint_eval steps=500,1000 holes=56
[future_seed_loop stage=1:46-64] step=0100 ce=1.8153 total=1.8153 loop1=1.8158 loop_last=1.8153 exact_margin=0.0000 softmin=0.000 upd_l=0.950 upd_h=0.950 fb_next=0.000 fb_corrupt=0.000 fb_conf=0.000 scratch_delta=0.000 scratch_gauss=0.0000
[future_seed_loop stage=1:46-64] step=0200 ce=1.2091 total=1.2091 loop1=1.2939 loop_last=1.2091 exact_margin=0.0000 softmin=0.000 upd_l=0.950 upd_h=0.950 fb_next=0.000 fb_corrupt=0.000 fb_conf=0.000 scratch_delta=0.000 scratch_gauss=0.0000
[future_seed_loop stage=1:46-64] step=0300 ce=1.1216 total=1.1216 loop1=1.2952 loop_last=1.1216 exact_margin=0.0000 softmin=0.000 upd_l=0.950 upd_h=0.950 fb_next=0.000 fb_corrupt=0.000 fb_conf=0.000 scratch_delta=0.000 scratch_gauss=0.0000
[future_seed_loop stage=1:46-64] step=0400 ce=1.0812 total=1.0812 loop1=1.3305 loop_last=1.0812 exact_margin=0.0000 softmin=0.000 upd_l=0.950 upd_h=0.950 fb_next=0.000 fb_corrupt=0.000 fb_conf=0.000 scratch_delta=0.000 scratch_gauss=0.0000
[future_seed_loop stage=1:46-64] step=0500 ce=1.0398 total=1.0398 loop1=1.2423 loop_last=1.0398 exact_margin=0.0000 softmin=0.000 upd_l=0.950 upd_h=0.950 fb_next=0.000 fb_corrupt=0.000 fb_conf=0.000 scratch_delta=0.000 scratch_gauss=0.0000
[checkpoint_eval step=0500 holes56] loop5 exact=0.0156 blank=0.5001
[train_checkpoint step=0500] path=/huyang2/double-loop/.worktrees/gdn-maskcliff-74ed759-20260630T1357Z/runs/gdn-official-maskcliff-fs-d192l10-s1000-20260630T1357Z-74ed759/checkpoints/train_state_step000500.pt
[future_seed_loop stage=1:46-64] step=0600 ce=1.0376 total=1.0376 loop1=1.2668 loop_last=1.0376 exact_margin=0.0000 softmin=0.000 upd_l=0.950 upd_h=0.950 fb_next=0.000 fb_corrupt=0.000 fb_conf=0.000 scratch_delta=0.000 scratch_gauss=0.0000
[future_seed_loop stage=1:46-64] step=0700 ce=1.0455 total=1.0455 loop1=1.2545 loop_last=1.0455 exact_margin=0.0000 softmin=0.000 upd_l=0.950 upd_h=0.950 fb_next=0.000 fb_corrupt=0.000 fb_conf=0.000 scratch_delta=0.000 scratch_gauss=0.0000
[future_seed_loop stage=1:46-64] step=0800 ce=1.0234 total=1.0234 loop1=1.2437 loop_last=1.0234 exact_margin=0.0000 softmin=0.000 upd_l=0.950 upd_h=0.950 fb_next=0.000 fb_corrupt=0.000 fb_conf=0.000 scratch_delta=0.000 scratch_gauss=0.0000
[future_seed_loop stage=1:46-64] step=0900 ce=1.0221 total=1.0221 loop1=1.2030 loop_last=1.0221 exact_margin=0.0000 softmin=0.000 upd_l=0.950 upd_h=0.950 fb_next=0.000 fb_corrupt=0.000 fb_conf=0.000 scratch_delta=0.000 scratch_gauss=0.0000
[future_seed_loop stage=1:46-64] step=1000 ce=1.0091 total=1.0091 loop1=1.1829 loop_last=1.0091 exact_margin=0.0000 softmin=0.000 upd_l=0.950 upd_h=0.950 fb_next=0.000 fb_corrupt=0.000 fb_conf=0.000 scratch_delta=0.000 scratch_gauss=0.0000
[checkpoint_eval step=1000 holes56] loop5 exact=0.0156 blank=0.5184
[train_checkpoint step=1000] path=/huyang2/double-loop/.worktrees/gdn-maskcliff-74ed759-20260630T1357Z/runs/gdn-official-maskcliff-fs-d192l10-s1000-20260630T1357Z-74ed759/checkpoints/train_state_step001000.pt

full-board metrics
loop=1 exact=0.0000, valid=0.0000, solved=0.0000, blank_acc=0.4667, early=0.4595, late=0.4683, early_late_gap=-0.0087
        fs_gate=0.490, fs_update=1.000, fs_state_norm=7.845, fs_decay=0.00, fb_in=0.000, fb_next=0.000, loop_time=0.000, upd_l=0.950, upd_h=0.950, scratch_gate=0.000, scratch_decay=0.000, scratch_delta=0.000, scratch_resid=0.000
loop=2 exact=0.0234, valid=0.0234, solved=0.0234, blank_acc=0.5019, early=0.4986, late=0.5083, early_late_gap=-0.0097
        fs_gate=0.490, fs_update=1.000, fs_state_norm=7.845, fs_decay=0.00, fb_in=0.000, fb_next=0.000, loop_time=0.000, upd_l=0.950, upd_h=0.950, scratch_gate=0.000, scratch_decay=0.000, scratch_delta=0.000, scratch_resid=0.000
loop=3 exact=0.0234, valid=0.0234, solved=0.0234, blank_acc=0.5233, early=0.5160, late=0.5273, early_late_gap=-0.0113
        fs_gate=0.490, fs_update=1.000, fs_state_norm=7.845, fs_decay=0.00, fb_in=0.000, fb_next=0.000, loop_time=0.000, upd_l=0.950, upd_h=0.950, scratch_gate=0.000, scratch_decay=0.000, scratch_delta=0.000, scratch_resid=0.000
loop=4 exact=0.0234, valid=0.0234, solved=0.0234, blank_acc=0.5252, early=0.5193, late=0.5274, early_late_gap=-0.0081
        fs_gate=0.490, fs_update=1.000, fs_state_norm=7.845, fs_decay=0.00, fb_in=0.000, fb_next=0.000, loop_time=0.000, upd_l=0.950, upd_h=0.950, scratch_gate=0.000, scratch_decay=0.000, scratch_delta=0.000, scratch_resid=0.000
loop=5 exact=0.0234, valid=0.0234, solved=0.0234, blank_acc=0.5252, early=0.5190, late=0.5283, early_late_gap=-0.0092
        fs_gate=0.490, fs_update=1.000, fs_state_norm=7.845, fs_decay=0.00, fb_in=0.000, fb_next=0.000, loop_time=0.000, upd_l=0.950, upd_h=0.950, scratch_gate=0.000, scratch_decay=0.000, scratch_delta=0.000, scratch_resid=0.000

official sudoku eval split=test eval_n=512 seed=1051

official blank-range metrics
b46_50 blanks=46-50 n=512 exact=0.9863, valid=0.9863, solved=0.9863, blank_acc=0.9993, early=0.9989, late=0.9996, early_late_gap=-0.0007
b51_55 blanks=51-55 n=512 exact=0.0000, valid=0.0000, solved=0.0000, blank_acc=0.5457, early=0.5412, late=0.5389, early_late_gap=+0.0023
b56_64 blanks=56-64 n=512 exact=0.0000, valid=0.0000, solved=0.0000, blank_acc=0.4879, early=0.4883, late=0.4798, early_late_gap=+0.0086

case-bank artifacts
official_b46_50 exact=0.9805 blank_acc=0.9985 selected={'solved_by_loop': 1, 'almost_solved': 1, 'hard_failure': 0}
  index=/huyang2/double-loop/.worktrees/gdn-maskcliff-74ed759-20260630T1357Z/runs/gdn-official-maskcliff-fs-d192l10-s1000-20260630T1357Z-74ed759/output/case_bank/official_b46_50/index.html
  cases=/huyang2/double-loop/.worktrees/gdn-maskcliff-74ed759-20260630T1357Z/runs/gdn-official-maskcliff-fs-d192l10-s1000-20260630T1357Z-74ed759/output/case_bank/official_b46_50/cases.json
official_b51_55 exact=0.0000 blank_acc=0.5336 selected={'solved_by_loop': 0, 'almost_solved': 0, 'hard_failure': 1}
  index=/huyang2/double-loop/.worktrees/gdn-maskcliff-74ed759-20260630T1357Z/runs/gdn-official-maskcliff-fs-d192l10-s1000-20260630T1357Z-74ed759/output/case_bank/official_b51_55/index.html
  cases=/huyang2/double-loop/.worktrees/gdn-maskcliff-74ed759-20260630T1357Z/runs/gdn-official-maskcliff-fs-d192l10-s1000-20260630T1357Z-74ed759/output/case_bank/official_b51_55/cases.json
official_b56_64 exact=0.0000 blank_acc=0.4886 selected={'solved_by_loop': 0, 'almost_solved': 0, 'hard_failure': 1}
  index=/huyang2/double-loop/.worktrees/gdn-maskcliff-74ed759-20260630T1357Z/runs/gdn-official-maskcliff-fs-d192l10-s1000-20260630T1357Z-74ed759/output/case_bank/official_b56_64/index.html
  cases=/huyang2/double-loop/.worktrees/gdn-maskcliff-74ed759-20260630T1357Z/runs/gdn-official-maskcliff-fs-d192l10-s1000-20260630T1357Z-74ed759/output/case_bank/official_b56_64/cases.json
Depth loop adds useful full-board refinement.
wrote /huyang2/double-loop/.worktrees/gdn-maskcliff-74ed759-20260630T1357Z/runs/gdn-official-maskcliff-fs-d192l10-s1000-20260630T1357Z-74ed759/output/futureseed_loop_seed52.json
wrote /huyang2/double-loop/.worktrees/gdn-maskcliff-74ed759-20260630T1357Z/runs/gdn-official-maskcliff-fs-d192l10-s1000-20260630T1357Z-74ed759/output/futureseed_loop_seed52.md
wrote /huyang2/double-loop/.worktrees/gdn-maskcliff-74ed759-20260630T1357Z/runs/gdn-official-maskcliff-fs-d192l10-s1000-20260630T1357Z-74ed759/output/futureseed_loop_case_seed52.html
