mode=full
run_dir=/huyang2/double-loop/.worktrees/gdn-realbwd-official-sudoku-d192-fs-expandv2-s1500-e2375df-20260629/runs/gdn-d192-official-sudoku-fs-expandv2-s1500-20260629T0455Z-e2375df
git_sha=e2375df572c59dc68b924e996e668946c7b88eb5
git_dirty=0
device=cuda torch=2.7.0+cu126 board=9x9 box=3x3 mainline=future_seed_loop backbone=gdn rwkv_kernel=auto gdn_mode=triton_recurrent forward_dtype=bfloat16
checkpoint_eval steps=800,1200 holes=16
[future_seed_loop stage=1:45-64] step=0100 ce=1.7738 total=1.7738 loop1=1.7733 loop_last=1.7738 exact_margin=0.0000 softmin=0.000 upd_l=0.950 upd_h=0.950 scratch_delta=0.000 scratch_gauss=0.0000
[future_seed_loop stage=1:45-64] step=0200 ce=1.2385 total=1.2385 loop1=1.2445 loop_last=1.2385 exact_margin=0.0000 softmin=0.000 upd_l=0.950 upd_h=0.950 scratch_delta=0.000 scratch_gauss=0.0000
[future_seed_loop stage=1:45-64] step=0300 ce=1.1238 total=1.1238 loop1=1.1900 loop_last=1.1238 exact_margin=0.0000 softmin=0.000 upd_l=0.950 upd_h=0.950 scratch_delta=0.000 scratch_gauss=0.0000
[future_seed_loop stage=1:45-64] step=0400 ce=1.0813 total=1.0813 loop1=1.2510 loop_last=1.0813 exact_margin=0.0000 softmin=0.000 upd_l=0.950 upd_h=0.950 scratch_delta=0.000 scratch_gauss=0.0000
[future_seed_loop stage=1:45-64] step=0500 ce=1.0435 total=1.0435 loop1=1.2519 loop_last=1.0435 exact_margin=0.0000 softmin=0.000 upd_l=0.950 upd_h=0.950 scratch_delta=0.000 scratch_gauss=0.0000
[future_seed_loop stage=1:45-64] step=0600 ce=1.0174 total=1.0174 loop1=1.2495 loop_last=1.0174 exact_margin=0.0000 softmin=0.000 upd_l=0.950 upd_h=0.950 scratch_delta=0.000 scratch_gauss=0.0000
[future_seed_loop stage=1:45-64] step=0700 ce=1.0378 total=1.0378 loop1=1.2394 loop_last=1.0378 exact_margin=0.0000 softmin=0.000 upd_l=0.950 upd_h=0.950 scratch_delta=0.000 scratch_gauss=0.0000
[future_seed_loop stage=1:45-64] step=0800 ce=0.9945 total=0.9945 loop1=1.2371 loop_last=0.9945 exact_margin=0.0000 softmin=0.000 upd_l=0.950 upd_h=0.950 scratch_delta=0.000 scratch_gauss=0.0000
[checkpoint_eval step=0800 holes16] loop5 exact=0.0176 blank=0.5140
[future_seed_loop stage=1:45-64] step=0900 ce=1.0025 total=1.0025 loop1=1.3131 loop_last=1.0025 exact_margin=0.0000 softmin=0.000 upd_l=0.950 upd_h=0.950 scratch_delta=0.000 scratch_gauss=0.0000
[future_seed_loop stage=1:45-64] step=1000 ce=1.0080 total=1.0080 loop1=1.2132 loop_last=1.0080 exact_margin=0.0000 softmin=0.000 upd_l=0.950 upd_h=0.950 scratch_delta=0.000 scratch_gauss=0.0000
[future_seed_loop stage=1:45-64] step=1100 ce=0.9807 total=0.9807 loop1=1.2135 loop_last=0.9807 exact_margin=0.0000 softmin=0.000 upd_l=0.950 upd_h=0.950 scratch_delta=0.000 scratch_gauss=0.0000
[future_seed_loop stage=1:45-64] step=1200 ce=0.9359 total=0.9359 loop1=1.1320 loop_last=0.9359 exact_margin=0.0000 softmin=0.000 upd_l=0.950 upd_h=0.950 scratch_delta=0.000 scratch_gauss=0.0000
[checkpoint_eval step=1200 holes16] loop5 exact=0.0176 blank=0.5288
[future_seed_loop stage=1:45-64] step=1300 ce=0.9656 total=0.9656 loop1=1.1735 loop_last=0.9656 exact_margin=0.0000 softmin=0.000 upd_l=0.950 upd_h=0.950 scratch_delta=0.000 scratch_gauss=0.0000
[future_seed_loop stage=1:45-64] step=1400 ce=1.0216 total=1.0216 loop1=1.1829 loop_last=1.0216 exact_margin=0.0000 softmin=0.000 upd_l=0.950 upd_h=0.950 scratch_delta=0.000 scratch_gauss=0.0000
[future_seed_loop stage=1:45-64] step=1500 ce=0.9812 total=0.9812 loop1=1.1687 loop_last=0.9812 exact_margin=0.0000 softmin=0.000 upd_l=0.950 upd_h=0.950 scratch_delta=0.000 scratch_gauss=0.0000

full-board metrics
loop=1 exact=0.0010, valid=0.0010, solved=0.0010, blank_acc=0.4560, early=0.4554, late=0.4622, early_late_gap=-0.0068
        fs_gate=0.481, fs_update=1.000, fs_state_norm=10.894, fs_decay=0.00, fb_in=0.000, fb_next=0.000, loop_time=0.000, upd_l=0.950, upd_h=0.950, scratch_gate=0.000, scratch_decay=0.000, scratch_delta=0.000, scratch_resid=0.000
loop=2 exact=0.0254, valid=0.0254, solved=0.0254, blank_acc=0.5110, early=0.5079, late=0.5165, early_late_gap=-0.0087
        fs_gate=0.481, fs_update=1.000, fs_state_norm=10.895, fs_decay=0.00, fb_in=0.000, fb_next=0.000, loop_time=0.000, upd_l=0.950, upd_h=0.950, scratch_gate=0.000, scratch_decay=0.000, scratch_delta=0.000, scratch_resid=0.000
loop=3 exact=0.0293, valid=0.0293, solved=0.0293, blank_acc=0.5312, early=0.5292, late=0.5335, early_late_gap=-0.0043
        fs_gate=0.481, fs_update=1.000, fs_state_norm=10.895, fs_decay=0.00, fb_in=0.000, fb_next=0.000, loop_time=0.000, upd_l=0.950, upd_h=0.950, scratch_gate=0.000, scratch_decay=0.000, scratch_delta=0.000, scratch_resid=0.000
loop=4 exact=0.0293, valid=0.0293, solved=0.0293, blank_acc=0.5357, early=0.5344, late=0.5363, early_late_gap=-0.0019
        fs_gate=0.481, fs_update=1.000, fs_state_norm=10.895, fs_decay=0.00, fb_in=0.000, fb_next=0.000, loop_time=0.000, upd_l=0.950, upd_h=0.950, scratch_gate=0.000, scratch_decay=0.000, scratch_delta=0.000, scratch_resid=0.000
loop=5 exact=0.0293, valid=0.0293, solved=0.0293, blank_acc=0.5364, early=0.5357, late=0.5368, early_late_gap=-0.0011
        fs_gate=0.481, fs_update=1.000, fs_state_norm=10.895, fs_decay=0.00, fb_in=0.000, fb_next=0.000, loop_time=0.000, upd_l=0.950, upd_h=0.950, scratch_gate=0.000, scratch_decay=0.000, scratch_delta=0.000, scratch_resid=0.000

official sudoku eval split=test eval_n=2048 seed=1051

case-bank artifacts
official exact=0.0352 blank_acc=0.5410 selected={'solved_by_loop': 3, 'almost_solved': 0, 'hard_failure': 3}
  index=/huyang2/double-loop/.worktrees/gdn-realbwd-official-sudoku-d192-fs-expandv2-s1500-e2375df-20260629/runs/gdn-d192-official-sudoku-fs-expandv2-s1500-20260629T0455Z-e2375df/output/case_bank/official/index.html
  cases=/huyang2/double-loop/.worktrees/gdn-realbwd-official-sudoku-d192-fs-expandv2-s1500-e2375df-20260629/runs/gdn-d192-official-sudoku-fs-expandv2-s1500-20260629T0455Z-e2375df/output/case_bank/official/cases.json
Depth loop adds useful full-board refinement.
wrote /huyang2/double-loop/.worktrees/gdn-realbwd-official-sudoku-d192-fs-expandv2-s1500-e2375df-20260629/runs/gdn-d192-official-sudoku-fs-expandv2-s1500-20260629T0455Z-e2375df/output/futureseed_loop_seed52.json
wrote /huyang2/double-loop/.worktrees/gdn-realbwd-official-sudoku-d192-fs-expandv2-s1500-e2375df-20260629/runs/gdn-d192-official-sudoku-fs-expandv2-s1500-20260629T0455Z-e2375df/output/futureseed_loop_seed52.md
wrote /huyang2/double-loop/.worktrees/gdn-realbwd-official-sudoku-d192-fs-expandv2-s1500-e2375df-20260629/runs/gdn-d192-official-sudoku-fs-expandv2-s1500-20260629T0455Z-e2375df/output/futureseed_loop_case_seed52.html
