mode=full
run_dir=/huyang2/double-loop/.worktrees/d320-effb72-h120-step6800-20260615T0502Z-785f3cd/runs/d320-effb72-h120-resume4000-s6800-20260615T0916Z-785f3cd
git_sha=785f3cdca74aab1f6e9d6a4cc252a17e3aa63731
git_dirty=0
device=cuda torch=2.7.0+cu126 board=12x12 box=3x4 mainline=future_seed_loop rwkv_kernel=statepassing forward_dtype=bfloat16
checkpoint_eval steps=6800 holes=96,108,120,132
resumed_train_checkpoint path=/huyang2/double-loop/.worktrees/d320-effb72-h120-step6800-20260615T0502Z-785f3cd/runs/d320-effb72-h120-step6800-r3-20260615T0513Z-785f3cd/checkpoints/latest.pt step=4000 reason=periodic
[future_seed_loop stage=6:96-108] step=4100 ce=0.7376 total=0.8164 loop1=1.1004 loop_last=0.7376 scratch_delta=0.000 scratch_gauss=0.0000
[future_seed_loop stage=6:96-108] step=4200 ce=0.7705 total=0.8473 loop1=1.1204 loop_last=0.7705 scratch_delta=0.000 scratch_gauss=0.0000
[future_seed_loop stage=6:96-108] step=4300 ce=0.8760 total=0.9314 loop1=1.1385 loop_last=0.8760 scratch_delta=0.000 scratch_gauss=0.0000
[future_seed_loop stage=6:96-108] step=4400 ce=0.7422 total=0.8316 loop1=1.1364 loop_last=0.7422 scratch_delta=0.000 scratch_gauss=0.0000
[future_seed_loop stage=6:96-108] step=4500 ce=0.5749 total=0.7003 loop1=1.1150 loop_last=0.5749 scratch_delta=0.000 scratch_gauss=0.0000
[future_seed_loop stage=6:96-108] step=4600 ce=0.5149 total=0.6468 loop1=1.0973 loop_last=0.5149 scratch_delta=0.000 scratch_gauss=0.0000
[future_seed_loop stage=6:96-108] step=4700 ce=0.4625 total=0.6087 loop1=1.1069 loop_last=0.4625 scratch_delta=0.000 scratch_gauss=0.0000
[future_seed_loop stage=6:96-108] step=4800 ce=0.3893 total=0.5413 loop1=1.0664 loop_last=0.3893 scratch_delta=0.000 scratch_gauss=0.0000
[future_seed_loop stage=6:96-108] step=4900 ce=0.3064 total=0.4830 loop1=1.0901 loop_last=0.3064 scratch_delta=0.000 scratch_gauss=0.0000
[future_seed_loop stage=6:96-108] step=5000 ce=0.3037 total=0.4776 loop1=1.0904 loop_last=0.3037 scratch_delta=0.000 scratch_gauss=0.0000
[train_checkpoint step=5000] path=/huyang2/double-loop/.worktrees/d320-effb72-h120-step6800-20260615T0502Z-785f3cd/runs/d320-effb72-h120-resume4000-s6800-20260615T0916Z-785f3cd/checkpoints/train_state_step005000.pt
[future_seed_loop stage=6:96-108] step=5100 ce=0.2299 total=0.4087 loop1=1.0695 loop_last=0.2299 scratch_delta=0.000 scratch_gauss=0.0000
[future_seed_loop stage=6:96-108] step=5200 ce=0.1846 total=0.3598 loop1=1.0215 loop_last=0.1846 scratch_delta=0.000 scratch_gauss=0.0000
[future_seed_loop stage=6:96-108] step=5300 ce=0.1535 total=0.3380 loop1=1.0414 loop_last=0.1535 scratch_delta=0.000 scratch_gauss=0.0000
[future_seed_loop stage=6:96-108] step=5400 ce=0.1407 total=0.3186 loop1=1.0131 loop_last=0.1407 scratch_delta=0.000 scratch_gauss=0.0000
[future_seed_loop stage=6:96-108] step=5500 ce=0.1242 total=0.2838 loop1=0.9236 loop_last=0.1242 scratch_delta=0.000 scratch_gauss=0.0000
[future_seed_loop stage=6:96-108] step=5600 ce=0.1088 total=0.2794 loop1=0.9630 loop_last=0.1088 scratch_delta=0.000 scratch_gauss=0.0000
[future_seed_loop stage=6:96-108] step=5700 ce=0.1337 total=0.3114 loop1=1.0022 loop_last=0.1337 scratch_delta=0.000 scratch_gauss=0.0000
[future_seed_loop stage=6:96-108] step=5800 ce=0.1013 total=0.2583 loop1=0.8934 loop_last=0.1013 scratch_delta=0.000 scratch_gauss=0.0000
[future_seed_loop stage=7:108-120] step=5900 ce=0.9279 total=1.0805 loop1=1.5841 loop_last=0.9279 scratch_delta=0.000 scratch_gauss=0.0000
[future_seed_loop stage=7:108-120] step=6000 ce=0.8678 total=1.0334 loop1=1.5678 loop_last=0.8678 scratch_delta=0.000 scratch_gauss=0.0000
[train_checkpoint step=6000] path=/huyang2/double-loop/.worktrees/d320-effb72-h120-step6800-20260615T0502Z-785f3cd/runs/d320-effb72-h120-resume4000-s6800-20260615T0916Z-785f3cd/checkpoints/train_state_step006000.pt
[future_seed_loop stage=7:108-120] step=6100 ce=0.8270 total=0.9946 loop1=1.5595 loop_last=0.8270 scratch_delta=0.000 scratch_gauss=0.0000
[future_seed_loop stage=7:108-120] step=6200 ce=0.6933 total=0.8994 loop1=1.5491 loop_last=0.6933 scratch_delta=0.000 scratch_gauss=0.0000
[future_seed_loop stage=7:108-120] step=6300 ce=0.6658 total=0.8746 loop1=1.5456 loop_last=0.6658 scratch_delta=0.000 scratch_gauss=0.0000
[future_seed_loop stage=7:108-120] step=6400 ce=0.7687 total=0.9646 loop1=1.5770 loop_last=0.7687 scratch_delta=0.000 scratch_gauss=0.0000
[future_seed_loop stage=7:108-120] step=6500 ce=0.6499 total=0.8572 loop1=1.5078 loop_last=0.6499 scratch_delta=0.000 scratch_gauss=0.0000
[future_seed_loop stage=7:108-120] step=6600 ce=0.7153 total=0.9107 loop1=1.5352 loop_last=0.7153 scratch_delta=0.000 scratch_gauss=0.0000
[future_seed_loop stage=7:108-120] step=6700 ce=0.7737 total=0.9637 loop1=1.5724 loop_last=0.7737 scratch_delta=0.000 scratch_gauss=0.0000
[future_seed_loop stage=7:108-120] step=6800 ce=0.5860 total=0.7857 loop1=1.4665 loop_last=0.5860 scratch_delta=0.000 scratch_gauss=0.0000
[checkpoint_eval step=6800 holes120] loop6 exact=0.0000 blank=0.4893
[train_checkpoint step=6800] path=/huyang2/double-loop/.worktrees/d320-effb72-h120-step6800-20260615T0502Z-785f3cd/runs/d320-effb72-h120-resume4000-s6800-20260615T0916Z-785f3cd/checkpoints/train_state_step006800.pt

full-board metrics
loop=1 exact=0.0000, valid=0.0000, solved=0.0000, blank_acc=0.3068
        fs_gate=0.588, fs_update=1.000, fs_state_norm=18.822, fs_decay=0.00, fb_in=0.000, fb_next=0.000, loop_time=0.000, scratch_gate=0.000, scratch_decay=0.000, scratch_delta=0.000, scratch_resid=0.000
loop=2 exact=0.0000, valid=0.0000, solved=0.0000, blank_acc=0.4235
        fs_gate=0.588, fs_update=1.000, fs_state_norm=18.822, fs_decay=0.00, fb_in=0.000, fb_next=0.000, loop_time=0.000, scratch_gate=0.000, scratch_decay=0.000, scratch_delta=0.000, scratch_resid=0.000
loop=3 exact=0.0000, valid=0.0000, solved=0.0000, blank_acc=0.4922
        fs_gate=0.588, fs_update=1.000, fs_state_norm=18.822, fs_decay=0.00, fb_in=0.000, fb_next=0.000, loop_time=0.000, scratch_gate=0.000, scratch_decay=0.000, scratch_delta=0.000, scratch_resid=0.000
loop=4 exact=0.0000, valid=0.0000, solved=0.0000, blank_acc=0.5065
        fs_gate=0.588, fs_update=1.000, fs_state_norm=18.822, fs_decay=0.00, fb_in=0.000, fb_next=0.000, loop_time=0.000, scratch_gate=0.000, scratch_decay=0.000, scratch_delta=0.000, scratch_resid=0.000
loop=5 exact=0.0000, valid=0.0000, solved=0.0000, blank_acc=0.5095
        fs_gate=0.588, fs_update=1.000, fs_state_norm=18.822, fs_decay=0.00, fb_in=0.000, fb_next=0.000, loop_time=0.000, scratch_gate=0.000, scratch_decay=0.000, scratch_delta=0.000, scratch_resid=0.000
loop=6 exact=0.0000, valid=0.0000, solved=0.0000, blank_acc=0.5102
        fs_gate=0.588, fs_update=1.000, fs_state_norm=18.822, fs_decay=0.00, fb_in=0.000, fb_next=0.000, loop_time=0.000, scratch_gate=0.000, scratch_decay=0.000, scratch_delta=0.000, scratch_resid=0.000

stochastic rollout metrics
K1 oracle_exact=0.0000 oracle_solved=0.0000 disagree=0.0000
  confidence exact=0.0000, valid=0.0000, solved=0.0000, blank_acc=0.5102; gap=0.0000
  consistency exact=0.0000, valid=0.0000, solved=0.0000, blank_acc=0.5102; gap=0.0000
  residual    exact=0.0000, valid=0.0000, solved=0.0000, blank_acc=0.5102; gap=0.0000
  majority    exact=0.0000, valid=0.0000, solved=0.0000, blank_acc=0.5102; gap=0.0000

compute-scaling rollout metrics
loop1
  K1 oracle_exact=0.0000 confidence_exact=0.0000 residual_exact=0.0000 disagree=0.0000
loop3
  K1 oracle_exact=0.0000 confidence_exact=0.0000 residual_exact=0.0000 disagree=0.0000
loop4
  K1 oracle_exact=0.0000 confidence_exact=0.0000 residual_exact=0.0000 disagree=0.0000
loop5
  K1 oracle_exact=0.0000 confidence_exact=0.0000 residual_exact=0.0000 disagree=0.0000
loop6
  K1 oracle_exact=0.0000 confidence_exact=0.0000 residual_exact=0.0000 disagree=0.0000

hole-transfer metrics
holes=120 exact=0.0000, valid=0.0000, solved=0.0000, blank_acc=0.5102; indep=0.0000, exact/indep=0.00
holes=96 exact=0.9805, valid=0.9824, solved=0.9824, blank_acc=0.9982; indep=0.8387, exact/indep=1.17
holes=108 exact=0.7344, valid=0.7461, solved=0.7461, blank_acc=0.9694; indep=0.0348, exact/indep=21.11
holes=132 exact=0.0000, valid=0.0000, solved=0.0000, blank_acc=0.1635; indep=0.0000, exact/indep=0.00
Depth loop is neutral on full-board exact in this run.
wrote /huyang2/double-loop/.worktrees/d320-effb72-h120-step6800-20260615T0502Z-785f3cd/runs/d320-effb72-h120-resume4000-s6800-20260615T0916Z-785f3cd/output/futureseed_loop_seed52.json
wrote /huyang2/double-loop/.worktrees/d320-effb72-h120-step6800-20260615T0502Z-785f3cd/runs/d320-effb72-h120-resume4000-s6800-20260615T0916Z-785f3cd/output/futureseed_loop_seed52.md
wrote /huyang2/double-loop/.worktrees/d320-effb72-h120-step6800-20260615T0502Z-785f3cd/runs/d320-effb72-h120-resume4000-s6800-20260615T0916Z-785f3cd/output/futureseed_loop_case_seed52.html
recorded run=d320-effb72-h120-resume4000-s6800-20260615T0916Z-785f3cd score=0.0 key=metrics.eval_clean.loop6.label_exact
completed run_dir=/huyang2/double-loop/.worktrees/d320-effb72-h120-step6800-20260615T0502Z-785f3cd/runs/d320-effb72-h120-resume4000-s6800-20260615T0916Z-785f3cd
