Current Python version 3.10 is below the recommended 3.11 version. It is recommended to upgrade to Python 3.11 or higher for the best experience.
[gpu1-contract] start rwkv
/opt/conda/lib/python3.10/site-packages/torch/utils/cpp_extension.py:2356: UserWarning: TORCH_CUDA_ARCH_LIST is not set, all archs for visible cards are included for compilation.
If this is not desired, please set os.environ['TORCH_CUDA_ARCH_LIST'].
  warnings.warn(
[gpu1-contract] pass rwkv
[gpu1-contract] start gdn
[gpu1-contract] pass gdn
[gpu1-contract] start gdn2
[gpu1-contract] pass gdn2
[gpu1-contract] start kda
[gpu1-contract] pass kda
{
  "backbones": {
    "gdn": {
      "fs_gate_mean": 0.5,
      "fs_state_norm": 22.627418518066406,
      "gradient": {
        "expected_missing": [
          "reasoner.blocks.0.future_seed_logit"
        ],
        "global_norm": 1.9663889593697894,
        "nonfinite": [],
        "unexpected_missing": []
      },
      "internal_backbone": "fla_gdn",
      "loss": 2.3151040077209473,
      "output_shape": [
        2,
        81,
        9
      ],
      "parameter_count": 5980468,
      "peak_allocated_mib": 479.0224609375,
      "public_name": "gdn",
      "runtime": {
        "backend_dispatch_disabled": true,
        "conv_backend": "triton",
        "fla_source_sha": "fe8fce9fc6984f22905f54cfa885dce1502baf26",
        "layers": [
          {
            "class": "fla.layers.gated_deltanet.GatedDeltaNet",
            "conv_backends": {
              "k_conv1d": "triton",
              "q_conv1d": "triton",
              "v_conv1d": "triton"
            },
            "layer": 0
          },
          {
            "class": "fla.layers.gated_deltanet.GatedDeltaNet",
            "conv_backends": {
              "k_conv1d": "triton",
              "q_conv1d": "triton",
              "v_conv1d": "triton"
            },
            "layer": 1
          },
          {
            "class": "fla.layers.gated_deltanet.GatedDeltaNet",
            "conv_backends": {
              "k_conv1d": "triton",
              "q_conv1d": "triton",
              "v_conv1d": "triton"
            },
            "layer": 2
          },
          {
            "class": "fla.layers.gated_deltanet.GatedDeltaNet",
            "conv_backends": {
              "k_conv1d": "triton",
              "q_conv1d": "triton",
              "v_conv1d": "triton"
            },
            "layer": 3
          },
          {
            "class": "fla.layers.gated_deltanet.GatedDeltaNet",
            "conv_backends": {
              "k_conv1d": "triton",
              "q_conv1d": "triton",
              "v_conv1d": "triton"
            },
            "layer": 4
          },
          {
            "class": "fla.layers.gated_deltanet.GatedDeltaNet",
            "conv_backends": {
              "k_conv1d": "triton",
              "q_conv1d": "triton",
              "v_conv1d": "triton"
            },
            "layer": 5
          },
          {
            "class": "fla.layers.gated_deltanet.GatedDeltaNet",
            "conv_backends": {
              "k_conv1d": "triton",
              "q_conv1d": "triton",
              "v_conv1d": "triton"
            },
            "layer": 6
          },
          {
            "class": "fla.layers.gated_deltanet.GatedDeltaNet",
            "conv_backends": {
              "k_conv1d": "triton",
              "q_conv1d": "triton",
              "v_conv1d": "triton"
            },
            "layer": 7
          },
          {
            "class": "fla.layers.gated_deltanet.GatedDeltaNet",
            "conv_backends": {
              "k_conv1d": "triton",
              "q_conv1d": "triton",
              "v_conv1d": "triton"
            },
            "layer": 8
          },
          {
            "class": "fla.layers.gated_deltanet.GatedDeltaNet",
            "conv_backends": {
              "k_conv1d": "triton",
              "q_conv1d": "triton",
              "v_conv1d": "triton"
            },
            "layer": 9
          }
        ],
        "strict": true
      },
      "smoke_wall_sec": 68.84852983802557,
      "trainable_parameter_count": 5980468
    },
    "gdn2": {
      "fs_gate_mean": 0.5,
      "fs_state_norm": 22.627418518066406,
      "gradient": {
        "expected_missing": [
          "reasoner.blocks.0.future_seed_logit"
        ],
        "global_norm": 2.738047501797934,
        "nonfinite": [],
        "unexpected_missing": []
      },
      "internal_backbone": "gdn2",
      "loss": 2.2919044494628906,
      "output_shape": [
        2,
        81,
        9
      ],
      "parameter_count": 6946168,
      "peak_allocated_mib": 537.35546875,
      "public_name": "gdn2",
      "runtime": {
        "backend_dispatch_disabled": true,
        "conv_backend": "triton",
        "fla_source_sha": "fe8fce9fc6984f22905f54cfa885dce1502baf26",
        "layers": [
          {
            "class": "fla.layers.gdn2.GatedDeltaNet2",
            "conv_backends": {
              "k_conv1d": "triton",
              "q_conv1d": "triton",
              "v_conv1d": "triton"
            },
            "layer": 0
          },
          {
            "class": "fla.layers.gdn2.GatedDeltaNet2",
            "conv_backends": {
              "k_conv1d": "triton",
              "q_conv1d": "triton",
              "v_conv1d": "triton"
            },
            "layer": 1
          },
          {
            "class": "fla.layers.gdn2.GatedDeltaNet2",
            "conv_backends": {
              "k_conv1d": "triton",
              "q_conv1d": "triton",
              "v_conv1d": "triton"
            },
            "layer": 2
          },
          {
            "class": "fla.layers.gdn2.GatedDeltaNet2",
            "conv_backends": {
              "k_conv1d": "triton",
              "q_conv1d": "triton",
              "v_conv1d": "triton"
            },
            "layer": 3
          },
          {
            "class": "fla.layers.gdn2.GatedDeltaNet2",
            "conv_backends": {
              "k_conv1d": "triton",
              "q_conv1d": "triton",
              "v_conv1d": "triton"
            },
            "layer": 4
          },
          {
            "class": "fla.layers.gdn2.GatedDeltaNet2",
            "conv_backends": {
              "k_conv1d": "triton",
              "q_conv1d": "triton",
              "v_conv1d": "triton"
            },
            "layer": 5
          },
          {
            "class": "fla.layers.gdn2.GatedDeltaNet2",
            "conv_backends": {
              "k_conv1d": "triton",
              "q_conv1d": "triton",
              "v_conv1d": "triton"
            },
            "layer": 6
          },
          {
            "class": "fla.layers.gdn2.GatedDeltaNet2",
            "conv_backends": {
              "k_conv1d": "triton",
              "q_conv1d": "triton",
              "v_conv1d": "triton"
            },
            "layer": 7
          },
          {
            "class": "fla.layers.gdn2.GatedDeltaNet2",
            "conv_backends": {
              "k_conv1d": "triton",
              "q_conv1d": "triton",
              "v_conv1d": "triton"
            },
            "layer": 8
          },
          {
            "class": "fla.layers.gdn2.GatedDeltaNet2",
            "conv_backends": {
              "k_conv1d": "triton",
              "q_conv1d": "triton",
              "v_conv1d": "triton"
            },
            "layer": 9
          }
        ],
        "strict": true
      },
      "smoke_wall_sec": 43.35264099994674,
      "trainable_parameter_count": 6946168
    },
    "kda": {
      "fs_gate_mean": 0.5,
      "fs_state_norm": 22.627418518066406,
      "gradient": {
        "expected_missing": [
          "reasoner.blocks.0.future_seed_logit"
        ],
        "global_norm": 2.855874249276198,
        "nonfinite": [],
        "unexpected_missing": []
      },
      "internal_backbone": "kda",
      "loss": 2.4083499908447266,
      "output_shape": [
        2,
        81,
        9
      ],
      "parameter_count": 5851768,
      "peak_allocated_mib": 491.98876953125,
      "public_name": "kda",
      "runtime": {
        "backend_dispatch_disabled": true,
        "conv_backend": "triton",
        "fla_source_sha": "fe8fce9fc6984f22905f54cfa885dce1502baf26",
        "layers": [
          {
            "class": "fla.layers.kda.KimiDeltaAttention",
            "conv_backends": {
              "k_conv1d": "triton",
              "q_conv1d": "triton",
              "v_conv1d": "triton"
            },
            "layer": 0
          },
          {
            "class": "fla.layers.kda.KimiDeltaAttention",
            "conv_backends": {
              "k_conv1d": "triton",
              "q_conv1d": "triton",
              "v_conv1d": "triton"
            },
            "layer": 1
          },
          {
            "class": "fla.layers.kda.KimiDeltaAttention",
            "conv_backends": {
              "k_conv1d": "triton",
              "q_conv1d": "triton",
              "v_conv1d": "triton"
            },
            "layer": 2
          },
          {
            "class": "fla.layers.kda.KimiDeltaAttention",
            "conv_backends": {
              "k_conv1d": "triton",
              "q_conv1d": "triton",
              "v_conv1d": "triton"
            },
            "layer": 3
          },
          {
            "class": "fla.layers.kda.KimiDeltaAttention",
            "conv_backends": {
              "k_conv1d": "triton",
              "q_conv1d": "triton",
              "v_conv1d": "triton"
            },
            "layer": 4
          },
          {
            "class": "fla.layers.kda.KimiDeltaAttention",
            "conv_backends": {
              "k_conv1d": "triton",
              "q_conv1d": "triton",
              "v_conv1d": "triton"
            },
            "layer": 5
          },
          {
            "class": "fla.layers.kda.KimiDeltaAttention",
            "conv_backends": {
              "k_conv1d": "triton",
              "q_conv1d": "triton",
              "v_conv1d": "triton"
            },
            "layer": 6
          },
          {
            "class": "fla.layers.kda.KimiDeltaAttention",
            "conv_backends": {
              "k_conv1d": "triton",
              "q_conv1d": "triton",
              "v_conv1d": "triton"
            },
            "layer": 7
          },
          {
            "class": "fla.layers.kda.KimiDeltaAttention",
            "conv_backends": {
              "k_conv1d": "triton",
              "q_conv1d": "triton",
              "v_conv1d": "triton"
            },
            "layer": 8
          },
          {
            "class": "fla.layers.kda.KimiDeltaAttention",
            "conv_backends": {
              "k_conv1d": "triton",
              "q_conv1d": "triton",
              "v_conv1d": "triton"
            },
            "layer": 9
          }
        ],
        "strict": true
      },
      "smoke_wall_sec": 38.3626906699501,
      "trainable_parameter_count": 5851768
    },
    "rwkv": {
      "fs_gate_mean": 0.5,
      "fs_state_norm": 16.0,
      "gradient": {
        "expected_missing": [
          "reasoner.blocks.0.future_seed_logit"
        ],
        "global_norm": 1.6412975448363012,
        "nonfinite": [],
        "unexpected_missing": []
      },
      "internal_backbone": "rwkv",
      "loss": 2.2696337699890137,
      "output_shape": [
        2,
        81,
        9
      ],
      "parameter_count": 5580348,
      "peak_allocated_mib": 272.34228515625,
      "public_name": "rwkv",
      "runtime": {
        "available": true,
        "implementation": "local_rwkv7_statepassing",
        "kernel": "statepassing",
        "reason": "ok"
      },
      "smoke_wall_sec": 1.3135070609860122,
      "trainable_parameter_count": 5580348
    }
  },
  "contract": {
    "d_model": 192,
    "future_seed_scale": 1.0,
    "gdn_expand_v": 2.0,
    "head_dim": 32,
    "heads": 6,
    "layers": 10,
    "loops_smoke": 2
  },
  "cuda_visible_devices": "0",
  "device": "NVIDIA A800-SXM4-80GB",
  "torch": "2.7.0+cu126"
}
