launch_utc=2026-06-16T05:48:20Z
run_name=d320-mb48eff96-h120-s22600-20260616T0550Z-1adbda1
worktree=/huyang2/double-loop/.worktrees/d320-mb48eff96-h120-s22600-20260616T0550Z-1adbda1
source_sha=1adbda189b775d29c4ba2c30e31b7b92b5df556b
resume_checkpoint=/huyang2/double-loop/.worktrees/d320-mb48eff96-h120-s19600-20260616T0400Z-7e1ddba/runs/d320-mb48eff96-h120-s19600-20260616T0400Z-7e1ddba/checkpoints/latest.pt
experiment=packed D320 h120 continuation, microbatch48 x grad_accum2 effective_batch96, step19600 to step22600
mode=full
run_dir=/huyang2/double-loop/.worktrees/d320-mb48eff96-h120-s22600-20260616T0550Z-1adbda1/runs/d320-mb48eff96-h120-s22600-20260616T0550Z-1adbda1
git_sha=1adbda189b775d29c4ba2c30e31b7b92b5df556b
git_dirty=0
device=cuda torch=2.7.0+cu126 board=12x12 box=3x4 mainline=future_seed_loop rwkv_kernel=statepassing forward_dtype=bfloat16
checkpoint_eval steps=20600,21600,22600 holes=96,108,120,132
resumed_train_checkpoint path=/huyang2/double-loop/.worktrees/d320-mb48eff96-h120-s19600-20260616T0400Z-7e1ddba/runs/d320-mb48eff96-h120-s19600-20260616T0400Z-7e1ddba/checkpoints/latest.pt step=19600 reason=eval_checkpoint
/opt/conda/lib/python3.10/site-packages/torch/utils/cpp_extension.py:2356: UserWarning: TORCH_CUDA_ARCH_LIST is not set, all archs for visible cards are included for compilation. 
If this is not desired, please set os.environ['TORCH_CUDA_ARCH_LIST'].
  warnings.warn(
[future_seed_loop stage=7:108-120] step=19700 ce=0.1362 total=0.2763 loop1=0.8554 loop_last=0.1362 scratch_delta=0.000 scratch_gauss=0.0000
[future_seed_loop stage=7:108-120] step=19800 ce=0.0666 total=0.1997 loop1=0.7659 loop_last=0.0666 scratch_delta=0.000 scratch_gauss=0.0000
[train_checkpoint step=19800] path=/huyang2/double-loop/.worktrees/d320-mb48eff96-h120-s22600-20260616T0550Z-1adbda1/runs/d320-mb48eff96-h120-s22600-20260616T0550Z-1adbda1/checkpoints/train_state_step019800.pt
[future_seed_loop stage=7:108-120] step=19900 ce=0.1274 total=0.2746 loop1=0.8922 loop_last=0.1274 scratch_delta=0.000 scratch_gauss=0.0000
[future_seed_loop stage=7:108-120] step=20000 ce=0.1785 total=0.3113 loop1=0.8680 loop_last=0.1785 scratch_delta=0.000 scratch_gauss=0.0000
[train_checkpoint step=20000] path=/huyang2/double-loop/.worktrees/d320-mb48eff96-h120-s22600-20260616T0550Z-1adbda1/runs/d320-mb48eff96-h120-s22600-20260616T0550Z-1adbda1/checkpoints/train_state_step020000.pt
[future_seed_loop stage=7:108-120] step=20100 ce=0.0858 total=0.2174 loop1=0.7828 loop_last=0.0858 scratch_delta=0.000 scratch_gauss=0.0000
[future_seed_loop stage=7:108-120] step=20200 ce=0.0572 total=0.1849 loop1=0.7317 loop_last=0.0572 scratch_delta=0.000 scratch_gauss=0.0000
[train_checkpoint step=20200] path=/huyang2/double-loop/.worktrees/d320-mb48eff96-h120-s22600-20260616T0550Z-1adbda1/runs/d320-mb48eff96-h120-s22600-20260616T0550Z-1adbda1/checkpoints/train_state_step020200.pt
[future_seed_loop stage=7:108-120] step=20300 ce=0.0705 total=0.1773 loop1=0.6487 loop_last=0.0705 scratch_delta=0.000 scratch_gauss=0.0000
[future_seed_loop stage=7:108-120] step=20400 ce=0.1139 total=0.2459 loop1=0.7911 loop_last=0.1139 scratch_delta=0.000 scratch_gauss=0.0000
[train_checkpoint step=20400] path=/huyang2/double-loop/.worktrees/d320-mb48eff96-h120-s22600-20260616T0550Z-1adbda1/runs/d320-mb48eff96-h120-s22600-20260616T0550Z-1adbda1/checkpoints/train_state_step020400.pt
[future_seed_loop stage=7:108-120] step=20500 ce=0.1073 total=0.2441 loop1=0.8181 loop_last=0.1073 scratch_delta=0.000 scratch_gauss=0.0000
[future_seed_loop stage=7:108-120] step=20600 ce=0.1091 total=0.2532 loop1=0.8406 loop_last=0.1091 scratch_delta=0.000 scratch_gauss=0.0000
[checkpoint_eval step=20600 holes120] loop6 exact=0.2637 blank=0.8319
[train_checkpoint step=20600] path=/huyang2/double-loop/.worktrees/d320-mb48eff96-h120-s22600-20260616T0550Z-1adbda1/runs/d320-mb48eff96-h120-s22600-20260616T0550Z-1adbda1/checkpoints/train_state_step020600.pt
[future_seed_loop stage=7:108-120] step=20700 ce=0.1122 total=0.2183 loop1=0.6634 loop_last=0.1122 scratch_delta=0.000 scratch_gauss=0.0000
[future_seed_loop stage=7:108-120] step=20800 ce=0.0885 total=0.2321 loop1=0.8309 loop_last=0.0885 scratch_delta=0.000 scratch_gauss=0.0000
[train_checkpoint step=20800] path=/huyang2/double-loop/.worktrees/d320-mb48eff96-h120-s22600-20260616T0550Z-1adbda1/runs/d320-mb48eff96-h120-s22600-20260616T0550Z-1adbda1/checkpoints/train_state_step020800.pt
[future_seed_loop stage=7:108-120] step=20900 ce=0.0908 total=0.2137 loop1=0.7570 loop_last=0.0908 scratch_delta=0.000 scratch_gauss=0.0000
[future_seed_loop stage=7:108-120] step=21000 ce=0.1569 total=0.3088 loop1=0.8933 loop_last=0.1569 scratch_delta=0.000 scratch_gauss=0.0000
[train_checkpoint step=21000] path=/huyang2/double-loop/.worktrees/d320-mb48eff96-h120-s22600-20260616T0550Z-1adbda1/runs/d320-mb48eff96-h120-s22600-20260616T0550Z-1adbda1/checkpoints/train_state_step021000.pt
[future_seed_loop stage=7:108-120] step=21100 ce=0.1303 total=0.2576 loop1=0.7973 loop_last=0.1303 scratch_delta=0.000 scratch_gauss=0.0000
[future_seed_loop stage=7:108-120] step=21200 ce=0.1605 total=0.2993 loop1=0.8738 loop_last=0.1605 scratch_delta=0.000 scratch_gauss=0.0000
[train_checkpoint step=21200] path=/huyang2/double-loop/.worktrees/d320-mb48eff96-h120-s22600-20260616T0550Z-1adbda1/runs/d320-mb48eff96-h120-s22600-20260616T0550Z-1adbda1/checkpoints/train_state_step021200.pt
[future_seed_loop stage=7:108-120] step=21300 ce=0.1199 total=0.2633 loop1=0.8674 loop_last=0.1199 scratch_delta=0.000 scratch_gauss=0.0000
[future_seed_loop stage=7:108-120] step=21400 ce=0.1416 total=0.2778 loop1=0.8355 loop_last=0.1416 scratch_delta=0.000 scratch_gauss=0.0000
[train_checkpoint step=21400] path=/huyang2/double-loop/.worktrees/d320-mb48eff96-h120-s22600-20260616T0550Z-1adbda1/runs/d320-mb48eff96-h120-s22600-20260616T0550Z-1adbda1/checkpoints/train_state_step021400.pt
[future_seed_loop stage=7:108-120] step=21500 ce=0.1161 total=0.2429 loop1=0.7594 loop_last=0.1161 scratch_delta=0.000 scratch_gauss=0.0000
[future_seed_loop stage=7:108-120] step=21600 ce=0.1124 total=0.2258 loop1=0.7054 loop_last=0.1124 scratch_delta=0.000 scratch_gauss=0.0000
[checkpoint_eval step=21600 holes120] loop6 exact=0.2676 blank=0.8483
[train_checkpoint step=21600] path=/huyang2/double-loop/.worktrees/d320-mb48eff96-h120-s22600-20260616T0550Z-1adbda1/runs/d320-mb48eff96-h120-s22600-20260616T0550Z-1adbda1/checkpoints/train_state_step021600.pt
[future_seed_loop stage=7:108-120] step=21700 ce=0.0700 total=0.2329 loop1=0.8595 loop_last=0.0700 scratch_delta=0.000 scratch_gauss=0.0000
[future_seed_loop stage=7:108-120] step=21800 ce=0.1002 total=0.2082 loop1=0.6823 loop_last=0.1002 scratch_delta=0.000 scratch_gauss=0.0000
[train_checkpoint step=21800] path=/huyang2/double-loop/.worktrees/d320-mb48eff96-h120-s22600-20260616T0550Z-1adbda1/runs/d320-mb48eff96-h120-s22600-20260616T0550Z-1adbda1/checkpoints/train_state_step021800.pt
[future_seed_loop stage=7:108-120] step=21900 ce=0.1562 total=0.2910 loop1=0.8406 loop_last=0.1562 scratch_delta=0.000 scratch_gauss=0.0000
[future_seed_loop stage=7:108-120] step=22000 ce=0.1489 total=0.2616 loop1=0.7456 loop_last=0.1489 scratch_delta=0.000 scratch_gauss=0.0000
[train_checkpoint step=22000] path=/huyang2/double-loop/.worktrees/d320-mb48eff96-h120-s22600-20260616T0550Z-1adbda1/runs/d320-mb48eff96-h120-s22600-20260616T0550Z-1adbda1/checkpoints/train_state_step022000.pt
[future_seed_loop stage=7:108-120] step=22100 ce=0.1520 total=0.2625 loop1=0.7626 loop_last=0.1520 scratch_delta=0.000 scratch_gauss=0.0000
[future_seed_loop stage=7:108-120] step=22200 ce=0.1400 total=0.2640 loop1=0.7886 loop_last=0.1400 scratch_delta=0.000 scratch_gauss=0.0000
[train_checkpoint step=22200] path=/huyang2/double-loop/.worktrees/d320-mb48eff96-h120-s22600-20260616T0550Z-1adbda1/runs/d320-mb48eff96-h120-s22600-20260616T0550Z-1adbda1/checkpoints/train_state_step022200.pt
[future_seed_loop stage=7:108-120] step=22300 ce=0.1315 total=0.2573 loop1=0.7872 loop_last=0.1315 scratch_delta=0.000 scratch_gauss=0.0000
[future_seed_loop stage=7:108-120] step=22400 ce=0.1548 total=0.2804 loop1=0.8059 loop_last=0.1548 scratch_delta=0.000 scratch_gauss=0.0000
[train_checkpoint step=22400] path=/huyang2/double-loop/.worktrees/d320-mb48eff96-h120-s22600-20260616T0550Z-1adbda1/runs/d320-mb48eff96-h120-s22600-20260616T0550Z-1adbda1/checkpoints/train_state_step022400.pt
[future_seed_loop stage=7:108-120] step=22500 ce=0.0877 total=0.2134 loop1=0.7505 loop_last=0.0877 scratch_delta=0.000 scratch_gauss=0.0000
[future_seed_loop stage=7:108-120] step=22600 ce=0.1112 total=0.2134 loop1=0.6471 loop_last=0.1112 scratch_delta=0.000 scratch_gauss=0.0000
[checkpoint_eval step=22600 holes120] loop6 exact=0.2461 blank=0.8343
[train_checkpoint step=22600] path=/huyang2/double-loop/.worktrees/d320-mb48eff96-h120-s22600-20260616T0550Z-1adbda1/runs/d320-mb48eff96-h120-s22600-20260616T0550Z-1adbda1/checkpoints/train_state_step022600.pt

full-board metrics
loop=1 exact=0.0000, valid=0.0000, solved=0.0000, blank_acc=0.4644
        fs_gate=0.620, fs_update=1.000, fs_state_norm=19.852, fs_decay=0.00, fb_in=0.000, fb_next=0.000, loop_time=0.000, scratch_gate=0.000, scratch_decay=0.000, scratch_delta=0.000, scratch_resid=0.000
loop=2 exact=0.0156, valid=0.0156, solved=0.0156, blank_acc=0.7425
        fs_gate=0.620, fs_update=1.000, fs_state_norm=19.852, fs_decay=0.00, fb_in=0.000, fb_next=0.000, loop_time=0.000, scratch_gate=0.000, scratch_decay=0.000, scratch_delta=0.000, scratch_resid=0.000
loop=3 exact=0.1914, valid=0.1914, solved=0.1914, blank_acc=0.8270
        fs_gate=0.620, fs_update=1.000, fs_state_norm=19.852, fs_decay=0.00, fb_in=0.000, fb_next=0.000, loop_time=0.000, scratch_gate=0.000, scratch_decay=0.000, scratch_delta=0.000, scratch_resid=0.000
loop=4 exact=0.2656, valid=0.2656, solved=0.2656, blank_acc=0.8375
        fs_gate=0.620, fs_update=1.000, fs_state_norm=19.852, fs_decay=0.00, fb_in=0.000, fb_next=0.000, loop_time=0.000, scratch_gate=0.000, scratch_decay=0.000, scratch_delta=0.000, scratch_resid=0.000
loop=5 exact=0.2715, valid=0.2715, solved=0.2715, blank_acc=0.8393
        fs_gate=0.620, fs_update=1.000, fs_state_norm=19.852, fs_decay=0.00, fb_in=0.000, fb_next=0.000, loop_time=0.000, scratch_gate=0.000, scratch_decay=0.000, scratch_delta=0.000, scratch_resid=0.000
loop=6 exact=0.2754, valid=0.2754, solved=0.2754, blank_acc=0.8397
        fs_gate=0.620, fs_update=1.000, fs_state_norm=19.852, fs_decay=0.00, fb_in=0.000, fb_next=0.000, loop_time=0.000, scratch_gate=0.000, scratch_decay=0.000, scratch_delta=0.000, scratch_resid=0.000

stochastic rollout metrics
K1 oracle_exact=0.2754 oracle_solved=0.2754 disagree=0.0000
  confidence exact=0.2754, valid=0.2754, solved=0.2754, blank_acc=0.8397; gap=0.0000
  consistency exact=0.2754, valid=0.2754, solved=0.2754, blank_acc=0.8397; gap=0.0000
  residual    exact=0.2754, valid=0.2754, solved=0.2754, blank_acc=0.8397; gap=0.0000
  majority    exact=0.2754, valid=0.2754, solved=0.2754, blank_acc=0.8397; gap=0.0000

compute-scaling rollout metrics
loop1
  K1 oracle_exact=0.0000 confidence_exact=0.0000 residual_exact=0.0000 disagree=0.0000
loop3
  K1 oracle_exact=0.1914 confidence_exact=0.1914 residual_exact=0.1914 disagree=0.0000
loop4
  K1 oracle_exact=0.2656 confidence_exact=0.2656 residual_exact=0.2656 disagree=0.0000
loop5
  K1 oracle_exact=0.2715 confidence_exact=0.2715 residual_exact=0.2715 disagree=0.0000
loop6
  K1 oracle_exact=0.2754 confidence_exact=0.2754 residual_exact=0.2754 disagree=0.0000

hole-transfer metrics
holes=120 exact=0.2754, valid=0.2754, solved=0.2754, blank_acc=0.8397; indep=0.0000, exact/indep=350116073.52
holes=96 exact=0.9961, valid=0.9961, solved=0.9961, blank_acc=0.9996; indep=0.9598, exact/indep=1.04
holes=108 exact=0.9492, valid=0.9492, solved=0.9492, blank_acc=0.9944; indep=0.5438, exact/indep=1.75
holes=132 exact=0.0000, valid=0.0000, solved=0.0000, blank_acc=0.1693; indep=0.0000, exact/indep=0.00
Depth loop adds useful full-board refinement.
wrote /huyang2/double-loop/.worktrees/d320-mb48eff96-h120-s22600-20260616T0550Z-1adbda1/runs/d320-mb48eff96-h120-s22600-20260616T0550Z-1adbda1/output/futureseed_loop_seed52.json
wrote /huyang2/double-loop/.worktrees/d320-mb48eff96-h120-s22600-20260616T0550Z-1adbda1/runs/d320-mb48eff96-h120-s22600-20260616T0550Z-1adbda1/output/futureseed_loop_seed52.md
wrote /huyang2/double-loop/.worktrees/d320-mb48eff96-h120-s22600-20260616T0550Z-1adbda1/runs/d320-mb48eff96-h120-s22600-20260616T0550Z-1adbda1/output/futureseed_loop_case_seed52.html
recorded run=d320-mb48eff96-h120-s22600-20260616T0550Z-1adbda1 score=0.275390625 key=metrics.eval_clean.loop6.label_exact
completed run_dir=/huyang2/double-loop/.worktrees/d320-mb48eff96-h120-s22600-20260616T0550Z-1adbda1/runs/d320-mb48eff96-h120-s22600-20260616T0550Z-1adbda1
