mode=full
run_dir=/huyang2/double-loop/.worktrees/d320-updategate-remap-s23600-20260616T1005Z-8e2e217/runs/d320-updategate-remap-s23600-20260616T1005Z-8e2e217
git_sha=8e2e217834f3482e448a14b8d37f168b299f8796
git_dirty=0
device=cuda torch=2.7.0+cu126 board=12x12 box=3x4 mainline=future_seed_loop rwkv_kernel=statepassing forward_dtype=bfloat16
checkpoint_eval steps=23100,23600 holes=96,108,120,132
resumed_train_checkpoint path=/huyang2/double-loop/.worktrees/d320-mb48eff96-h120-s22600-20260616T0550Z-1adbda1/runs/d320-mb48eff96-h120-s22600-20260616T0550Z-1adbda1/checkpoints/latest.pt step=22600 reason=eval_checkpoint
/opt/conda/lib/python3.10/site-packages/torch/utils/cpp_extension.py:2356: UserWarning: TORCH_CUDA_ARCH_LIST is not set, all archs for visible cards are included for compilation. 
If this is not desired, please set os.environ['TORCH_CUDA_ARCH_LIST'].
  warnings.warn(
[future_seed_loop stage=7:108-120] step=22700 ce=0.1258 total=0.2311 loop1=0.6968 loop_last=0.1258 upd_l=0.957 upd_h=0.957 scratch_delta=0.000 scratch_gauss=0.0000
[future_seed_loop stage=7:108-120] step=22800 ce=0.0733 total=0.1904 loop1=0.6904 loop_last=0.0733 upd_l=0.962 upd_h=0.962 scratch_delta=0.000 scratch_gauss=0.0000
[train_checkpoint step=22800] path=/huyang2/double-loop/.worktrees/d320-updategate-remap-s23600-20260616T1005Z-8e2e217/runs/d320-updategate-remap-s23600-20260616T1005Z-8e2e217/checkpoints/train_state_step022800.pt
[future_seed_loop stage=7:108-120] step=22900 ce=0.1127 total=0.2465 loop1=0.7999 loop_last=0.1127 upd_l=0.967 upd_h=0.967 scratch_delta=0.000 scratch_gauss=0.0000
[future_seed_loop stage=7:108-120] step=23000 ce=0.0879 total=0.2080 loop1=0.7110 loop_last=0.0879 upd_l=0.971 upd_h=0.970 scratch_delta=0.000 scratch_gauss=0.0000
[train_checkpoint step=23000] path=/huyang2/double-loop/.worktrees/d320-updategate-remap-s23600-20260616T1005Z-8e2e217/runs/d320-updategate-remap-s23600-20260616T1005Z-8e2e217/checkpoints/train_state_step023000.pt
[future_seed_loop stage=7:108-120] step=23100 ce=0.1028 total=0.2439 loop1=0.8266 loop_last=0.1028 upd_l=0.974 upd_h=0.974 scratch_delta=0.000 scratch_gauss=0.0000
[checkpoint_eval step=23100 holes120] loop6 exact=0.2754 blank=0.8440
[train_checkpoint step=23100] path=/huyang2/double-loop/.worktrees/d320-updategate-remap-s23600-20260616T1005Z-8e2e217/runs/d320-updategate-remap-s23600-20260616T1005Z-8e2e217/checkpoints/train_state_step023100.pt
[future_seed_loop stage=7:108-120] step=23200 ce=0.1272 total=0.2300 loop1=0.6666 loop_last=0.1272 upd_l=0.977 upd_h=0.976 scratch_delta=0.000 scratch_gauss=0.0000
[train_checkpoint step=23200] path=/huyang2/double-loop/.worktrees/d320-updategate-remap-s23600-20260616T1005Z-8e2e217/runs/d320-updategate-remap-s23600-20260616T1005Z-8e2e217/checkpoints/train_state_step023200.pt
[future_seed_loop stage=7:108-120] step=23300 ce=0.1379 total=0.2384 loop1=0.6865 loop_last=0.1379 upd_l=0.978 upd_h=0.978 scratch_delta=0.000 scratch_gauss=0.0000
[future_seed_loop stage=7:108-120] step=23400 ce=0.0853 total=0.1996 loop1=0.6902 loop_last=0.0853 upd_l=0.980 upd_h=0.980 scratch_delta=0.000 scratch_gauss=0.0000
[train_checkpoint step=23400] path=/huyang2/double-loop/.worktrees/d320-updategate-remap-s23600-20260616T1005Z-8e2e217/runs/d320-updategate-remap-s23600-20260616T1005Z-8e2e217/checkpoints/train_state_step023400.pt
[future_seed_loop stage=7:108-120] step=23500 ce=0.1372 total=0.2545 loop1=0.7556 loop_last=0.1372 upd_l=0.982 upd_h=0.982 scratch_delta=0.000 scratch_gauss=0.0000
[future_seed_loop stage=7:108-120] step=23600 ce=0.0884 total=0.2177 loop1=0.7615 loop_last=0.0884 upd_l=0.984 upd_h=0.983 scratch_delta=0.000 scratch_gauss=0.0000
[checkpoint_eval step=23600 holes120] loop6 exact=0.3496 blank=0.8644
[train_checkpoint step=23600] path=/huyang2/double-loop/.worktrees/d320-updategate-remap-s23600-20260616T1005Z-8e2e217/runs/d320-updategate-remap-s23600-20260616T1005Z-8e2e217/checkpoints/train_state_step023600.pt

full-board metrics
loop=1 exact=0.0000, valid=0.0000, solved=0.0000, blank_acc=0.4854
        fs_gate=0.621, fs_update=1.000, fs_state_norm=19.875, fs_decay=0.00, fb_in=0.000, fb_next=0.000, loop_time=0.000, upd_l=0.894, upd_h=0.788, scratch_gate=0.000, scratch_decay=0.000, scratch_delta=0.000, scratch_resid=0.000
loop=2 exact=0.0254, valid=0.0254, solved=0.0254, blank_acc=0.7504
        fs_gate=0.621, fs_update=1.000, fs_state_norm=19.875, fs_decay=0.00, fb_in=0.000, fb_next=0.000, loop_time=0.000, upd_l=0.779, upd_h=0.708, scratch_gate=0.000, scratch_decay=0.000, scratch_delta=0.000, scratch_resid=0.000
loop=3 exact=0.2734, valid=0.2754, solved=0.2754, blank_acc=0.8298
        fs_gate=0.621, fs_update=1.000, fs_state_norm=19.875, fs_decay=0.00, fb_in=0.000, fb_next=0.000, loop_time=0.000, upd_l=0.811, upd_h=0.676, scratch_gate=0.000, scratch_decay=0.000, scratch_delta=0.000, scratch_resid=0.000
loop=4 exact=0.3145, valid=0.3262, solved=0.3262, blank_acc=0.8473
        fs_gate=0.621, fs_update=1.000, fs_state_norm=19.875, fs_decay=0.00, fb_in=0.000, fb_next=0.000, loop_time=0.000, upd_l=0.975, upd_h=0.961, scratch_gate=0.000, scratch_decay=0.000, scratch_delta=0.000, scratch_resid=0.000
loop=5 exact=0.3281, valid=0.3398, solved=0.3398, blank_acc=0.8495
        fs_gate=0.621, fs_update=1.000, fs_state_norm=19.875, fs_decay=0.00, fb_in=0.000, fb_next=0.000, loop_time=0.000, upd_l=0.984, upd_h=0.982, scratch_gate=0.000, scratch_decay=0.000, scratch_delta=0.000, scratch_resid=0.000
loop=6 exact=0.3340, valid=0.3457, solved=0.3457, blank_acc=0.8500
        fs_gate=0.621, fs_update=1.000, fs_state_norm=19.875, fs_decay=0.00, fb_in=0.000, fb_next=0.000, loop_time=0.000, upd_l=0.984, upd_h=0.983, scratch_gate=0.000, scratch_decay=0.000, scratch_delta=0.000, scratch_resid=0.000

stochastic rollout metrics
K1 oracle_exact=0.3340 oracle_solved=0.3457 disagree=0.0000
  confidence exact=0.3340, valid=0.3457, solved=0.3457, blank_acc=0.8500; gap=0.0000
  consistency exact=0.3340, valid=0.3457, solved=0.3457, blank_acc=0.8500; gap=0.0000
  residual    exact=0.3340, valid=0.3457, solved=0.3457, blank_acc=0.8500; gap=0.0000
  majority    exact=0.3340, valid=0.3457, solved=0.3457, blank_acc=0.8500; gap=0.0000

compute-scaling rollout metrics
loop1
  K1 oracle_exact=0.0000 confidence_exact=0.0000 residual_exact=0.0000 disagree=0.0000
loop3
  K1 oracle_exact=0.2734 confidence_exact=0.2734 residual_exact=0.2734 disagree=0.0000
loop4
  K1 oracle_exact=0.3145 confidence_exact=0.3145 residual_exact=0.3145 disagree=0.0000
loop5
  K1 oracle_exact=0.3281 confidence_exact=0.3281 residual_exact=0.3281 disagree=0.0000
loop6
  K1 oracle_exact=0.3340 confidence_exact=0.3340 residual_exact=0.3340 disagree=0.0000

hole-transfer metrics
holes=120 exact=0.3340, valid=0.3457, solved=0.3457, blank_acc=0.8500; indep=0.0000, exact/indep=98052413.68
holes=96 exact=0.9961, valid=0.9961, solved=0.9961, blank_acc=0.9996; indep=0.9598, exact/indep=1.04
holes=108 exact=0.9551, valid=0.9551, solved=0.9551, blank_acc=0.9949; indep=0.5746, exact/indep=1.66
holes=132 exact=0.0000, valid=0.0000, solved=0.0000, blank_acc=0.1696; indep=0.0000, exact/indep=0.00
Depth loop adds useful full-board refinement.
wrote /huyang2/double-loop/.worktrees/d320-updategate-remap-s23600-20260616T1005Z-8e2e217/runs/d320-updategate-remap-s23600-20260616T1005Z-8e2e217/output/futureseed_loop_seed52.json
wrote /huyang2/double-loop/.worktrees/d320-updategate-remap-s23600-20260616T1005Z-8e2e217/runs/d320-updategate-remap-s23600-20260616T1005Z-8e2e217/output/futureseed_loop_seed52.md
wrote /huyang2/double-loop/.worktrees/d320-updategate-remap-s23600-20260616T1005Z-8e2e217/runs/d320-updategate-remap-s23600-20260616T1005Z-8e2e217/output/futureseed_loop_case_seed52.html
