mode=full
run_dir=/huyang2/double-loop/.worktrees/pscale034-step30000-f8e009b-20260722/runs/gdn-full-diversity-d224l12-upperbound-s30000-lease-20260722T044815Z-f8e009b
git_sha=f8e009bedcb0a6db88a49a79fc77b260cb3f3f30
git_dirty=0
Current Python version 3.10 is below the recommended 3.11 version. It is recommended to upgrade to Python 3.11 or higher for the best experience.
device=cuda torch=2.7.0+cu126 board=9x9 box=3x3 mainline=future_seed_loop backbone=gdn rwkv_kernel=auto gdn_mode=triton_recurrent forward_dtype=bfloat16
checkpoint_eval steps=30000 holes=53,60,64
resumed_train_checkpoint path=/huyang2/double-loop/models/gdn-full-diversity-d224l12-s6000-20260711T1510Z-eeb38f5/checkpoints/train_state_step024000.pt step=24000 reason=eval_checkpoint
[future_seed_loop stage=3:51-64] step=24025 ce=0.5196 total=0.6280 loop1=0.8557 loop_last=0.5196 exact_margin=0.0000 softmin=0.000 upd_l=0.950 upd_h=0.950 fb_next=0.000 fb_corrupt=0.000 fb_conf=0.000 hagg_norm=0.000 hagg_raw=0.000 hagg_ent=0.000 hagg_maxw=0.000 hagg_clip=0.000 scratch_delta=0.000 scratch_gauss=0.0000
[train_checkpoint step=24025] path=/huyang2/double-loop/models/gdn-full-diversity-d224l12-s6000-20260711T1510Z-eeb38f5/checkpoints/train_state_step024025.pt
[future_seed_loop stage=3:51-64] step=24050 ce=0.5217 total=0.6324 loop1=0.8722 loop_last=0.5217 exact_margin=0.0000 softmin=0.000 upd_l=0.950 upd_h=0.950 fb_next=0.000 fb_corrupt=0.000 fb_conf=0.000 hagg_norm=0.000 hagg_raw=0.000 hagg_ent=0.000 hagg_maxw=0.000 hagg_clip=0.000 scratch_delta=0.000 scratch_gauss=0.0000
[train_checkpoint step=24050] path=/huyang2/double-loop/models/gdn-full-diversity-d224l12-s6000-20260711T1510Z-eeb38f5/checkpoints/train_state_step024050.pt
[future_seed_loop stage=3:51-64] step=24075 ce=0.6528 total=0.7487 loop1=0.9393 loop_last=0.6528 exact_margin=0.0000 softmin=0.000 upd_l=0.950 upd_h=0.950 fb_next=0.000 fb_corrupt=0.000 fb_conf=0.000 hagg_norm=0.000 hagg_raw=0.000 hagg_ent=0.000 hagg_maxw=0.000 hagg_clip=0.000 scratch_delta=0.000 scratch_gauss=0.0000
[train_checkpoint step=24075] path=/huyang2/double-loop/models/gdn-full-diversity-d224l12-s6000-20260711T1510Z-eeb38f5/checkpoints/train_state_step024075.pt
[future_seed_loop stage=3:51-64] step=24100 ce=0.5572 total=0.6643 loop1=0.8846 loop_last=0.5572 exact_margin=0.0000 softmin=0.000 upd_l=0.950 upd_h=0.950 fb_next=0.000 fb_corrupt=0.000 fb_conf=0.000 hagg_norm=0.000 hagg_raw=0.000 hagg_ent=0.000 hagg_maxw=0.000 hagg_clip=0.000 scratch_delta=0.000 scratch_gauss=0.0000
[train_checkpoint step=24100] path=/huyang2/double-loop/models/gdn-full-diversity-d224l12-s6000-20260711T1510Z-eeb38f5/checkpoints/train_state_step024100.pt
[future_seed_loop stage=3:51-64] step=24125 ce=0.6273 total=0.7243 loop1=0.9380 loop_last=0.6273 exact_margin=0.0000 softmin=0.000 upd_l=0.950 upd_h=0.950 fb_next=0.000 fb_corrupt=0.000 fb_conf=0.000 hagg_norm=0.000 hagg_raw=0.000 hagg_ent=0.000 hagg_maxw=0.000 hagg_clip=0.000 scratch_delta=0.000 scratch_gauss=0.0000
[train_checkpoint step=24125] path=/huyang2/double-loop/models/gdn-full-diversity-d224l12-s6000-20260711T1510Z-eeb38f5/checkpoints/train_state_step024125.pt
[future_seed_loop stage=3:51-64] step=24150 ce=0.5728 total=0.6857 loop1=0.9288 loop_last=0.5728 exact_margin=0.0000 softmin=0.000 upd_l=0.950 upd_h=0.950 fb_next=0.000 fb_corrupt=0.000 fb_conf=0.000 hagg_norm=0.000 hagg_raw=0.000 hagg_ent=0.000 hagg_maxw=0.000 hagg_clip=0.000 scratch_delta=0.000 scratch_gauss=0.0000
[train_checkpoint step=24150] path=/huyang2/double-loop/models/gdn-full-diversity-d224l12-s6000-20260711T1510Z-eeb38f5/checkpoints/train_state_step024150.pt
[future_seed_loop stage=3:51-64] step=24175 ce=0.4957 total=0.6267 loop1=0.8884 loop_last=0.4957 exact_margin=0.0000 softmin=0.000 upd_l=0.950 upd_h=0.950 fb_next=0.000 fb_corrupt=0.000 fb_conf=0.000 hagg_norm=0.000 hagg_raw=0.000 hagg_ent=0.000 hagg_maxw=0.000 hagg_clip=0.000 scratch_delta=0.000 scratch_gauss=0.0000
[train_checkpoint step=24175] path=/huyang2/double-loop/models/gdn-full-diversity-d224l12-s6000-20260711T1510Z-eeb38f5/checkpoints/train_state_step024175.pt
[future_seed_loop stage=3:51-64] step=24200 ce=0.5905 total=0.6849 loop1=0.8993 loop_last=0.5905 exact_margin=0.0000 softmin=0.000 upd_l=0.950 upd_h=0.950 fb_next=0.000 fb_corrupt=0.000 fb_conf=0.000 hagg_norm=0.000 hagg_raw=0.000 hagg_ent=0.000 hagg_maxw=0.000 hagg_clip=0.000 scratch_delta=0.000 scratch_gauss=0.0000
[train_checkpoint step=24200] path=/huyang2/double-loop/models/gdn-full-diversity-d224l12-s6000-20260711T1510Z-eeb38f5/checkpoints/train_state_step024200.pt
[future_seed_loop stage=3:51-64] step=24225 ce=0.4930 total=0.6218 loop1=0.8839 loop_last=0.4930 exact_margin=0.0000 softmin=0.000 upd_l=0.950 upd_h=0.950 fb_next=0.000 fb_corrupt=0.000 fb_conf=0.000 hagg_norm=0.000 hagg_raw=0.000 hagg_ent=0.000 hagg_maxw=0.000 hagg_clip=0.000 scratch_delta=0.000 scratch_gauss=0.0000
[train_checkpoint step=24225] path=/huyang2/double-loop/models/gdn-full-diversity-d224l12-s6000-20260711T1510Z-eeb38f5/checkpoints/train_state_step024225.pt
[future_seed_loop stage=3:51-64] step=24250 ce=0.5329 total=0.6445 loop1=0.8747 loop_last=0.5329 exact_margin=0.0000 softmin=0.000 upd_l=0.950 upd_h=0.950 fb_next=0.000 fb_corrupt=0.000 fb_conf=0.000 hagg_norm=0.000 hagg_raw=0.000 hagg_ent=0.000 hagg_maxw=0.000 hagg_clip=0.000 scratch_delta=0.000 scratch_gauss=0.0000
[train_checkpoint step=24250] path=/huyang2/double-loop/models/gdn-full-diversity-d224l12-s6000-20260711T1510Z-eeb38f5/checkpoints/train_state_step024250.pt
[future_seed_loop stage=3:51-64] step=24275 ce=0.5475 total=0.6525 loop1=0.8801 loop_last=0.5475 exact_margin=0.0000 softmin=0.000 upd_l=0.950 upd_h=0.950 fb_next=0.000 fb_corrupt=0.000 fb_conf=0.000 hagg_norm=0.000 hagg_raw=0.000 hagg_ent=0.000 hagg_maxw=0.000 hagg_clip=0.000 scratch_delta=0.000 scratch_gauss=0.0000
[train_checkpoint step=24275] path=/huyang2/double-loop/models/gdn-full-diversity-d224l12-s6000-20260711T1510Z-eeb38f5/checkpoints/train_state_step024275.pt
[future_seed_loop stage=3:51-64] step=24300 ce=0.5515 total=0.6683 loop1=0.9058 loop_last=0.5515 exact_margin=0.0000 softmin=0.000 upd_l=0.950 upd_h=0.950 fb_next=0.000 fb_corrupt=0.000 fb_conf=0.000 hagg_norm=0.000 hagg_raw=0.000 hagg_ent=0.000 hagg_maxw=0.000 hagg_clip=0.000 scratch_delta=0.000 scratch_gauss=0.0000
[train_checkpoint step=24300] path=/huyang2/double-loop/models/gdn-full-diversity-d224l12-s6000-20260711T1510Z-eeb38f5/checkpoints/train_state_step024300.pt
[future_seed_loop stage=3:51-64] step=24325 ce=0.4915 total=0.6213 loop1=0.8774 loop_last=0.4915 exact_margin=0.0000 softmin=0.000 upd_l=0.950 upd_h=0.950 fb_next=0.000 fb_corrupt=0.000 fb_conf=0.000 hagg_norm=0.000 hagg_raw=0.000 hagg_ent=0.000 hagg_maxw=0.000 hagg_clip=0.000 scratch_delta=0.000 scratch_gauss=0.0000
[train_checkpoint step=24325] path=/huyang2/double-loop/models/gdn-full-diversity-d224l12-s6000-20260711T1510Z-eeb38f5/checkpoints/train_state_step024325.pt
[future_seed_loop stage=3:51-64] step=24350 ce=0.5681 total=0.6701 loop1=0.8927 loop_last=0.5681 exact_margin=0.0000 softmin=0.000 upd_l=0.950 upd_h=0.950 fb_next=0.000 fb_corrupt=0.000 fb_conf=0.000 hagg_norm=0.000 hagg_raw=0.000 hagg_ent=0.000 hagg_maxw=0.000 hagg_clip=0.000 scratch_delta=0.000 scratch_gauss=0.0000
[train_checkpoint step=24350] path=/huyang2/double-loop/models/gdn-full-diversity-d224l12-s6000-20260711T1510Z-eeb38f5/checkpoints/train_state_step024350.pt
[future_seed_loop stage=3:51-64] step=24375 ce=0.5433 total=0.6755 loop1=0.9188 loop_last=0.5433 exact_margin=0.0000 softmin=0.000 upd_l=0.950 upd_h=0.950 fb_next=0.000 fb_corrupt=0.000 fb_conf=0.000 hagg_norm=0.000 hagg_raw=0.000 hagg_ent=0.000 hagg_maxw=0.000 hagg_clip=0.000 scratch_delta=0.000 scratch_gauss=0.0000
[train_checkpoint step=24375] path=/huyang2/double-loop/models/gdn-full-diversity-d224l12-s6000-20260711T1510Z-eeb38f5/checkpoints/train_state_step024375.pt
[future_seed_loop stage=3:51-64] step=24400 ce=0.5116 total=0.6223 loop1=0.8742 loop_last=0.5116 exact_margin=0.0000 softmin=0.000 upd_l=0.950 upd_h=0.950 fb_next=0.000 fb_corrupt=0.000 fb_conf=0.000 hagg_norm=0.000 hagg_raw=0.000 hagg_ent=0.000 hagg_maxw=0.000 hagg_clip=0.000 scratch_delta=0.000 scratch_gauss=0.0000
[train_checkpoint step=24400] path=/huyang2/double-loop/models/gdn-full-diversity-d224l12-s6000-20260711T1510Z-eeb38f5/checkpoints/train_state_step024400.pt
[future_seed_loop stage=3:51-64] step=24425 ce=0.6034 total=0.7205 loop1=0.9145 loop_last=0.6034 exact_margin=0.0000 softmin=0.000 upd_l=0.950 upd_h=0.950 fb_next=0.000 fb_corrupt=0.000 fb_conf=0.000 hagg_norm=0.000 hagg_raw=0.000 hagg_ent=0.000 hagg_maxw=0.000 hagg_clip=0.000 scratch_delta=0.000 scratch_gauss=0.0000
[train_checkpoint step=24425] path=/huyang2/double-loop/models/gdn-full-diversity-d224l12-s6000-20260711T1510Z-eeb38f5/checkpoints/train_state_step024425.pt
[future_seed_loop stage=3:51-64] step=24450 ce=0.6272 total=0.7306 loop1=0.9366 loop_last=0.6272 exact_margin=0.0000 softmin=0.000 upd_l=0.950 upd_h=0.950 fb_next=0.000 fb_corrupt=0.000 fb_conf=0.000 hagg_norm=0.000 hagg_raw=0.000 hagg_ent=0.000 hagg_maxw=0.000 hagg_clip=0.000 scratch_delta=0.000 scratch_gauss=0.0000
[train_checkpoint step=24450] path=/huyang2/double-loop/models/gdn-full-diversity-d224l12-s6000-20260711T1510Z-eeb38f5/checkpoints/train_state_step024450.pt
[future_seed_loop stage=3:51-64] step=24475 ce=0.5312 total=0.6484 loop1=0.8744 loop_last=0.5312 exact_margin=0.0000 softmin=0.000 upd_l=0.950 upd_h=0.950 fb_next=0.000 fb_corrupt=0.000 fb_conf=0.000 hagg_norm=0.000 hagg_raw=0.000 hagg_ent=0.000 hagg_maxw=0.000 hagg_clip=0.000 scratch_delta=0.000 scratch_gauss=0.0000
[train_checkpoint step=24475] path=/huyang2/double-loop/models/gdn-full-diversity-d224l12-s6000-20260711T1510Z-eeb38f5/checkpoints/train_state_step024475.pt
[future_seed_loop stage=3:51-64] step=24500 ce=0.5453 total=0.6652 loop1=0.9014 loop_last=0.5453 exact_margin=0.0000 softmin=0.000 upd_l=0.950 upd_h=0.950 fb_next=0.000 fb_corrupt=0.000 fb_conf=0.000 hagg_norm=0.000 hagg_raw=0.000 hagg_ent=0.000 hagg_maxw=0.000 hagg_clip=0.000 scratch_delta=0.000 scratch_gauss=0.0000
[train_checkpoint step=24500] path=/huyang2/double-loop/models/gdn-full-diversity-d224l12-s6000-20260711T1510Z-eeb38f5/checkpoints/train_state_step024500.pt
[future_seed_loop stage=3:51-64] step=24525 ce=0.5185 total=0.6444 loop1=0.8717 loop_last=0.5185 exact_margin=0.0000 softmin=0.000 upd_l=0.950 upd_h=0.950 fb_next=0.000 fb_corrupt=0.000 fb_conf=0.000 hagg_norm=0.000 hagg_raw=0.000 hagg_ent=0.000 hagg_maxw=0.000 hagg_clip=0.000 scratch_delta=0.000 scratch_gauss=0.0000
[train_checkpoint step=24525] path=/huyang2/double-loop/models/gdn-full-diversity-d224l12-s6000-20260711T1510Z-eeb38f5/checkpoints/train_state_step024525.pt
[future_seed_loop stage=3:51-64] step=24550 ce=0.5532 total=0.6712 loop1=0.9029 loop_last=0.5532 exact_margin=0.0000 softmin=0.000 upd_l=0.950 upd_h=0.950 fb_next=0.000 fb_corrupt=0.000 fb_conf=0.000 hagg_norm=0.000 hagg_raw=0.000 hagg_ent=0.000 hagg_maxw=0.000 hagg_clip=0.000 scratch_delta=0.000 scratch_gauss=0.0000
[train_checkpoint step=24550] path=/huyang2/double-loop/models/gdn-full-diversity-d224l12-s6000-20260711T1510Z-eeb38f5/checkpoints/train_state_step024550.pt
[future_seed_loop stage=3:51-64] step=24575 ce=0.4337 total=0.5762 loop1=0.8582 loop_last=0.4337 exact_margin=0.0000 softmin=0.000 upd_l=0.950 upd_h=0.950 fb_next=0.000 fb_corrupt=0.000 fb_conf=0.000 hagg_norm=0.000 hagg_raw=0.000 hagg_ent=0.000 hagg_maxw=0.000 hagg_clip=0.000 scratch_delta=0.000 scratch_gauss=0.0000
[train_checkpoint step=24575] path=/huyang2/double-loop/models/gdn-full-diversity-d224l12-s6000-20260711T1510Z-eeb38f5/checkpoints/train_state_step024575.pt
[future_seed_loop stage=3:51-64] step=24600 ce=0.4578 total=0.5806 loop1=0.8437 loop_last=0.4578 exact_margin=0.0000 softmin=0.000 upd_l=0.950 upd_h=0.950 fb_next=0.000 fb_corrupt=0.000 fb_conf=0.000 hagg_norm=0.000 hagg_raw=0.000 hagg_ent=0.000 hagg_maxw=0.000 hagg_clip=0.000 scratch_delta=0.000 scratch_gauss=0.0000
[train_checkpoint step=24600] path=/huyang2/double-loop/models/gdn-full-diversity-d224l12-s6000-20260711T1510Z-eeb38f5/checkpoints/train_state_step024600.pt
[future_seed_loop stage=3:51-64] step=24625 ce=0.5249 total=0.6520 loop1=0.8874 loop_last=0.5249 exact_margin=0.0000 softmin=0.000 upd_l=0.950 upd_h=0.950 fb_next=0.000 fb_corrupt=0.000 fb_conf=0.000 hagg_norm=0.000 hagg_raw=0.000 hagg_ent=0.000 hagg_maxw=0.000 hagg_clip=0.000 scratch_delta=0.000 scratch_gauss=0.0000
[train_checkpoint step=24625] path=/huyang2/double-loop/models/gdn-full-diversity-d224l12-s6000-20260711T1510Z-eeb38f5/checkpoints/train_state_step024625.pt
[future_seed_loop stage=3:51-64] step=24650 ce=0.5812 total=0.6874 loop1=0.9000 loop_last=0.5812 exact_margin=0.0000 softmin=0.000 upd_l=0.950 upd_h=0.950 fb_next=0.000 fb_corrupt=0.000 fb_conf=0.000 hagg_norm=0.000 hagg_raw=0.000 hagg_ent=0.000 hagg_maxw=0.000 hagg_clip=0.000 scratch_delta=0.000 scratch_gauss=0.0000
[train_checkpoint step=24650] path=/huyang2/double-loop/models/gdn-full-diversity-d224l12-s6000-20260711T1510Z-eeb38f5/checkpoints/train_state_step024650.pt
[future_seed_loop stage=3:51-64] step=24675 ce=0.5639 total=0.6781 loop1=0.9049 loop_last=0.5639 exact_margin=0.0000 softmin=0.000 upd_l=0.950 upd_h=0.950 fb_next=0.000 fb_corrupt=0.000 fb_conf=0.000 hagg_norm=0.000 hagg_raw=0.000 hagg_ent=0.000 hagg_maxw=0.000 hagg_clip=0.000 scratch_delta=0.000 scratch_gauss=0.0000
[train_checkpoint step=24675] path=/huyang2/double-loop/models/gdn-full-diversity-d224l12-s6000-20260711T1510Z-eeb38f5/checkpoints/train_state_step024675.pt
[future_seed_loop stage=3:51-64] step=24700 ce=0.4737 total=0.5955 loop1=0.8534 loop_last=0.4737 exact_margin=0.0000 softmin=0.000 upd_l=0.950 upd_h=0.950 fb_next=0.000 fb_corrupt=0.000 fb_conf=0.000 hagg_norm=0.000 hagg_raw=0.000 hagg_ent=0.000 hagg_maxw=0.000 hagg_clip=0.000 scratch_delta=0.000 scratch_gauss=0.0000
[train_checkpoint step=24700] path=/huyang2/double-loop/models/gdn-full-diversity-d224l12-s6000-20260711T1510Z-eeb38f5/checkpoints/train_state_step024700.pt
[future_seed_loop stage=3:51-64] step=24725 ce=0.5350 total=0.6364 loop1=0.8645 loop_last=0.5350 exact_margin=0.0000 softmin=0.000 upd_l=0.950 upd_h=0.950 fb_next=0.000 fb_corrupt=0.000 fb_conf=0.000 hagg_norm=0.000 hagg_raw=0.000 hagg_ent=0.000 hagg_maxw=0.000 hagg_clip=0.000 scratch_delta=0.000 scratch_gauss=0.0000
[train_checkpoint step=24725] path=/huyang2/double-loop/models/gdn-full-diversity-d224l12-s6000-20260711T1510Z-eeb38f5/checkpoints/train_state_step024725.pt
[future_seed_loop stage=3:51-64] step=24750 ce=0.6031 total=0.7116 loop1=0.9317 loop_last=0.6031 exact_margin=0.0000 softmin=0.000 upd_l=0.950 upd_h=0.950 fb_next=0.000 fb_corrupt=0.000 fb_conf=0.000 hagg_norm=0.000 hagg_raw=0.000 hagg_ent=0.000 hagg_maxw=0.000 hagg_clip=0.000 scratch_delta=0.000 scratch_gauss=0.0000
[train_checkpoint step=24750] path=/huyang2/double-loop/models/gdn-full-diversity-d224l12-s6000-20260711T1510Z-eeb38f5/checkpoints/train_state_step024750.pt
[future_seed_loop stage=3:51-64] step=24775 ce=0.5801 total=0.6957 loop1=0.9175 loop_last=0.5801 exact_margin=0.0000 softmin=0.000 upd_l=0.950 upd_h=0.950 fb_next=0.000 fb_corrupt=0.000 fb_conf=0.000 hagg_norm=0.000 hagg_raw=0.000 hagg_ent=0.000 hagg_maxw=0.000 hagg_clip=0.000 scratch_delta=0.000 scratch_gauss=0.0000
[train_checkpoint step=24775] path=/huyang2/double-loop/models/gdn-full-diversity-d224l12-s6000-20260711T1510Z-eeb38f5/checkpoints/train_state_step024775.pt
[future_seed_loop stage=3:51-64] step=24800 ce=0.5384 total=0.6529 loop1=0.8908 loop_last=0.5384 exact_margin=0.0000 softmin=0.000 upd_l=0.950 upd_h=0.950 fb_next=0.000 fb_corrupt=0.000 fb_conf=0.000 hagg_norm=0.000 hagg_raw=0.000 hagg_ent=0.000 hagg_maxw=0.000 hagg_clip=0.000 scratch_delta=0.000 scratch_gauss=0.0000
[train_checkpoint step=24800] path=/huyang2/double-loop/models/gdn-full-diversity-d224l12-s6000-20260711T1510Z-eeb38f5/checkpoints/train_state_step024800.pt
[future_seed_loop stage=3:51-64] step=24825 ce=0.4676 total=0.6077 loop1=0.8831 loop_last=0.4676 exact_margin=0.0000 softmin=0.000 upd_l=0.950 upd_h=0.950 fb_next=0.000 fb_corrupt=0.000 fb_conf=0.000 hagg_norm=0.000 hagg_raw=0.000 hagg_ent=0.000 hagg_maxw=0.000 hagg_clip=0.000 scratch_delta=0.000 scratch_gauss=0.0000
[train_checkpoint step=24825] path=/huyang2/double-loop/models/gdn-full-diversity-d224l12-s6000-20260711T1510Z-eeb38f5/checkpoints/train_state_step024825.pt
[future_seed_loop stage=3:51-64] step=24850 ce=0.5105 total=0.6179 loop1=0.8535 loop_last=0.5105 exact_margin=0.0000 softmin=0.000 upd_l=0.950 upd_h=0.950 fb_next=0.000 fb_corrupt=0.000 fb_conf=0.000 hagg_norm=0.000 hagg_raw=0.000 hagg_ent=0.000 hagg_maxw=0.000 hagg_clip=0.000 scratch_delta=0.000 scratch_gauss=0.0000
[train_checkpoint step=24850] path=/huyang2/double-loop/models/gdn-full-diversity-d224l12-s6000-20260711T1510Z-eeb38f5/checkpoints/train_state_step024850.pt
[future_seed_loop stage=3:51-64] step=24875 ce=0.4956 total=0.6185 loop1=0.8811 loop_last=0.4956 exact_margin=0.0000 softmin=0.000 upd_l=0.950 upd_h=0.950 fb_next=0.000 fb_corrupt=0.000 fb_conf=0.000 hagg_norm=0.000 hagg_raw=0.000 hagg_ent=0.000 hagg_maxw=0.000 hagg_clip=0.000 scratch_delta=0.000 scratch_gauss=0.0000
[train_checkpoint step=24875] path=/huyang2/double-loop/models/gdn-full-diversity-d224l12-s6000-20260711T1510Z-eeb38f5/checkpoints/train_state_step024875.pt
[future_seed_loop stage=3:51-64] step=24900 ce=0.6240 total=0.7224 loop1=0.9202 loop_last=0.6240 exact_margin=0.0000 softmin=0.000 upd_l=0.950 upd_h=0.950 fb_next=0.000 fb_corrupt=0.000 fb_conf=0.000 hagg_norm=0.000 hagg_raw=0.000 hagg_ent=0.000 hagg_maxw=0.000 hagg_clip=0.000 scratch_delta=0.000 scratch_gauss=0.0000
[train_checkpoint step=24900] path=/huyang2/double-loop/models/gdn-full-diversity-d224l12-s6000-20260711T1510Z-eeb38f5/checkpoints/train_state_step024900.pt
[future_seed_loop stage=3:51-64] step=24925 ce=0.5648 total=0.6786 loop1=0.8983 loop_last=0.5648 exact_margin=0.0000 softmin=0.000 upd_l=0.950 upd_h=0.950 fb_next=0.000 fb_corrupt=0.000 fb_conf=0.000 hagg_norm=0.000 hagg_raw=0.000 hagg_ent=0.000 hagg_maxw=0.000 hagg_clip=0.000 scratch_delta=0.000 scratch_gauss=0.0000
[train_checkpoint step=24925] path=/huyang2/double-loop/models/gdn-full-diversity-d224l12-s6000-20260711T1510Z-eeb38f5/checkpoints/train_state_step024925.pt
[future_seed_loop stage=3:51-64] step=24950 ce=0.5138 total=0.6288 loop1=0.8772 loop_last=0.5138 exact_margin=0.0000 softmin=0.000 upd_l=0.950 upd_h=0.950 fb_next=0.000 fb_corrupt=0.000 fb_conf=0.000 hagg_norm=0.000 hagg_raw=0.000 hagg_ent=0.000 hagg_maxw=0.000 hagg_clip=0.000 scratch_delta=0.000 scratch_gauss=0.0000
[train_checkpoint step=24950] path=/huyang2/double-loop/models/gdn-full-diversity-d224l12-s6000-20260711T1510Z-eeb38f5/checkpoints/train_state_step024950.pt
[future_seed_loop stage=3:51-64] step=24975 ce=0.5117 total=0.6453 loop1=0.8952 loop_last=0.5117 exact_margin=0.0000 softmin=0.000 upd_l=0.950 upd_h=0.950 fb_next=0.000 fb_corrupt=0.000 fb_conf=0.000 hagg_norm=0.000 hagg_raw=0.000 hagg_ent=0.000 hagg_maxw=0.000 hagg_clip=0.000 scratch_delta=0.000 scratch_gauss=0.0000
[train_checkpoint step=24975] path=/huyang2/double-loop/models/gdn-full-diversity-d224l12-s6000-20260711T1510Z-eeb38f5/checkpoints/train_state_step024975.pt
[future_seed_loop stage=3:51-64] step=25000 ce=0.5719 total=0.6999 loop1=0.9440 loop_last=0.5719 exact_margin=0.0000 softmin=0.000 upd_l=0.950 upd_h=0.950 fb_next=0.000 fb_corrupt=0.000 fb_conf=0.000 hagg_norm=0.000 hagg_raw=0.000 hagg_ent=0.000 hagg_maxw=0.000 hagg_clip=0.000 scratch_delta=0.000 scratch_gauss=0.0000
[train_checkpoint step=25000] path=/huyang2/double-loop/models/gdn-full-diversity-d224l12-s6000-20260711T1510Z-eeb38f5/checkpoints/train_state_step025000.pt
[future_seed_loop stage=3:51-64] step=25025 ce=0.5926 total=0.6865 loop1=0.9058 loop_last=0.5926 exact_margin=0.0000 softmin=0.000 upd_l=0.950 upd_h=0.950 fb_next=0.000 fb_corrupt=0.000 fb_conf=0.000 hagg_norm=0.000 hagg_raw=0.000 hagg_ent=0.000 hagg_maxw=0.000 hagg_clip=0.000 scratch_delta=0.000 scratch_gauss=0.0000
[train_checkpoint step=25025] path=/huyang2/double-loop/models/gdn-full-diversity-d224l12-s6000-20260711T1510Z-eeb38f5/checkpoints/train_state_step025025.pt
[future_seed_loop stage=3:51-64] step=25050 ce=0.5566 total=0.6732 loop1=0.9167 loop_last=0.5566 exact_margin=0.0000 softmin=0.000 upd_l=0.950 upd_h=0.950 fb_next=0.000 fb_corrupt=0.000 fb_conf=0.000 hagg_norm=0.000 hagg_raw=0.000 hagg_ent=0.000 hagg_maxw=0.000 hagg_clip=0.000 scratch_delta=0.000 scratch_gauss=0.0000
[train_checkpoint step=25050] path=/huyang2/double-loop/models/gdn-full-diversity-d224l12-s6000-20260711T1510Z-eeb38f5/checkpoints/train_state_step025050.pt
[future_seed_loop stage=3:51-64] step=25075 ce=0.6119 total=0.7134 loop1=0.9352 loop_last=0.6119 exact_margin=0.0000 softmin=0.000 upd_l=0.950 upd_h=0.950 fb_next=0.000 fb_corrupt=0.000 fb_conf=0.000 hagg_norm=0.000 hagg_raw=0.000 hagg_ent=0.000 hagg_maxw=0.000 hagg_clip=0.000 scratch_delta=0.000 scratch_gauss=0.0000
[train_checkpoint step=25075] path=/huyang2/double-loop/models/gdn-full-diversity-d224l12-s6000-20260711T1510Z-eeb38f5/checkpoints/train_state_step025075.pt
[future_seed_loop stage=3:51-64] step=25100 ce=0.5474 total=0.6654 loop1=0.9061 loop_last=0.5474 exact_margin=0.0000 softmin=0.000 upd_l=0.950 upd_h=0.950 fb_next=0.000 fb_corrupt=0.000 fb_conf=0.000 hagg_norm=0.000 hagg_raw=0.000 hagg_ent=0.000 hagg_maxw=0.000 hagg_clip=0.000 scratch_delta=0.000 scratch_gauss=0.0000
[train_checkpoint step=25100] path=/huyang2/double-loop/models/gdn-full-diversity-d224l12-s6000-20260711T1510Z-eeb38f5/checkpoints/train_state_step025100.pt
[future_seed_loop stage=3:51-64] step=25125 ce=0.5742 total=0.6939 loop1=0.9259 loop_last=0.5742 exact_margin=0.0000 softmin=0.000 upd_l=0.950 upd_h=0.950 fb_next=0.000 fb_corrupt=0.000 fb_conf=0.000 hagg_norm=0.000 hagg_raw=0.000 hagg_ent=0.000 hagg_maxw=0.000 hagg_clip=0.000 scratch_delta=0.000 scratch_gauss=0.0000
[train_checkpoint step=25125] path=/huyang2/double-loop/models/gdn-full-diversity-d224l12-s6000-20260711T1510Z-eeb38f5/checkpoints/train_state_step025125.pt
[future_seed_loop stage=3:51-64] step=25150 ce=0.5740 total=0.6911 loop1=0.9219 loop_last=0.5740 exact_margin=0.0000 softmin=0.000 upd_l=0.950 upd_h=0.950 fb_next=0.000 fb_corrupt=0.000 fb_conf=0.000 hagg_norm=0.000 hagg_raw=0.000 hagg_ent=0.000 hagg_maxw=0.000 hagg_clip=0.000 scratch_delta=0.000 scratch_gauss=0.0000
[train_checkpoint step=25150] path=/huyang2/double-loop/models/gdn-full-diversity-d224l12-s6000-20260711T1510Z-eeb38f5/checkpoints/train_state_step025150.pt
[future_seed_loop stage=3:51-64] step=25175 ce=0.5338 total=0.6585 loop1=0.9032 loop_last=0.5338 exact_margin=0.0000 softmin=0.000 upd_l=0.950 upd_h=0.950 fb_next=0.000 fb_corrupt=0.000 fb_conf=0.000 hagg_norm=0.000 hagg_raw=0.000 hagg_ent=0.000 hagg_maxw=0.000 hagg_clip=0.000 scratch_delta=0.000 scratch_gauss=0.0000
[train_checkpoint step=25175] path=/huyang2/double-loop/models/gdn-full-diversity-d224l12-s6000-20260711T1510Z-eeb38f5/checkpoints/train_state_step025175.pt
[future_seed_loop stage=3:51-64] step=25200 ce=0.5514 total=0.6578 loop1=0.8859 loop_last=0.5514 exact_margin=0.0000 softmin=0.000 upd_l=0.950 upd_h=0.950 fb_next=0.000 fb_corrupt=0.000 fb_conf=0.000 hagg_norm=0.000 hagg_raw=0.000 hagg_ent=0.000 hagg_maxw=0.000 hagg_clip=0.000 scratch_delta=0.000 scratch_gauss=0.0000
[train_checkpoint step=25200] path=/huyang2/double-loop/models/gdn-full-diversity-d224l12-s6000-20260711T1510Z-eeb38f5/checkpoints/train_state_step025200.pt
[future_seed_loop stage=3:51-64] step=25225 ce=0.5736 total=0.6662 loop1=0.8798 loop_last=0.5736 exact_margin=0.0000 softmin=0.000 upd_l=0.950 upd_h=0.950 fb_next=0.000 fb_corrupt=0.000 fb_conf=0.000 hagg_norm=0.000 hagg_raw=0.000 hagg_ent=0.000 hagg_maxw=0.000 hagg_clip=0.000 scratch_delta=0.000 scratch_gauss=0.0000
[train_checkpoint step=25225] path=/huyang2/double-loop/models/gdn-full-diversity-d224l12-s6000-20260711T1510Z-eeb38f5/checkpoints/train_state_step025225.pt
[future_seed_loop stage=3:51-64] step=25250 ce=0.5048 total=0.6157 loop1=0.8646 loop_last=0.5048 exact_margin=0.0000 softmin=0.000 upd_l=0.950 upd_h=0.950 fb_next=0.000 fb_corrupt=0.000 fb_conf=0.000 hagg_norm=0.000 hagg_raw=0.000 hagg_ent=0.000 hagg_maxw=0.000 hagg_clip=0.000 scratch_delta=0.000 scratch_gauss=0.0000
[train_checkpoint step=25250] path=/huyang2/double-loop/models/gdn-full-diversity-d224l12-s6000-20260711T1510Z-eeb38f5/checkpoints/train_state_step025250.pt
[future_seed_loop stage=3:51-64] step=25275 ce=0.5701 total=0.6818 loop1=0.9094 loop_last=0.5701 exact_margin=0.0000 softmin=0.000 upd_l=0.950 upd_h=0.950 fb_next=0.000 fb_corrupt=0.000 fb_conf=0.000 hagg_norm=0.000 hagg_raw=0.000 hagg_ent=0.000 hagg_maxw=0.000 hagg_clip=0.000 scratch_delta=0.000 scratch_gauss=0.0000
[train_checkpoint step=25275] path=/huyang2/double-loop/models/gdn-full-diversity-d224l12-s6000-20260711T1510Z-eeb38f5/checkpoints/train_state_step025275.pt
[future_seed_loop stage=3:51-64] step=25300 ce=0.6202 total=0.7129 loop1=0.9035 loop_last=0.6202 exact_margin=0.0000 softmin=0.000 upd_l=0.950 upd_h=0.950 fb_next=0.000 fb_corrupt=0.000 fb_conf=0.000 hagg_norm=0.000 hagg_raw=0.000 hagg_ent=0.000 hagg_maxw=0.000 hagg_clip=0.000 scratch_delta=0.000 scratch_gauss=0.0000
[train_checkpoint step=25300] path=/huyang2/double-loop/models/gdn-full-diversity-d224l12-s6000-20260711T1510Z-eeb38f5/checkpoints/train_state_step025300.pt
[future_seed_loop stage=3:51-64] step=25325 ce=0.5281 total=0.6418 loop1=0.8830 loop_last=0.5281 exact_margin=0.0000 softmin=0.000 upd_l=0.950 upd_h=0.950 fb_next=0.000 fb_corrupt=0.000 fb_conf=0.000 hagg_norm=0.000 hagg_raw=0.000 hagg_ent=0.000 hagg_maxw=0.000 hagg_clip=0.000 scratch_delta=0.000 scratch_gauss=0.0000
[train_checkpoint step=25325] path=/huyang2/double-loop/models/gdn-full-diversity-d224l12-s6000-20260711T1510Z-eeb38f5/checkpoints/train_state_step025325.pt
[future_seed_loop stage=3:51-64] step=25350 ce=0.5259 total=0.6334 loop1=0.8682 loop_last=0.5259 exact_margin=0.0000 softmin=0.000 upd_l=0.950 upd_h=0.950 fb_next=0.000 fb_corrupt=0.000 fb_conf=0.000 hagg_norm=0.000 hagg_raw=0.000 hagg_ent=0.000 hagg_maxw=0.000 hagg_clip=0.000 scratch_delta=0.000 scratch_gauss=0.0000
[train_checkpoint step=25350] path=/huyang2/double-loop/models/gdn-full-diversity-d224l12-s6000-20260711T1510Z-eeb38f5/checkpoints/train_state_step025350.pt
[future_seed_loop stage=3:51-64] step=25375 ce=0.5518 total=0.6583 loop1=0.8830 loop_last=0.5518 exact_margin=0.0000 softmin=0.000 upd_l=0.950 upd_h=0.950 fb_next=0.000 fb_corrupt=0.000 fb_conf=0.000 hagg_norm=0.000 hagg_raw=0.000 hagg_ent=0.000 hagg_maxw=0.000 hagg_clip=0.000 scratch_delta=0.000 scratch_gauss=0.0000
[train_checkpoint step=25375] path=/huyang2/double-loop/models/gdn-full-diversity-d224l12-s6000-20260711T1510Z-eeb38f5/checkpoints/train_state_step025375.pt
[future_seed_loop stage=3:51-64] step=25400 ce=0.5230 total=0.6488 loop1=0.8864 loop_last=0.5230 exact_margin=0.0000 softmin=0.000 upd_l=0.950 upd_h=0.950 fb_next=0.000 fb_corrupt=0.000 fb_conf=0.000 hagg_norm=0.000 hagg_raw=0.000 hagg_ent=0.000 hagg_maxw=0.000 hagg_clip=0.000 scratch_delta=0.000 scratch_gauss=0.0000
[train_checkpoint step=25400] path=/huyang2/double-loop/models/gdn-full-diversity-d224l12-s6000-20260711T1510Z-eeb38f5/checkpoints/train_state_step025400.pt
[future_seed_loop stage=3:51-64] step=25425 ce=0.5327 total=0.6606 loop1=0.9005 loop_last=0.5327 exact_margin=0.0000 softmin=0.000 upd_l=0.950 upd_h=0.950 fb_next=0.000 fb_corrupt=0.000 fb_conf=0.000 hagg_norm=0.000 hagg_raw=0.000 hagg_ent=0.000 hagg_maxw=0.000 hagg_clip=0.000 scratch_delta=0.000 scratch_gauss=0.0000
[train_checkpoint step=25425] path=/huyang2/double-loop/models/gdn-full-diversity-d224l12-s6000-20260711T1510Z-eeb38f5/checkpoints/train_state_step025425.pt
[future_seed_loop stage=3:51-64] step=25450 ce=0.5708 total=0.6742 loop1=0.8810 loop_last=0.5708 exact_margin=0.0000 softmin=0.000 upd_l=0.950 upd_h=0.950 fb_next=0.000 fb_corrupt=0.000 fb_conf=0.000 hagg_norm=0.000 hagg_raw=0.000 hagg_ent=0.000 hagg_maxw=0.000 hagg_clip=0.000 scratch_delta=0.000 scratch_gauss=0.0000
[train_checkpoint step=25450] path=/huyang2/double-loop/models/gdn-full-diversity-d224l12-s6000-20260711T1510Z-eeb38f5/checkpoints/train_state_step025450.pt
[future_seed_loop stage=3:51-64] step=25475 ce=0.5634 total=0.6722 loop1=0.8807 loop_last=0.5634 exact_margin=0.0000 softmin=0.000 upd_l=0.950 upd_h=0.950 fb_next=0.000 fb_corrupt=0.000 fb_conf=0.000 hagg_norm=0.000 hagg_raw=0.000 hagg_ent=0.000 hagg_maxw=0.000 hagg_clip=0.000 scratch_delta=0.000 scratch_gauss=0.0000
[train_checkpoint step=25475] path=/huyang2/double-loop/models/gdn-full-diversity-d224l12-s6000-20260711T1510Z-eeb38f5/checkpoints/train_state_step025475.pt
[future_seed_loop stage=3:51-64] step=25500 ce=0.5098 total=0.6369 loop1=0.8879 loop_last=0.5098 exact_margin=0.0000 softmin=0.000 upd_l=0.950 upd_h=0.950 fb_next=0.000 fb_corrupt=0.000 fb_conf=0.000 hagg_norm=0.000 hagg_raw=0.000 hagg_ent=0.000 hagg_maxw=0.000 hagg_clip=0.000 scratch_delta=0.000 scratch_gauss=0.0000
[train_checkpoint step=25500] path=/huyang2/double-loop/models/gdn-full-diversity-d224l12-s6000-20260711T1510Z-eeb38f5/checkpoints/train_state_step025500.pt
[future_seed_loop stage=3:51-64] step=25525 ce=0.5887 total=0.6991 loop1=0.9110 loop_last=0.5887 exact_margin=0.0000 softmin=0.000 upd_l=0.950 upd_h=0.950 fb_next=0.000 fb_corrupt=0.000 fb_conf=0.000 hagg_norm=0.000 hagg_raw=0.000 hagg_ent=0.000 hagg_maxw=0.000 hagg_clip=0.000 scratch_delta=0.000 scratch_gauss=0.0000
[train_checkpoint step=25525] path=/huyang2/double-loop/models/gdn-full-diversity-d224l12-s6000-20260711T1510Z-eeb38f5/checkpoints/train_state_step025525.pt
[future_seed_loop stage=3:51-64] step=25550 ce=0.4989 total=0.6378 loop1=0.9100 loop_last=0.4989 exact_margin=0.0000 softmin=0.000 upd_l=0.950 upd_h=0.950 fb_next=0.000 fb_corrupt=0.000 fb_conf=0.000 hagg_norm=0.000 hagg_raw=0.000 hagg_ent=0.000 hagg_maxw=0.000 hagg_clip=0.000 scratch_delta=0.000 scratch_gauss=0.0000
[train_checkpoint step=25550] path=/huyang2/double-loop/models/gdn-full-diversity-d224l12-s6000-20260711T1510Z-eeb38f5/checkpoints/train_state_step025550.pt
[future_seed_loop stage=3:51-64] step=25575 ce=0.5825 total=0.6942 loop1=0.9155 loop_last=0.5825 exact_margin=0.0000 softmin=0.000 upd_l=0.950 upd_h=0.950 fb_next=0.000 fb_corrupt=0.000 fb_conf=0.000 hagg_norm=0.000 hagg_raw=0.000 hagg_ent=0.000 hagg_maxw=0.000 hagg_clip=0.000 scratch_delta=0.000 scratch_gauss=0.0000
[train_checkpoint step=25575] path=/huyang2/double-loop/models/gdn-full-diversity-d224l12-s6000-20260711T1510Z-eeb38f5/checkpoints/train_state_step025575.pt
[future_seed_loop stage=3:51-64] step=25600 ce=0.5401 total=0.6557 loop1=0.8907 loop_last=0.5401 exact_margin=0.0000 softmin=0.000 upd_l=0.950 upd_h=0.950 fb_next=0.000 fb_corrupt=0.000 fb_conf=0.000 hagg_norm=0.000 hagg_raw=0.000 hagg_ent=0.000 hagg_maxw=0.000 hagg_clip=0.000 scratch_delta=0.000 scratch_gauss=0.0000
[train_checkpoint step=25600] path=/huyang2/double-loop/models/gdn-full-diversity-d224l12-s6000-20260711T1510Z-eeb38f5/checkpoints/train_state_step025600.pt
[future_seed_loop stage=3:51-64] step=25625 ce=0.4465 total=0.5808 loop1=0.8515 loop_last=0.4465 exact_margin=0.0000 softmin=0.000 upd_l=0.950 upd_h=0.950 fb_next=0.000 fb_corrupt=0.000 fb_conf=0.000 hagg_norm=0.000 hagg_raw=0.000 hagg_ent=0.000 hagg_maxw=0.000 hagg_clip=0.000 scratch_delta=0.000 scratch_gauss=0.0000
[train_checkpoint step=25625] path=/huyang2/double-loop/models/gdn-full-diversity-d224l12-s6000-20260711T1510Z-eeb38f5/checkpoints/train_state_step025625.pt
[future_seed_loop stage=3:51-64] step=25650 ce=0.5344 total=0.6426 loop1=0.8756 loop_last=0.5344 exact_margin=0.0000 softmin=0.000 upd_l=0.950 upd_h=0.950 fb_next=0.000 fb_corrupt=0.000 fb_conf=0.000 hagg_norm=0.000 hagg_raw=0.000 hagg_ent=0.000 hagg_maxw=0.000 hagg_clip=0.000 scratch_delta=0.000 scratch_gauss=0.0000
[train_checkpoint step=25650] path=/huyang2/double-loop/models/gdn-full-diversity-d224l12-s6000-20260711T1510Z-eeb38f5/checkpoints/train_state_step025650.pt
[future_seed_loop stage=3:51-64] step=25675 ce=0.5874 total=0.6850 loop1=0.8947 loop_last=0.5874 exact_margin=0.0000 softmin=0.000 upd_l=0.950 upd_h=0.950 fb_next=0.000 fb_corrupt=0.000 fb_conf=0.000 hagg_norm=0.000 hagg_raw=0.000 hagg_ent=0.000 hagg_maxw=0.000 hagg_clip=0.000 scratch_delta=0.000 scratch_gauss=0.0000
[train_checkpoint step=25675] path=/huyang2/double-loop/models/gdn-full-diversity-d224l12-s6000-20260711T1510Z-eeb38f5/checkpoints/train_state_step025675.pt
[future_seed_loop stage=3:51-64] step=25700 ce=0.5141 total=0.6183 loop1=0.8614 loop_last=0.5141 exact_margin=0.0000 softmin=0.000 upd_l=0.950 upd_h=0.950 fb_next=0.000 fb_corrupt=0.000 fb_conf=0.000 hagg_norm=0.000 hagg_raw=0.000 hagg_ent=0.000 hagg_maxw=0.000 hagg_clip=0.000 scratch_delta=0.000 scratch_gauss=0.0000
[train_checkpoint step=25700] path=/huyang2/double-loop/models/gdn-full-diversity-d224l12-s6000-20260711T1510Z-eeb38f5/checkpoints/train_state_step025700.pt
[future_seed_loop stage=3:51-64] step=25725 ce=0.6085 total=0.7141 loop1=0.9276 loop_last=0.6085 exact_margin=0.0000 softmin=0.000 upd_l=0.950 upd_h=0.950 fb_next=0.000 fb_corrupt=0.000 fb_conf=0.000 hagg_norm=0.000 hagg_raw=0.000 hagg_ent=0.000 hagg_maxw=0.000 hagg_clip=0.000 scratch_delta=0.000 scratch_gauss=0.0000
[train_checkpoint step=25725] path=/huyang2/double-loop/models/gdn-full-diversity-d224l12-s6000-20260711T1510Z-eeb38f5/checkpoints/train_state_step025725.pt
[future_seed_loop stage=3:51-64] step=25750 ce=0.5078 total=0.6435 loop1=0.9122 loop_last=0.5078 exact_margin=0.0000 softmin=0.000 upd_l=0.950 upd_h=0.950 fb_next=0.000 fb_corrupt=0.000 fb_conf=0.000 hagg_norm=0.000 hagg_raw=0.000 hagg_ent=0.000 hagg_maxw=0.000 hagg_clip=0.000 scratch_delta=0.000 scratch_gauss=0.0000
[train_checkpoint step=25750] path=/huyang2/double-loop/models/gdn-full-diversity-d224l12-s6000-20260711T1510Z-eeb38f5/checkpoints/train_state_step025750.pt
[future_seed_loop stage=3:51-64] step=25775 ce=0.4670 total=0.5948 loop1=0.8579 loop_last=0.4670 exact_margin=0.0000 softmin=0.000 upd_l=0.950 upd_h=0.950 fb_next=0.000 fb_corrupt=0.000 fb_conf=0.000 hagg_norm=0.000 hagg_raw=0.000 hagg_ent=0.000 hagg_maxw=0.000 hagg_clip=0.000 scratch_delta=0.000 scratch_gauss=0.0000
[train_checkpoint step=25775] path=/huyang2/double-loop/models/gdn-full-diversity-d224l12-s6000-20260711T1510Z-eeb38f5/checkpoints/train_state_step025775.pt
[future_seed_loop stage=3:51-64] step=25800 ce=0.6390 total=0.7264 loop1=0.9185 loop_last=0.6390 exact_margin=0.0000 softmin=0.000 upd_l=0.950 upd_h=0.950 fb_next=0.000 fb_corrupt=0.000 fb_conf=0.000 hagg_norm=0.000 hagg_raw=0.000 hagg_ent=0.000 hagg_maxw=0.000 hagg_clip=0.000 scratch_delta=0.000 scratch_gauss=0.0000
[train_checkpoint step=25800] path=/huyang2/double-loop/models/gdn-full-diversity-d224l12-s6000-20260711T1510Z-eeb38f5/checkpoints/train_state_step025800.pt
[future_seed_loop stage=3:51-64] step=25825 ce=0.5714 total=0.6806 loop1=0.9165 loop_last=0.5714 exact_margin=0.0000 softmin=0.000 upd_l=0.950 upd_h=0.950 fb_next=0.000 fb_corrupt=0.000 fb_conf=0.000 hagg_norm=0.000 hagg_raw=0.000 hagg_ent=0.000 hagg_maxw=0.000 hagg_clip=0.000 scratch_delta=0.000 scratch_gauss=0.0000
[train_checkpoint step=25825] path=/huyang2/double-loop/models/gdn-full-diversity-d224l12-s6000-20260711T1510Z-eeb38f5/checkpoints/train_state_step025825.pt
[future_seed_loop stage=3:51-64] step=25850 ce=0.4568 total=0.5961 loop1=0.8872 loop_last=0.4568 exact_margin=0.0000 softmin=0.000 upd_l=0.950 upd_h=0.950 fb_next=0.000 fb_corrupt=0.000 fb_conf=0.000 hagg_norm=0.000 hagg_raw=0.000 hagg_ent=0.000 hagg_maxw=0.000 hagg_clip=0.000 scratch_delta=0.000 scratch_gauss=0.0000
[train_checkpoint step=25850] path=/huyang2/double-loop/models/gdn-full-diversity-d224l12-s6000-20260711T1510Z-eeb38f5/checkpoints/train_state_step025850.pt
[future_seed_loop stage=3:51-64] step=25875 ce=0.4893 total=0.6283 loop1=0.8889 loop_last=0.4893 exact_margin=0.0000 softmin=0.000 upd_l=0.950 upd_h=0.950 fb_next=0.000 fb_corrupt=0.000 fb_conf=0.000 hagg_norm=0.000 hagg_raw=0.000 hagg_ent=0.000 hagg_maxw=0.000 hagg_clip=0.000 scratch_delta=0.000 scratch_gauss=0.0000
[train_checkpoint step=25875] path=/huyang2/double-loop/models/gdn-full-diversity-d224l12-s6000-20260711T1510Z-eeb38f5/checkpoints/train_state_step025875.pt
[future_seed_loop stage=3:51-64] step=25900 ce=0.5753 total=0.6889 loop1=0.9202 loop_last=0.5753 exact_margin=0.0000 softmin=0.000 upd_l=0.950 upd_h=0.950 fb_next=0.000 fb_corrupt=0.000 fb_conf=0.000 hagg_norm=0.000 hagg_raw=0.000 hagg_ent=0.000 hagg_maxw=0.000 hagg_clip=0.000 scratch_delta=0.000 scratch_gauss=0.0000
[train_checkpoint step=25900] path=/huyang2/double-loop/models/gdn-full-diversity-d224l12-s6000-20260711T1510Z-eeb38f5/checkpoints/train_state_step025900.pt
[future_seed_loop stage=3:51-64] step=25925 ce=0.5224 total=0.6430 loop1=0.8958 loop_last=0.5224 exact_margin=0.0000 softmin=0.000 upd_l=0.950 upd_h=0.950 fb_next=0.000 fb_corrupt=0.000 fb_conf=0.000 hagg_norm=0.000 hagg_raw=0.000 hagg_ent=0.000 hagg_maxw=0.000 hagg_clip=0.000 scratch_delta=0.000 scratch_gauss=0.0000
[train_checkpoint step=25925] path=/huyang2/double-loop/models/gdn-full-diversity-d224l12-s6000-20260711T1510Z-eeb38f5/checkpoints/train_state_step025925.pt
[future_seed_loop stage=3:51-64] step=25950 ce=0.5524 total=0.6692 loop1=0.9010 loop_last=0.5524 exact_margin=0.0000 softmin=0.000 upd_l=0.950 upd_h=0.950 fb_next=0.000 fb_corrupt=0.000 fb_conf=0.000 hagg_norm=0.000 hagg_raw=0.000 hagg_ent=0.000 hagg_maxw=0.000 hagg_clip=0.000 scratch_delta=0.000 scratch_gauss=0.0000
[train_checkpoint step=25950] path=/huyang2/double-loop/models/gdn-full-diversity-d224l12-s6000-20260711T1510Z-eeb38f5/checkpoints/train_state_step025950.pt
[future_seed_loop stage=3:51-64] step=25975 ce=0.5239 total=0.6393 loop1=0.8920 loop_last=0.5239 exact_margin=0.0000 softmin=0.000 upd_l=0.950 upd_h=0.950 fb_next=0.000 fb_corrupt=0.000 fb_conf=0.000 hagg_norm=0.000 hagg_raw=0.000 hagg_ent=0.000 hagg_maxw=0.000 hagg_clip=0.000 scratch_delta=0.000 scratch_gauss=0.0000
[train_checkpoint step=25975] path=/huyang2/double-loop/models/gdn-full-diversity-d224l12-s6000-20260711T1510Z-eeb38f5/checkpoints/train_state_step025975.pt
[future_seed_loop stage=3:51-64] step=26000 ce=0.5232 total=0.6383 loop1=0.8809 loop_last=0.5232 exact_margin=0.0000 softmin=0.000 upd_l=0.950 upd_h=0.950 fb_next=0.000 fb_corrupt=0.000 fb_conf=0.000 hagg_norm=0.000 hagg_raw=0.000 hagg_ent=0.000 hagg_maxw=0.000 hagg_clip=0.000 scratch_delta=0.000 scratch_gauss=0.0000
[train_checkpoint step=26000] path=/huyang2/double-loop/models/gdn-full-diversity-d224l12-s6000-20260711T1510Z-eeb38f5/checkpoints/train_state_step026000.pt
[future_seed_loop stage=3:51-64] step=26025 ce=0.5475 total=0.6513 loop1=0.8725 loop_last=0.5475 exact_margin=0.0000 softmin=0.000 upd_l=0.950 upd_h=0.950 fb_next=0.000 fb_corrupt=0.000 fb_conf=0.000 hagg_norm=0.000 hagg_raw=0.000 hagg_ent=0.000 hagg_maxw=0.000 hagg_clip=0.000 scratch_delta=0.000 scratch_gauss=0.0000
[train_checkpoint step=26025] path=/huyang2/double-loop/models/gdn-full-diversity-d224l12-s6000-20260711T1510Z-eeb38f5/checkpoints/train_state_step026025.pt
[future_seed_loop stage=3:51-64] step=26050 ce=0.5126 total=0.6272 loop1=0.8786 loop_last=0.5126 exact_margin=0.0000 softmin=0.000 upd_l=0.950 upd_h=0.950 fb_next=0.000 fb_corrupt=0.000 fb_conf=0.000 hagg_norm=0.000 hagg_raw=0.000 hagg_ent=0.000 hagg_maxw=0.000 hagg_clip=0.000 scratch_delta=0.000 scratch_gauss=0.0000
[train_checkpoint step=26050] path=/huyang2/double-loop/models/gdn-full-diversity-d224l12-s6000-20260711T1510Z-eeb38f5/checkpoints/train_state_step026050.pt
[future_seed_loop stage=3:51-64] step=26075 ce=0.4565 total=0.6033 loop1=0.8747 loop_last=0.4565 exact_margin=0.0000 softmin=0.000 upd_l=0.950 upd_h=0.950 fb_next=0.000 fb_corrupt=0.000 fb_conf=0.000 hagg_norm=0.000 hagg_raw=0.000 hagg_ent=0.000 hagg_maxw=0.000 hagg_clip=0.000 scratch_delta=0.000 scratch_gauss=0.0000
[train_checkpoint step=26075] path=/huyang2/double-loop/models/gdn-full-diversity-d224l12-s6000-20260711T1510Z-eeb38f5/checkpoints/train_state_step026075.pt
[future_seed_loop stage=3:51-64] step=26100 ce=0.5768 total=0.6865 loop1=0.9093 loop_last=0.5768 exact_margin=0.0000 softmin=0.000 upd_l=0.950 upd_h=0.950 fb_next=0.000 fb_corrupt=0.000 fb_conf=0.000 hagg_norm=0.000 hagg_raw=0.000 hagg_ent=0.000 hagg_maxw=0.000 hagg_clip=0.000 scratch_delta=0.000 scratch_gauss=0.0000
[train_checkpoint step=26100] path=/huyang2/double-loop/models/gdn-full-diversity-d224l12-s6000-20260711T1510Z-eeb38f5/checkpoints/train_state_step026100.pt
[future_seed_loop stage=3:51-64] step=26125 ce=0.5146 total=0.6393 loop1=0.8837 loop_last=0.5146 exact_margin=0.0000 softmin=0.000 upd_l=0.950 upd_h=0.950 fb_next=0.000 fb_corrupt=0.000 fb_conf=0.000 hagg_norm=0.000 hagg_raw=0.000 hagg_ent=0.000 hagg_maxw=0.000 hagg_clip=0.000 scratch_delta=0.000 scratch_gauss=0.0000
[train_checkpoint step=26125] path=/huyang2/double-loop/models/gdn-full-diversity-d224l12-s6000-20260711T1510Z-eeb38f5/checkpoints/train_state_step026125.pt
[future_seed_loop stage=3:51-64] step=26150 ce=0.5035 total=0.6125 loop1=0.8587 loop_last=0.5035 exact_margin=0.0000 softmin=0.000 upd_l=0.950 upd_h=0.950 fb_next=0.000 fb_corrupt=0.000 fb_conf=0.000 hagg_norm=0.000 hagg_raw=0.000 hagg_ent=0.000 hagg_maxw=0.000 hagg_clip=0.000 scratch_delta=0.000 scratch_gauss=0.0000
[train_checkpoint step=26150] path=/huyang2/double-loop/models/gdn-full-diversity-d224l12-s6000-20260711T1510Z-eeb38f5/checkpoints/train_state_step026150.pt
[future_seed_loop stage=3:51-64] step=26175 ce=0.5338 total=0.6668 loop1=0.8934 loop_last=0.5338 exact_margin=0.0000 softmin=0.000 upd_l=0.950 upd_h=0.950 fb_next=0.000 fb_corrupt=0.000 fb_conf=0.000 hagg_norm=0.000 hagg_raw=0.000 hagg_ent=0.000 hagg_maxw=0.000 hagg_clip=0.000 scratch_delta=0.000 scratch_gauss=0.0000
[train_checkpoint step=26175] path=/huyang2/double-loop/models/gdn-full-diversity-d224l12-s6000-20260711T1510Z-eeb38f5/checkpoints/train_state_step026175.pt
[future_seed_loop stage=3:51-64] step=26200 ce=0.4964 total=0.6320 loop1=0.8884 loop_last=0.4964 exact_margin=0.0000 softmin=0.000 upd_l=0.950 upd_h=0.950 fb_next=0.000 fb_corrupt=0.000 fb_conf=0.000 hagg_norm=0.000 hagg_raw=0.000 hagg_ent=0.000 hagg_maxw=0.000 hagg_clip=0.000 scratch_delta=0.000 scratch_gauss=0.0000
[train_checkpoint step=26200] path=/huyang2/double-loop/models/gdn-full-diversity-d224l12-s6000-20260711T1510Z-eeb38f5/checkpoints/train_state_step026200.pt
[future_seed_loop stage=3:51-64] step=26225 ce=0.5795 total=0.6793 loop1=0.8998 loop_last=0.5795 exact_margin=0.0000 softmin=0.000 upd_l=0.950 upd_h=0.950 fb_next=0.000 fb_corrupt=0.000 fb_conf=0.000 hagg_norm=0.000 hagg_raw=0.000 hagg_ent=0.000 hagg_maxw=0.000 hagg_clip=0.000 scratch_delta=0.000 scratch_gauss=0.0000
[train_checkpoint step=26225] path=/huyang2/double-loop/models/gdn-full-diversity-d224l12-s6000-20260711T1510Z-eeb38f5/checkpoints/train_state_step026225.pt
[future_seed_loop stage=3:51-64] step=26250 ce=0.4870 total=0.6094 loop1=0.8609 loop_last=0.4870 exact_margin=0.0000 softmin=0.000 upd_l=0.950 upd_h=0.950 fb_next=0.000 fb_corrupt=0.000 fb_conf=0.000 hagg_norm=0.000 hagg_raw=0.000 hagg_ent=0.000 hagg_maxw=0.000 hagg_clip=0.000 scratch_delta=0.000 scratch_gauss=0.0000
[train_checkpoint step=26250] path=/huyang2/double-loop/models/gdn-full-diversity-d224l12-s6000-20260711T1510Z-eeb38f5/checkpoints/train_state_step026250.pt
[future_seed_loop stage=3:51-64] step=26275 ce=0.5423 total=0.6720 loop1=0.9105 loop_last=0.5423 exact_margin=0.0000 softmin=0.000 upd_l=0.950 upd_h=0.950 fb_next=0.000 fb_corrupt=0.000 fb_conf=0.000 hagg_norm=0.000 hagg_raw=0.000 hagg_ent=0.000 hagg_maxw=0.000 hagg_clip=0.000 scratch_delta=0.000 scratch_gauss=0.0000
[train_checkpoint step=26275] path=/huyang2/double-loop/models/gdn-full-diversity-d224l12-s6000-20260711T1510Z-eeb38f5/checkpoints/train_state_step026275.pt
[future_seed_loop stage=3:51-64] step=26300 ce=0.5522 total=0.6732 loop1=0.9172 loop_last=0.5522 exact_margin=0.0000 softmin=0.000 upd_l=0.950 upd_h=0.950 fb_next=0.000 fb_corrupt=0.000 fb_conf=0.000 hagg_norm=0.000 hagg_raw=0.000 hagg_ent=0.000 hagg_maxw=0.000 hagg_clip=0.000 scratch_delta=0.000 scratch_gauss=0.0000
[train_checkpoint step=26300] path=/huyang2/double-loop/models/gdn-full-diversity-d224l12-s6000-20260711T1510Z-eeb38f5/checkpoints/train_state_step026300.pt
[future_seed_loop stage=3:51-64] step=26325 ce=0.5455 total=0.6622 loop1=0.8922 loop_last=0.5455 exact_margin=0.0000 softmin=0.000 upd_l=0.950 upd_h=0.950 fb_next=0.000 fb_corrupt=0.000 fb_conf=0.000 hagg_norm=0.000 hagg_raw=0.000 hagg_ent=0.000 hagg_maxw=0.000 hagg_clip=0.000 scratch_delta=0.000 scratch_gauss=0.0000
[train_checkpoint step=26325] path=/huyang2/double-loop/models/gdn-full-diversity-d224l12-s6000-20260711T1510Z-eeb38f5/checkpoints/train_state_step026325.pt
[future_seed_loop stage=3:51-64] step=26350 ce=0.5043 total=0.6187 loop1=0.8725 loop_last=0.5043 exact_margin=0.0000 softmin=0.000 upd_l=0.950 upd_h=0.950 fb_next=0.000 fb_corrupt=0.000 fb_conf=0.000 hagg_norm=0.000 hagg_raw=0.000 hagg_ent=0.000 hagg_maxw=0.000 hagg_clip=0.000 scratch_delta=0.000 scratch_gauss=0.0000
[train_checkpoint step=26350] path=/huyang2/double-loop/models/gdn-full-diversity-d224l12-s6000-20260711T1510Z-eeb38f5/checkpoints/train_state_step026350.pt
[future_seed_loop stage=3:51-64] step=26375 ce=0.4471 total=0.5699 loop1=0.8329 loop_last=0.4471 exact_margin=0.0000 softmin=0.000 upd_l=0.950 upd_h=0.950 fb_next=0.000 fb_corrupt=0.000 fb_conf=0.000 hagg_norm=0.000 hagg_raw=0.000 hagg_ent=0.000 hagg_maxw=0.000 hagg_clip=0.000 scratch_delta=0.000 scratch_gauss=0.0000
[train_checkpoint step=26375] path=/huyang2/double-loop/models/gdn-full-diversity-d224l12-s6000-20260711T1510Z-eeb38f5/checkpoints/train_state_step026375.pt
[future_seed_loop stage=3:51-64] step=26400 ce=0.5356 total=0.6571 loop1=0.8863 loop_last=0.5356 exact_margin=0.0000 softmin=0.000 upd_l=0.950 upd_h=0.950 fb_next=0.000 fb_corrupt=0.000 fb_conf=0.000 hagg_norm=0.000 hagg_raw=0.000 hagg_ent=0.000 hagg_maxw=0.000 hagg_clip=0.000 scratch_delta=0.000 scratch_gauss=0.0000
[train_checkpoint step=26400] path=/huyang2/double-loop/models/gdn-full-diversity-d224l12-s6000-20260711T1510Z-eeb38f5/checkpoints/train_state_step026400.pt
[future_seed_loop stage=3:51-64] step=26425 ce=0.5923 total=0.6952 loop1=0.8985 loop_last=0.5923 exact_margin=0.0000 softmin=0.000 upd_l=0.950 upd_h=0.950 fb_next=0.000 fb_corrupt=0.000 fb_conf=0.000 hagg_norm=0.000 hagg_raw=0.000 hagg_ent=0.000 hagg_maxw=0.000 hagg_clip=0.000 scratch_delta=0.000 scratch_gauss=0.0000
[train_checkpoint step=26425] path=/huyang2/double-loop/models/gdn-full-diversity-d224l12-s6000-20260711T1510Z-eeb38f5/checkpoints/train_state_step026425.pt
[future_seed_loop stage=3:51-64] step=26450 ce=0.5015 total=0.6276 loop1=0.8712 loop_last=0.5015 exact_margin=0.0000 softmin=0.000 upd_l=0.950 upd_h=0.950 fb_next=0.000 fb_corrupt=0.000 fb_conf=0.000 hagg_norm=0.000 hagg_raw=0.000 hagg_ent=0.000 hagg_maxw=0.000 hagg_clip=0.000 scratch_delta=0.000 scratch_gauss=0.0000
[train_checkpoint step=26450] path=/huyang2/double-loop/models/gdn-full-diversity-d224l12-s6000-20260711T1510Z-eeb38f5/checkpoints/train_state_step026450.pt
[future_seed_loop stage=3:51-64] step=26475 ce=0.5371 total=0.6593 loop1=0.8886 loop_last=0.5371 exact_margin=0.0000 softmin=0.000 upd_l=0.950 upd_h=0.950 fb_next=0.000 fb_corrupt=0.000 fb_conf=0.000 hagg_norm=0.000 hagg_raw=0.000 hagg_ent=0.000 hagg_maxw=0.000 hagg_clip=0.000 scratch_delta=0.000 scratch_gauss=0.0000
[train_checkpoint step=26475] path=/huyang2/double-loop/models/gdn-full-diversity-d224l12-s6000-20260711T1510Z-eeb38f5/checkpoints/train_state_step026475.pt
[future_seed_loop stage=3:51-64] step=26500 ce=0.5558 total=0.6795 loop1=0.8992 loop_last=0.5558 exact_margin=0.0000 softmin=0.000 upd_l=0.950 upd_h=0.950 fb_next=0.000 fb_corrupt=0.000 fb_conf=0.000 hagg_norm=0.000 hagg_raw=0.000 hagg_ent=0.000 hagg_maxw=0.000 hagg_clip=0.000 scratch_delta=0.000 scratch_gauss=0.0000
[train_checkpoint step=26500] path=/huyang2/double-loop/models/gdn-full-diversity-d224l12-s6000-20260711T1510Z-eeb38f5/checkpoints/train_state_step026500.pt
[future_seed_loop stage=3:51-64] step=26525 ce=0.5279 total=0.6514 loop1=0.8901 loop_last=0.5279 exact_margin=0.0000 softmin=0.000 upd_l=0.950 upd_h=0.950 fb_next=0.000 fb_corrupt=0.000 fb_conf=0.000 hagg_norm=0.000 hagg_raw=0.000 hagg_ent=0.000 hagg_maxw=0.000 hagg_clip=0.000 scratch_delta=0.000 scratch_gauss=0.0000
[train_checkpoint step=26525] path=/huyang2/double-loop/models/gdn-full-diversity-d224l12-s6000-20260711T1510Z-eeb38f5/checkpoints/train_state_step026525.pt
[future_seed_loop stage=3:51-64] step=26550 ce=0.5651 total=0.6904 loop1=0.9282 loop_last=0.5651 exact_margin=0.0000 softmin=0.000 upd_l=0.950 upd_h=0.950 fb_next=0.000 fb_corrupt=0.000 fb_conf=0.000 hagg_norm=0.000 hagg_raw=0.000 hagg_ent=0.000 hagg_maxw=0.000 hagg_clip=0.000 scratch_delta=0.000 scratch_gauss=0.0000
[train_checkpoint step=26550] path=/huyang2/double-loop/models/gdn-full-diversity-d224l12-s6000-20260711T1510Z-eeb38f5/checkpoints/train_state_step026550.pt
[future_seed_loop stage=3:51-64] step=26575 ce=0.5456 total=0.6810 loop1=0.9381 loop_last=0.5456 exact_margin=0.0000 softmin=0.000 upd_l=0.950 upd_h=0.950 fb_next=0.000 fb_corrupt=0.000 fb_conf=0.000 hagg_norm=0.000 hagg_raw=0.000 hagg_ent=0.000 hagg_maxw=0.000 hagg_clip=0.000 scratch_delta=0.000 scratch_gauss=0.0000
[train_checkpoint step=26575] path=/huyang2/double-loop/models/gdn-full-diversity-d224l12-s6000-20260711T1510Z-eeb38f5/checkpoints/train_state_step026575.pt
[future_seed_loop stage=3:51-64] step=26600 ce=0.5936 total=0.6954 loop1=0.8870 loop_last=0.5936 exact_margin=0.0000 softmin=0.000 upd_l=0.950 upd_h=0.950 fb_next=0.000 fb_corrupt=0.000 fb_conf=0.000 hagg_norm=0.000 hagg_raw=0.000 hagg_ent=0.000 hagg_maxw=0.000 hagg_clip=0.000 scratch_delta=0.000 scratch_gauss=0.0000
[train_checkpoint step=26600] path=/huyang2/double-loop/models/gdn-full-diversity-d224l12-s6000-20260711T1510Z-eeb38f5/checkpoints/train_state_step026600.pt
[future_seed_loop stage=3:51-64] step=26625 ce=0.5501 total=0.6577 loop1=0.8857 loop_last=0.5501 exact_margin=0.0000 softmin=0.000 upd_l=0.950 upd_h=0.950 fb_next=0.000 fb_corrupt=0.000 fb_conf=0.000 hagg_norm=0.000 hagg_raw=0.000 hagg_ent=0.000 hagg_maxw=0.000 hagg_clip=0.000 scratch_delta=0.000 scratch_gauss=0.0000
[train_checkpoint step=26625] path=/huyang2/double-loop/models/gdn-full-diversity-d224l12-s6000-20260711T1510Z-eeb38f5/checkpoints/train_state_step026625.pt
[future_seed_loop stage=3:51-64] step=26650 ce=0.5265 total=0.6621 loop1=0.9128 loop_last=0.5265 exact_margin=0.0000 softmin=0.000 upd_l=0.950 upd_h=0.950 fb_next=0.000 fb_corrupt=0.000 fb_conf=0.000 hagg_norm=0.000 hagg_raw=0.000 hagg_ent=0.000 hagg_maxw=0.000 hagg_clip=0.000 scratch_delta=0.000 scratch_gauss=0.0000
[train_checkpoint step=26650] path=/huyang2/double-loop/models/gdn-full-diversity-d224l12-s6000-20260711T1510Z-eeb38f5/checkpoints/train_state_step026650.pt
[future_seed_loop stage=3:51-64] step=26675 ce=0.5316 total=0.6437 loop1=0.8833 loop_last=0.5316 exact_margin=0.0000 softmin=0.000 upd_l=0.950 upd_h=0.950 fb_next=0.000 fb_corrupt=0.000 fb_conf=0.000 hagg_norm=0.000 hagg_raw=0.000 hagg_ent=0.000 hagg_maxw=0.000 hagg_clip=0.000 scratch_delta=0.000 scratch_gauss=0.0000
[train_checkpoint step=26675] path=/huyang2/double-loop/models/gdn-full-diversity-d224l12-s6000-20260711T1510Z-eeb38f5/checkpoints/train_state_step026675.pt
[future_seed_loop stage=3:51-64] step=26700 ce=0.5404 total=0.6590 loop1=0.8800 loop_last=0.5404 exact_margin=0.0000 softmin=0.000 upd_l=0.950 upd_h=0.950 fb_next=0.000 fb_corrupt=0.000 fb_conf=0.000 hagg_norm=0.000 hagg_raw=0.000 hagg_ent=0.000 hagg_maxw=0.000 hagg_clip=0.000 scratch_delta=0.000 scratch_gauss=0.0000
[train_checkpoint step=26700] path=/huyang2/double-loop/models/gdn-full-diversity-d224l12-s6000-20260711T1510Z-eeb38f5/checkpoints/train_state_step026700.pt
[future_seed_loop stage=3:51-64] step=26725 ce=0.5908 total=0.7083 loop1=0.9255 loop_last=0.5908 exact_margin=0.0000 softmin=0.000 upd_l=0.950 upd_h=0.950 fb_next=0.000 fb_corrupt=0.000 fb_conf=0.000 hagg_norm=0.000 hagg_raw=0.000 hagg_ent=0.000 hagg_maxw=0.000 hagg_clip=0.000 scratch_delta=0.000 scratch_gauss=0.0000
[train_checkpoint step=26725] path=/huyang2/double-loop/models/gdn-full-diversity-d224l12-s6000-20260711T1510Z-eeb38f5/checkpoints/train_state_step026725.pt
[future_seed_loop stage=3:51-64] step=26750 ce=0.4861 total=0.6273 loop1=0.9021 loop_last=0.4861 exact_margin=0.0000 softmin=0.000 upd_l=0.950 upd_h=0.950 fb_next=0.000 fb_corrupt=0.000 fb_conf=0.000 hagg_norm=0.000 hagg_raw=0.000 hagg_ent=0.000 hagg_maxw=0.000 hagg_clip=0.000 scratch_delta=0.000 scratch_gauss=0.0000
[train_checkpoint step=26750] path=/huyang2/double-loop/models/gdn-full-diversity-d224l12-s6000-20260711T1510Z-eeb38f5/checkpoints/train_state_step026750.pt
[future_seed_loop stage=3:51-64] step=26775 ce=0.5225 total=0.6373 loop1=0.8827 loop_last=0.5225 exact_margin=0.0000 softmin=0.000 upd_l=0.950 upd_h=0.950 fb_next=0.000 fb_corrupt=0.000 fb_conf=0.000 hagg_norm=0.000 hagg_raw=0.000 hagg_ent=0.000 hagg_maxw=0.000 hagg_clip=0.000 scratch_delta=0.000 scratch_gauss=0.0000
[train_checkpoint step=26775] path=/huyang2/double-loop/models/gdn-full-diversity-d224l12-s6000-20260711T1510Z-eeb38f5/checkpoints/train_state_step026775.pt
[future_seed_loop stage=3:51-64] step=26800 ce=0.5271 total=0.6417 loop1=0.8758 loop_last=0.5271 exact_margin=0.0000 softmin=0.000 upd_l=0.950 upd_h=0.950 fb_next=0.000 fb_corrupt=0.000 fb_conf=0.000 hagg_norm=0.000 hagg_raw=0.000 hagg_ent=0.000 hagg_maxw=0.000 hagg_clip=0.000 scratch_delta=0.000 scratch_gauss=0.0000
[train_checkpoint step=26800] path=/huyang2/double-loop/models/gdn-full-diversity-d224l12-s6000-20260711T1510Z-eeb38f5/checkpoints/train_state_step026800.pt
[future_seed_loop stage=3:51-64] step=26825 ce=0.5785 total=0.7012 loop1=0.9221 loop_last=0.5785 exact_margin=0.0000 softmin=0.000 upd_l=0.950 upd_h=0.950 fb_next=0.000 fb_corrupt=0.000 fb_conf=0.000 hagg_norm=0.000 hagg_raw=0.000 hagg_ent=0.000 hagg_maxw=0.000 hagg_clip=0.000 scratch_delta=0.000 scratch_gauss=0.0000
[train_checkpoint step=26825] path=/huyang2/double-loop/models/gdn-full-diversity-d224l12-s6000-20260711T1510Z-eeb38f5/checkpoints/train_state_step026825.pt
[future_seed_loop stage=3:51-64] step=26850 ce=0.4916 total=0.6235 loop1=0.8709 loop_last=0.4916 exact_margin=0.0000 softmin=0.000 upd_l=0.950 upd_h=0.950 fb_next=0.000 fb_corrupt=0.000 fb_conf=0.000 hagg_norm=0.000 hagg_raw=0.000 hagg_ent=0.000 hagg_maxw=0.000 hagg_clip=0.000 scratch_delta=0.000 scratch_gauss=0.0000
[train_checkpoint step=26850] path=/huyang2/double-loop/models/gdn-full-diversity-d224l12-s6000-20260711T1510Z-eeb38f5/checkpoints/train_state_step026850.pt
[future_seed_loop stage=3:51-64] step=26875 ce=0.4821 total=0.6078 loop1=0.8502 loop_last=0.4821 exact_margin=0.0000 softmin=0.000 upd_l=0.950 upd_h=0.950 fb_next=0.000 fb_corrupt=0.000 fb_conf=0.000 hagg_norm=0.000 hagg_raw=0.000 hagg_ent=0.000 hagg_maxw=0.000 hagg_clip=0.000 scratch_delta=0.000 scratch_gauss=0.0000
[train_checkpoint step=26875] path=/huyang2/double-loop/models/gdn-full-diversity-d224l12-s6000-20260711T1510Z-eeb38f5/checkpoints/train_state_step026875.pt
[future_seed_loop stage=3:51-64] step=26900 ce=0.4807 total=0.6063 loop1=0.8657 loop_last=0.4807 exact_margin=0.0000 softmin=0.000 upd_l=0.950 upd_h=0.950 fb_next=0.000 fb_corrupt=0.000 fb_conf=0.000 hagg_norm=0.000 hagg_raw=0.000 hagg_ent=0.000 hagg_maxw=0.000 hagg_clip=0.000 scratch_delta=0.000 scratch_gauss=0.0000
[train_checkpoint step=26900] path=/huyang2/double-loop/models/gdn-full-diversity-d224l12-s6000-20260711T1510Z-eeb38f5/checkpoints/train_state_step026900.pt
[future_seed_loop stage=3:51-64] step=26925 ce=0.4904 total=0.6083 loop1=0.8520 loop_last=0.4904 exact_margin=0.0000 softmin=0.000 upd_l=0.950 upd_h=0.950 fb_next=0.000 fb_corrupt=0.000 fb_conf=0.000 hagg_norm=0.000 hagg_raw=0.000 hagg_ent=0.000 hagg_maxw=0.000 hagg_clip=0.000 scratch_delta=0.000 scratch_gauss=0.0000
[train_checkpoint step=26925] path=/huyang2/double-loop/models/gdn-full-diversity-d224l12-s6000-20260711T1510Z-eeb38f5/checkpoints/train_state_step026925.pt
[future_seed_loop stage=3:51-64] step=26950 ce=0.5804 total=0.7030 loop1=0.9348 loop_last=0.5804 exact_margin=0.0000 softmin=0.000 upd_l=0.950 upd_h=0.950 fb_next=0.000 fb_corrupt=0.000 fb_conf=0.000 hagg_norm=0.000 hagg_raw=0.000 hagg_ent=0.000 hagg_maxw=0.000 hagg_clip=0.000 scratch_delta=0.000 scratch_gauss=0.0000
[train_checkpoint step=26950] path=/huyang2/double-loop/models/gdn-full-diversity-d224l12-s6000-20260711T1510Z-eeb38f5/checkpoints/train_state_step026950.pt
[future_seed_loop stage=3:51-64] step=26975 ce=0.5200 total=0.6326 loop1=0.8536 loop_last=0.5200 exact_margin=0.0000 softmin=0.000 upd_l=0.950 upd_h=0.950 fb_next=0.000 fb_corrupt=0.000 fb_conf=0.000 hagg_norm=0.000 hagg_raw=0.000 hagg_ent=0.000 hagg_maxw=0.000 hagg_clip=0.000 scratch_delta=0.000 scratch_gauss=0.0000
[train_checkpoint step=26975] path=/huyang2/double-loop/models/gdn-full-diversity-d224l12-s6000-20260711T1510Z-eeb38f5/checkpoints/train_state_step026975.pt
[future_seed_loop stage=3:51-64] step=27000 ce=0.5481 total=0.6577 loop1=0.8991 loop_last=0.5481 exact_margin=0.0000 softmin=0.000 upd_l=0.950 upd_h=0.950 fb_next=0.000 fb_corrupt=0.000 fb_conf=0.000 hagg_norm=0.000 hagg_raw=0.000 hagg_ent=0.000 hagg_maxw=0.000 hagg_clip=0.000 scratch_delta=0.000 scratch_gauss=0.0000
[train_checkpoint step=27000] path=/huyang2/double-loop/models/gdn-full-diversity-d224l12-s6000-20260711T1510Z-eeb38f5/checkpoints/train_state_step027000.pt
[future_seed_loop stage=3:51-64] step=27025 ce=0.5892 total=0.6884 loop1=0.9032 loop_last=0.5892 exact_margin=0.0000 softmin=0.000 upd_l=0.950 upd_h=0.950 fb_next=0.000 fb_corrupt=0.000 fb_conf=0.000 hagg_norm=0.000 hagg_raw=0.000 hagg_ent=0.000 hagg_maxw=0.000 hagg_clip=0.000 scratch_delta=0.000 scratch_gauss=0.0000
[train_checkpoint step=27025] path=/huyang2/double-loop/models/gdn-full-diversity-d224l12-s6000-20260711T1510Z-eeb38f5/checkpoints/train_state_step027025.pt
[future_seed_loop stage=3:51-64] step=27050 ce=0.5757 total=0.6778 loop1=0.8970 loop_last=0.5757 exact_margin=0.0000 softmin=0.000 upd_l=0.950 upd_h=0.950 fb_next=0.000 fb_corrupt=0.000 fb_conf=0.000 hagg_norm=0.000 hagg_raw=0.000 hagg_ent=0.000 hagg_maxw=0.000 hagg_clip=0.000 scratch_delta=0.000 scratch_gauss=0.0000
[train_checkpoint step=27050] path=/huyang2/double-loop/models/gdn-full-diversity-d224l12-s6000-20260711T1510Z-eeb38f5/checkpoints/train_state_step027050.pt
[future_seed_loop stage=3:51-64] step=27075 ce=0.5334 total=0.6330 loop1=0.8670 loop_last=0.5334 exact_margin=0.0000 softmin=0.000 upd_l=0.950 upd_h=0.950 fb_next=0.000 fb_corrupt=0.000 fb_conf=0.000 hagg_norm=0.000 hagg_raw=0.000 hagg_ent=0.000 hagg_maxw=0.000 hagg_clip=0.000 scratch_delta=0.000 scratch_gauss=0.0000
[train_checkpoint step=27075] path=/huyang2/double-loop/models/gdn-full-diversity-d224l12-s6000-20260711T1510Z-eeb38f5/checkpoints/train_state_step027075.pt
[future_seed_loop stage=3:51-64] step=27100 ce=0.5902 total=0.6870 loop1=0.8822 loop_last=0.5902 exact_margin=0.0000 softmin=0.000 upd_l=0.950 upd_h=0.950 fb_next=0.000 fb_corrupt=0.000 fb_conf=0.000 hagg_norm=0.000 hagg_raw=0.000 hagg_ent=0.000 hagg_maxw=0.000 hagg_clip=0.000 scratch_delta=0.000 scratch_gauss=0.0000
[train_checkpoint step=27100] path=/huyang2/double-loop/models/gdn-full-diversity-d224l12-s6000-20260711T1510Z-eeb38f5/checkpoints/train_state_step027100.pt
[future_seed_loop stage=3:51-64] step=27125 ce=0.4858 total=0.6228 loop1=0.8733 loop_last=0.4858 exact_margin=0.0000 softmin=0.000 upd_l=0.950 upd_h=0.950 fb_next=0.000 fb_corrupt=0.000 fb_conf=0.000 hagg_norm=0.000 hagg_raw=0.000 hagg_ent=0.000 hagg_maxw=0.000 hagg_clip=0.000 scratch_delta=0.000 scratch_gauss=0.0000
[train_checkpoint step=27125] path=/huyang2/double-loop/models/gdn-full-diversity-d224l12-s6000-20260711T1510Z-eeb38f5/checkpoints/train_state_step027125.pt
[future_seed_loop stage=3:51-64] step=27150 ce=0.5940 total=0.7022 loop1=0.9174 loop_last=0.5940 exact_margin=0.0000 softmin=0.000 upd_l=0.950 upd_h=0.950 fb_next=0.000 fb_corrupt=0.000 fb_conf=0.000 hagg_norm=0.000 hagg_raw=0.000 hagg_ent=0.000 hagg_maxw=0.000 hagg_clip=0.000 scratch_delta=0.000 scratch_gauss=0.0000
[train_checkpoint step=27150] path=/huyang2/double-loop/models/gdn-full-diversity-d224l12-s6000-20260711T1510Z-eeb38f5/checkpoints/train_state_step027150.pt
[future_seed_loop stage=3:51-64] step=27175 ce=0.5389 total=0.6434 loop1=0.8681 loop_last=0.5389 exact_margin=0.0000 softmin=0.000 upd_l=0.950 upd_h=0.950 fb_next=0.000 fb_corrupt=0.000 fb_conf=0.000 hagg_norm=0.000 hagg_raw=0.000 hagg_ent=0.000 hagg_maxw=0.000 hagg_clip=0.000 scratch_delta=0.000 scratch_gauss=0.0000
[train_checkpoint step=27175] path=/huyang2/double-loop/models/gdn-full-diversity-d224l12-s6000-20260711T1510Z-eeb38f5/checkpoints/train_state_step027175.pt
[future_seed_loop stage=3:51-64] step=27200 ce=0.5236 total=0.6571 loop1=0.9073 loop_last=0.5236 exact_margin=0.0000 softmin=0.000 upd_l=0.950 upd_h=0.950 fb_next=0.000 fb_corrupt=0.000 fb_conf=0.000 hagg_norm=0.000 hagg_raw=0.000 hagg_ent=0.000 hagg_maxw=0.000 hagg_clip=0.000 scratch_delta=0.000 scratch_gauss=0.0000
[train_checkpoint step=27200] path=/huyang2/double-loop/models/gdn-full-diversity-d224l12-s6000-20260711T1510Z-eeb38f5/checkpoints/train_state_step027200.pt
[future_seed_loop stage=3:51-64] step=27225 ce=0.5202 total=0.6362 loop1=0.8811 loop_last=0.5202 exact_margin=0.0000 softmin=0.000 upd_l=0.950 upd_h=0.950 fb_next=0.000 fb_corrupt=0.000 fb_conf=0.000 hagg_norm=0.000 hagg_raw=0.000 hagg_ent=0.000 hagg_maxw=0.000 hagg_clip=0.000 scratch_delta=0.000 scratch_gauss=0.0000
[train_checkpoint step=27225] path=/huyang2/double-loop/models/gdn-full-diversity-d224l12-s6000-20260711T1510Z-eeb38f5/checkpoints/train_state_step027225.pt
[future_seed_loop stage=3:51-64] step=27250 ce=0.5201 total=0.6572 loop1=0.9094 loop_last=0.5201 exact_margin=0.0000 softmin=0.000 upd_l=0.950 upd_h=0.950 fb_next=0.000 fb_corrupt=0.000 fb_conf=0.000 hagg_norm=0.000 hagg_raw=0.000 hagg_ent=0.000 hagg_maxw=0.000 hagg_clip=0.000 scratch_delta=0.000 scratch_gauss=0.0000
[train_checkpoint step=27250] path=/huyang2/double-loop/models/gdn-full-diversity-d224l12-s6000-20260711T1510Z-eeb38f5/checkpoints/train_state_step027250.pt
[future_seed_loop stage=3:51-64] step=27275 ce=0.5489 total=0.6854 loop1=0.9029 loop_last=0.5489 exact_margin=0.0000 softmin=0.000 upd_l=0.950 upd_h=0.950 fb_next=0.000 fb_corrupt=0.000 fb_conf=0.000 hagg_norm=0.000 hagg_raw=0.000 hagg_ent=0.000 hagg_maxw=0.000 hagg_clip=0.000 scratch_delta=0.000 scratch_gauss=0.0000
[train_checkpoint step=27275] path=/huyang2/double-loop/models/gdn-full-diversity-d224l12-s6000-20260711T1510Z-eeb38f5/checkpoints/train_state_step027275.pt
[future_seed_loop stage=3:51-64] step=27300 ce=0.5488 total=0.6601 loop1=0.8925 loop_last=0.5488 exact_margin=0.0000 softmin=0.000 upd_l=0.950 upd_h=0.950 fb_next=0.000 fb_corrupt=0.000 fb_conf=0.000 hagg_norm=0.000 hagg_raw=0.000 hagg_ent=0.000 hagg_maxw=0.000 hagg_clip=0.000 scratch_delta=0.000 scratch_gauss=0.0000
[train_checkpoint step=27300] path=/huyang2/double-loop/models/gdn-full-diversity-d224l12-s6000-20260711T1510Z-eeb38f5/checkpoints/train_state_step027300.pt
[future_seed_loop stage=3:51-64] step=27325 ce=0.5209 total=0.6466 loop1=0.8819 loop_last=0.5209 exact_margin=0.0000 softmin=0.000 upd_l=0.950 upd_h=0.950 fb_next=0.000 fb_corrupt=0.000 fb_conf=0.000 hagg_norm=0.000 hagg_raw=0.000 hagg_ent=0.000 hagg_maxw=0.000 hagg_clip=0.000 scratch_delta=0.000 scratch_gauss=0.0000
[train_checkpoint step=27325] path=/huyang2/double-loop/models/gdn-full-diversity-d224l12-s6000-20260711T1510Z-eeb38f5/checkpoints/train_state_step027325.pt
[future_seed_loop stage=3:51-64] step=27350 ce=0.5327 total=0.6445 loop1=0.8672 loop_last=0.5327 exact_margin=0.0000 softmin=0.000 upd_l=0.950 upd_h=0.950 fb_next=0.000 fb_corrupt=0.000 fb_conf=0.000 hagg_norm=0.000 hagg_raw=0.000 hagg_ent=0.000 hagg_maxw=0.000 hagg_clip=0.000 scratch_delta=0.000 scratch_gauss=0.0000
[train_checkpoint step=27350] path=/huyang2/double-loop/models/gdn-full-diversity-d224l12-s6000-20260711T1510Z-eeb38f5/checkpoints/train_state_step027350.pt
[future_seed_loop stage=3:51-64] step=27375 ce=0.5383 total=0.6552 loop1=0.8882 loop_last=0.5383 exact_margin=0.0000 softmin=0.000 upd_l=0.950 upd_h=0.950 fb_next=0.000 fb_corrupt=0.000 fb_conf=0.000 hagg_norm=0.000 hagg_raw=0.000 hagg_ent=0.000 hagg_maxw=0.000 hagg_clip=0.000 scratch_delta=0.000 scratch_gauss=0.0000
[train_checkpoint step=27375] path=/huyang2/double-loop/models/gdn-full-diversity-d224l12-s6000-20260711T1510Z-eeb38f5/checkpoints/train_state_step027375.pt
[future_seed_loop stage=3:51-64] step=27400 ce=0.5264 total=0.6509 loop1=0.8864 loop_last=0.5264 exact_margin=0.0000 softmin=0.000 upd_l=0.950 upd_h=0.950 fb_next=0.000 fb_corrupt=0.000 fb_conf=0.000 hagg_norm=0.000 hagg_raw=0.000 hagg_ent=0.000 hagg_maxw=0.000 hagg_clip=0.000 scratch_delta=0.000 scratch_gauss=0.0000
[train_checkpoint step=27400] path=/huyang2/double-loop/models/gdn-full-diversity-d224l12-s6000-20260711T1510Z-eeb38f5/checkpoints/train_state_step027400.pt
[future_seed_loop stage=3:51-64] step=27425 ce=0.5750 total=0.6910 loop1=0.9169 loop_last=0.5750 exact_margin=0.0000 softmin=0.000 upd_l=0.950 upd_h=0.950 fb_next=0.000 fb_corrupt=0.000 fb_conf=0.000 hagg_norm=0.000 hagg_raw=0.000 hagg_ent=0.000 hagg_maxw=0.000 hagg_clip=0.000 scratch_delta=0.000 scratch_gauss=0.0000
[train_checkpoint step=27425] path=/huyang2/double-loop/models/gdn-full-diversity-d224l12-s6000-20260711T1510Z-eeb38f5/checkpoints/train_state_step027425.pt
[future_seed_loop stage=3:51-64] step=27450 ce=0.5297 total=0.6462 loop1=0.8709 loop_last=0.5297 exact_margin=0.0000 softmin=0.000 upd_l=0.950 upd_h=0.950 fb_next=0.000 fb_corrupt=0.000 fb_conf=0.000 hagg_norm=0.000 hagg_raw=0.000 hagg_ent=0.000 hagg_maxw=0.000 hagg_clip=0.000 scratch_delta=0.000 scratch_gauss=0.0000
[train_checkpoint step=27450] path=/huyang2/double-loop/models/gdn-full-diversity-d224l12-s6000-20260711T1510Z-eeb38f5/checkpoints/train_state_step027450.pt
[future_seed_loop stage=3:51-64] step=27475 ce=0.5563 total=0.6705 loop1=0.8958 loop_last=0.5563 exact_margin=0.0000 softmin=0.000 upd_l=0.950 upd_h=0.950 fb_next=0.000 fb_corrupt=0.000 fb_conf=0.000 hagg_norm=0.000 hagg_raw=0.000 hagg_ent=0.000 hagg_maxw=0.000 hagg_clip=0.000 scratch_delta=0.000 scratch_gauss=0.0000
[train_checkpoint step=27475] path=/huyang2/double-loop/models/gdn-full-diversity-d224l12-s6000-20260711T1510Z-eeb38f5/checkpoints/train_state_step027475.pt
[future_seed_loop stage=3:51-64] step=27500 ce=0.5529 total=0.6622 loop1=0.8644 loop_last=0.5529 exact_margin=0.0000 softmin=0.000 upd_l=0.950 upd_h=0.950 fb_next=0.000 fb_corrupt=0.000 fb_conf=0.000 hagg_norm=0.000 hagg_raw=0.000 hagg_ent=0.000 hagg_maxw=0.000 hagg_clip=0.000 scratch_delta=0.000 scratch_gauss=0.0000
[train_checkpoint step=27500] path=/huyang2/double-loop/models/gdn-full-diversity-d224l12-s6000-20260711T1510Z-eeb38f5/checkpoints/train_state_step027500.pt
[future_seed_loop stage=3:51-64] step=27525 ce=0.6078 total=0.7301 loop1=0.9336 loop_last=0.6078 exact_margin=0.0000 softmin=0.000 upd_l=0.950 upd_h=0.950 fb_next=0.000 fb_corrupt=0.000 fb_conf=0.000 hagg_norm=0.000 hagg_raw=0.000 hagg_ent=0.000 hagg_maxw=0.000 hagg_clip=0.000 scratch_delta=0.000 scratch_gauss=0.0000
[train_checkpoint step=27525] path=/huyang2/double-loop/models/gdn-full-diversity-d224l12-s6000-20260711T1510Z-eeb38f5/checkpoints/train_state_step027525.pt
[future_seed_loop stage=3:51-64] step=27550 ce=0.5912 total=0.7033 loop1=0.9232 loop_last=0.5912 exact_margin=0.0000 softmin=0.000 upd_l=0.950 upd_h=0.950 fb_next=0.000 fb_corrupt=0.000 fb_conf=0.000 hagg_norm=0.000 hagg_raw=0.000 hagg_ent=0.000 hagg_maxw=0.000 hagg_clip=0.000 scratch_delta=0.000 scratch_gauss=0.0000
[train_checkpoint step=27550] path=/huyang2/double-loop/models/gdn-full-diversity-d224l12-s6000-20260711T1510Z-eeb38f5/checkpoints/train_state_step027550.pt
[future_seed_loop stage=3:51-64] step=27575 ce=0.5318 total=0.6515 loop1=0.8914 loop_last=0.5318 exact_margin=0.0000 softmin=0.000 upd_l=0.950 upd_h=0.950 fb_next=0.000 fb_corrupt=0.000 fb_conf=0.000 hagg_norm=0.000 hagg_raw=0.000 hagg_ent=0.000 hagg_maxw=0.000 hagg_clip=0.000 scratch_delta=0.000 scratch_gauss=0.0000
[train_checkpoint step=27575] path=/huyang2/double-loop/models/gdn-full-diversity-d224l12-s6000-20260711T1510Z-eeb38f5/checkpoints/train_state_step027575.pt
[future_seed_loop stage=3:51-64] step=27600 ce=0.4890 total=0.6087 loop1=0.8600 loop_last=0.4890 exact_margin=0.0000 softmin=0.000 upd_l=0.950 upd_h=0.950 fb_next=0.000 fb_corrupt=0.000 fb_conf=0.000 hagg_norm=0.000 hagg_raw=0.000 hagg_ent=0.000 hagg_maxw=0.000 hagg_clip=0.000 scratch_delta=0.000 scratch_gauss=0.0000
[train_checkpoint step=27600] path=/huyang2/double-loop/models/gdn-full-diversity-d224l12-s6000-20260711T1510Z-eeb38f5/checkpoints/train_state_step027600.pt
[future_seed_loop stage=3:51-64] step=27625 ce=0.5121 total=0.6370 loop1=0.8737 loop_last=0.5121 exact_margin=0.0000 softmin=0.000 upd_l=0.950 upd_h=0.950 fb_next=0.000 fb_corrupt=0.000 fb_conf=0.000 hagg_norm=0.000 hagg_raw=0.000 hagg_ent=0.000 hagg_maxw=0.000 hagg_clip=0.000 scratch_delta=0.000 scratch_gauss=0.0000
[train_checkpoint step=27625] path=/huyang2/double-loop/models/gdn-full-diversity-d224l12-s6000-20260711T1510Z-eeb38f5/checkpoints/train_state_step027625.pt
[future_seed_loop stage=3:51-64] step=27650 ce=0.5698 total=0.6797 loop1=0.8853 loop_last=0.5698 exact_margin=0.0000 softmin=0.000 upd_l=0.950 upd_h=0.950 fb_next=0.000 fb_corrupt=0.000 fb_conf=0.000 hagg_norm=0.000 hagg_raw=0.000 hagg_ent=0.000 hagg_maxw=0.000 hagg_clip=0.000 scratch_delta=0.000 scratch_gauss=0.0000
[train_checkpoint step=27650] path=/huyang2/double-loop/models/gdn-full-diversity-d224l12-s6000-20260711T1510Z-eeb38f5/checkpoints/train_state_step027650.pt
[future_seed_loop stage=3:51-64] step=27675 ce=0.5262 total=0.6592 loop1=0.8996 loop_last=0.5262 exact_margin=0.0000 softmin=0.000 upd_l=0.950 upd_h=0.950 fb_next=0.000 fb_corrupt=0.000 fb_conf=0.000 hagg_norm=0.000 hagg_raw=0.000 hagg_ent=0.000 hagg_maxw=0.000 hagg_clip=0.000 scratch_delta=0.000 scratch_gauss=0.0000
[train_checkpoint step=27675] path=/huyang2/double-loop/models/gdn-full-diversity-d224l12-s6000-20260711T1510Z-eeb38f5/checkpoints/train_state_step027675.pt
[future_seed_loop stage=3:51-64] step=27700 ce=0.5714 total=0.6839 loop1=0.8981 loop_last=0.5714 exact_margin=0.0000 softmin=0.000 upd_l=0.950 upd_h=0.950 fb_next=0.000 fb_corrupt=0.000 fb_conf=0.000 hagg_norm=0.000 hagg_raw=0.000 hagg_ent=0.000 hagg_maxw=0.000 hagg_clip=0.000 scratch_delta=0.000 scratch_gauss=0.0000
[train_checkpoint step=27700] path=/huyang2/double-loop/models/gdn-full-diversity-d224l12-s6000-20260711T1510Z-eeb38f5/checkpoints/train_state_step027700.pt
[future_seed_loop stage=3:51-64] step=27725 ce=0.5419 total=0.6672 loop1=0.8959 loop_last=0.5419 exact_margin=0.0000 softmin=0.000 upd_l=0.950 upd_h=0.950 fb_next=0.000 fb_corrupt=0.000 fb_conf=0.000 hagg_norm=0.000 hagg_raw=0.000 hagg_ent=0.000 hagg_maxw=0.000 hagg_clip=0.000 scratch_delta=0.000 scratch_gauss=0.0000
[train_checkpoint step=27725] path=/huyang2/double-loop/models/gdn-full-diversity-d224l12-s6000-20260711T1510Z-eeb38f5/checkpoints/train_state_step027725.pt
[future_seed_loop stage=3:51-64] step=27750 ce=0.5704 total=0.6723 loop1=0.8913 loop_last=0.5704 exact_margin=0.0000 softmin=0.000 upd_l=0.950 upd_h=0.950 fb_next=0.000 fb_corrupt=0.000 fb_conf=0.000 hagg_norm=0.000 hagg_raw=0.000 hagg_ent=0.000 hagg_maxw=0.000 hagg_clip=0.000 scratch_delta=0.000 scratch_gauss=0.0000
[train_checkpoint step=27750] path=/huyang2/double-loop/models/gdn-full-diversity-d224l12-s6000-20260711T1510Z-eeb38f5/checkpoints/train_state_step027750.pt
[future_seed_loop stage=3:51-64] step=27775 ce=0.5276 total=0.6497 loop1=0.8927 loop_last=0.5276 exact_margin=0.0000 softmin=0.000 upd_l=0.950 upd_h=0.950 fb_next=0.000 fb_corrupt=0.000 fb_conf=0.000 hagg_norm=0.000 hagg_raw=0.000 hagg_ent=0.000 hagg_maxw=0.000 hagg_clip=0.000 scratch_delta=0.000 scratch_gauss=0.0000
[train_checkpoint step=27775] path=/huyang2/double-loop/models/gdn-full-diversity-d224l12-s6000-20260711T1510Z-eeb38f5/checkpoints/train_state_step027775.pt
[future_seed_loop stage=3:51-64] step=27800 ce=0.5496 total=0.6636 loop1=0.8932 loop_last=0.5496 exact_margin=0.0000 softmin=0.000 upd_l=0.950 upd_h=0.950 fb_next=0.000 fb_corrupt=0.000 fb_conf=0.000 hagg_norm=0.000 hagg_raw=0.000 hagg_ent=0.000 hagg_maxw=0.000 hagg_clip=0.000 scratch_delta=0.000 scratch_gauss=0.0000
[train_checkpoint step=27800] path=/huyang2/double-loop/models/gdn-full-diversity-d224l12-s6000-20260711T1510Z-eeb38f5/checkpoints/train_state_step027800.pt
[future_seed_loop stage=3:51-64] step=27825 ce=0.5315 total=0.6564 loop1=0.8982 loop_last=0.5315 exact_margin=0.0000 softmin=0.000 upd_l=0.950 upd_h=0.950 fb_next=0.000 fb_corrupt=0.000 fb_conf=0.000 hagg_norm=0.000 hagg_raw=0.000 hagg_ent=0.000 hagg_maxw=0.000 hagg_clip=0.000 scratch_delta=0.000 scratch_gauss=0.0000
[train_checkpoint step=27825] path=/huyang2/double-loop/models/gdn-full-diversity-d224l12-s6000-20260711T1510Z-eeb38f5/checkpoints/train_state_step027825.pt
[future_seed_loop stage=3:51-64] step=27850 ce=0.6041 total=0.7267 loop1=0.9233 loop_last=0.6041 exact_margin=0.0000 softmin=0.000 upd_l=0.950 upd_h=0.950 fb_next=0.000 fb_corrupt=0.000 fb_conf=0.000 hagg_norm=0.000 hagg_raw=0.000 hagg_ent=0.000 hagg_maxw=0.000 hagg_clip=0.000 scratch_delta=0.000 scratch_gauss=0.0000
[train_checkpoint step=27850] path=/huyang2/double-loop/models/gdn-full-diversity-d224l12-s6000-20260711T1510Z-eeb38f5/checkpoints/train_state_step027850.pt
[future_seed_loop stage=3:51-64] step=27875 ce=0.5885 total=0.6996 loop1=0.9047 loop_last=0.5885 exact_margin=0.0000 softmin=0.000 upd_l=0.950 upd_h=0.950 fb_next=0.000 fb_corrupt=0.000 fb_conf=0.000 hagg_norm=0.000 hagg_raw=0.000 hagg_ent=0.000 hagg_maxw=0.000 hagg_clip=0.000 scratch_delta=0.000 scratch_gauss=0.0000
[train_checkpoint step=27875] path=/huyang2/double-loop/models/gdn-full-diversity-d224l12-s6000-20260711T1510Z-eeb38f5/checkpoints/train_state_step027875.pt
[future_seed_loop stage=3:51-64] step=27900 ce=0.4629 total=0.5995 loop1=0.8678 loop_last=0.4629 exact_margin=0.0000 softmin=0.000 upd_l=0.950 upd_h=0.950 fb_next=0.000 fb_corrupt=0.000 fb_conf=0.000 hagg_norm=0.000 hagg_raw=0.000 hagg_ent=0.000 hagg_maxw=0.000 hagg_clip=0.000 scratch_delta=0.000 scratch_gauss=0.0000
[train_checkpoint step=27900] path=/huyang2/double-loop/models/gdn-full-diversity-d224l12-s6000-20260711T1510Z-eeb38f5/checkpoints/train_state_step027900.pt
[future_seed_loop stage=3:51-64] step=27925 ce=0.5682 total=0.6895 loop1=0.9056 loop_last=0.5682 exact_margin=0.0000 softmin=0.000 upd_l=0.950 upd_h=0.950 fb_next=0.000 fb_corrupt=0.000 fb_conf=0.000 hagg_norm=0.000 hagg_raw=0.000 hagg_ent=0.000 hagg_maxw=0.000 hagg_clip=0.000 scratch_delta=0.000 scratch_gauss=0.0000
[train_checkpoint step=27925] path=/huyang2/double-loop/models/gdn-full-diversity-d224l12-s6000-20260711T1510Z-eeb38f5/checkpoints/train_state_step027925.pt
[future_seed_loop stage=3:51-64] step=27950 ce=0.4842 total=0.6076 loop1=0.8594 loop_last=0.4842 exact_margin=0.0000 softmin=0.000 upd_l=0.950 upd_h=0.950 fb_next=0.000 fb_corrupt=0.000 fb_conf=0.000 hagg_norm=0.000 hagg_raw=0.000 hagg_ent=0.000 hagg_maxw=0.000 hagg_clip=0.000 scratch_delta=0.000 scratch_gauss=0.0000
[train_checkpoint step=27950] path=/huyang2/double-loop/models/gdn-full-diversity-d224l12-s6000-20260711T1510Z-eeb38f5/checkpoints/train_state_step027950.pt
[future_seed_loop stage=3:51-64] step=27975 ce=0.5063 total=0.6280 loop1=0.8805 loop_last=0.5063 exact_margin=0.0000 softmin=0.000 upd_l=0.950 upd_h=0.950 fb_next=0.000 fb_corrupt=0.000 fb_conf=0.000 hagg_norm=0.000 hagg_raw=0.000 hagg_ent=0.000 hagg_maxw=0.000 hagg_clip=0.000 scratch_delta=0.000 scratch_gauss=0.0000
[train_checkpoint step=27975] path=/huyang2/double-loop/models/gdn-full-diversity-d224l12-s6000-20260711T1510Z-eeb38f5/checkpoints/train_state_step027975.pt
[future_seed_loop stage=3:51-64] step=28000 ce=0.5114 total=0.6448 loop1=0.9094 loop_last=0.5114 exact_margin=0.0000 softmin=0.000 upd_l=0.950 upd_h=0.950 fb_next=0.000 fb_corrupt=0.000 fb_conf=0.000 hagg_norm=0.000 hagg_raw=0.000 hagg_ent=0.000 hagg_maxw=0.000 hagg_clip=0.000 scratch_delta=0.000 scratch_gauss=0.0000
[train_checkpoint step=28000] path=/huyang2/double-loop/models/gdn-full-diversity-d224l12-s6000-20260711T1510Z-eeb38f5/checkpoints/train_state_step028000.pt
