mode=full
run_dir=/huyang2/double-loop/.worktrees/gdn-realbwd-official-sudoku-d192-fs-b471906-20260626/runs/gdn-d192-official-sudoku-fs-clean-s600-20260626T0825-b471906
git_sha=b47190644a97ace3d51283923d8a8806437ce628
git_dirty=0
device=cuda torch=2.7.0+cu126 board=9x9 box=3x3 mainline=future_seed_loop backbone=gdn rwkv_kernel=auto gdn_mode=triton_recurrent forward_dtype=bfloat16
[future_seed_loop stage=1:2-4] step=0100 ce=1.8048 total=1.8048 loop1=1.8050 loop_last=1.8048 upd_l=0.950 upd_h=0.950 scratch_delta=0.000 scratch_gauss=0.0000
[future_seed_loop stage=1:2-4] step=0200 ce=1.3207 total=1.3207 loop1=1.3282 loop_last=1.3207 upd_l=0.950 upd_h=0.950 scratch_delta=0.000 scratch_gauss=0.0000
[future_seed_loop stage=1:2-4] step=0300 ce=1.1287 total=1.1287 loop1=1.2053 loop_last=1.1287 upd_l=0.950 upd_h=0.950 scratch_delta=0.000 scratch_gauss=0.0000
[future_seed_loop stage=1:2-4] step=0400 ce=1.0853 total=1.0853 loop1=1.2112 loop_last=1.0853 upd_l=0.950 upd_h=0.950 scratch_delta=0.000 scratch_gauss=0.0000
[future_seed_loop stage=1:2-4] step=0500 ce=1.0488 total=1.0488 loop1=1.1436 loop_last=1.0488 upd_l=0.950 upd_h=0.950 scratch_delta=0.000 scratch_gauss=0.0000
[future_seed_loop stage=1:2-4] step=0600 ce=1.0479 total=1.0479 loop1=1.1842 loop_last=1.0479 upd_l=0.950 upd_h=0.950 scratch_delta=0.000 scratch_gauss=0.0000

full-board metrics
loop=1 exact=0.0034, valid=0.0034, solved=0.0034, blank_acc=0.4603, early=0.4439, late=0.4692, early_late_gap=-0.0253
        fs_gate=0.491, fs_update=1.000, fs_state_norm=7.862, fs_decay=0.00, fb_in=0.000, fb_next=0.000, loop_time=0.000, upd_l=0.950, upd_h=0.950, scratch_gate=0.000, scratch_decay=0.000, scratch_delta=0.000, scratch_resid=0.000
loop=2 exact=0.0161, valid=0.0161, solved=0.0161, blank_acc=0.4995, early=0.4951, late=0.5053, early_late_gap=-0.0102
        fs_gate=0.491, fs_update=1.000, fs_state_norm=7.862, fs_decay=0.00, fb_in=0.000, fb_next=0.000, loop_time=0.000, upd_l=0.950, upd_h=0.950, scratch_gate=0.000, scratch_decay=0.000, scratch_delta=0.000, scratch_resid=0.000
loop=3 exact=0.0176, valid=0.0176, solved=0.0176, blank_acc=0.5018, early=0.4970, late=0.5077, early_late_gap=-0.0108
        fs_gate=0.491, fs_update=1.000, fs_state_norm=7.862, fs_decay=0.00, fb_in=0.000, fb_next=0.000, loop_time=0.000, upd_l=0.950, upd_h=0.950, scratch_gate=0.000, scratch_decay=0.000, scratch_delta=0.000, scratch_resid=0.000
loop=4 exact=0.0176, valid=0.0176, solved=0.0176, blank_acc=0.5018, early=0.4965, late=0.5081, early_late_gap=-0.0116
        fs_gate=0.491, fs_update=1.000, fs_state_norm=7.862, fs_decay=0.00, fb_in=0.000, fb_next=0.000, loop_time=0.000, upd_l=0.950, upd_h=0.950, scratch_gate=0.000, scratch_decay=0.000, scratch_delta=0.000, scratch_resid=0.000
loop=5 exact=0.0176, valid=0.0176, solved=0.0176, blank_acc=0.5021, early=0.4969, late=0.5085, early_late_gap=-0.0116
        fs_gate=0.491, fs_update=1.000, fs_state_norm=7.862, fs_decay=0.00, fb_in=0.000, fb_next=0.000, loop_time=0.000, upd_l=0.950, upd_h=0.950, scratch_gate=0.000, scratch_decay=0.000, scratch_delta=0.000, scratch_resid=0.000

official sudoku eval split=test eval_n=2048 seed=1051
Depth loop adds useful full-board refinement.
wrote /huyang2/double-loop/.worktrees/gdn-realbwd-official-sudoku-d192-fs-b471906-20260626/runs/gdn-d192-official-sudoku-fs-clean-s600-20260626T0825-b471906/output/futureseed_loop_seed52.json
wrote /huyang2/double-loop/.worktrees/gdn-realbwd-official-sudoku-d192-fs-b471906-20260626/runs/gdn-d192-official-sudoku-fs-clean-s600-20260626T0825-b471906/output/futureseed_loop_seed52.md
wrote /huyang2/double-loop/.worktrees/gdn-realbwd-official-sudoku-d192-fs-b471906-20260626/runs/gdn-d192-official-sudoku-fs-clean-s600-20260626T0825-b471906/output/futureseed_loop_case_seed52.html
