mode=full
run_dir=/huyang2/double-loop/runs/sudoku-backbone-rwkv-nofs-s500-sharedinit-20260726T022718Z-6e51f06
git_sha=6e51f067a18d936bda7f3d588b7b3f32625b2b18
git_dirty=0
Current Python version 3.10 is below the recommended 3.11 version. It is recommended to upgrade to Python 3.11 or higher for the best experience.
device=cuda torch=2.7.0+cu126 board=9x9 box=3x3 mainline=future_seed_loop backbone=rwkv7 rwkv_kernel=statepassing gdn_mode=chunk gdn_progressive_base_expand_v=0.0 forward_dtype=bfloat16
checkpoint_eval steps=500 holes=53
/opt/conda/lib/python3.10/site-packages/torch/utils/cpp_extension.py:2356: UserWarning: TORCH_CUDA_ARCH_LIST is not set, all archs for visible cards are included for compilation.
If this is not desired, please set os.environ['TORCH_CUDA_ARCH_LIST'].
  warnings.warn(
[future_seed_loop stage=1:46-50] step=0100 ce=1.3936 total=1.3929 loop1=1.3926 loop_last=1.3936 exact_margin=0.0000 softmin=0.000 upd_l=0.950 upd_h=0.950 fb_next=0.000 fb_corrupt=0.000 fb_conf=0.000 hagg_norm=0.000 hagg_raw=0.000 hagg_ent=0.000 hagg_maxw=0.000 hagg_clip=0.000 scratch_delta=0.000 scratch_gauss=0.0000
[future_seed_loop stage=2:51-55] step=0200 ce=1.6519 total=1.6516 loop1=1.6517 loop_last=1.6519 exact_margin=0.0000 softmin=0.000 upd_l=0.950 upd_h=0.950 fb_next=0.000 fb_corrupt=0.000 fb_conf=0.000 hagg_norm=0.000 hagg_raw=0.000 hagg_ent=0.000 hagg_maxw=0.000 hagg_clip=0.000 scratch_delta=0.000 scratch_gauss=0.0000
[future_seed_loop stage=2:51-55] step=0300 ce=1.6372 total=1.6370 loop1=1.6370 loop_last=1.6372 exact_margin=0.0000 softmin=0.000 upd_l=0.950 upd_h=0.950 fb_next=0.000 fb_corrupt=0.000 fb_conf=0.000 hagg_norm=0.000 hagg_raw=0.000 hagg_ent=0.000 hagg_maxw=0.000 hagg_clip=0.000 scratch_delta=0.000 scratch_gauss=0.0000
[future_seed_loop stage=2:51-55] step=0400 ce=1.6408 total=1.6413 loop1=1.6431 loop_last=1.6408 exact_margin=0.0000 softmin=0.000 upd_l=0.950 upd_h=0.950 fb_next=0.000 fb_corrupt=0.000 fb_conf=0.000 hagg_norm=0.000 hagg_raw=0.000 hagg_ent=0.000 hagg_maxw=0.000 hagg_clip=0.000 scratch_delta=0.000 scratch_gauss=0.0000
[future_seed_loop stage=2:51-55] step=0500 ce=1.6274 total=1.6274 loop1=1.6278 loop_last=1.6274 exact_margin=0.0000 softmin=0.000 upd_l=0.950 upd_h=0.950 fb_next=0.000 fb_corrupt=0.000 fb_conf=0.000 hagg_norm=0.000 hagg_raw=0.000 hagg_ent=0.000 hagg_maxw=0.000 hagg_clip=0.000 scratch_delta=0.000 scratch_gauss=0.0000
[checkpoint_eval step=0500 holes53] loop5 exact=0.0000 blank=0.2728
[train_checkpoint step=0500] path=/huyang2/double-loop/models/sudoku-backbone-rwkv-nofs-s500-sharedinit-20260726T022718Z-6e51f06/checkpoints/train_state_step000500.pt

full-board metrics
loop=1 exact=0.0000, valid=0.0000, solved=0.0000, blank_acc=0.2598, early=0.1977, late=0.3221, early_late_gap=-0.1244
        fs_gate=0.000, fs_update=0.000, fs_state_norm=0.000, fs_decay=0.00, fb_in=0.000, fb_next=0.000, loop_time=0.000, upd_l=0.950, upd_h=0.950, scratch_gate=0.000, scratch_decay=0.000, scratch_delta=0.000, scratch_resid=0.000
loop=2 exact=0.0000, valid=0.0000, solved=0.0000, blank_acc=0.2618, early=0.1979, late=0.3234, early_late_gap=-0.1255
        fs_gate=0.000, fs_update=0.000, fs_state_norm=0.000, fs_decay=0.00, fb_in=0.000, fb_next=0.000, loop_time=0.000, upd_l=0.950, upd_h=0.950, scratch_gate=0.000, scratch_decay=0.000, scratch_delta=0.000, scratch_resid=0.000
loop=3 exact=0.0000, valid=0.0000, solved=0.0000, blank_acc=0.2627, early=0.1991, late=0.3234, early_late_gap=-0.1242
        fs_gate=0.000, fs_update=0.000, fs_state_norm=0.000, fs_decay=0.00, fb_in=0.000, fb_next=0.000, loop_time=0.000, upd_l=0.950, upd_h=0.950, scratch_gate=0.000, scratch_decay=0.000, scratch_delta=0.000, scratch_resid=0.000
loop=4 exact=0.0000, valid=0.0000, solved=0.0000, blank_acc=0.2631, early=0.1997, late=0.3240, early_late_gap=-0.1242
        fs_gate=0.000, fs_update=0.000, fs_state_norm=0.000, fs_decay=0.00, fb_in=0.000, fb_next=0.000, loop_time=0.000, upd_l=0.950, upd_h=0.950, scratch_gate=0.000, scratch_decay=0.000, scratch_delta=0.000, scratch_resid=0.000
loop=5 exact=0.0000, valid=0.0000, solved=0.0000, blank_acc=0.2629, early=0.1997, late=0.3232, early_late_gap=-0.1234
        fs_gate=0.000, fs_update=0.000, fs_state_norm=0.000, fs_decay=0.00, fb_in=0.000, fb_next=0.000, loop_time=0.000, upd_l=0.950, upd_h=0.950, scratch_gate=0.000, scratch_decay=0.000, scratch_delta=0.000, scratch_resid=0.000

official sudoku eval split=test eval_n=512 seed=1051

official blank-range metrics
b46_50 blanks=46-50 n=512 exact=0.0000, valid=0.0000, solved=0.0000, blank_acc=0.3826, early=0.2580, late=0.5205, early_late_gap=-0.2625
b51_55 blanks=51-55 n=512 exact=0.0000, valid=0.0000, solved=0.0000, blank_acc=0.2618, early=0.1994, late=0.3241, early_late_gap=-0.1247
b56_64 blanks=56-64 n=512 exact=0.0000, valid=0.0000, solved=0.0000, blank_acc=0.2561, early=0.2024, late=0.3118, early_late_gap=-0.1095

case-bank artifacts
official_b46_50 exact=0.0000 blank_acc=0.3816 selected={'solved_by_loop': 0, 'almost_solved': 0, 'hard_failure': 4}
  index=/huyang2/double-loop/runs/sudoku-backbone-rwkv-nofs-s500-sharedinit-20260726T022718Z-6e51f06/output/case_bank/official_b46_50/index.html
  cases=/huyang2/double-loop/runs/sudoku-backbone-rwkv-nofs-s500-sharedinit-20260726T022718Z-6e51f06/output/case_bank/official_b46_50/cases.json
official_b51_55 exact=0.0000 blank_acc=0.2676 selected={'solved_by_loop': 0, 'almost_solved': 0, 'hard_failure': 4}
  index=/huyang2/double-loop/runs/sudoku-backbone-rwkv-nofs-s500-sharedinit-20260726T022718Z-6e51f06/output/case_bank/official_b51_55/index.html
  cases=/huyang2/double-loop/runs/sudoku-backbone-rwkv-nofs-s500-sharedinit-20260726T022718Z-6e51f06/output/case_bank/official_b51_55/cases.json
official_b56_64 exact=0.0000 blank_acc=0.2545 selected={'solved_by_loop': 0, 'almost_solved': 0, 'hard_failure': 4}
  index=/huyang2/double-loop/runs/sudoku-backbone-rwkv-nofs-s500-sharedinit-20260726T022718Z-6e51f06/output/case_bank/official_b56_64/index.html
  cases=/huyang2/double-loop/runs/sudoku-backbone-rwkv-nofs-s500-sharedinit-20260726T022718Z-6e51f06/output/case_bank/official_b56_64/cases.json
Depth loop is neutral on full-board exact in this run.
wrote /huyang2/double-loop/runs/sudoku-backbone-rwkv-nofs-s500-sharedinit-20260726T022718Z-6e51f06/output/futureseed_loop_seed52.json
wrote /huyang2/double-loop/runs/sudoku-backbone-rwkv-nofs-s500-sharedinit-20260726T022718Z-6e51f06/output/futureseed_loop_seed52.md
wrote /huyang2/double-loop/runs/sudoku-backbone-rwkv-nofs-s500-sharedinit-20260726T022718Z-6e51f06/output/futureseed_loop_case_seed52.html
