mode=full
run_dir=/huyang2/double-loop/.worktrees/fla-seed-survival-d9b4963-20260721/runs/fla-official-gdn-fs-d192l10-resume500-s1000-20260721T010000Z-87e66cf
git_sha=87e66cf91c086283e6981235c93152579fb93dc4
git_dirty=0
Current Python version 3.10 is below the recommended 3.11 version. It is recommended to upgrade to Python 3.11 or higher for the best experience.
device=cuda torch=2.7.0+cu126 board=9x9 box=3x3 mainline=future_seed_loop backbone=fla_gdn rwkv_kernel=auto gdn_mode=chunk forward_dtype=bfloat16
checkpoint_eval steps=500,1000 holes=53
resumed_train_checkpoint path=/huyang2/double-loop/models/fla-official-gdn-fs-d192l10-s1500-20260720T0825Z-c3342b8/checkpoints/train_state_step000500.pt step=500 reason=eval_checkpoint
[future_seed_loop stage=2:51-55] step=0600 ce=0.9526 total=0.9617 loop1=0.9927 loop_last=0.9526 exact_margin=0.0000 softmin=0.000 upd_l=0.950 upd_h=0.950 fb_next=0.000 fb_corrupt=0.000 fb_conf=0.000 hagg_norm=0.000 hagg_raw=0.000 hagg_ent=0.000 hagg_maxw=0.000 hagg_clip=0.000 scratch_delta=0.000 scratch_gauss=0.0000
[future_seed_loop stage=2:51-55] step=0700 ce=0.9433 total=0.9521 loop1=0.9831 loop_last=0.9433 exact_margin=0.0000 softmin=0.000 upd_l=0.950 upd_h=0.950 fb_next=0.000 fb_corrupt=0.000 fb_conf=0.000 hagg_norm=0.000 hagg_raw=0.000 hagg_ent=0.000 hagg_maxw=0.000 hagg_clip=0.000 scratch_delta=0.000 scratch_gauss=0.0000
[future_seed_loop stage=2:51-55] step=0800 ce=0.9349 total=0.9470 loop1=0.9880 loop_last=0.9349 exact_margin=0.0000 softmin=0.000 upd_l=0.950 upd_h=0.950 fb_next=0.000 fb_corrupt=0.000 fb_conf=0.000 hagg_norm=0.000 hagg_raw=0.000 hagg_ent=0.000 hagg_maxw=0.000 hagg_clip=0.000 scratch_delta=0.000 scratch_gauss=0.0000
[future_seed_loop stage=2:51-55] step=0900 ce=0.9366 total=0.9483 loop1=0.9859 loop_last=0.9366 exact_margin=0.0000 softmin=0.000 upd_l=0.950 upd_h=0.950 fb_next=0.000 fb_corrupt=0.000 fb_conf=0.000 hagg_norm=0.000 hagg_raw=0.000 hagg_ent=0.000 hagg_maxw=0.000 hagg_clip=0.000 scratch_delta=0.000 scratch_gauss=0.0000
[future_seed_loop stage=2:51-55] step=1000 ce=0.9413 total=0.9521 loop1=0.9906 loop_last=0.9413 exact_margin=0.0000 softmin=0.000 upd_l=0.950 upd_h=0.950 fb_next=0.000 fb_corrupt=0.000 fb_conf=0.000 hagg_norm=0.000 hagg_raw=0.000 hagg_ent=0.000 hagg_maxw=0.000 hagg_clip=0.000 scratch_delta=0.000 scratch_gauss=0.0000
[checkpoint_eval step=1000 holes53] loop5 exact=0.0176 blank=0.5187
[train_checkpoint step=1000] path=/huyang2/double-loop/models/fla-official-gdn-fs-d192l10-resume500-s1000-20260721T010000Z-87e66cf/checkpoints/train_state_step001000.pt

full-board metrics
loop=1 exact=0.0195, valid=0.0195, solved=0.0195, blank_acc=0.5070, early=0.5058, late=0.5071, early_late_gap=-0.0013
        fs_gate=0.487, fs_update=1.000, fs_state_norm=22.029, fs_decay=0.00, fs_raw_rms=0.169, fs_raw_rms_std=0.009, fs_norm_gain=1.000, fs_norm_gain_std=0.000, fb_in=0.000, fb_next=0.000, loop_time=0.000, upd_l=0.950, upd_h=0.950, scratch_gate=0.000, scratch_decay=0.000, scratch_delta=0.000, scratch_resid=0.000
loop=2 exact=0.0234, valid=0.0234, solved=0.0234, blank_acc=0.5287, early=0.5231, late=0.5298, early_late_gap=-0.0067
        fs_gate=0.487, fs_update=1.000, fs_state_norm=22.029, fs_decay=0.00, fs_raw_rms=0.161, fs_raw_rms_std=0.010, fs_norm_gain=1.000, fs_norm_gain_std=0.000, fb_in=0.000, fb_next=0.000, loop_time=0.000, upd_l=0.950, upd_h=0.950, scratch_gate=0.000, scratch_decay=0.000, scratch_delta=0.000, scratch_resid=0.000
loop=3 exact=0.0234, valid=0.0234, solved=0.0234, blank_acc=0.5313, early=0.5252, late=0.5358, early_late_gap=-0.0106
        fs_gate=0.487, fs_update=1.000, fs_state_norm=22.029, fs_decay=0.00, fs_raw_rms=0.159, fs_raw_rms_std=0.010, fs_norm_gain=1.000, fs_norm_gain_std=0.000, fb_in=0.000, fb_next=0.000, loop_time=0.000, upd_l=0.950, upd_h=0.950, scratch_gate=0.000, scratch_decay=0.000, scratch_delta=0.000, scratch_resid=0.000
loop=4 exact=0.0234, valid=0.0234, solved=0.0234, blank_acc=0.5313, early=0.5245, late=0.5353, early_late_gap=-0.0108
        fs_gate=0.487, fs_update=1.000, fs_state_norm=22.029, fs_decay=0.00, fs_raw_rms=0.159, fs_raw_rms_std=0.010, fs_norm_gain=1.000, fs_norm_gain_std=0.000, fb_in=0.000, fb_next=0.000, loop_time=0.000, upd_l=0.950, upd_h=0.950, scratch_gate=0.000, scratch_decay=0.000, scratch_delta=0.000, scratch_resid=0.000
loop=5 exact=0.0234, valid=0.0234, solved=0.0234, blank_acc=0.5318, early=0.5256, late=0.5356, early_late_gap=-0.0100
        fs_gate=0.487, fs_update=1.000, fs_state_norm=22.029, fs_decay=0.00, fs_raw_rms=0.158, fs_raw_rms_std=0.010, fs_norm_gain=1.000, fs_norm_gain_std=0.000, fb_in=0.000, fb_next=0.000, loop_time=0.000, upd_l=0.950, upd_h=0.950, scratch_gate=0.000, scratch_decay=0.000, scratch_delta=0.000, scratch_resid=0.000

official sudoku eval split=test eval_n=512 seed=1051

official blank-range metrics
b46_50 blanks=46-50 n=512 exact=0.9980, valid=0.9980, solved=0.9980, blank_acc=0.9998, early=0.9998, late=1.0000, early_late_gap=-0.0002
b51_55 blanks=51-55 n=512 exact=0.0000, valid=0.0000, solved=0.0000, blank_acc=0.5537, early=0.5534, late=0.5508, early_late_gap=+0.0026
b56_64 blanks=56-64 n=512 exact=0.0000, valid=0.0000, solved=0.0000, blank_acc=0.4909, early=0.4875, late=0.4842, early_late_gap=+0.0033

case-bank artifacts
official_b46_50 exact=0.9922 blank_acc=0.9996 selected={'solved_by_loop': 4, 'almost_solved': 2, 'hard_failure': 0}
  index=/huyang2/double-loop/.worktrees/fla-seed-survival-d9b4963-20260721/runs/fla-official-gdn-fs-d192l10-resume500-s1000-20260721T010000Z-87e66cf/output/case_bank/official_b46_50/index.html
  cases=/huyang2/double-loop/.worktrees/fla-seed-survival-d9b4963-20260721/runs/fla-official-gdn-fs-d192l10-resume500-s1000-20260721T010000Z-87e66cf/output/case_bank/official_b46_50/cases.json
official_b51_55 exact=0.0000 blank_acc=0.5440 selected={'solved_by_loop': 0, 'almost_solved': 0, 'hard_failure': 4}
  index=/huyang2/double-loop/.worktrees/fla-seed-survival-d9b4963-20260721/runs/fla-official-gdn-fs-d192l10-resume500-s1000-20260721T010000Z-87e66cf/output/case_bank/official_b51_55/index.html
  cases=/huyang2/double-loop/.worktrees/fla-seed-survival-d9b4963-20260721/runs/fla-official-gdn-fs-d192l10-resume500-s1000-20260721T010000Z-87e66cf/output/case_bank/official_b51_55/cases.json
official_b56_64 exact=0.0000 blank_acc=0.4911 selected={'solved_by_loop': 0, 'almost_solved': 0, 'hard_failure': 4}
  index=/huyang2/double-loop/.worktrees/fla-seed-survival-d9b4963-20260721/runs/fla-official-gdn-fs-d192l10-resume500-s1000-20260721T010000Z-87e66cf/output/case_bank/official_b56_64/index.html
  cases=/huyang2/double-loop/.worktrees/fla-seed-survival-d9b4963-20260721/runs/fla-official-gdn-fs-d192l10-resume500-s1000-20260721T010000Z-87e66cf/output/case_bank/official_b56_64/cases.json
Depth loop adds useful full-board refinement.
wrote /huyang2/double-loop/.worktrees/fla-seed-survival-d9b4963-20260721/runs/fla-official-gdn-fs-d192l10-resume500-s1000-20260721T010000Z-87e66cf/output/futureseed_loop_seed52.json
wrote /huyang2/double-loop/.worktrees/fla-seed-survival-d9b4963-20260721/runs/fla-official-gdn-fs-d192l10-resume500-s1000-20260721T010000Z-87e66cf/output/futureseed_loop_seed52.md
wrote /huyang2/double-loop/.worktrees/fla-seed-survival-d9b4963-20260721/runs/fla-official-gdn-fs-d192l10-resume500-s1000-20260721T010000Z-87e66cf/output/futureseed_loop_case_seed52.html
