BertForMaskedLM has generative capabilities, as `prepare_inputs_for_generation` is explicitly overwritten. However, it doesn't directly inherit from `GenerationMixin`. From 👉v4.50👈 onwards, `PreTrainedModel` will NOT inherit from `GenerationMixin`, and this model will lose the ability to call `generate` and other related functions.
  - If you're using `trust_remote_code=True`, you can get rid of this warning by loading the model with an auto class. See https://huggingface.co/docs/transformers/en/model_doc/auto#auto-classes
  - If you are the owner of the model architecture code, please modify your model class such that it inherits from `GenerationMixin` (after `PreTrainedModel`, otherwise you'll get an exception).
  - If you are not the owner of the model architecture class, please contact the model code owner to update it.
If you want to use `BertForMaskedLM` make sure `config.is_decoder=False` for bi-directional self-attention.
{
  "assets": {
    "bidirectional_config_sha256": "541097b6a721a546bd71372959885ae52999a4ca09eda6c5daec2b2f03c7c87c",
    "causal_config_sha256": "b911facb208f8787a47029da6de307088724b8ebbd85c0db6988a368652f3038",
    "data_manifest": {
      "corpus": "WikiText-103-raw-v1",
      "license": [
        "CC BY-SA 3.0",
        "GFDL"
      ],
      "mirror": {
        "commit": "430edf94f37286d0",
        "provider": "Oxen.ai",
        "repository": "Salesforce/wikitext",
        "schema_hash": "d930b7eee9d7f11db9ee0fa4ba45117d"
      },
      "prepared": {
        "train": {
          "nonempty_rows": 12894,
          "path": "train.json",
          "rows": 20000,
          "sha256": "6e22a5a233e6f7901db6714ceabfc71f4e9e99aa4769f0c9bb8d7c3fd5fdd0cd",
          "utf8_bytes": 5880678
        },
        "validation": {
          "nonempty_rows": 2461,
          "path": "validation.json",
          "rows": 3760,
          "sha256": "7f24169df1b7683363682a3d90f0a4c513b941eabaa2c121843b322f29b77658",
          "utf8_bytes": 1144248
        }
      },
      "protocol": {
        "format": "JSON Lines with one text field per original row",
        "text_transform": "none",
        "tokenization_and_masking": "delegated to pinned Transformers run_mlm.py"
      },
      "sources": {
        "train": {
          "path": "train-rows000000-019999.json",
          "sha256": "ef7ee3e125df2f9beea8ea566650bbd8082dc7a0baa105adddf789737e6ba1ab"
        },
        "validation": {
          "path": "validation.parquet",
          "sha256": "4bf7077b7e8b0bcf98ba9ad4058019e5dda719f8932ac7f323865bd9a52389db"
        }
      }
    },
    "official_config_sha256": "508e1f01aae55d73355cbdd82609be2f43ba5a0d3428837adbe56cf8391f8b39",
    "tokenizer_vocab_sha256": "07eced375cec144d27c900241f3e339478dec958f92fddbc551f295c992038a3"
  },
  "diagnostics": {
    "bidirectional_future_dependency": 0.00318527827039361,
    "bidirectional_loss": 10.481708526611328,
    "bidirectional_max_gradient": 2.7437355518341064,
    "causal_future_dependency": 0.0,
    "causal_loss": 10.501901626586914,
    "causal_max_gradient": 3.058635711669922,
    "peak_cuda_memory_bytes": 201054208
  },
  "gpu": {
    "index": 0,
    "name": "NVIDIA A100-SXM4-80GB",
    "uuid": "GPU-53e9f3b4-2966-65d3-6614-09c540921519"
  },
  "model": {
    "bidirectional_is_decoder": false,
    "causal_is_decoder": true,
    "class": "transformers.models.bert.modeling_bert.BertForMaskedLM",
    "initialization_hash": "d41ee0b698e0111012676df0e4db38064bc86881dc832fc5b0c71398d3b442a3",
    "mlm_head": "BertOnlyMLMHead",
    "parameters": 4416698,
    "position_embeddings": 512,
    "shared_init_max_diff": 0.0
  },
  "transformers": {
    "bert_source": "/opt/conda/lib/python3.10/site-packages/transformers/models/bert/modeling_bert.py",
    "bert_source_sha256": "3493bff5da90fdcce98dad5c84aafe4d3ce1c550dcd93bc99289309953559eca",
    "version": "4.46.3"
  }
}
