mode=full
run_dir=/huyang2/double-loop/.worktrees/pscale029-full-diversity-eeb38f5-20260711T1505Z/runs/gdn-full-diversity-hard-resume6000-s8000-20260711T2150Z-eeb38f5
git_sha=eeb38f5b6f9b6c1b1df0bbd3ca149daec06a171d
git_dirty=0
device=cuda torch=2.7.0+cu126 board=9x9 box=3x3 mainline=future_seed_loop backbone=gdn rwkv_kernel=auto gdn_mode=triton_recurrent forward_dtype=bfloat16
checkpoint_eval steps=7000,8000 holes=53,60,64
resumed_train_checkpoint path=/huyang2/double-loop/models/gdn-full-diversity-d224l12-s6000-20260711T1510Z-eeb38f5/checkpoints/train_state_step006000.pt step=6000 reason=eval_checkpoint
[future_seed_loop stage=3:51-64] step=6100 ce=0.7595 total=0.8184 loop1=0.9550 loop_last=0.7595 exact_margin=0.0000 softmin=0.000 upd_l=0.950 upd_h=0.950 fb_next=0.000 fb_corrupt=0.000 fb_conf=0.000 hagg_norm=0.000 hagg_raw=0.000 hagg_ent=0.000 hagg_maxw=0.000 hagg_clip=0.000 scratch_delta=0.000 scratch_gauss=0.0000
[train_checkpoint step=6100] path=/huyang2/double-loop/models/gdn-full-diversity-d224l12-s6000-20260711T1510Z-eeb38f5/checkpoints/train_state_step006100.pt
[future_seed_loop stage=3:51-64] step=6200 ce=0.7210 total=0.7956 loop1=0.9705 loop_last=0.7210 exact_margin=0.0000 softmin=0.000 upd_l=0.950 upd_h=0.950 fb_next=0.000 fb_corrupt=0.000 fb_conf=0.000 hagg_norm=0.000 hagg_raw=0.000 hagg_ent=0.000 hagg_maxw=0.000 hagg_clip=0.000 scratch_delta=0.000 scratch_gauss=0.0000
[train_checkpoint step=6200] path=/huyang2/double-loop/models/gdn-full-diversity-d224l12-s6000-20260711T1510Z-eeb38f5/checkpoints/train_state_step006200.pt
[future_seed_loop stage=3:51-64] step=6300 ce=0.6990 total=0.7790 loop1=0.9517 loop_last=0.6990 exact_margin=0.0000 softmin=0.000 upd_l=0.950 upd_h=0.950 fb_next=0.000 fb_corrupt=0.000 fb_conf=0.000 hagg_norm=0.000 hagg_raw=0.000 hagg_ent=0.000 hagg_maxw=0.000 hagg_clip=0.000 scratch_delta=0.000 scratch_gauss=0.0000
[train_checkpoint step=6300] path=/huyang2/double-loop/models/gdn-full-diversity-d224l12-s6000-20260711T1510Z-eeb38f5/checkpoints/train_state_step006300.pt
[future_seed_loop stage=3:51-64] step=6400 ce=0.7717 total=0.8306 loop1=0.9800 loop_last=0.7717 exact_margin=0.0000 softmin=0.000 upd_l=0.950 upd_h=0.950 fb_next=0.000 fb_corrupt=0.000 fb_conf=0.000 hagg_norm=0.000 hagg_raw=0.000 hagg_ent=0.000 hagg_maxw=0.000 hagg_clip=0.000 scratch_delta=0.000 scratch_gauss=0.0000
[train_checkpoint step=6400] path=/huyang2/double-loop/models/gdn-full-diversity-d224l12-s6000-20260711T1510Z-eeb38f5/checkpoints/train_state_step006400.pt
[future_seed_loop stage=3:51-64] step=6500 ce=0.6269 total=0.7106 loop1=0.9170 loop_last=0.6269 exact_margin=0.0000 softmin=0.000 upd_l=0.950 upd_h=0.950 fb_next=0.000 fb_corrupt=0.000 fb_conf=0.000 hagg_norm=0.000 hagg_raw=0.000 hagg_ent=0.000 hagg_maxw=0.000 hagg_clip=0.000 scratch_delta=0.000 scratch_gauss=0.0000
[train_checkpoint step=6500] path=/huyang2/double-loop/models/gdn-full-diversity-d224l12-s6000-20260711T1510Z-eeb38f5/checkpoints/train_state_step006500.pt
[future_seed_loop stage=3:51-64] step=6600 ce=0.7685 total=0.8213 loop1=0.9643 loop_last=0.7685 exact_margin=0.0000 softmin=0.000 upd_l=0.950 upd_h=0.950 fb_next=0.000 fb_corrupt=0.000 fb_conf=0.000 hagg_norm=0.000 hagg_raw=0.000 hagg_ent=0.000 hagg_maxw=0.000 hagg_clip=0.000 scratch_delta=0.000 scratch_gauss=0.0000
[train_checkpoint step=6600] path=/huyang2/double-loop/models/gdn-full-diversity-d224l12-s6000-20260711T1510Z-eeb38f5/checkpoints/train_state_step006600.pt
[future_seed_loop stage=3:51-64] step=6700 ce=0.6615 total=0.7440 loop1=0.9348 loop_last=0.6615 exact_margin=0.0000 softmin=0.000 upd_l=0.950 upd_h=0.950 fb_next=0.000 fb_corrupt=0.000 fb_conf=0.000 hagg_norm=0.000 hagg_raw=0.000 hagg_ent=0.000 hagg_maxw=0.000 hagg_clip=0.000 scratch_delta=0.000 scratch_gauss=0.0000
[train_checkpoint step=6700] path=/huyang2/double-loop/models/gdn-full-diversity-d224l12-s6000-20260711T1510Z-eeb38f5/checkpoints/train_state_step006700.pt
[future_seed_loop stage=3:51-64] step=6800 ce=0.6404 total=0.7326 loop1=0.9489 loop_last=0.6404 exact_margin=0.0000 softmin=0.000 upd_l=0.950 upd_h=0.950 fb_next=0.000 fb_corrupt=0.000 fb_conf=0.000 hagg_norm=0.000 hagg_raw=0.000 hagg_ent=0.000 hagg_maxw=0.000 hagg_clip=0.000 scratch_delta=0.000 scratch_gauss=0.0000
[train_checkpoint step=6800] path=/huyang2/double-loop/models/gdn-full-diversity-d224l12-s6000-20260711T1510Z-eeb38f5/checkpoints/train_state_step006800.pt
[future_seed_loop stage=3:51-64] step=6900 ce=0.6461 total=0.7279 loop1=0.9186 loop_last=0.6461 exact_margin=0.0000 softmin=0.000 upd_l=0.950 upd_h=0.950 fb_next=0.000 fb_corrupt=0.000 fb_conf=0.000 hagg_norm=0.000 hagg_raw=0.000 hagg_ent=0.000 hagg_maxw=0.000 hagg_clip=0.000 scratch_delta=0.000 scratch_gauss=0.0000
[train_checkpoint step=6900] path=/huyang2/double-loop/models/gdn-full-diversity-d224l12-s6000-20260711T1510Z-eeb38f5/checkpoints/train_state_step006900.pt
[future_seed_loop stage=3:51-64] step=7000 ce=0.7360 total=0.8087 loop1=0.9824 loop_last=0.7360 exact_margin=0.0000 softmin=0.000 upd_l=0.950 upd_h=0.950 fb_next=0.000 fb_corrupt=0.000 fb_conf=0.000 hagg_norm=0.000 hagg_raw=0.000 hagg_ent=0.000 hagg_maxw=0.000 hagg_clip=0.000 scratch_delta=0.000 scratch_gauss=0.0000
[checkpoint_eval step=7000 holes60] loop5 exact=0.2832 blank=0.7003
[train_checkpoint step=7000] path=/huyang2/double-loop/models/gdn-full-diversity-d224l12-s6000-20260711T1510Z-eeb38f5/checkpoints/train_state_step007000.pt
[future_seed_loop stage=3:51-64] step=7100 ce=0.7433 total=0.8127 loop1=0.9766 loop_last=0.7433 exact_margin=0.0000 softmin=0.000 upd_l=0.950 upd_h=0.950 fb_next=0.000 fb_corrupt=0.000 fb_conf=0.000 hagg_norm=0.000 hagg_raw=0.000 hagg_ent=0.000 hagg_maxw=0.000 hagg_clip=0.000 scratch_delta=0.000 scratch_gauss=0.0000
[train_checkpoint step=7100] path=/huyang2/double-loop/models/gdn-full-diversity-d224l12-s6000-20260711T1510Z-eeb38f5/checkpoints/train_state_step007100.pt
