mode=eqr_maze_probe
run_dir=/huyang2/double-loop/.worktrees/maze31-jointscale-d256l4-s1200-20260617T093319Z-a64efac/runs/maze31-jointscale-d256l4-s1200-20260617T093319Z-a64efac
git_sha=a64efac5c206dd2a33e3cb42c7e94dd8af602498
git_dirty=1
device=cuda torch=2.7.0+cu126 params=3542532 eqr_dir=/huyang2/double-loop/repos/eqr
[eqr_maze] step=0100 ce=0.3750 loop1=0.3750 path_f1=0.4997 exact=0.0000 zH=0.0056 zL=0.0057 path=160-260
[eqr_maze] step=0200 ce=0.3633 loop1=0.3633 path_f1=0.5578 exact=0.0000 zH=0.0059 zL=0.0059 path=160-260
[eqr_maze] step=0300 ce=0.3652 loop1=0.3652 path_f1=0.5034 exact=0.0000 zH=0.0052 zL=0.0050 path=160-260
[eqr_maze] step=0400 ce=0.3496 loop1=0.3516 path_f1=0.5277 exact=0.0000 zH=0.0051 zL=0.0051 path=160-260
[eqr_maze] step=0500 ce=0.3516 loop1=0.3516 path_f1=0.2389 exact=0.0000 zH=0.0051 zL=0.0050 path=160-260
[eqr_maze] step=0600 ce=0.3594 loop1=0.3594 path_f1=0.5664 exact=0.0000 zH=0.0051 zL=0.0051 path=160-260
[eqr_maze] step=0700 ce=0.3555 loop1=0.3555 path_f1=0.5773 exact=0.0000 zH=0.0053 zL=0.0052 path=160-260
[eqr_maze] step=0800 ce=0.3535 loop1=0.3535 path_f1=0.5638 exact=0.0000 zH=0.0053 zL=0.0052 path=160-260
[eqr_maze] step=0900 ce=0.3516 loop1=0.3516 path_f1=0.5729 exact=0.0000 zH=0.0052 zL=0.0051 path=160-260
[eqr_maze] step=1000 ce=0.3535 loop1=0.3535 path_f1=0.3535 exact=0.0000 zH=0.0051 zL=0.0050 path=160-260
[eqr_maze] step=1100 ce=0.3496 loop1=0.3496 path_f1=0.5839 exact=0.0000 zH=0.0061 zL=0.0055 path=160-260
[eqr_maze] step=1200 ce=0.3535 loop1=0.3535 path_f1=0.5582 exact=0.0000 zH=0.0081 zL=0.0068 path=160-260
primary loop12 exact=0.0000 path_f1=0.5649 gain=-0.0013
decision=Continue cautiously: maze path learning is alive, but loop gain is weak; inspect residuals before scaling.
wrote /huyang2/double-loop/.worktrees/maze31-jointscale-d256l4-s1200-20260617T093319Z-a64efac/runs/maze31-jointscale-d256l4-s1200-20260617T093319Z-a64efac/output/eqr_maze_probe_fs1_seed52.json
wrote /huyang2/double-loop/.worktrees/maze31-jointscale-d256l4-s1200-20260617T093319Z-a64efac/runs/maze31-jointscale-d256l4-s1200-20260617T093319Z-a64efac/output/eqr_maze_probe_fs1_seed52.md
