mode=full
run_dir=/huyang2/double-loop/.worktrees/pscale036-formal-4ef23df-20260723/runs/gdn-data-coverage-control-s31500-20260723T1030Z-4ef23df
git_sha=4ef23df55f3db517a7da5041f3385b9a959ba031
git_dirty=0
Current Python version 3.10 is below the recommended 3.11 version. It is recommended to upgrade to Python 3.11 or higher for the best experience.
device=cuda torch=2.7.0+cu126 board=9x9 box=3x3 mainline=future_seed_loop backbone=gdn rwkv_kernel=auto gdn_mode=triton_recurrent gdn_progressive_base_expand_v=0.0 forward_dtype=bfloat16
checkpoint_eval steps=30500,31500 holes=53,60,64
resumed_train_checkpoint path=/huyang2/double-loop/models/gdn-full-diversity-d224l12-s6000-20260711T1510Z-eeb38f5/checkpoints/train_state_step030000.pt step=30000 reason=eval_checkpoint
[future_seed_loop stage=3:51-64] step=30100 ce=0.5828 total=0.6908 loop1=0.9020 loop_last=0.5828 exact_margin=0.0000 softmin=0.000 upd_l=0.950 upd_h=0.950 fb_next=0.000 fb_corrupt=0.000 fb_conf=0.000 hagg_norm=0.000 hagg_raw=0.000 hagg_ent=0.000 hagg_maxw=0.000 hagg_clip=0.000 scratch_delta=0.000 scratch_gauss=0.0000
[future_seed_loop stage=3:51-64] step=30200 ce=0.5507 total=0.6678 loop1=0.9144 loop_last=0.5507 exact_margin=0.0000 softmin=0.000 upd_l=0.950 upd_h=0.950 fb_next=0.000 fb_corrupt=0.000 fb_conf=0.000 hagg_norm=0.000 hagg_raw=0.000 hagg_ent=0.000 hagg_maxw=0.000 hagg_clip=0.000 scratch_delta=0.000 scratch_gauss=0.0000
[future_seed_loop stage=3:51-64] step=30300 ce=0.5065 total=0.6352 loop1=0.9014 loop_last=0.5065 exact_margin=0.0000 softmin=0.000 upd_l=0.950 upd_h=0.950 fb_next=0.000 fb_corrupt=0.000 fb_conf=0.000 hagg_norm=0.000 hagg_raw=0.000 hagg_ent=0.000 hagg_maxw=0.000 hagg_clip=0.000 scratch_delta=0.000 scratch_gauss=0.0000
[future_seed_loop stage=3:51-64] step=30400 ce=0.5917 total=0.7029 loop1=0.9130 loop_last=0.5917 exact_margin=0.0000 softmin=0.000 upd_l=0.950 upd_h=0.950 fb_next=0.000 fb_corrupt=0.000 fb_conf=0.000 hagg_norm=0.000 hagg_raw=0.000 hagg_ent=0.000 hagg_maxw=0.000 hagg_clip=0.000 scratch_delta=0.000 scratch_gauss=0.0000
[future_seed_loop stage=3:51-64] step=30500 ce=0.4126 total=0.5564 loop1=0.8484 loop_last=0.4126 exact_margin=0.0000 softmin=0.000 upd_l=0.950 upd_h=0.950 fb_next=0.000 fb_corrupt=0.000 fb_conf=0.000 hagg_norm=0.000 hagg_raw=0.000 hagg_ent=0.000 hagg_maxw=0.000 hagg_clip=0.000 scratch_delta=0.000 scratch_gauss=0.0000
[checkpoint_eval step=30500 holes60] loop5 exact=0.4668 blank=0.7717
[train_checkpoint step=30500] path=/huyang2/double-loop/models/gdn-data-coverage-control-s31500-20260723T1030Z-4ef23df/checkpoints/train_state_step030500.pt
[future_seed_loop stage=3:51-64] step=30600 ce=0.5132 total=0.6357 loop1=0.8919 loop_last=0.5132 exact_margin=0.0000 softmin=0.000 upd_l=0.950 upd_h=0.950 fb_next=0.000 fb_corrupt=0.000 fb_conf=0.000 hagg_norm=0.000 hagg_raw=0.000 hagg_ent=0.000 hagg_maxw=0.000 hagg_clip=0.000 scratch_delta=0.000 scratch_gauss=0.0000
[future_seed_loop stage=3:51-64] step=30700 ce=0.5049 total=0.6322 loop1=0.8791 loop_last=0.5049 exact_margin=0.0000 softmin=0.000 upd_l=0.950 upd_h=0.950 fb_next=0.000 fb_corrupt=0.000 fb_conf=0.000 hagg_norm=0.000 hagg_raw=0.000 hagg_ent=0.000 hagg_maxw=0.000 hagg_clip=0.000 scratch_delta=0.000 scratch_gauss=0.0000
[future_seed_loop stage=3:51-64] step=30800 ce=0.5214 total=0.6507 loop1=0.9044 loop_last=0.5214 exact_margin=0.0000 softmin=0.000 upd_l=0.950 upd_h=0.950 fb_next=0.000 fb_corrupt=0.000 fb_conf=0.000 hagg_norm=0.000 hagg_raw=0.000 hagg_ent=0.000 hagg_maxw=0.000 hagg_clip=0.000 scratch_delta=0.000 scratch_gauss=0.0000
[future_seed_loop stage=3:51-64] step=30900 ce=0.5885 total=0.6989 loop1=0.9053 loop_last=0.5885 exact_margin=0.0000 softmin=0.000 upd_l=0.950 upd_h=0.950 fb_next=0.000 fb_corrupt=0.000 fb_conf=0.000 hagg_norm=0.000 hagg_raw=0.000 hagg_ent=0.000 hagg_maxw=0.000 hagg_clip=0.000 scratch_delta=0.000 scratch_gauss=0.0000
[future_seed_loop stage=3:51-64] step=31000 ce=0.4777 total=0.6216 loop1=0.8937 loop_last=0.4777 exact_margin=0.0000 softmin=0.000 upd_l=0.950 upd_h=0.950 fb_next=0.000 fb_corrupt=0.000 fb_conf=0.000 hagg_norm=0.000 hagg_raw=0.000 hagg_ent=0.000 hagg_maxw=0.000 hagg_clip=0.000 scratch_delta=0.000 scratch_gauss=0.0000
[train_checkpoint step=31000] path=/huyang2/double-loop/models/gdn-data-coverage-control-s31500-20260723T1030Z-4ef23df/checkpoints/train_state_step031000.pt
[future_seed_loop stage=3:51-64] step=31100 ce=0.5353 total=0.6558 loop1=0.8954 loop_last=0.5353 exact_margin=0.0000 softmin=0.000 upd_l=0.950 upd_h=0.950 fb_next=0.000 fb_corrupt=0.000 fb_conf=0.000 hagg_norm=0.000 hagg_raw=0.000 hagg_ent=0.000 hagg_maxw=0.000 hagg_clip=0.000 scratch_delta=0.000 scratch_gauss=0.0000
[future_seed_loop stage=3:51-64] step=31200 ce=0.4721 total=0.6095 loop1=0.8784 loop_last=0.4721 exact_margin=0.0000 softmin=0.000 upd_l=0.950 upd_h=0.950 fb_next=0.000 fb_corrupt=0.000 fb_conf=0.000 hagg_norm=0.000 hagg_raw=0.000 hagg_ent=0.000 hagg_maxw=0.000 hagg_clip=0.000 scratch_delta=0.000 scratch_gauss=0.0000
[future_seed_loop stage=3:51-64] step=31300 ce=0.4632 total=0.5952 loop1=0.8559 loop_last=0.4632 exact_margin=0.0000 softmin=0.000 upd_l=0.950 upd_h=0.950 fb_next=0.000 fb_corrupt=0.000 fb_conf=0.000 hagg_norm=0.000 hagg_raw=0.000 hagg_ent=0.000 hagg_maxw=0.000 hagg_clip=0.000 scratch_delta=0.000 scratch_gauss=0.0000
[future_seed_loop stage=3:51-64] step=31400 ce=0.5564 total=0.6716 loop1=0.8858 loop_last=0.5564 exact_margin=0.0000 softmin=0.000 upd_l=0.950 upd_h=0.950 fb_next=0.000 fb_corrupt=0.000 fb_conf=0.000 hagg_norm=0.000 hagg_raw=0.000 hagg_ent=0.000 hagg_maxw=0.000 hagg_clip=0.000 scratch_delta=0.000 scratch_gauss=0.0000
[future_seed_loop stage=3:51-64] step=31500 ce=0.5161 total=0.6533 loop1=0.9546 loop_last=0.5161 exact_margin=0.0000 softmin=0.000 upd_l=0.950 upd_h=0.950 fb_next=0.000 fb_corrupt=0.000 fb_conf=0.000 hagg_norm=0.000 hagg_raw=0.000 hagg_ent=0.000 hagg_maxw=0.000 hagg_clip=0.000 scratch_delta=0.000 scratch_gauss=0.0000
[checkpoint_eval step=31500 holes60] loop5 exact=0.4668 blank=0.7662
[train_checkpoint step=31500] path=/huyang2/double-loop/models/gdn-data-coverage-control-s31500-20260723T1030Z-4ef23df/checkpoints/train_state_step031500.pt

full-board metrics
loop=1 exact=0.0234, valid=0.0234, solved=0.0234, blank_acc=0.5620, early=0.5598, late=0.5625, early_late_gap=-0.0027
        fs_gate=0.406, fs_update=1.000, fs_state_norm=12.998, fs_decay=0.00, fs_raw_rms=0.331, fs_raw_rms_std=0.034, fs_norm_gain=1.000, fs_norm_gain_std=0.000, fb_in=0.000, fb_next=0.000, loop_time=0.000, upd_l=0.950, upd_h=0.950, scratch_gate=0.000, scratch_decay=0.000, scratch_delta=0.000, scratch_resid=0.000
loop=2 exact=0.0547, valid=0.0547, solved=0.0547, blank_acc=0.6804, early=0.6766, late=0.6809, early_late_gap=-0.0043
        fs_gate=0.406, fs_update=1.000, fs_state_norm=12.998, fs_decay=0.00, fs_raw_rms=0.285, fs_raw_rms_std=0.032, fs_norm_gain=1.000, fs_norm_gain_std=0.000, fb_in=0.000, fb_next=0.000, loop_time=0.000, upd_l=0.950, upd_h=0.950, scratch_gate=0.000, scratch_decay=0.000, scratch_delta=0.000, scratch_resid=0.000
loop=3 exact=0.2988, valid=0.2988, solved=0.2988, blank_acc=0.7370, early=0.7356, late=0.7380, early_late_gap=-0.0024
        fs_gate=0.406, fs_update=1.000, fs_state_norm=12.998, fs_decay=0.00, fs_raw_rms=0.298, fs_raw_rms_std=0.047, fs_norm_gain=1.000, fs_norm_gain_std=0.000, fb_in=0.000, fb_next=0.000, loop_time=0.000, upd_l=0.950, upd_h=0.950, scratch_gate=0.000, scratch_decay=0.000, scratch_delta=0.000, scratch_resid=0.000
loop=4 exact=0.4297, valid=0.4297, solved=0.4297, blank_acc=0.7575, early=0.7553, late=0.7560, early_late_gap=-0.0007
        fs_gate=0.406, fs_update=1.000, fs_state_norm=12.993, fs_decay=0.00, fs_raw_rms=0.363, fs_raw_rms_std=0.084, fs_norm_gain=1.000, fs_norm_gain_std=0.000, fb_in=0.000, fb_next=0.000, loop_time=0.000, upd_l=0.950, upd_h=0.950, scratch_gate=0.000, scratch_decay=0.000, scratch_delta=0.000, scratch_resid=0.000
loop=5 exact=0.4590, valid=0.4590, solved=0.4590, blank_acc=0.7634, early=0.7625, late=0.7630, early_late_gap=-0.0005
        fs_gate=0.406, fs_update=1.000, fs_state_norm=12.985, fs_decay=0.00, fs_raw_rms=0.385, fs_raw_rms_std=0.104, fs_norm_gain=1.000, fs_norm_gain_std=0.000, fb_in=0.000, fb_next=0.000, loop_time=0.000, upd_l=0.950, upd_h=0.950, scratch_gate=0.000, scratch_decay=0.000, scratch_delta=0.000, scratch_resid=0.000

official sudoku eval split=test eval_n=512 seed=1051

official blank-range metrics
b46_50 blanks=46-50 n=512 exact=1.0000, valid=1.0000, solved=1.0000, blank_acc=1.0000, early=1.0000, late=1.0000, early_late_gap=+0.0000
b51_55 blanks=51-55 n=512 exact=0.6094, valid=0.6094, solved=0.6094, blank_acc=0.8371, early=0.8383, late=0.8358, early_late_gap=+0.0025
b56_64 blanks=56-64 n=512 exact=0.3086, valid=0.3086, solved=0.3086, blank_acc=0.6858, early=0.6839, late=0.6859, early_late_gap=-0.0020

case-bank artifacts
official_b46_50 exact=1.0000 blank_acc=1.0000 selected={'solved_by_loop': 4, 'almost_solved': 0, 'hard_failure': 0}
  index=/huyang2/double-loop/.worktrees/pscale036-formal-4ef23df-20260723/runs/gdn-data-coverage-control-s31500-20260723T1030Z-4ef23df/output/case_bank/official_b46_50/index.html
  cases=/huyang2/double-loop/.worktrees/pscale036-formal-4ef23df-20260723/runs/gdn-data-coverage-control-s31500-20260723T1030Z-4ef23df/output/case_bank/official_b46_50/cases.json
official_b51_55 exact=0.5898 blank_acc=0.8444 selected={'solved_by_loop': 4, 'almost_solved': 4, 'hard_failure': 4}
  index=/huyang2/double-loop/.worktrees/pscale036-formal-4ef23df-20260723/runs/gdn-data-coverage-control-s31500-20260723T1030Z-4ef23df/output/case_bank/official_b51_55/index.html
  cases=/huyang2/double-loop/.worktrees/pscale036-formal-4ef23df-20260723/runs/gdn-data-coverage-control-s31500-20260723T1030Z-4ef23df/output/case_bank/official_b51_55/cases.json
official_b56_64 exact=0.3086 blank_acc=0.6952 selected={'solved_by_loop': 4, 'almost_solved': 4, 'hard_failure': 4}
  index=/huyang2/double-loop/.worktrees/pscale036-formal-4ef23df-20260723/runs/gdn-data-coverage-control-s31500-20260723T1030Z-4ef23df/output/case_bank/official_b56_64/index.html
  cases=/huyang2/double-loop/.worktrees/pscale036-formal-4ef23df-20260723/runs/gdn-data-coverage-control-s31500-20260723T1030Z-4ef23df/output/case_bank/official_b56_64/cases.json
Depth loop adds useful full-board refinement.
wrote /huyang2/double-loop/.worktrees/pscale036-formal-4ef23df-20260723/runs/gdn-data-coverage-control-s31500-20260723T1030Z-4ef23df/output/futureseed_loop_seed52.json
wrote /huyang2/double-loop/.worktrees/pscale036-formal-4ef23df-20260723/runs/gdn-data-coverage-control-s31500-20260723T1030Z-4ef23df/output/futureseed_loop_seed52.md
wrote /huyang2/double-loop/.worktrees/pscale036-formal-4ef23df-20260723/runs/gdn-data-coverage-control-s31500-20260723T1030Z-4ef23df/output/futureseed_loop_case_seed52.html
