mode=full
run_dir=/huyang2/double-loop/.worktrees/fla-gdn-mem-c3342b8/runs/fla-official-gdn-trainmem-step501-20260720T1455Z-c3342b8
git_sha=c3342b8326a6e00e012cd6972d8c0e295d82c0b3
git_dirty=0
Current Python version 3.10 is below the recommended 3.11 version. It is recommended to upgrade to Python 3.11 or higher for the best experience.
device=cuda torch=2.7.0+cu126 board=9x9 box=3x3 mainline=future_seed_loop backbone=fla_gdn rwkv_kernel=auto gdn_mode=chunk forward_dtype=bfloat16
checkpoint_eval steps=501 holes=53
resumed_train_checkpoint path=/huyang2/double-loop/models/fla-official-gdn-fs-d192l10-s1500-20260720T0825Z-c3342b8/checkpoints/train_state_step000500.pt step=500 reason=eval_checkpoint
[checkpoint_eval step=0501 holes53] loop5 exact=0.0176 blank=0.4958

full-board metrics
loop=1 exact=0.0117, valid=0.0117, solved=0.0117, blank_acc=0.4874, early=0.4799, late=0.4940, early_late_gap=-0.0140
        fs_gate=0.488, fs_update=1.000, fs_state_norm=22.101, fs_decay=0.00, fs_raw_rms=0.138, fs_raw_rms_std=0.008, fs_norm_gain=1.000, fs_norm_gain_std=0.000, fb_in=0.000, fb_next=0.000, loop_time=0.000, upd_l=0.950, upd_h=0.950, scratch_gate=0.000, scratch_decay=0.000, scratch_delta=0.000, scratch_resid=0.000
loop=2 exact=0.0215, valid=0.0215, solved=0.0215, blank_acc=0.5048, early=0.5010, late=0.5093, early_late_gap=-0.0082
        fs_gate=0.488, fs_update=1.000, fs_state_norm=22.101, fs_decay=0.00, fs_raw_rms=0.137, fs_raw_rms_std=0.008, fs_norm_gain=1.000, fs_norm_gain_std=0.000, fb_in=0.000, fb_next=0.000, loop_time=0.000, upd_l=0.950, upd_h=0.950, scratch_gate=0.000, scratch_decay=0.000, scratch_delta=0.000, scratch_resid=0.000
loop=3 exact=0.0234, valid=0.0234, solved=0.0234, blank_acc=0.5058, early=0.5019, late=0.5109, early_late_gap=-0.0090
        fs_gate=0.488, fs_update=1.000, fs_state_norm=22.101, fs_decay=0.00, fs_raw_rms=0.137, fs_raw_rms_std=0.009, fs_norm_gain=1.000, fs_norm_gain_std=0.000, fb_in=0.000, fb_next=0.000, loop_time=0.000, upd_l=0.950, upd_h=0.950, scratch_gate=0.000, scratch_decay=0.000, scratch_delta=0.000, scratch_resid=0.000
loop=4 exact=0.0234, valid=0.0234, solved=0.0234, blank_acc=0.5059, early=0.5005, late=0.5120, early_late_gap=-0.0115
        fs_gate=0.488, fs_update=1.000, fs_state_norm=22.101, fs_decay=0.00, fs_raw_rms=0.137, fs_raw_rms_std=0.009, fs_norm_gain=1.000, fs_norm_gain_std=0.000, fb_in=0.000, fb_next=0.000, loop_time=0.000, upd_l=0.950, upd_h=0.950, scratch_gate=0.000, scratch_decay=0.000, scratch_delta=0.000, scratch_resid=0.000
loop=5 exact=0.0234, valid=0.0234, solved=0.0234, blank_acc=0.5056, early=0.5004, late=0.5119, early_late_gap=-0.0115
        fs_gate=0.488, fs_update=1.000, fs_state_norm=22.101, fs_decay=0.00, fs_raw_rms=0.137, fs_raw_rms_std=0.009, fs_norm_gain=1.000, fs_norm_gain_std=0.000, fb_in=0.000, fb_next=0.000, loop_time=0.000, upd_l=0.950, upd_h=0.950, scratch_gate=0.000, scratch_decay=0.000, scratch_delta=0.000, scratch_resid=0.000

official sudoku eval split=test eval_n=512 seed=1051

official blank-range metrics
b46_50 blanks=46-50 n=512 exact=0.8672, valid=0.8672, solved=0.8672, blank_acc=0.9952, early=0.9937, late=0.9955, early_late_gap=-0.0019
b51_55 blanks=51-55 n=512 exact=0.0000, valid=0.0000, solved=0.0000, blank_acc=0.5308, early=0.5282, late=0.5276, early_late_gap=+0.0007
b56_64 blanks=56-64 n=512 exact=0.0000, valid=0.0000, solved=0.0000, blank_acc=0.4728, early=0.4669, late=0.4745, early_late_gap=-0.0076

case-bank artifacts
official_b46_50 exact=0.8633 blank_acc=0.9950 selected={'solved_by_loop': 4, 'almost_solved': 4, 'hard_failure': 1}
  index=/huyang2/double-loop/.worktrees/fla-gdn-mem-c3342b8/runs/fla-official-gdn-trainmem-step501-20260720T1455Z-c3342b8/output/case_bank/official_b46_50/index.html
  cases=/huyang2/double-loop/.worktrees/fla-gdn-mem-c3342b8/runs/fla-official-gdn-trainmem-step501-20260720T1455Z-c3342b8/output/case_bank/official_b46_50/cases.json
official_b51_55 exact=0.0000 blank_acc=0.5303 selected={'solved_by_loop': 0, 'almost_solved': 0, 'hard_failure': 4}
  index=/huyang2/double-loop/.worktrees/fla-gdn-mem-c3342b8/runs/fla-official-gdn-trainmem-step501-20260720T1455Z-c3342b8/output/case_bank/official_b51_55/index.html
  cases=/huyang2/double-loop/.worktrees/fla-gdn-mem-c3342b8/runs/fla-official-gdn-trainmem-step501-20260720T1455Z-c3342b8/output/case_bank/official_b51_55/cases.json
official_b56_64 exact=0.0000 blank_acc=0.4704 selected={'solved_by_loop': 0, 'almost_solved': 0, 'hard_failure': 4}
  index=/huyang2/double-loop/.worktrees/fla-gdn-mem-c3342b8/runs/fla-official-gdn-trainmem-step501-20260720T1455Z-c3342b8/output/case_bank/official_b56_64/index.html
  cases=/huyang2/double-loop/.worktrees/fla-gdn-mem-c3342b8/runs/fla-official-gdn-trainmem-step501-20260720T1455Z-c3342b8/output/case_bank/official_b56_64/cases.json
Depth loop adds useful full-board refinement.
wrote /huyang2/double-loop/.worktrees/fla-gdn-mem-c3342b8/runs/fla-official-gdn-trainmem-step501-20260720T1455Z-c3342b8/output/futureseed_loop_seed52.json
wrote /huyang2/double-loop/.worktrees/fla-gdn-mem-c3342b8/runs/fla-official-gdn-trainmem-step501-20260720T1455Z-c3342b8/output/futureseed_loop_seed52.md
wrote /huyang2/double-loop/.worktrees/fla-gdn-mem-c3342b8/runs/fla-official-gdn-trainmem-step501-20260720T1455Z-c3342b8/output/futureseed_loop_case_seed52.html
