mode=eqr_maze_probe
run_dir=/huyang2/double-loop/worktrees/maze31-hardcorr-efa5ee6-run/runs/maze31-hardcorr-w025-delayedtv-a450-d320l6-loop8x16-s1200-20260620T1030Z-efa5ee6
git_sha=efa5ee62dd0a72e94059f48b7d3d50ffa96ad029
git_dirty=0
device=cuda torch=2.7.0+cu126 params=8565124 eqr_dir=/huyang2/double-loop/repos/eqr
[eqr_maze] step=0100 ce=1.0625 loop1=1.0625 path_f1=0.0000 exact=0.0000 zH=0.0039 zL=0.0039 pred=0.0000 improve=0.0000 rank=0.0000 mass=0.2533 selfcorr=0.0204 hardcorr=1.2539 hw=0.000 margin=0.9179 tversky=0.8336 tw=0.000 fb_gate=0.000 fb_rms=0.0000 path=160-260
[eqr_maze] step=0200 ce=1.0625 loop1=1.0625 path_f1=0.0000 exact=0.0000 zH=0.0041 zL=0.0034 pred=0.0000 improve=0.0000 rank=0.0000 mass=0.2709 selfcorr=0.0202 hardcorr=1.1971 hw=0.000 margin=0.8375 tversky=0.8326 tw=0.000 fb_gate=0.000 fb_rms=0.0000 path=160-260
[eqr_maze] step=0300 ce=1.0625 loop1=1.0625 path_f1=0.0000 exact=0.0000 zH=0.0037 zL=0.0035 pred=0.0000 improve=0.0000 rank=0.0000 mass=0.2993 selfcorr=0.0201 hardcorr=1.1196 hw=0.000 margin=0.7245 tversky=0.8207 tw=0.000 fb_gate=0.000 fb_rms=0.0000 path=160-260
[eqr_maze] step=0400 ce=0.3848 loop1=0.3848 path_f1=0.5851 exact=0.0000 zH=0.0040 zL=0.0040 pred=0.0000 improve=0.0000 rank=0.0000 mass=0.1947 selfcorr=0.0400 hardcorr=1.7035 hw=0.000 margin=0.2211 tversky=0.6041 tw=0.000 fb_gate=0.000 fb_rms=0.0000 path=160-260
[eqr_maze] step=0500 ce=0.3750 loop1=0.3750 path_f1=0.5597 exact=0.0000 zH=0.0037 zL=0.0037 pred=0.0000 improve=0.0000 rank=0.0000 mass=0.2001 selfcorr=0.0401 hardcorr=1.6697 hw=0.250 margin=0.1976 tversky=0.6195 tw=0.750 fb_gate=0.000 fb_rms=0.0000 path=160-260
[eqr_maze] step=0600 ce=0.3730 loop1=0.3730 path_f1=0.5466 exact=0.0000 zH=0.0039 zL=0.0040 pred=0.0000 improve=0.0000 rank=0.0000 mass=0.1885 selfcorr=0.0401 hardcorr=1.6819 hw=0.250 margin=0.2422 tversky=0.6284 tw=0.750 fb_gate=0.000 fb_rms=0.0000 path=160-260
[eqr_maze] step=0700 ce=0.3652 loop1=0.3652 path_f1=0.5522 exact=0.0000 zH=0.0039 zL=0.0040 pred=0.0000 improve=0.0000 rank=0.0000 mass=0.1822 selfcorr=0.0399 hardcorr=1.6949 hw=0.250 margin=0.2443 tversky=0.6151 tw=0.750 fb_gate=0.000 fb_rms=0.0000 path=160-260
[eqr_maze] step=0800 ce=0.3691 loop1=0.3691 path_f1=0.5792 exact=0.0000 zH=0.0038 zL=0.0039 pred=0.0000 improve=0.0000 rank=0.0000 mass=0.1991 selfcorr=0.0400 hardcorr=1.6726 hw=0.250 margin=0.2164 tversky=0.6015 tw=0.750 fb_gate=0.000 fb_rms=0.0000 path=160-260
[eqr_maze] step=0900 ce=0.3711 loop1=0.3711 path_f1=0.5903 exact=0.0000 zH=0.0035 zL=0.0035 pred=0.0000 improve=0.0000 rank=0.0000 mass=0.1899 selfcorr=0.0397 hardcorr=1.6620 hw=0.250 margin=0.2055 tversky=0.6030 tw=0.750 fb_gate=0.000 fb_rms=0.0000 path=160-260
[eqr_maze] step=1000 ce=0.3789 loop1=0.3789 path_f1=0.5539 exact=0.0000 zH=0.0035 zL=0.0035 pred=0.0000 improve=0.0000 rank=0.0000 mass=0.2061 selfcorr=0.0400 hardcorr=1.6825 hw=0.250 margin=0.2256 tversky=0.6187 tw=0.750 fb_gate=0.000 fb_rms=0.0000 path=160-260
[eqr_maze] step=1100 ce=0.3672 loop1=0.3652 path_f1=0.5672 exact=0.0000 zH=0.0035 zL=0.0035 pred=0.0000 improve=0.0000 rank=0.0000 mass=0.1783 selfcorr=0.0400 hardcorr=1.6828 hw=0.250 margin=0.2407 tversky=0.6165 tw=0.750 fb_gate=0.000 fb_rms=0.0000 path=160-260
[eqr_maze] step=1200 ce=0.3750 loop1=0.3750 path_f1=0.5602 exact=0.0000 zH=0.0035 zL=0.0036 pred=0.0000 improve=0.0000 rank=0.0000 mass=0.1976 selfcorr=0.0401 hardcorr=1.6806 hw=0.250 margin=0.2133 tversky=0.6218 tw=0.750 fb_gate=0.000 fb_rms=0.0000 path=160-260
primary loop16 exact=0.0000 path_f1=0.5844 gain=-0.0003
decision=Continue cautiously: maze path learning is alive, but loop gain is weak; inspect residuals before scaling.
wrote /huyang2/double-loop/worktrees/maze31-hardcorr-efa5ee6-run/runs/maze31-hardcorr-w025-delayedtv-a450-d320l6-loop8x16-s1200-20260620T1030Z-efa5ee6/output/eqr_maze_probe_fs1_seed52.json
wrote /huyang2/double-loop/worktrees/maze31-hardcorr-efa5ee6-run/runs/maze31-hardcorr-w025-delayedtv-a450-d320l6-loop8x16-s1200-20260620T1030Z-efa5ee6/output/eqr_maze_probe_fs1_seed52.md
