mode=eqr_maze_probe
run_dir=/huyang2/double-loop/.worktrees/maze31-fs-delayedtversky-a450-w075-a075b065-d320l6-loop8x16-s1200-20260618T103230Z-5009fc1/runs/maze31-fs-delayedtversky-a450-w075-a075b065-d320l6-loop8x16-s1200-20260618T103230Z-5009fc1
git_sha=5009fc1ff8d18c165f216652074f249467277d79
git_dirty=0
device=cuda torch=2.7.0+cu126 params=8565124 eqr_dir=/huyang2/double-loop/repos/eqr
[eqr_maze] step=0100 ce=1.0625 loop1=1.0625 path_f1=0.0000 exact=0.0000 zH=0.0041 zL=0.0036 pred=0.0000 improve=0.0000 rank=0.0000 mass=0.2806 selfcorr=0.0198 margin=0.7660 tversky=0.8268 tw=0.000 path=160-260
[eqr_maze] step=0200 ce=1.0703 loop1=1.0703 path_f1=0.0000 exact=0.0000 zH=0.0032 zL=0.0038 pred=0.0000 improve=0.0000 rank=0.0000 mass=0.3050 selfcorr=0.0198 margin=0.6993 tversky=0.8252 tw=0.000 path=160-260
[eqr_maze] step=0300 ce=0.3691 loop1=0.3691 path_f1=0.0000 exact=0.0000 zH=0.0039 zL=0.0040 pred=0.0000 improve=0.0000 rank=0.0000 mass=0.1602 selfcorr=0.0206 margin=0.3938 tversky=0.6365 tw=0.000 path=160-260
[eqr_maze] step=0400 ce=0.3691 loop1=0.3691 path_f1=0.5455 exact=0.0000 zH=0.0038 zL=0.0038 pred=0.0000 improve=0.0000 rank=0.0000 mass=0.1780 selfcorr=0.0397 margin=0.2648 tversky=0.6164 tw=0.000 path=160-260
[eqr_maze] step=0500 ce=0.3926 loop1=0.3926 path_f1=0.5601 exact=0.0000 zH=0.0038 zL=0.0039 pred=0.0000 improve=0.0000 rank=0.0000 mass=0.2230 selfcorr=0.0397 margin=0.3240 tversky=0.5945 tw=0.750 path=160-260
[eqr_maze] step=0600 ce=0.4023 loop1=0.4023 path_f1=0.5566 exact=0.0000 zH=0.0037 zL=0.0038 pred=0.0000 improve=0.0000 rank=0.0000 mass=0.2274 selfcorr=0.0397 margin=0.3398 tversky=0.5983 tw=0.750 path=160-260
[eqr_maze] step=0700 ce=0.3750 loop1=0.3750 path_f1=0.5646 exact=0.0000 zH=0.0045 zL=0.0043 pred=0.0000 improve=0.0000 rank=0.0000 mass=0.1963 selfcorr=0.0401 margin=0.2844 tversky=0.6009 tw=0.750 path=160-260
[eqr_maze] step=0800 ce=0.3789 loop1=0.3789 path_f1=0.5765 exact=0.0000 zH=0.0038 zL=0.0039 pred=0.0000 improve=0.0000 rank=0.0000 mass=0.2081 selfcorr=0.0400 margin=0.2970 tversky=0.5894 tw=0.750 path=160-260
[eqr_maze] step=0900 ce=0.3691 loop1=0.3691 path_f1=0.5885 exact=0.0000 zH=0.0042 zL=0.0042 pred=0.0000 improve=0.0000 rank=0.0000 mass=0.1999 selfcorr=0.0399 margin=0.2522 tversky=0.5887 tw=0.750 path=160-260
[eqr_maze] step=1000 ce=0.3789 loop1=0.3789 path_f1=0.5572 exact=0.0000 zH=0.0042 zL=0.0042 pred=0.0000 improve=0.0000 rank=0.0000 mass=0.2157 selfcorr=0.0406 margin=0.2918 tversky=0.6057 tw=0.750 path=160-260
[eqr_maze] step=1100 ce=0.3691 loop1=0.3691 path_f1=0.5812 exact=0.0000 zH=0.0040 zL=0.0041 pred=0.0000 improve=0.0000 rank=0.0000 mass=0.2006 selfcorr=0.0401 margin=0.2829 tversky=0.5913 tw=0.750 path=160-260
[eqr_maze] step=1200 ce=0.3711 loop1=0.3711 path_f1=0.5452 exact=0.0000 zH=0.0037 zL=0.0040 pred=0.0000 improve=0.0000 rank=0.0000 mass=0.1947 selfcorr=0.0396 margin=0.2666 tversky=0.6221 tw=0.750 path=160-260
primary loop16 exact=0.0000 path_f1=0.5824 gain=0.0002
decision=Continue cautiously: maze path learning is alive, but loop gain is weak; inspect residuals before scaling.
wrote /huyang2/double-loop/.worktrees/maze31-fs-delayedtversky-a450-w075-a075b065-d320l6-loop8x16-s1200-20260618T103230Z-5009fc1/runs/maze31-fs-delayedtversky-a450-w075-a075b065-d320l6-loop8x16-s1200-20260618T103230Z-5009fc1/output/eqr_maze_probe_fs1_seed52.json
wrote /huyang2/double-loop/.worktrees/maze31-fs-delayedtversky-a450-w075-a075b065-d320l6-loop8x16-s1200-20260618T103230Z-5009fc1/runs/maze31-fs-delayedtversky-a450-w075-a075b065-d320l6-loop8x16-s1200-20260618T103230Z-5009fc1/output/eqr_maze_probe_fs1_seed52.md
