mode=full
run_dir=/huyang2/double-loop/.worktrees/futureseed-bidir-955e266-20260621T0850Z/runs/bidir-rwkv9-fs-s800-20260621T083500Z-955e266
git_sha=955e266ca018744d7e92d39216e30c69c4840230
git_dirty=1
device=cuda torch=2.7.0+cu126 board=9x9 box=3x3 mainline=future_seed_loop rwkv_kernel=statepassing forward_dtype=bfloat16
/opt/conda/lib/python3.10/site-packages/torch/utils/cpp_extension.py:2356: UserWarning: TORCH_CUDA_ARCH_LIST is not set, all archs for visible cards are included for compilation. 
If this is not desired, please set os.environ['TORCH_CUDA_ARCH_LIST'].
  warnings.warn(
[future_seed_loop stage=1:4-8] step=0100 ce=0.8597 total=0.8597 loop1=0.8559 loop_last=0.8597 upd_l=0.950 upd_h=0.950 scratch_delta=0.000 scratch_gauss=0.0000
[future_seed_loop stage=1:4-8] step=0200 ce=0.6075 total=0.6075 loop1=0.6094 loop_last=0.6075 upd_l=0.950 upd_h=0.950 scratch_delta=0.000 scratch_gauss=0.0000
[future_seed_loop stage=1:4-8] step=0300 ce=0.2880 total=0.2880 loop1=0.3191 loop_last=0.2880 upd_l=0.950 upd_h=0.950 scratch_delta=0.000 scratch_gauss=0.0000
[future_seed_loop stage=2:8-12] step=0400 ce=0.1937 total=0.1937 loop1=0.2192 loop_last=0.1937 upd_l=0.950 upd_h=0.950 scratch_delta=0.000 scratch_gauss=0.0000
[future_seed_loop stage=2:8-12] step=0500 ce=0.0857 total=0.0857 loop1=0.1156 loop_last=0.0857 upd_l=0.950 upd_h=0.950 scratch_delta=0.000 scratch_gauss=0.0000
[future_seed_loop stage=2:8-12] step=0600 ce=0.0224 total=0.0224 loop1=0.0482 loop_last=0.0224 upd_l=0.950 upd_h=0.950 scratch_delta=0.000 scratch_gauss=0.0000
[future_seed_loop stage=2:8-12] step=0700 ce=0.0109 total=0.0109 loop1=0.0245 loop_last=0.0109 upd_l=0.950 upd_h=0.950 scratch_delta=0.000 scratch_gauss=0.0000
[future_seed_loop stage=2:8-12] step=0800 ce=0.0097 total=0.0097 loop1=0.0305 loop_last=0.0097 upd_l=0.950 upd_h=0.950 scratch_delta=0.000 scratch_gauss=0.0000

full-board metrics
loop=1 exact=0.8047, valid=0.8047, solved=0.8047, blank_acc=0.9801, early=0.9798, late=0.9841, early_late_gap=-0.0043
        fs_gate=0.523, fs_update=1.000, fs_state_norm=6.279, fs_decay=0.00, fb_in=0.000, fb_next=0.000, loop_time=0.000, upd_l=0.950, upd_h=0.950, scratch_gate=0.000, scratch_decay=0.000, scratch_delta=0.000, scratch_resid=0.000
loop=2 exact=0.9375, valid=0.9375, solved=0.9375, blank_acc=0.9930, early=0.9933, late=0.9950, early_late_gap=-0.0018
        fs_gate=0.523, fs_update=1.000, fs_state_norm=6.279, fs_decay=0.00, fb_in=0.000, fb_next=0.000, loop_time=0.000, upd_l=0.950, upd_h=0.950, scratch_gate=0.000, scratch_decay=0.000, scratch_delta=0.000, scratch_resid=0.000
loop=3 exact=0.9512, valid=0.9512, solved=0.9512, blank_acc=0.9940, early=0.9947, late=0.9950, early_late_gap=-0.0003
        fs_gate=0.523, fs_update=1.000, fs_state_norm=6.279, fs_decay=0.00, fb_in=0.000, fb_next=0.000, loop_time=0.000, upd_l=0.950, upd_h=0.950, scratch_gate=0.000, scratch_decay=0.000, scratch_delta=0.000, scratch_resid=0.000
loop=4 exact=0.9492, valid=0.9492, solved=0.9492, blank_acc=0.9940, early=0.9947, late=0.9955, early_late_gap=-0.0008
        fs_gate=0.523, fs_update=1.000, fs_state_norm=6.279, fs_decay=0.00, fb_in=0.000, fb_next=0.000, loop_time=0.000, upd_l=0.950, upd_h=0.950, scratch_gate=0.000, scratch_decay=0.000, scratch_delta=0.000, scratch_resid=0.000
loop=5 exact=0.9492, valid=0.9492, solved=0.9492, blank_acc=0.9940, early=0.9947, late=0.9955, early_late_gap=-0.0008
        fs_gate=0.523, fs_update=1.000, fs_state_norm=6.279, fs_decay=0.00, fb_in=0.000, fb_next=0.000, loop_time=0.000, upd_l=0.950, upd_h=0.950, scratch_gate=0.000, scratch_decay=0.000, scratch_delta=0.000, scratch_resid=0.000

stochastic rollout metrics
K1 oracle_exact=0.9492 oracle_solved=0.9492 disagree=0.0000
  confidence exact=0.9492, valid=0.9492, solved=0.9492, blank_acc=0.9940, early=0.9947, late=0.9955, early_late_gap=-0.0008; gap=0.0000
  consistency exact=0.9492, valid=0.9492, solved=0.9492, blank_acc=0.9940, early=0.9947, late=0.9955, early_late_gap=-0.0008; gap=0.0000
  residual    exact=0.9492, valid=0.9492, solved=0.9492, blank_acc=0.9940, early=0.9947, late=0.9955, early_late_gap=-0.0008; gap=0.0000
  majority    exact=0.9492, valid=0.9492, solved=0.9492, blank_acc=0.9940, early=0.9947, late=0.9955, early_late_gap=-0.0008; gap=0.0000

compute-scaling rollout metrics
loop1
  K1 oracle_exact=0.8047 confidence_exact=0.8047 residual_exact=0.8047 disagree=0.0000
loop3
  K1 oracle_exact=0.9512 confidence_exact=0.9512 residual_exact=0.9512 disagree=0.0000
loop5
  K1 oracle_exact=0.9492 confidence_exact=0.9492 residual_exact=0.9492 disagree=0.0000

hole-transfer metrics
holes=12 exact=0.9492, valid=0.9492, solved=0.9492, blank_acc=0.9940, early=0.9947, late=0.9955, early_late_gap=-0.0008; indep=0.9301, exact/indep=1.02
holes=8  exact=0.9902, valid=0.9902, solved=0.9902, blank_acc=0.9983, early=0.9971, late=1.0000, early_late_gap=-0.0029; indep=0.9864, exact/indep=1.00
holes=16 exact=0.8008, valid=0.8008, solved=0.8008, blank_acc=0.9806, early=0.9799, late=0.9836, early_late_gap=-0.0037; indep=0.7308, exact/indep=1.10
Depth loop adds useful full-board refinement.
wrote /huyang2/double-loop/.worktrees/futureseed-bidir-955e266-20260621T0850Z/runs/bidir-rwkv9-fs-s800-20260621T083500Z-955e266/output/futureseed_loop_seed52.json
wrote /huyang2/double-loop/.worktrees/futureseed-bidir-955e266-20260621T0850Z/runs/bidir-rwkv9-fs-s800-20260621T083500Z-955e266/output/futureseed_loop_seed52.md
wrote /huyang2/double-loop/.worktrees/futureseed-bidir-955e266-20260621T0850Z/runs/bidir-rwkv9-fs-s800-20260621T083500Z-955e266/output/futureseed_loop_case_seed52.html
