Current Python version 3.10 is below the recommended 3.11 version. It is recommended to upgrade to Python 3.11 or higher for the best experience.
{
  "status": "PASS",
  "device": "NVIDIA A800-SXM4-80GB",
  "cuda_visible_devices": "0",
  "seed_reset_per_backbone": 52,
  "shared_shell_init_seed": 52,
  "backbones": {
    "rwkv": "rwkv7",
    "gdn": "fla_gdn",
    "gdn2": "gdn2",
    "kda": "kda"
  },
  "definition": "All parameters outside each block's time_mix are the shared shell.",
  "common_parameter_tensors": 77,
  "same_shape_parameter_tensors": 77,
  "identical_parameter_tensors": 77,
  "differing_parameter_tensors": 0,
  "differing_names": []
}
