mode=full
run_dir=/huyang2/double-loop/artifacts/worktrees/baseline-clean-20260724-3bc5dec/runs/sudoku-backbone-kda-s500-clean-20260724T020321Z-3bc5dec
git_sha=3bc5dec7677606cc3f12def6538891c199798ca5
git_dirty=1
Current Python version 3.10 is below the recommended 3.11 version. It is recommended to upgrade to Python 3.11 or higher for the best experience.
device=cuda torch=2.7.0+cu126 board=9x9 box=3x3 mainline=future_seed_loop backbone=kda rwkv_kernel=statepassing gdn_mode=chunk gdn_progressive_base_expand_v=0.0 forward_dtype=bfloat16
checkpoint_eval steps=500 holes=53
[future_seed_loop stage=1:46-50] step=0100 ce=1.6672 total=1.6662 loop1=1.6640 loop_last=1.6672 exact_margin=0.0000 softmin=0.000 upd_l=0.950 upd_h=0.950 fb_next=0.000 fb_corrupt=0.000 fb_conf=0.000 hagg_norm=0.000 hagg_raw=0.000 hagg_ent=0.000 hagg_maxw=0.000 hagg_clip=0.000 scratch_delta=0.000 scratch_gauss=0.0000
[future_seed_loop stage=2:51-55] step=0200 ce=1.3500 total=1.3501 loop1=1.3523 loop_last=1.3500 exact_margin=0.0000 softmin=0.000 upd_l=0.950 upd_h=0.950 fb_next=0.000 fb_corrupt=0.000 fb_conf=0.000 hagg_norm=0.000 hagg_raw=0.000 hagg_ent=0.000 hagg_maxw=0.000 hagg_clip=0.000 scratch_delta=0.000 scratch_gauss=0.0000
[future_seed_loop stage=2:51-55] step=0300 ce=1.1109 total=1.1140 loop1=1.1251 loop_last=1.1109 exact_margin=0.0000 softmin=0.000 upd_l=0.950 upd_h=0.950 fb_next=0.000 fb_corrupt=0.000 fb_conf=0.000 hagg_norm=0.000 hagg_raw=0.000 hagg_ent=0.000 hagg_maxw=0.000 hagg_clip=0.000 scratch_delta=0.000 scratch_gauss=0.0000
[future_seed_loop stage=2:51-55] step=0400 ce=1.0379 total=1.0421 loop1=1.0574 loop_last=1.0379 exact_margin=0.0000 softmin=0.000 upd_l=0.950 upd_h=0.950 fb_next=0.000 fb_corrupt=0.000 fb_conf=0.000 hagg_norm=0.000 hagg_raw=0.000 hagg_ent=0.000 hagg_maxw=0.000 hagg_clip=0.000 scratch_delta=0.000 scratch_gauss=0.0000
[future_seed_loop stage=2:51-55] step=0500 ce=1.0051 total=1.0107 loop1=1.0307 loop_last=1.0051 exact_margin=0.0000 softmin=0.000 upd_l=0.950 upd_h=0.950 fb_next=0.000 fb_corrupt=0.000 fb_conf=0.000 hagg_norm=0.000 hagg_raw=0.000 hagg_ent=0.000 hagg_maxw=0.000 hagg_clip=0.000 scratch_delta=0.000 scratch_gauss=0.0000
[checkpoint_eval step=0500 holes53] loop5 exact=0.0156 blank=0.4986
[train_checkpoint step=0500] path=/huyang2/double-loop/models/sudoku-backbone-kda-s500-clean-20260724T020321Z-3bc5dec/checkpoints/train_state_step000500.pt

full-board metrics
loop=1 exact=0.0117, valid=0.0117, solved=0.0117, blank_acc=0.4915, early=0.4940, late=0.4903, early_late_gap=+0.0037
        fs_gate=0.499, fs_update=1.000, fs_state_norm=22.598, fs_decay=0.00, fs_raw_rms=0.238, fs_raw_rms_std=0.011, fs_norm_gain=1.000, fs_norm_gain_std=0.000, fb_in=0.000, fb_next=0.000, loop_time=0.000, upd_l=0.950, upd_h=0.950, scratch_gate=0.000, scratch_decay=0.000, scratch_delta=0.000, scratch_resid=0.000
loop=2 exact=0.0215, valid=0.0215, solved=0.0215, blank_acc=0.5035, early=0.5062, late=0.5023, early_late_gap=+0.0039
        fs_gate=0.499, fs_update=1.000, fs_state_norm=22.598, fs_decay=0.00, fs_raw_rms=0.230, fs_raw_rms_std=0.012, fs_norm_gain=1.000, fs_norm_gain_std=0.000, fb_in=0.000, fb_next=0.000, loop_time=0.000, upd_l=0.950, upd_h=0.950, scratch_gate=0.000, scratch_decay=0.000, scratch_delta=0.000, scratch_resid=0.000
loop=3 exact=0.0234, valid=0.0234, solved=0.0234, blank_acc=0.5030, early=0.5040, late=0.5033, early_late_gap=+0.0007
        fs_gate=0.499, fs_update=1.000, fs_state_norm=22.598, fs_decay=0.00, fs_raw_rms=0.228, fs_raw_rms_std=0.012, fs_norm_gain=1.000, fs_norm_gain_std=0.000, fb_in=0.000, fb_next=0.000, loop_time=0.000, upd_l=0.950, upd_h=0.950, scratch_gate=0.000, scratch_decay=0.000, scratch_delta=0.000, scratch_resid=0.000
loop=4 exact=0.0234, valid=0.0234, solved=0.0234, blank_acc=0.5033, early=0.5038, late=0.5040, early_late_gap=-0.0003
        fs_gate=0.499, fs_update=1.000, fs_state_norm=22.598, fs_decay=0.00, fs_raw_rms=0.227, fs_raw_rms_std=0.012, fs_norm_gain=1.000, fs_norm_gain_std=0.000, fb_in=0.000, fb_next=0.000, loop_time=0.000, upd_l=0.950, upd_h=0.950, scratch_gate=0.000, scratch_decay=0.000, scratch_delta=0.000, scratch_resid=0.000
loop=5 exact=0.0234, valid=0.0234, solved=0.0234, blank_acc=0.5035, early=0.5044, late=0.5036, early_late_gap=+0.0008
        fs_gate=0.499, fs_update=1.000, fs_state_norm=22.598, fs_decay=0.00, fs_raw_rms=0.227, fs_raw_rms_std=0.012, fs_norm_gain=1.000, fs_norm_gain_std=0.000, fb_in=0.000, fb_next=0.000, loop_time=0.000, upd_l=0.950, upd_h=0.950, scratch_gate=0.000, scratch_decay=0.000, scratch_delta=0.000, scratch_resid=0.000

official sudoku eval split=test eval_n=512 seed=1051

official blank-range metrics
b46_50 blanks=46-50 n=512 exact=0.7285, valid=0.7285, solved=0.7285, blank_acc=0.9899, early=0.9882, late=0.9909, early_late_gap=-0.0027
b51_55 blanks=51-55 n=512 exact=0.0000, valid=0.0000, solved=0.0000, blank_acc=0.5257, early=0.5258, late=0.5215, early_late_gap=+0.0043
b56_64 blanks=56-64 n=512 exact=0.0000, valid=0.0000, solved=0.0000, blank_acc=0.4674, early=0.4662, late=0.4623, early_late_gap=+0.0038

case-bank artifacts
official_b46_50 exact=0.7461 blank_acc=0.9907 selected={'solved_by_loop': 4, 'almost_solved': 4, 'hard_failure': 2}
  index=/huyang2/double-loop/artifacts/worktrees/baseline-clean-20260724-3bc5dec/runs/sudoku-backbone-kda-s500-clean-20260724T020321Z-3bc5dec/output/case_bank/official_b46_50/index.html
  cases=/huyang2/double-loop/artifacts/worktrees/baseline-clean-20260724-3bc5dec/runs/sudoku-backbone-kda-s500-clean-20260724T020321Z-3bc5dec/output/case_bank/official_b46_50/cases.json
official_b51_55 exact=0.0000 blank_acc=0.5172 selected={'solved_by_loop': 0, 'almost_solved': 0, 'hard_failure': 4}
  index=/huyang2/double-loop/artifacts/worktrees/baseline-clean-20260724-3bc5dec/runs/sudoku-backbone-kda-s500-clean-20260724T020321Z-3bc5dec/output/case_bank/official_b51_55/index.html
  cases=/huyang2/double-loop/artifacts/worktrees/baseline-clean-20260724-3bc5dec/runs/sudoku-backbone-kda-s500-clean-20260724T020321Z-3bc5dec/output/case_bank/official_b51_55/cases.json
official_b56_64 exact=0.0000 blank_acc=0.4720 selected={'solved_by_loop': 0, 'almost_solved': 0, 'hard_failure': 4}
  index=/huyang2/double-loop/artifacts/worktrees/baseline-clean-20260724-3bc5dec/runs/sudoku-backbone-kda-s500-clean-20260724T020321Z-3bc5dec/output/case_bank/official_b56_64/index.html
  cases=/huyang2/double-loop/artifacts/worktrees/baseline-clean-20260724-3bc5dec/runs/sudoku-backbone-kda-s500-clean-20260724T020321Z-3bc5dec/output/case_bank/official_b56_64/cases.json
Depth loop adds useful full-board refinement.
wrote /huyang2/double-loop/artifacts/worktrees/baseline-clean-20260724-3bc5dec/runs/sudoku-backbone-kda-s500-clean-20260724T020321Z-3bc5dec/output/futureseed_loop_seed52.json
wrote /huyang2/double-loop/artifacts/worktrees/baseline-clean-20260724-3bc5dec/runs/sudoku-backbone-kda-s500-clean-20260724T020321Z-3bc5dec/output/futureseed_loop_seed52.md
wrote /huyang2/double-loop/artifacts/worktrees/baseline-clean-20260724-3bc5dec/runs/sudoku-backbone-kda-s500-clean-20260724T020321Z-3bc5dec/output/futureseed_loop_case_seed52.html
