mode=full
run_dir=/huyang2/double-loop/.worktrees/gdn-realbwd-official-sudoku-d192-fs-exactmargin-s3000-6dde82a-20260629/runs/gdn-d192-official-sudoku-fs-exactmargin-s3000-20260629T0251Z-6dde82a
git_sha=6dde82a4aaa82eed2ff91a8f079dc5eb5fe066a5
git_dirty=0
device=cuda torch=2.7.0+cu126 board=9x9 box=3x3 mainline=future_seed_loop backbone=gdn rwkv_kernel=auto gdn_mode=triton_recurrent forward_dtype=bfloat16
checkpoint_eval steps=1500,2200 holes=16
[future_seed_loop stage=1:45-64] step=0100 ce=1.8010 total=1.8010 loop1=1.8018 loop_last=1.8010 exact_margin=0.0000 softmin=0.000 upd_l=0.950 upd_h=0.950 scratch_delta=0.000 scratch_gauss=0.0000
[future_seed_loop stage=1:45-64] step=0200 ce=1.3564 total=1.3564 loop1=1.3684 loop_last=1.3564 exact_margin=0.0000 softmin=0.000 upd_l=0.950 upd_h=0.950 scratch_delta=0.000 scratch_gauss=0.0000
[future_seed_loop stage=1:45-64] step=0300 ce=1.1538 total=1.1538 loop1=1.2558 loop_last=1.1538 exact_margin=0.0000 softmin=0.000 upd_l=0.950 upd_h=0.950 scratch_delta=0.000 scratch_gauss=0.0000
[future_seed_loop stage=1:45-64] step=0400 ce=1.1145 total=1.1145 loop1=1.2305 loop_last=1.1145 exact_margin=0.0000 softmin=0.000 upd_l=0.950 upd_h=0.950 scratch_delta=0.000 scratch_gauss=0.0000
[future_seed_loop stage=1:45-64] step=0500 ce=1.0679 total=1.0679 loop1=1.2186 loop_last=1.0679 exact_margin=0.0000 softmin=0.000 upd_l=0.950 upd_h=0.950 scratch_delta=0.000 scratch_gauss=0.0000
[future_seed_loop stage=1:45-64] step=0600 ce=1.0566 total=1.0566 loop1=1.2163 loop_last=1.0566 exact_margin=0.0000 softmin=0.000 upd_l=0.950 upd_h=0.950 scratch_delta=0.000 scratch_gauss=0.0000
[future_seed_loop stage=1:45-64] step=0700 ce=1.0577 total=1.0577 loop1=1.1804 loop_last=1.0577 exact_margin=0.0000 softmin=0.000 upd_l=0.950 upd_h=0.950 scratch_delta=0.000 scratch_gauss=0.0000
[future_seed_loop stage=1:45-64] step=0800 ce=1.0285 total=1.3058 loop1=1.2645 loop_last=1.0285 exact_margin=1.3866 softmin=-0.967 upd_l=0.950 upd_h=0.950 scratch_delta=0.000 scratch_gauss=0.0000
[future_seed_loop stage=1:45-64] step=0900 ce=1.0724 total=1.2529 loop1=1.1576 loop_last=1.0724 exact_margin=0.9025 softmin=-0.367 upd_l=0.950 upd_h=0.950 scratch_delta=0.000 scratch_gauss=0.0000
[future_seed_loop stage=1:45-64] step=1000 ce=1.0599 total=1.2361 loop1=1.1408 loop_last=1.0599 exact_margin=0.8813 softmin=-0.281 upd_l=0.950 upd_h=0.950 scratch_delta=0.000 scratch_gauss=0.0000
[future_seed_loop stage=1:45-64] step=1100 ce=1.0335 total=1.2030 loop1=1.1197 loop_last=1.0335 exact_margin=0.8477 softmin=-0.218 upd_l=0.950 upd_h=0.950 scratch_delta=0.000 scratch_gauss=0.0000
[future_seed_loop stage=1:45-64] step=1200 ce=0.9806 total=1.1584 loop1=1.1440 loop_last=0.9806 exact_margin=0.8888 softmin=-0.260 upd_l=0.950 upd_h=0.950 scratch_delta=0.000 scratch_gauss=0.0000
[future_seed_loop stage=1:45-64] step=1300 ce=1.0237 total=1.2094 loop1=1.1599 loop_last=1.0237 exact_margin=0.9290 softmin=-0.356 upd_l=0.950 upd_h=0.950 scratch_delta=0.000 scratch_gauss=0.0000
[future_seed_loop stage=1:45-64] step=1400 ce=1.0655 total=1.2387 loop1=1.1725 loop_last=1.0655 exact_margin=0.8660 softmin=-0.279 upd_l=0.950 upd_h=0.950 scratch_delta=0.000 scratch_gauss=0.0000
[future_seed_loop stage=1:45-64] step=1500 ce=1.0233 total=1.2015 loop1=1.1642 loop_last=1.0233 exact_margin=0.8912 softmin=-0.313 upd_l=0.950 upd_h=0.950 scratch_delta=0.000 scratch_gauss=0.0000
[checkpoint_eval step=1500 holes16] loop5 exact=0.0181 blank=0.5206
[future_seed_loop stage=1:45-64] step=1600 ce=0.9933 total=1.1605 loop1=1.1097 loop_last=0.9933 exact_margin=0.8359 softmin=-0.183 upd_l=0.950 upd_h=0.950 scratch_delta=0.000 scratch_gauss=0.0000
[future_seed_loop stage=1:45-64] step=1700 ce=1.0372 total=1.2107 loop1=1.1624 loop_last=1.0372 exact_margin=0.8675 softmin=-0.262 upd_l=0.950 upd_h=0.950 scratch_delta=0.000 scratch_gauss=0.0000
[future_seed_loop stage=1:45-64] step=1800 ce=1.0419 total=1.2178 loop1=1.2062 loop_last=1.0419 exact_margin=0.8797 softmin=-0.264 upd_l=0.950 upd_h=0.950 scratch_delta=0.000 scratch_gauss=0.0000
[future_seed_loop stage=1:45-64] step=1900 ce=1.0188 total=1.1880 loop1=1.1703 loop_last=1.0188 exact_margin=0.8457 softmin=-0.193 upd_l=0.950 upd_h=0.950 scratch_delta=0.000 scratch_gauss=0.0000
[future_seed_loop stage=1:45-64] step=2000 ce=0.9956 total=1.1618 loop1=1.1524 loop_last=0.9956 exact_margin=0.8308 softmin=-0.128 upd_l=0.950 upd_h=0.950 scratch_delta=0.000 scratch_gauss=0.0000
[future_seed_loop stage=1:45-64] step=2100 ce=1.0310 total=1.2050 loop1=1.2086 loop_last=1.0310 exact_margin=0.8701 softmin=-0.295 upd_l=0.950 upd_h=0.950 scratch_delta=0.000 scratch_gauss=0.0000
[future_seed_loop stage=1:45-64] step=2200 ce=1.0062 total=1.1768 loop1=1.1902 loop_last=1.0062 exact_margin=0.8530 softmin=-0.221 upd_l=0.950 upd_h=0.950 scratch_delta=0.000 scratch_gauss=0.0000
[checkpoint_eval step=2200 holes16] loop5 exact=0.0186 blank=0.5269
[future_seed_loop stage=1:45-64] step=2300 ce=1.0170 total=1.1923 loop1=1.1843 loop_last=1.0170 exact_margin=0.8764 softmin=-0.273 upd_l=0.950 upd_h=0.950 scratch_delta=0.000 scratch_gauss=0.0000
[future_seed_loop stage=1:45-64] step=2400 ce=1.0111 total=1.1810 loop1=1.1567 loop_last=1.0111 exact_margin=0.8494 softmin=-0.250 upd_l=0.950 upd_h=0.950 scratch_delta=0.000 scratch_gauss=0.0000
[future_seed_loop stage=1:45-64] step=2500 ce=1.0199 total=1.1948 loop1=1.1694 loop_last=1.0199 exact_margin=0.8747 softmin=-0.325 upd_l=0.950 upd_h=0.950 scratch_delta=0.000 scratch_gauss=0.0000
[future_seed_loop stage=1:45-64] step=2600 ce=0.9917 total=1.1668 loop1=1.1790 loop_last=0.9917 exact_margin=0.8754 softmin=-0.251 upd_l=0.950 upd_h=0.950 scratch_delta=0.000 scratch_gauss=0.0000
[future_seed_loop stage=1:45-64] step=2700 ce=1.0121 total=1.1926 loop1=1.2462 loop_last=1.0121 exact_margin=0.9026 softmin=-0.324 upd_l=0.950 upd_h=0.950 scratch_delta=0.000 scratch_gauss=0.0000
[future_seed_loop stage=1:45-64] step=2800 ce=0.9414 total=1.1109 loop1=1.1533 loop_last=0.9414 exact_margin=0.8471 softmin=-0.094 upd_l=0.950 upd_h=0.950 scratch_delta=0.000 scratch_gauss=0.0000
[future_seed_loop stage=1:45-64] step=2900 ce=0.9878 total=1.1552 loop1=1.1650 loop_last=0.9878 exact_margin=0.8373 softmin=-0.196 upd_l=0.950 upd_h=0.950 scratch_delta=0.000 scratch_gauss=0.0000
[future_seed_loop stage=1:45-64] step=3000 ce=0.9902 total=1.1556 loop1=1.1683 loop_last=0.9902 exact_margin=0.8269 softmin=-0.129 upd_l=0.950 upd_h=0.950 scratch_delta=0.000 scratch_gauss=0.0000

full-board metrics
loop=1 exact=0.0020, valid=0.0020, solved=0.0020, blank_acc=0.4436, early=0.4436, late=0.4370, early_late_gap=+0.0066
        fs_gate=0.479, fs_update=1.000, fs_state_norm=7.671, fs_decay=0.00, fb_in=0.000, fb_next=0.000, loop_time=0.000, upd_l=0.950, upd_h=0.950, scratch_gate=0.000, scratch_decay=0.000, scratch_delta=0.000, scratch_resid=0.000
loop=2 exact=0.0273, valid=0.0273, solved=0.0273, blank_acc=0.5022, early=0.4972, late=0.5069, early_late_gap=-0.0097
        fs_gate=0.479, fs_update=1.000, fs_state_norm=7.671, fs_decay=0.00, fb_in=0.000, fb_next=0.000, loop_time=0.000, upd_l=0.950, upd_h=0.950, scratch_gate=0.000, scratch_decay=0.000, scratch_delta=0.000, scratch_resid=0.000
loop=3 exact=0.0293, valid=0.0293, solved=0.0293, blank_acc=0.5312, early=0.5293, late=0.5343, early_late_gap=-0.0050
        fs_gate=0.479, fs_update=1.000, fs_state_norm=7.671, fs_decay=0.00, fb_in=0.000, fb_next=0.000, loop_time=0.000, upd_l=0.950, upd_h=0.950, scratch_gate=0.000, scratch_decay=0.000, scratch_delta=0.000, scratch_resid=0.000
loop=4 exact=0.0293, valid=0.0293, solved=0.0293, blank_acc=0.5358, early=0.5346, late=0.5387, early_late_gap=-0.0041
        fs_gate=0.479, fs_update=1.000, fs_state_norm=7.671, fs_decay=0.00, fb_in=0.000, fb_next=0.000, loop_time=0.000, upd_l=0.950, upd_h=0.950, scratch_gate=0.000, scratch_decay=0.000, scratch_delta=0.000, scratch_resid=0.000
loop=5 exact=0.0293, valid=0.0293, solved=0.0293, blank_acc=0.5362, early=0.5348, late=0.5388, early_late_gap=-0.0039
        fs_gate=0.479, fs_update=1.000, fs_state_norm=7.671, fs_decay=0.00, fb_in=0.000, fb_next=0.000, loop_time=0.000, upd_l=0.950, upd_h=0.950, scratch_gate=0.000, scratch_decay=0.000, scratch_delta=0.000, scratch_resid=0.000

official sudoku eval split=test eval_n=2048 seed=1051
Depth loop adds useful full-board refinement.
wrote /huyang2/double-loop/.worktrees/gdn-realbwd-official-sudoku-d192-fs-exactmargin-s3000-6dde82a-20260629/runs/gdn-d192-official-sudoku-fs-exactmargin-s3000-20260629T0251Z-6dde82a/output/futureseed_loop_seed52.json
wrote /huyang2/double-loop/.worktrees/gdn-realbwd-official-sudoku-d192-fs-exactmargin-s3000-6dde82a-20260629/runs/gdn-d192-official-sudoku-fs-exactmargin-s3000-20260629T0251Z-6dde82a/output/futureseed_loop_seed52.md
wrote /huyang2/double-loop/.worktrees/gdn-realbwd-official-sudoku-d192-fs-exactmargin-s3000-6dde82a-20260629/runs/gdn-d192-official-sudoku-fs-exactmargin-s3000-20260629T0251Z-6dde82a/output/futureseed_loop_case_seed52.html
