Current Python version 3.10 is below the recommended 3.11 version. It is recommended to upgrade to Python 3.11 or higher for the best experience.
BertForMaskedLM has generative capabilities, as `prepare_inputs_for_generation` is explicitly overwritten. However, it doesn't directly inherit from `GenerationMixin`. From 👉v4.50👈 onwards, `PreTrainedModel` will NOT inherit from `GenerationMixin`, and this model will lose the ability to call `generate` and other related functions.
  - If you're using `trust_remote_code=True`, you can get rid of this warning by loading the model with an auto class. See https://huggingface.co/docs/transformers/en/model_doc/auto#auto-classes
  - If you are the owner of the model architecture code, please modify your model class such that it inherits from `GenerationMixin` (after `PreTrainedModel`, otherwise you'll get an exception).
  - If you are not the owner of the model architecture class, please contact the model code owner to update it.
{"plan": "P-CAUSAL-023", "arm": "bidirectional_bert", "repetition": 0, "gpu": {"index": "0", "uuid": "GPU-53e9f3b4-2966-65d3-6614-09c540921519", "name": "NVIDIA A100-SXM4-80GB", "memory_total_mib": "81920"}, "protocol": {"sequence_length": 128, "validation_windows": 256, "masked_tokens": 4742, "validation_tensor_sha256": "26d57156e43b4d7c21036b1340f23b0e418bf4aed32366bccc4ec252685b0ada", "warmup_steps": 2, "measured_steps_batch64": 2, "measured_steps_batch1": 6, "fresh_process": true, "quality_evaluated": true}, "model": {"parameters": 4416698, "model_state_sha256": "6b6cd090d174f68597cb9886b1807b0f0487c4d7bf7b7f8fcf22a3c87c715ea3", "implementation": "transformers.BertForMaskedLM native bidirectional SDPA", "bert_source": "/opt/conda/lib/python3.10/site-packages/transformers/models/bert/modeling_bert.py", "bert_source_sha256": "3493bff5da90fdcce98dad5c84aafe4d3ce1c550dcd93bc99289309953559eca", "checkpoint_sha256": "dd152f8450c0579bd271ac0ccb4a88fa4f6a67d8035b7799dbf3a0fb7156d9d0"}, "future_dependency_mean_abs": 3.567823886871338, "quality": {"masked_accuracy": 0.35554618304512864, "masked_ce": 4.033268768040252, "masked_correct": 1686, "masked_tokens": 4742, "examples": 256}, "benchmarks": {"batch1_encoder": {"warmup_steps": 2, "measured_steps": 6, "elapsed_seconds": 0.007357452064752579, "latency_ms": 1.2262420107920964, "examples_per_second": 815.499706582427, "input_tokens_per_second": 104383.96244255066, "baseline_allocated_bytes": 26263040, "baseline_reserved_bytes": 717225984, "peak_allocated_bytes": 28466688, "peak_reserved_bytes": 717225984, "peak_increment_bytes": 2203648}, "batch1_masked_recovery": {"warmup_steps": 2, "measured_steps": 6, "elapsed_seconds": 0.008730195462703705, "latency_ms": 1.455032577117284, "examples_per_second": 687.2698355532381, "input_tokens_per_second": 87970.53895081447, "baseline_allocated_bytes": 27235328, "baseline_reserved_bytes": 717225984, "peak_allocated_bytes": 38111232, "peak_reserved_bytes": 717225984, "peak_increment_bytes": 10875904}, "batch64_encoder": {"warmup_steps": 2, "measured_steps": 2, "elapsed_seconds": 0.002667877823114395, "latency_ms": 1.3339389115571976, "examples_per_second": 47978.209081020395, "input_tokens_per_second": 6141210.762370611, "baseline_allocated_bytes": 30528512, "baseline_reserved_bytes": 717225984, "peak_allocated_bytes": 62910464, "peak_reserved_bytes": 717225984, "peak_increment_bytes": 32381952}, "batch64_masked_recovery": {"warmup_steps": 2, "measured_steps": 2, "elapsed_seconds": 0.003338925540447235, "latency_ms": 1.6694627702236176, "examples_per_second": 38335.68567176102, "input_tokens_per_second": 4906967.765985411, "baseline_allocated_bytes": 98610688, "baseline_reserved_bytes": 717225984, "peak_allocated_bytes": 186347520, "peak_reserved_bytes": 717225984, "peak_increment_bytes": 87736832}}}
Current Python version 3.10 is below the recommended 3.11 version. It is recommended to upgrade to Python 3.11 or higher for the best experience.
BertForMaskedLM has generative capabilities, as `prepare_inputs_for_generation` is explicitly overwritten. However, it doesn't directly inherit from `GenerationMixin`. From 👉v4.50👈 onwards, `PreTrainedModel` will NOT inherit from `GenerationMixin`, and this model will lose the ability to call `generate` and other related functions.
  - If you're using `trust_remote_code=True`, you can get rid of this warning by loading the model with an auto class. See https://huggingface.co/docs/transformers/en/model_doc/auto#auto-classes
  - If you are the owner of the model architecture code, please modify your model class such that it inherits from `GenerationMixin` (after `PreTrainedModel`, otherwise you'll get an exception).
  - If you are not the owner of the model architecture class, please contact the model code owner to update it.
Traceback (most recent call last):
  File "/huyang2/double-loop/worktrees/p-causal-023-c6710b5/experiments/zoology_mlm/futureseed_inference_frontier.py", line 499, in <module>
    main()
  File "/huyang2/double-loop/worktrees/p-causal-023-c6710b5/experiments/zoology_mlm/futureseed_inference_frontier.py", line 459, in main
    metrics, cases = quality_metrics(
  File "/opt/conda/lib/python3.10/site-packages/torch/utils/_contextlib.py", line 116, in decorate_context
    return func(*args, **kwargs)
  File "/huyang2/double-loop/worktrees/p-causal-023-c6710b5/experiments/zoology_mlm/futureseed_inference_frontier.py", line 278, in quality_metrics
    raise RuntimeError(f"{adapter.arm} CE did not reproduce: {metrics['masked_ce']}")
RuntimeError: causal_gdn2 CE did not reproduce: 4.6183168692007595
