nohup: ignoring input
mode=full
run_dir=/huyang2/double-loop/.worktrees/gdn-transition-mixedhard-d224l12-step7000-20260703T0443Z-b040136/runs/gdn-transition-mixedhard-d224l12-step7000-fix9-20260703T0450Z-b040136
git_sha=b040136922b614bb30e0dbab4d60c0d438ab9ff4
git_dirty=0
device=cuda torch=2.7.0+cu126 board=9x9 box=3x3 mainline=future_seed_loop backbone=gdn rwkv_kernel=auto gdn_mode=triton_recurrent forward_dtype=float32
checkpoint_eval steps=6300,6600,7000 holes=53,60
resumed_train_checkpoint path=/huyang2/double-loop/.worktrees/gdn-transition-mixedhard-d224l12-step6100-20260702T143834Z-0151369/runs/gdn-transition-mixedhard-d224l12-step6100-20260702T143834Z-0151369/checkpoints/train_state_step006100.pt step=6100 reason=eval_checkpoint
[future_seed_loop stage=1:51-64] step=6200 ce=0.7169 total=0.7964 loop1=0.9997 loop_last=0.7169 exact_margin=0.0000 softmin=0.000 upd_l=0.950 upd_h=0.950 fb_next=0.000 fb_corrupt=0.000 fb_conf=0.000 scratch_delta=0.000 scratch_gauss=0.0000
[future_seed_loop stage=1:51-64] step=6300 ce=0.7533 total=0.8314 loop1=1.0338 loop_last=0.7533 exact_margin=0.0000 softmin=0.000 upd_l=0.950 upd_h=0.950 fb_next=0.000 fb_corrupt=0.000 fb_conf=0.000 scratch_delta=0.000 scratch_gauss=0.0000
[checkpoint_eval step=6300 holes60] loop5 exact=0.1895 blank=0.6702
[train_checkpoint step=6300] path=/huyang2/double-loop/.worktrees/gdn-transition-mixedhard-d224l12-step7000-20260703T0443Z-b040136/runs/gdn-transition-mixedhard-d224l12-step7000-fix9-20260703T0450Z-b040136/checkpoints/train_state_step006300.pt
[future_seed_loop stage=1:51-64] step=6400 ce=0.6361 total=0.7405 loop1=0.9915 loop_last=0.6361 exact_margin=0.0000 softmin=0.000 upd_l=0.950 upd_h=0.950 fb_next=0.000 fb_corrupt=0.000 fb_conf=0.000 scratch_delta=0.000 scratch_gauss=0.0000
[future_seed_loop stage=1:51-64] step=6500 ce=0.6102 total=0.7236 loop1=0.9784 loop_last=0.6102 exact_margin=0.0000 softmin=0.000 upd_l=0.950 upd_h=0.950 fb_next=0.000 fb_corrupt=0.000 fb_conf=0.000 scratch_delta=0.000 scratch_gauss=0.0000
[future_seed_loop stage=1:51-64] step=6600 ce=0.6861 total=0.7682 loop1=0.9918 loop_last=0.6861 exact_margin=0.0000 softmin=0.000 upd_l=0.950 upd_h=0.950 fb_next=0.000 fb_corrupt=0.000 fb_conf=0.000 scratch_delta=0.000 scratch_gauss=0.0000
[checkpoint_eval step=6600 holes60] loop5 exact=0.2031 blank=0.6666
[train_checkpoint step=6600] path=/huyang2/double-loop/.worktrees/gdn-transition-mixedhard-d224l12-step7000-20260703T0443Z-b040136/runs/gdn-transition-mixedhard-d224l12-step7000-fix9-20260703T0450Z-b040136/checkpoints/train_state_step006600.pt
[future_seed_loop stage=1:51-64] step=6700 ce=0.6003 total=0.7116 loop1=0.9790 loop_last=0.6003 exact_margin=0.0000 softmin=0.000 upd_l=0.950 upd_h=0.950 fb_next=0.000 fb_corrupt=0.000 fb_conf=0.000 scratch_delta=0.000 scratch_gauss=0.0000
[future_seed_loop stage=1:51-64] step=6800 ce=0.5912 total=0.6973 loop1=0.9626 loop_last=0.5912 exact_margin=0.0000 softmin=0.000 upd_l=0.950 upd_h=0.950 fb_next=0.000 fb_corrupt=0.000 fb_conf=0.000 scratch_delta=0.000 scratch_gauss=0.0000
[future_seed_loop stage=1:51-64] step=6900 ce=0.6212 total=0.7340 loop1=1.0026 loop_last=0.6212 exact_margin=0.0000 softmin=0.000 upd_l=0.950 upd_h=0.950 fb_next=0.000 fb_corrupt=0.000 fb_conf=0.000 scratch_delta=0.000 scratch_gauss=0.0000
[future_seed_loop stage=1:51-64] step=7000 ce=0.5736 total=0.6898 loop1=0.9704 loop_last=0.5736 exact_margin=0.0000 softmin=0.000 upd_l=0.950 upd_h=0.950 fb_next=0.000 fb_corrupt=0.000 fb_conf=0.000 scratch_delta=0.000 scratch_gauss=0.0000
[checkpoint_eval step=7000 holes60] loop5 exact=0.1953 blank=0.6670
[train_checkpoint step=7000] path=/huyang2/double-loop/.worktrees/gdn-transition-mixedhard-d224l12-step7000-20260703T0443Z-b040136/runs/gdn-transition-mixedhard-d224l12-step7000-fix9-20260703T0450Z-b040136/checkpoints/train_state_step007000.pt

full-board metrics
loop=1 exact=0.0234, valid=0.0234, solved=0.0234, blank_acc=0.5427, early=0.5337, late=0.5422, early_late_gap=-0.0086
        fs_gate=0.458, fs_update=1.000, fs_state_norm=14.669, fs_decay=0.00, fb_in=0.000, fb_next=0.000, loop_time=0.000, upd_l=0.950, upd_h=0.950, scratch_gate=0.000, scratch_decay=0.000, scratch_delta=0.000, scratch_resid=0.000
loop=2 exact=0.0293, valid=0.0293, solved=0.0293, blank_acc=0.6080, early=0.6099, late=0.6068, early_late_gap=+0.0032
        fs_gate=0.458, fs_update=1.000, fs_state_norm=14.669, fs_decay=0.00, fb_in=0.000, fb_next=0.000, loop_time=0.000, upd_l=0.950, upd_h=0.950, scratch_gate=0.000, scratch_decay=0.000, scratch_delta=0.000, scratch_resid=0.000
loop=3 exact=0.1152, valid=0.1152, solved=0.1152, blank_acc=0.6345, early=0.6340, late=0.6332, early_late_gap=+0.0008
        fs_gate=0.458, fs_update=1.000, fs_state_norm=14.669, fs_decay=0.00, fb_in=0.000, fb_next=0.000, loop_time=0.000, upd_l=0.950, upd_h=0.950, scratch_gate=0.000, scratch_decay=0.000, scratch_delta=0.000, scratch_resid=0.000
loop=4 exact=0.1855, valid=0.1855, solved=0.1855, blank_acc=0.6471, early=0.6447, late=0.6468, early_late_gap=-0.0021
        fs_gate=0.458, fs_update=1.000, fs_state_norm=14.669, fs_decay=0.00, fb_in=0.000, fb_next=0.000, loop_time=0.000, upd_l=0.950, upd_h=0.950, scratch_gate=0.000, scratch_decay=0.000, scratch_delta=0.000, scratch_resid=0.000
loop=5 exact=0.2031, valid=0.2031, solved=0.2031, blank_acc=0.6479, early=0.6441, late=0.6484, early_late_gap=-0.0043
        fs_gate=0.458, fs_update=1.000, fs_state_norm=14.669, fs_decay=0.00, fb_in=0.000, fb_next=0.000, loop_time=0.000, upd_l=0.950, upd_h=0.950, scratch_gate=0.000, scratch_decay=0.000, scratch_delta=0.000, scratch_resid=0.000

official sudoku eval split=test eval_n=512 seed=1051

official blank-range metrics
b46_50 blanks=46-50 n=512 exact=1.0000, valid=1.0000, solved=1.0000, blank_acc=1.0000, early=1.0000, late=1.0000, early_late_gap=+0.0000
b51_55 blanks=51-55 n=512 exact=0.3105, valid=0.3105, solved=0.3105, blank_acc=0.7322, early=0.7406, late=0.7238, early_late_gap=+0.0168
b56_64 blanks=56-64 n=512 exact=0.0859, valid=0.0859, solved=0.0859, blank_acc=0.5938, early=0.5950, late=0.5935, early_late_gap=+0.0015

case-bank artifacts
official_b46_50 exact=1.0000 blank_acc=1.0000 selected={'solved_by_loop': 4, 'almost_solved': 0, 'hard_failure': 0}
  index=/huyang2/double-loop/.worktrees/gdn-transition-mixedhard-d224l12-step7000-20260703T0443Z-b040136/runs/gdn-transition-mixedhard-d224l12-step7000-fix9-20260703T0450Z-b040136/output/case_bank/official_b46_50/index.html
  cases=/huyang2/double-loop/.worktrees/gdn-transition-mixedhard-d224l12-step7000-20260703T0443Z-b040136/runs/gdn-transition-mixedhard-d224l12-step7000-fix9-20260703T0450Z-b040136/output/case_bank/official_b46_50/cases.json
official_b51_55 exact=0.3164 blank_acc=0.7389 selected={'solved_by_loop': 4, 'almost_solved': 4, 'hard_failure': 4}
  index=/huyang2/double-loop/.worktrees/gdn-transition-mixedhard-d224l12-step7000-20260703T0443Z-b040136/runs/gdn-transition-mixedhard-d224l12-step7000-fix9-20260703T0450Z-b040136/output/case_bank/official_b51_55/index.html
  cases=/huyang2/double-loop/.worktrees/gdn-transition-mixedhard-d224l12-step7000-20260703T0443Z-b040136/runs/gdn-transition-mixedhard-d224l12-step7000-fix9-20260703T0450Z-b040136/output/case_bank/official_b51_55/cases.json
official_b56_64 exact=0.0781 blank_acc=0.6033 selected={'solved_by_loop': 4, 'almost_solved': 4, 'hard_failure': 4}
  index=/huyang2/double-loop/.worktrees/gdn-transition-mixedhard-d224l12-step7000-20260703T0443Z-b040136/runs/gdn-transition-mixedhard-d224l12-step7000-fix9-20260703T0450Z-b040136/output/case_bank/official_b56_64/index.html
  cases=/huyang2/double-loop/.worktrees/gdn-transition-mixedhard-d224l12-step7000-20260703T0443Z-b040136/runs/gdn-transition-mixedhard-d224l12-step7000-fix9-20260703T0450Z-b040136/output/case_bank/official_b56_64/cases.json
Depth loop adds useful full-board refinement.
wrote /huyang2/double-loop/.worktrees/gdn-transition-mixedhard-d224l12-step7000-20260703T0443Z-b040136/runs/gdn-transition-mixedhard-d224l12-step7000-fix9-20260703T0450Z-b040136/output/futureseed_loop_seed52.json
wrote /huyang2/double-loop/.worktrees/gdn-transition-mixedhard-d224l12-step7000-20260703T0443Z-b040136/runs/gdn-transition-mixedhard-d224l12-step7000-fix9-20260703T0450Z-b040136/output/futureseed_loop_seed52.md
wrote /huyang2/double-loop/.worktrees/gdn-transition-mixedhard-d224l12-step7000-20260703T0443Z-b040136/runs/gdn-transition-mixedhard-d224l12-step7000-fix9-20260703T0450Z-b040136/output/futureseed_loop_case_seed52.html
built visualizations for 1 run(s)
recorded run=gdn-transition-mixedhard-d224l12-step7000-fix9-20260703T0450Z-b040136 score=0.203125 key=metrics.eval_clean.loop5.label_exact
completed run_dir=/huyang2/double-loop/.worktrees/gdn-transition-mixedhard-d224l12-step7000-20260703T0443Z-b040136/runs/gdn-transition-mixedhard-d224l12-step7000-fix9-20260703T0450Z-b040136
