mode=full
run_dir=/huyang2/double-loop/.worktrees/pscale035-state-expandv8-83e7841-full-20260722/runs/gdn-full-diversity-d224l12-expandv8-progressive-s30500-resume-20260722T125827Z-83e7841
git_sha=83e7841f408c642b31a981bde43b710e98e3b22d
git_dirty=0
Current Python version 3.10 is below the recommended 3.11 version. It is recommended to upgrade to Python 3.11 or higher for the best experience.
device=cuda torch=2.7.0+cu126 board=9x9 box=3x3 mainline=future_seed_loop backbone=gdn rwkv_kernel=auto gdn_mode=triton_recurrent gdn_progressive_base_expand_v=4.0 forward_dtype=bfloat16
checkpoint_eval steps=30500 holes=53,60,64
resumed_train_checkpoint path=/huyang2/double-loop/models/gdn-full-diversity-d224l12-expandv8-progressive-20260722/checkpoints/train_state_step030300.pt step=30300 reason=periodic
[future_seed_loop stage=3:51-64] step=30325 ce=0.5429 total=0.6813 loop1=0.9244 loop_last=0.5429 exact_margin=0.0000 softmin=0.000 upd_l=0.950 upd_h=0.950 fb_next=0.000 fb_corrupt=0.000 fb_conf=0.000 hagg_norm=0.000 hagg_raw=0.000 hagg_ent=0.000 hagg_maxw=0.000 hagg_clip=0.000 scratch_delta=0.000 scratch_gauss=0.0000
[train_checkpoint step=30325] path=/huyang2/double-loop/models/gdn-full-diversity-d224l12-expandv8-progressive-20260722/checkpoints/train_state_step030325.pt
[future_seed_loop stage=3:51-64] step=30350 ce=0.4597 total=0.5937 loop1=0.8684 loop_last=0.4597 exact_margin=0.0000 softmin=0.000 upd_l=0.950 upd_h=0.950 fb_next=0.000 fb_corrupt=0.000 fb_conf=0.000 hagg_norm=0.000 hagg_raw=0.000 hagg_ent=0.000 hagg_maxw=0.000 hagg_clip=0.000 scratch_delta=0.000 scratch_gauss=0.0000
[train_checkpoint step=30350] path=/huyang2/double-loop/models/gdn-full-diversity-d224l12-expandv8-progressive-20260722/checkpoints/train_state_step030350.pt
[future_seed_loop stage=3:51-64] step=30375 ce=0.5055 total=0.6380 loop1=0.8830 loop_last=0.5055 exact_margin=0.0000 softmin=0.000 upd_l=0.950 upd_h=0.950 fb_next=0.000 fb_corrupt=0.000 fb_conf=0.000 hagg_norm=0.000 hagg_raw=0.000 hagg_ent=0.000 hagg_maxw=0.000 hagg_clip=0.000 scratch_delta=0.000 scratch_gauss=0.0000
[train_checkpoint step=30375] path=/huyang2/double-loop/models/gdn-full-diversity-d224l12-expandv8-progressive-20260722/checkpoints/train_state_step030375.pt
[future_seed_loop stage=3:51-64] step=30400 ce=0.6002 total=0.7021 loop1=0.9022 loop_last=0.6002 exact_margin=0.0000 softmin=0.000 upd_l=0.950 upd_h=0.950 fb_next=0.000 fb_corrupt=0.000 fb_conf=0.000 hagg_norm=0.000 hagg_raw=0.000 hagg_ent=0.000 hagg_maxw=0.000 hagg_clip=0.000 scratch_delta=0.000 scratch_gauss=0.0000
[train_checkpoint step=30400] path=/huyang2/double-loop/models/gdn-full-diversity-d224l12-expandv8-progressive-20260722/checkpoints/train_state_step030400.pt
[future_seed_loop stage=3:51-64] step=30425 ce=0.5249 total=0.6459 loop1=0.8683 loop_last=0.5249 exact_margin=0.0000 softmin=0.000 upd_l=0.950 upd_h=0.950 fb_next=0.000 fb_corrupt=0.000 fb_conf=0.000 hagg_norm=0.000 hagg_raw=0.000 hagg_ent=0.000 hagg_maxw=0.000 hagg_clip=0.000 scratch_delta=0.000 scratch_gauss=0.0000
[train_checkpoint step=30425] path=/huyang2/double-loop/models/gdn-full-diversity-d224l12-expandv8-progressive-20260722/checkpoints/train_state_step030425.pt
[future_seed_loop stage=3:51-64] step=30450 ce=0.5333 total=0.6454 loop1=0.8768 loop_last=0.5333 exact_margin=0.0000 softmin=0.000 upd_l=0.950 upd_h=0.950 fb_next=0.000 fb_corrupt=0.000 fb_conf=0.000 hagg_norm=0.000 hagg_raw=0.000 hagg_ent=0.000 hagg_maxw=0.000 hagg_clip=0.000 scratch_delta=0.000 scratch_gauss=0.0000
[train_checkpoint step=30450] path=/huyang2/double-loop/models/gdn-full-diversity-d224l12-expandv8-progressive-20260722/checkpoints/train_state_step030450.pt
[future_seed_loop stage=3:51-64] step=30475 ce=0.4893 total=0.6106 loop1=0.8667 loop_last=0.4893 exact_margin=0.0000 softmin=0.000 upd_l=0.950 upd_h=0.950 fb_next=0.000 fb_corrupt=0.000 fb_conf=0.000 hagg_norm=0.000 hagg_raw=0.000 hagg_ent=0.000 hagg_maxw=0.000 hagg_clip=0.000 scratch_delta=0.000 scratch_gauss=0.0000
[train_checkpoint step=30475] path=/huyang2/double-loop/models/gdn-full-diversity-d224l12-expandv8-progressive-20260722/checkpoints/train_state_step030475.pt
[future_seed_loop stage=3:51-64] step=30500 ce=0.4485 total=0.5706 loop1=0.8564 loop_last=0.4485 exact_margin=0.0000 softmin=0.000 upd_l=0.950 upd_h=0.950 fb_next=0.000 fb_corrupt=0.000 fb_conf=0.000 hagg_norm=0.000 hagg_raw=0.000 hagg_ent=0.000 hagg_maxw=0.000 hagg_clip=0.000 scratch_delta=0.000 scratch_gauss=0.0000
[checkpoint_eval step=30500 holes60] loop5 exact=0.4746 blank=0.7624
[train_checkpoint step=30500] path=/huyang2/double-loop/models/gdn-full-diversity-d224l12-expandv8-progressive-20260722/checkpoints/train_state_step030500.pt

full-board metrics
loop=1 exact=0.0234, valid=0.0234, solved=0.0234, blank_acc=0.5939, early=0.5883, late=0.5949, early_late_gap=-0.0066
        fs_gate=0.407, fs_update=1.000, fs_state_norm=18.432, fs_decay=0.00, fs_raw_rms=0.358, fs_raw_rms_std=0.037, fs_norm_gain=1.000, fs_norm_gain_std=0.000, fb_in=0.000, fb_next=0.000, loop_time=0.000, upd_l=0.950, upd_h=0.950, scratch_gate=0.000, scratch_decay=0.000, scratch_delta=0.000, scratch_resid=0.000
loop=2 exact=0.1133, valid=0.1133, solved=0.1133, blank_acc=0.6914, early=0.6902, late=0.6904, early_late_gap=-0.0001
        fs_gate=0.407, fs_update=1.000, fs_state_norm=18.432, fs_decay=0.00, fs_raw_rms=0.308, fs_raw_rms_std=0.035, fs_norm_gain=1.000, fs_norm_gain_std=0.000, fb_in=0.000, fb_next=0.000, loop_time=0.000, upd_l=0.950, upd_h=0.950, scratch_gate=0.000, scratch_decay=0.000, scratch_delta=0.000, scratch_resid=0.000
loop=3 exact=0.3359, valid=0.3359, solved=0.3359, blank_acc=0.7340, early=0.7344, late=0.7288, early_late_gap=+0.0056
        fs_gate=0.407, fs_update=1.000, fs_state_norm=18.429, fs_decay=0.00, fs_raw_rms=0.328, fs_raw_rms_std=0.062, fs_norm_gain=1.000, fs_norm_gain_std=0.000, fb_in=0.000, fb_next=0.000, loop_time=0.000, upd_l=0.950, upd_h=0.950, scratch_gate=0.000, scratch_decay=0.000, scratch_delta=0.000, scratch_resid=0.000
loop=4 exact=0.4336, valid=0.4336, solved=0.4336, blank_acc=0.7497, early=0.7443, late=0.7494, early_late_gap=-0.0051
        fs_gate=0.407, fs_update=1.000, fs_state_norm=18.416, fs_decay=0.00, fs_raw_rms=0.401, fs_raw_rms_std=0.105, fs_norm_gain=1.000, fs_norm_gain_std=0.000, fb_in=0.000, fb_next=0.000, loop_time=0.000, upd_l=0.950, upd_h=0.950, scratch_gate=0.000, scratch_decay=0.000, scratch_delta=0.000, scratch_resid=0.000
loop=5 exact=0.4551, valid=0.4551, solved=0.4551, blank_acc=0.7543, early=0.7506, late=0.7563, early_late_gap=-0.0057
        fs_gate=0.407, fs_update=1.000, fs_state_norm=18.400, fs_decay=0.00, fs_raw_rms=0.425, fs_raw_rms_std=0.126, fs_norm_gain=1.000, fs_norm_gain_std=0.000, fb_in=0.000, fb_next=0.000, loop_time=0.000, upd_l=0.950, upd_h=0.950, scratch_gate=0.000, scratch_decay=0.000, scratch_delta=0.000, scratch_resid=0.000

official sudoku eval split=test eval_n=512 seed=1051

official blank-range metrics
b46_50 blanks=46-50 n=512 exact=0.9961, valid=0.9961, solved=0.9961, blank_acc=1.0000, early=1.0000, late=0.9999, early_late_gap=+0.0001
b51_55 blanks=51-55 n=512 exact=0.6172, valid=0.6172, solved=0.6172, blank_acc=0.8380, early=0.8395, late=0.8369, early_late_gap=+0.0026
b56_64 blanks=56-64 n=512 exact=0.3535, valid=0.3535, solved=0.3535, blank_acc=0.6991, early=0.6953, late=0.6960, early_late_gap=-0.0007

case-bank artifacts
official_b46_50 exact=0.9961 blank_acc=1.0000 selected={'solved_by_loop': 1, 'almost_solved': 0, 'hard_failure': 0}
  index=/huyang2/double-loop/.worktrees/pscale035-state-expandv8-83e7841-full-20260722/runs/gdn-full-diversity-d224l12-expandv8-progressive-s30500-resume-20260722T125827Z-83e7841/output/case_bank/official_b46_50/index.html
  cases=/huyang2/double-loop/.worktrees/pscale035-state-expandv8-83e7841-full-20260722/runs/gdn-full-diversity-d224l12-expandv8-progressive-s30500-resume-20260722T125827Z-83e7841/output/case_bank/official_b46_50/cases.json
official_b51_55 exact=0.6289 blank_acc=0.8466 selected={'solved_by_loop': 4, 'almost_solved': 4, 'hard_failure': 4}
  index=/huyang2/double-loop/.worktrees/pscale035-state-expandv8-83e7841-full-20260722/runs/gdn-full-diversity-d224l12-expandv8-progressive-s30500-resume-20260722T125827Z-83e7841/output/case_bank/official_b51_55/index.html
  cases=/huyang2/double-loop/.worktrees/pscale035-state-expandv8-83e7841-full-20260722/runs/gdn-full-diversity-d224l12-expandv8-progressive-s30500-resume-20260722T125827Z-83e7841/output/case_bank/official_b51_55/cases.json
official_b56_64 exact=0.3242 blank_acc=0.6891 selected={'solved_by_loop': 4, 'almost_solved': 0, 'hard_failure': 4}
  index=/huyang2/double-loop/.worktrees/pscale035-state-expandv8-83e7841-full-20260722/runs/gdn-full-diversity-d224l12-expandv8-progressive-s30500-resume-20260722T125827Z-83e7841/output/case_bank/official_b56_64/index.html
  cases=/huyang2/double-loop/.worktrees/pscale035-state-expandv8-83e7841-full-20260722/runs/gdn-full-diversity-d224l12-expandv8-progressive-s30500-resume-20260722T125827Z-83e7841/output/case_bank/official_b56_64/cases.json
Depth loop adds useful full-board refinement.
wrote /huyang2/double-loop/.worktrees/pscale035-state-expandv8-83e7841-full-20260722/runs/gdn-full-diversity-d224l12-expandv8-progressive-s30500-resume-20260722T125827Z-83e7841/output/futureseed_loop_seed52.json
wrote /huyang2/double-loop/.worktrees/pscale035-state-expandv8-83e7841-full-20260722/runs/gdn-full-diversity-d224l12-expandv8-progressive-s30500-resume-20260722T125827Z-83e7841/output/futureseed_loop_seed52.md
wrote /huyang2/double-loop/.worktrees/pscale035-state-expandv8-83e7841-full-20260722/runs/gdn-full-diversity-d224l12-expandv8-progressive-s30500-resume-20260722T125827Z-83e7841/output/futureseed_loop_case_seed52.html
