mode=eqr_maze_probe
run_dir=/huyang2/double-loop/.worktrees/maze21-pressure-fs-vs-base-20260617T0525Z-ca0f837/runs/maze21-pressure-base-s1200-20260617T0525Z-ca0f837
git_sha=ca0f83709963cbf25b60f75eec9f2abd0d173404
git_dirty=1
device=cuda torch=2.7.0+cu126 params=887426 eqr_dir=/huyang2/double-loop/repos/eqr
[eqr_maze] step=0100 ce=0.3398 loop1=0.3438 path_f1=0.6012 exact=0.0000 zH=0.0120 zL=0.0108
[eqr_maze] step=0200 ce=0.3398 loop1=0.3418 path_f1=0.6201 exact=0.0000 zH=0.0086 zL=0.0090
[eqr_maze] step=0300 ce=0.3398 loop1=0.3398 path_f1=0.6405 exact=0.0000 zH=0.0066 zL=0.0069
[eqr_maze] step=0400 ce=0.3320 loop1=0.3359 path_f1=0.6452 exact=0.0000 zH=0.0060 zL=0.0061
[eqr_maze] step=0500 ce=0.3223 loop1=0.3340 path_f1=0.6642 exact=0.0000 zH=0.0092 zL=0.0094
[eqr_maze] step=0600 ce=0.3203 loop1=0.3379 path_f1=0.6703 exact=0.0000 zH=0.0103 zL=0.0110
[eqr_maze] step=0700 ce=0.3027 loop1=0.3301 path_f1=0.6863 exact=0.0000 zH=0.0089 zL=0.0101
[eqr_maze] step=0800 ce=0.3027 loop1=0.3262 path_f1=0.6839 exact=0.0000 zH=0.1007 zL=0.1743
[eqr_maze] step=0900 ce=0.2617 loop1=0.3145 path_f1=0.7420 exact=0.0000 zH=0.1393 zL=0.3168
[eqr_maze] step=1000 ce=0.1953 loop1=0.2773 path_f1=0.8163 exact=0.0000 zH=0.1000 zL=0.2172
[eqr_maze] step=1100 ce=0.2266 loop1=0.2910 path_f1=0.7810 exact=0.0000 zH=0.0963 zL=0.1969
[eqr_maze] step=1200 ce=0.2275 loop1=0.2812 path_f1=0.7882 exact=0.0312 zH=0.1487 zL=0.3752
primary loop10 exact=0.0000 path_f1=0.7614 gain=0.0518
decision=Continue: recurrence is buying real path refinement on maze; compare against base or scale path length next.
wrote /huyang2/double-loop/.worktrees/maze21-pressure-fs-vs-base-20260617T0525Z-ca0f837/runs/maze21-pressure-base-s1200-20260617T0525Z-ca0f837/output/eqr_maze_probe_fs0_seed52.json
wrote /huyang2/double-loop/.worktrees/maze21-pressure-fs-vs-base-20260617T0525Z-ca0f837/runs/maze21-pressure-base-s1200-20260617T0525Z-ca0f837/output/eqr_maze_probe_fs0_seed52.md
