run_name=gdn-full-diversity-d224l12-expandv8-progressive-s31500-lease-20260722T141002Z-fab982f
source_sha=fab982fcc0f0a4caf45b78de5efdc52175d52721
resume_step=30500
target_step=31500
mode=full
run_dir=/huyang2/double-loop/.worktrees/pscale035-s31500-fab982f-full-20260722/runs/gdn-full-diversity-d224l12-expandv8-progressive-s31500-lease-20260722T141002Z-fab982f
git_sha=fab982fcc0f0a4caf45b78de5efdc52175d52721
git_dirty=0
Current Python version 3.10 is below the recommended 3.11 version. It is recommended to upgrade to Python 3.11 or higher for the best experience.
device=cuda torch=2.7.0+cu126 board=9x9 box=3x3 mainline=future_seed_loop backbone=gdn rwkv_kernel=auto gdn_mode=triton_recurrent gdn_progressive_base_expand_v=4.0 forward_dtype=bfloat16
checkpoint_eval steps=31500 holes=53,60,64
resumed_train_checkpoint path=/huyang2/double-loop/models/gdn-full-diversity-d224l12-expandv8-progressive-20260722/checkpoints/train_state_step030500.pt step=30500 reason=eval_checkpoint
[future_seed_loop stage=3:51-64] step=30525 ce=0.5543 total=0.6795 loop1=0.9109 loop_last=0.5543 exact_margin=0.0000 softmin=0.000 upd_l=0.950 upd_h=0.950 fb_next=0.000 fb_corrupt=0.000 fb_conf=0.000 hagg_norm=0.000 hagg_raw=0.000 hagg_ent=0.000 hagg_maxw=0.000 hagg_clip=0.000 scratch_delta=0.000 scratch_gauss=0.0000
[train_checkpoint step=30525] path=/huyang2/double-loop/models/gdn-full-diversity-d224l12-expandv8-progressive-20260722/checkpoints/train_state_step030525.pt
[future_seed_loop stage=3:51-64] step=30550 ce=0.5151 total=0.6511 loop1=0.9145 loop_last=0.5151 exact_margin=0.0000 softmin=0.000 upd_l=0.950 upd_h=0.950 fb_next=0.000 fb_corrupt=0.000 fb_conf=0.000 hagg_norm=0.000 hagg_raw=0.000 hagg_ent=0.000 hagg_maxw=0.000 hagg_clip=0.000 scratch_delta=0.000 scratch_gauss=0.0000
[train_checkpoint step=30550] path=/huyang2/double-loop/models/gdn-full-diversity-d224l12-expandv8-progressive-20260722/checkpoints/train_state_step030550.pt
[future_seed_loop stage=3:51-64] step=30575 ce=0.5461 total=0.6523 loop1=0.8901 loop_last=0.5461 exact_margin=0.0000 softmin=0.000 upd_l=0.950 upd_h=0.950 fb_next=0.000 fb_corrupt=0.000 fb_conf=0.000 hagg_norm=0.000 hagg_raw=0.000 hagg_ent=0.000 hagg_maxw=0.000 hagg_clip=0.000 scratch_delta=0.000 scratch_gauss=0.0000
[train_checkpoint step=30575] path=/huyang2/double-loop/models/gdn-full-diversity-d224l12-expandv8-progressive-20260722/checkpoints/train_state_step030575.pt
[future_seed_loop stage=3:51-64] step=30600 ce=0.5132 total=0.6397 loop1=0.8818 loop_last=0.5132 exact_margin=0.0000 softmin=0.000 upd_l=0.950 upd_h=0.950 fb_next=0.000 fb_corrupt=0.000 fb_conf=0.000 hagg_norm=0.000 hagg_raw=0.000 hagg_ent=0.000 hagg_maxw=0.000 hagg_clip=0.000 scratch_delta=0.000 scratch_gauss=0.0000
[train_checkpoint step=30600] path=/huyang2/double-loop/models/gdn-full-diversity-d224l12-expandv8-progressive-20260722/checkpoints/train_state_step030600.pt
[future_seed_loop stage=3:51-64] step=30625 ce=0.5070 total=0.6234 loop1=0.8526 loop_last=0.5070 exact_margin=0.0000 softmin=0.000 upd_l=0.950 upd_h=0.950 fb_next=0.000 fb_corrupt=0.000 fb_conf=0.000 hagg_norm=0.000 hagg_raw=0.000 hagg_ent=0.000 hagg_maxw=0.000 hagg_clip=0.000 scratch_delta=0.000 scratch_gauss=0.0000
[train_checkpoint step=30625] path=/huyang2/double-loop/models/gdn-full-diversity-d224l12-expandv8-progressive-20260722/checkpoints/train_state_step030625.pt
[future_seed_loop stage=3:51-64] step=30650 ce=0.5546 total=0.6620 loop1=0.8823 loop_last=0.5546 exact_margin=0.0000 softmin=0.000 upd_l=0.950 upd_h=0.950 fb_next=0.000 fb_corrupt=0.000 fb_conf=0.000 hagg_norm=0.000 hagg_raw=0.000 hagg_ent=0.000 hagg_maxw=0.000 hagg_clip=0.000 scratch_delta=0.000 scratch_gauss=0.0000
[train_checkpoint step=30650] path=/huyang2/double-loop/models/gdn-full-diversity-d224l12-expandv8-progressive-20260722/checkpoints/train_state_step030650.pt
[future_seed_loop stage=3:51-64] step=30675 ce=0.5774 total=0.6992 loop1=0.9179 loop_last=0.5774 exact_margin=0.0000 softmin=0.000 upd_l=0.950 upd_h=0.950 fb_next=0.000 fb_corrupt=0.000 fb_conf=0.000 hagg_norm=0.000 hagg_raw=0.000 hagg_ent=0.000 hagg_maxw=0.000 hagg_clip=0.000 scratch_delta=0.000 scratch_gauss=0.0000
[train_checkpoint step=30675] path=/huyang2/double-loop/models/gdn-full-diversity-d224l12-expandv8-progressive-20260722/checkpoints/train_state_step030675.pt
[future_seed_loop stage=3:51-64] step=30700 ce=0.5349 total=0.6532 loop1=0.8893 loop_last=0.5349 exact_margin=0.0000 softmin=0.000 upd_l=0.950 upd_h=0.950 fb_next=0.000 fb_corrupt=0.000 fb_conf=0.000 hagg_norm=0.000 hagg_raw=0.000 hagg_ent=0.000 hagg_maxw=0.000 hagg_clip=0.000 scratch_delta=0.000 scratch_gauss=0.0000
[train_checkpoint step=30700] path=/huyang2/double-loop/models/gdn-full-diversity-d224l12-expandv8-progressive-20260722/checkpoints/train_state_step030700.pt
[future_seed_loop stage=3:51-64] step=30725 ce=0.5224 total=0.6252 loop1=0.8466 loop_last=0.5224 exact_margin=0.0000 softmin=0.000 upd_l=0.950 upd_h=0.950 fb_next=0.000 fb_corrupt=0.000 fb_conf=0.000 hagg_norm=0.000 hagg_raw=0.000 hagg_ent=0.000 hagg_maxw=0.000 hagg_clip=0.000 scratch_delta=0.000 scratch_gauss=0.0000
[train_checkpoint step=30725] path=/huyang2/double-loop/models/gdn-full-diversity-d224l12-expandv8-progressive-20260722/checkpoints/train_state_step030725.pt
[future_seed_loop stage=3:51-64] step=30750 ce=0.5939 total=0.7026 loop1=0.9065 loop_last=0.5939 exact_margin=0.0000 softmin=0.000 upd_l=0.950 upd_h=0.950 fb_next=0.000 fb_corrupt=0.000 fb_conf=0.000 hagg_norm=0.000 hagg_raw=0.000 hagg_ent=0.000 hagg_maxw=0.000 hagg_clip=0.000 scratch_delta=0.000 scratch_gauss=0.0000
[train_checkpoint step=30750] path=/huyang2/double-loop/models/gdn-full-diversity-d224l12-expandv8-progressive-20260722/checkpoints/train_state_step030750.pt
[future_seed_loop stage=3:51-64] step=30775 ce=0.5523 total=0.6699 loop1=0.9035 loop_last=0.5523 exact_margin=0.0000 softmin=0.000 upd_l=0.950 upd_h=0.950 fb_next=0.000 fb_corrupt=0.000 fb_conf=0.000 hagg_norm=0.000 hagg_raw=0.000 hagg_ent=0.000 hagg_maxw=0.000 hagg_clip=0.000 scratch_delta=0.000 scratch_gauss=0.0000
[train_checkpoint step=30775] path=/huyang2/double-loop/models/gdn-full-diversity-d224l12-expandv8-progressive-20260722/checkpoints/train_state_step030775.pt
[future_seed_loop stage=3:51-64] step=30800 ce=0.5279 total=0.6364 loop1=0.8927 loop_last=0.5279 exact_margin=0.0000 softmin=0.000 upd_l=0.950 upd_h=0.950 fb_next=0.000 fb_corrupt=0.000 fb_conf=0.000 hagg_norm=0.000 hagg_raw=0.000 hagg_ent=0.000 hagg_maxw=0.000 hagg_clip=0.000 scratch_delta=0.000 scratch_gauss=0.0000
[train_checkpoint step=30800] path=/huyang2/double-loop/models/gdn-full-diversity-d224l12-expandv8-progressive-20260722/checkpoints/train_state_step030800.pt
[future_seed_loop stage=3:51-64] step=30825 ce=0.5016 total=0.6235 loop1=0.8783 loop_last=0.5016 exact_margin=0.0000 softmin=0.000 upd_l=0.950 upd_h=0.950 fb_next=0.000 fb_corrupt=0.000 fb_conf=0.000 hagg_norm=0.000 hagg_raw=0.000 hagg_ent=0.000 hagg_maxw=0.000 hagg_clip=0.000 scratch_delta=0.000 scratch_gauss=0.0000
[train_checkpoint step=30825] path=/huyang2/double-loop/models/gdn-full-diversity-d224l12-expandv8-progressive-20260722/checkpoints/train_state_step030825.pt
[future_seed_loop stage=3:51-64] step=30850 ce=0.6170 total=0.7120 loop1=0.9230 loop_last=0.6170 exact_margin=0.0000 softmin=0.000 upd_l=0.950 upd_h=0.950 fb_next=0.000 fb_corrupt=0.000 fb_conf=0.000 hagg_norm=0.000 hagg_raw=0.000 hagg_ent=0.000 hagg_maxw=0.000 hagg_clip=0.000 scratch_delta=0.000 scratch_gauss=0.0000
[train_checkpoint step=30850] path=/huyang2/double-loop/models/gdn-full-diversity-d224l12-expandv8-progressive-20260722/checkpoints/train_state_step030850.pt
[future_seed_loop stage=3:51-64] step=30875 ce=0.5610 total=0.6648 loop1=0.8873 loop_last=0.5610 exact_margin=0.0000 softmin=0.000 upd_l=0.950 upd_h=0.950 fb_next=0.000 fb_corrupt=0.000 fb_conf=0.000 hagg_norm=0.000 hagg_raw=0.000 hagg_ent=0.000 hagg_maxw=0.000 hagg_clip=0.000 scratch_delta=0.000 scratch_gauss=0.0000
[train_checkpoint step=30875] path=/huyang2/double-loop/models/gdn-full-diversity-d224l12-expandv8-progressive-20260722/checkpoints/train_state_step030875.pt
[future_seed_loop stage=3:51-64] step=30900 ce=0.5710 total=0.6874 loop1=0.9028 loop_last=0.5710 exact_margin=0.0000 softmin=0.000 upd_l=0.950 upd_h=0.950 fb_next=0.000 fb_corrupt=0.000 fb_conf=0.000 hagg_norm=0.000 hagg_raw=0.000 hagg_ent=0.000 hagg_maxw=0.000 hagg_clip=0.000 scratch_delta=0.000 scratch_gauss=0.0000
[train_checkpoint step=30900] path=/huyang2/double-loop/models/gdn-full-diversity-d224l12-expandv8-progressive-20260722/checkpoints/train_state_step030900.pt
[future_seed_loop stage=3:51-64] step=30925 ce=0.5127 total=0.6286 loop1=0.8639 loop_last=0.5127 exact_margin=0.0000 softmin=0.000 upd_l=0.950 upd_h=0.950 fb_next=0.000 fb_corrupt=0.000 fb_conf=0.000 hagg_norm=0.000 hagg_raw=0.000 hagg_ent=0.000 hagg_maxw=0.000 hagg_clip=0.000 scratch_delta=0.000 scratch_gauss=0.0000
[train_checkpoint step=30925] path=/huyang2/double-loop/models/gdn-full-diversity-d224l12-expandv8-progressive-20260722/checkpoints/train_state_step030925.pt
[future_seed_loop stage=3:51-64] step=30950 ce=0.4282 total=0.5777 loop1=0.8555 loop_last=0.4282 exact_margin=0.0000 softmin=0.000 upd_l=0.950 upd_h=0.950 fb_next=0.000 fb_corrupt=0.000 fb_conf=0.000 hagg_norm=0.000 hagg_raw=0.000 hagg_ent=0.000 hagg_maxw=0.000 hagg_clip=0.000 scratch_delta=0.000 scratch_gauss=0.0000
[train_checkpoint step=30950] path=/huyang2/double-loop/models/gdn-full-diversity-d224l12-expandv8-progressive-20260722/checkpoints/train_state_step030950.pt
[future_seed_loop stage=3:51-64] step=30975 ce=0.5763 total=0.6885 loop1=0.9019 loop_last=0.5763 exact_margin=0.0000 softmin=0.000 upd_l=0.950 upd_h=0.950 fb_next=0.000 fb_corrupt=0.000 fb_conf=0.000 hagg_norm=0.000 hagg_raw=0.000 hagg_ent=0.000 hagg_maxw=0.000 hagg_clip=0.000 scratch_delta=0.000 scratch_gauss=0.0000
[train_checkpoint step=30975] path=/huyang2/double-loop/models/gdn-full-diversity-d224l12-expandv8-progressive-20260722/checkpoints/train_state_step030975.pt
[future_seed_loop stage=3:51-64] step=31000 ce=0.4886 total=0.6284 loop1=0.8877 loop_last=0.4886 exact_margin=0.0000 softmin=0.000 upd_l=0.950 upd_h=0.950 fb_next=0.000 fb_corrupt=0.000 fb_conf=0.000 hagg_norm=0.000 hagg_raw=0.000 hagg_ent=0.000 hagg_maxw=0.000 hagg_clip=0.000 scratch_delta=0.000 scratch_gauss=0.0000
[train_checkpoint step=31000] path=/huyang2/double-loop/models/gdn-full-diversity-d224l12-expandv8-progressive-20260722/checkpoints/train_state_step031000.pt
[future_seed_loop stage=3:51-64] step=31025 ce=0.4984 total=0.6427 loop1=0.9022 loop_last=0.4984 exact_margin=0.0000 softmin=0.000 upd_l=0.950 upd_h=0.950 fb_next=0.000 fb_corrupt=0.000 fb_conf=0.000 hagg_norm=0.000 hagg_raw=0.000 hagg_ent=0.000 hagg_maxw=0.000 hagg_clip=0.000 scratch_delta=0.000 scratch_gauss=0.0000
[train_checkpoint step=31025] path=/huyang2/double-loop/models/gdn-full-diversity-d224l12-expandv8-progressive-20260722/checkpoints/train_state_step031025.pt
[future_seed_loop stage=3:51-64] step=31050 ce=0.5164 total=0.6317 loop1=0.8688 loop_last=0.5164 exact_margin=0.0000 softmin=0.000 upd_l=0.950 upd_h=0.950 fb_next=0.000 fb_corrupt=0.000 fb_conf=0.000 hagg_norm=0.000 hagg_raw=0.000 hagg_ent=0.000 hagg_maxw=0.000 hagg_clip=0.000 scratch_delta=0.000 scratch_gauss=0.0000
[train_checkpoint step=31050] path=/huyang2/double-loop/models/gdn-full-diversity-d224l12-expandv8-progressive-20260722/checkpoints/train_state_step031050.pt
[future_seed_loop stage=3:51-64] step=31075 ce=0.5744 total=0.6910 loop1=0.9257 loop_last=0.5744 exact_margin=0.0000 softmin=0.000 upd_l=0.950 upd_h=0.950 fb_next=0.000 fb_corrupt=0.000 fb_conf=0.000 hagg_norm=0.000 hagg_raw=0.000 hagg_ent=0.000 hagg_maxw=0.000 hagg_clip=0.000 scratch_delta=0.000 scratch_gauss=0.0000
[train_checkpoint step=31075] path=/huyang2/double-loop/models/gdn-full-diversity-d224l12-expandv8-progressive-20260722/checkpoints/train_state_step031075.pt
[future_seed_loop stage=3:51-64] step=31100 ce=0.5134 total=0.6415 loop1=0.8885 loop_last=0.5134 exact_margin=0.0000 softmin=0.000 upd_l=0.950 upd_h=0.950 fb_next=0.000 fb_corrupt=0.000 fb_conf=0.000 hagg_norm=0.000 hagg_raw=0.000 hagg_ent=0.000 hagg_maxw=0.000 hagg_clip=0.000 scratch_delta=0.000 scratch_gauss=0.0000
[train_checkpoint step=31100] path=/huyang2/double-loop/models/gdn-full-diversity-d224l12-expandv8-progressive-20260722/checkpoints/train_state_step031100.pt
[future_seed_loop stage=3:51-64] step=31125 ce=0.5196 total=0.6367 loop1=0.8719 loop_last=0.5196 exact_margin=0.0000 softmin=0.000 upd_l=0.950 upd_h=0.950 fb_next=0.000 fb_corrupt=0.000 fb_conf=0.000 hagg_norm=0.000 hagg_raw=0.000 hagg_ent=0.000 hagg_maxw=0.000 hagg_clip=0.000 scratch_delta=0.000 scratch_gauss=0.0000
[train_checkpoint step=31125] path=/huyang2/double-loop/models/gdn-full-diversity-d224l12-expandv8-progressive-20260722/checkpoints/train_state_step031125.pt
[future_seed_loop stage=3:51-64] step=31150 ce=0.5675 total=0.6737 loop1=0.9028 loop_last=0.5675 exact_margin=0.0000 softmin=0.000 upd_l=0.950 upd_h=0.950 fb_next=0.000 fb_corrupt=0.000 fb_conf=0.000 hagg_norm=0.000 hagg_raw=0.000 hagg_ent=0.000 hagg_maxw=0.000 hagg_clip=0.000 scratch_delta=0.000 scratch_gauss=0.0000
[train_checkpoint step=31150] path=/huyang2/double-loop/models/gdn-full-diversity-d224l12-expandv8-progressive-20260722/checkpoints/train_state_step031150.pt
[future_seed_loop stage=3:51-64] step=31175 ce=0.4676 total=0.5898 loop1=0.8510 loop_last=0.4676 exact_margin=0.0000 softmin=0.000 upd_l=0.950 upd_h=0.950 fb_next=0.000 fb_corrupt=0.000 fb_conf=0.000 hagg_norm=0.000 hagg_raw=0.000 hagg_ent=0.000 hagg_maxw=0.000 hagg_clip=0.000 scratch_delta=0.000 scratch_gauss=0.0000
[train_checkpoint step=31175] path=/huyang2/double-loop/models/gdn-full-diversity-d224l12-expandv8-progressive-20260722/checkpoints/train_state_step031175.pt
[future_seed_loop stage=3:51-64] step=31200 ce=0.5270 total=0.6454 loop1=0.8838 loop_last=0.5270 exact_margin=0.0000 softmin=0.000 upd_l=0.950 upd_h=0.950 fb_next=0.000 fb_corrupt=0.000 fb_conf=0.000 hagg_norm=0.000 hagg_raw=0.000 hagg_ent=0.000 hagg_maxw=0.000 hagg_clip=0.000 scratch_delta=0.000 scratch_gauss=0.0000
[train_checkpoint step=31200] path=/huyang2/double-loop/models/gdn-full-diversity-d224l12-expandv8-progressive-20260722/checkpoints/train_state_step031200.pt
[future_seed_loop stage=3:51-64] step=31225 ce=0.4007 total=0.5393 loop1=0.8333 loop_last=0.4007 exact_margin=0.0000 softmin=0.000 upd_l=0.950 upd_h=0.950 fb_next=0.000 fb_corrupt=0.000 fb_conf=0.000 hagg_norm=0.000 hagg_raw=0.000 hagg_ent=0.000 hagg_maxw=0.000 hagg_clip=0.000 scratch_delta=0.000 scratch_gauss=0.0000
[train_checkpoint step=31225] path=/huyang2/double-loop/models/gdn-full-diversity-d224l12-expandv8-progressive-20260722/checkpoints/train_state_step031225.pt
[future_seed_loop stage=3:51-64] step=31250 ce=0.6155 total=0.7064 loop1=0.9003 loop_last=0.6155 exact_margin=0.0000 softmin=0.000 upd_l=0.950 upd_h=0.950 fb_next=0.000 fb_corrupt=0.000 fb_conf=0.000 hagg_norm=0.000 hagg_raw=0.000 hagg_ent=0.000 hagg_maxw=0.000 hagg_clip=0.000 scratch_delta=0.000 scratch_gauss=0.0000
[train_checkpoint step=31250] path=/huyang2/double-loop/models/gdn-full-diversity-d224l12-expandv8-progressive-20260722/checkpoints/train_state_step031250.pt
[future_seed_loop stage=3:51-64] step=31275 ce=0.4983 total=0.6440 loop1=0.8978 loop_last=0.4983 exact_margin=0.0000 softmin=0.000 upd_l=0.950 upd_h=0.950 fb_next=0.000 fb_corrupt=0.000 fb_conf=0.000 hagg_norm=0.000 hagg_raw=0.000 hagg_ent=0.000 hagg_maxw=0.000 hagg_clip=0.000 scratch_delta=0.000 scratch_gauss=0.0000
[train_checkpoint step=31275] path=/huyang2/double-loop/models/gdn-full-diversity-d224l12-expandv8-progressive-20260722/checkpoints/train_state_step031275.pt
[future_seed_loop stage=3:51-64] step=31300 ce=0.4979 total=0.6212 loop1=0.8684 loop_last=0.4979 exact_margin=0.0000 softmin=0.000 upd_l=0.950 upd_h=0.950 fb_next=0.000 fb_corrupt=0.000 fb_conf=0.000 hagg_norm=0.000 hagg_raw=0.000 hagg_ent=0.000 hagg_maxw=0.000 hagg_clip=0.000 scratch_delta=0.000 scratch_gauss=0.0000
[train_checkpoint step=31300] path=/huyang2/double-loop/models/gdn-full-diversity-d224l12-expandv8-progressive-20260722/checkpoints/train_state_step031300.pt
[future_seed_loop stage=3:51-64] step=31325 ce=0.4975 total=0.6110 loop1=0.8564 loop_last=0.4975 exact_margin=0.0000 softmin=0.000 upd_l=0.950 upd_h=0.950 fb_next=0.000 fb_corrupt=0.000 fb_conf=0.000 hagg_norm=0.000 hagg_raw=0.000 hagg_ent=0.000 hagg_maxw=0.000 hagg_clip=0.000 scratch_delta=0.000 scratch_gauss=0.0000
[train_checkpoint step=31325] path=/huyang2/double-loop/models/gdn-full-diversity-d224l12-expandv8-progressive-20260722/checkpoints/train_state_step031325.pt
[future_seed_loop stage=3:51-64] step=31350 ce=0.5153 total=0.6349 loop1=0.8839 loop_last=0.5153 exact_margin=0.0000 softmin=0.000 upd_l=0.950 upd_h=0.950 fb_next=0.000 fb_corrupt=0.000 fb_conf=0.000 hagg_norm=0.000 hagg_raw=0.000 hagg_ent=0.000 hagg_maxw=0.000 hagg_clip=0.000 scratch_delta=0.000 scratch_gauss=0.0000
[train_checkpoint step=31350] path=/huyang2/double-loop/models/gdn-full-diversity-d224l12-expandv8-progressive-20260722/checkpoints/train_state_step031350.pt
[future_seed_loop stage=3:51-64] step=31375 ce=0.5663 total=0.6739 loop1=0.9037 loop_last=0.5663 exact_margin=0.0000 softmin=0.000 upd_l=0.950 upd_h=0.950 fb_next=0.000 fb_corrupt=0.000 fb_conf=0.000 hagg_norm=0.000 hagg_raw=0.000 hagg_ent=0.000 hagg_maxw=0.000 hagg_clip=0.000 scratch_delta=0.000 scratch_gauss=0.0000
[train_checkpoint step=31375] path=/huyang2/double-loop/models/gdn-full-diversity-d224l12-expandv8-progressive-20260722/checkpoints/train_state_step031375.pt
[future_seed_loop stage=3:51-64] step=31400 ce=0.5717 total=0.6803 loop1=0.8999 loop_last=0.5717 exact_margin=0.0000 softmin=0.000 upd_l=0.950 upd_h=0.950 fb_next=0.000 fb_corrupt=0.000 fb_conf=0.000 hagg_norm=0.000 hagg_raw=0.000 hagg_ent=0.000 hagg_maxw=0.000 hagg_clip=0.000 scratch_delta=0.000 scratch_gauss=0.0000
[train_checkpoint step=31400] path=/huyang2/double-loop/models/gdn-full-diversity-d224l12-expandv8-progressive-20260722/checkpoints/train_state_step031400.pt
[future_seed_loop stage=3:51-64] step=31425 ce=0.5143 total=0.6285 loop1=0.8784 loop_last=0.5143 exact_margin=0.0000 softmin=0.000 upd_l=0.950 upd_h=0.950 fb_next=0.000 fb_corrupt=0.000 fb_conf=0.000 hagg_norm=0.000 hagg_raw=0.000 hagg_ent=0.000 hagg_maxw=0.000 hagg_clip=0.000 scratch_delta=0.000 scratch_gauss=0.0000
[train_checkpoint step=31425] path=/huyang2/double-loop/models/gdn-full-diversity-d224l12-expandv8-progressive-20260722/checkpoints/train_state_step031425.pt
[future_seed_loop stage=3:51-64] step=31450 ce=0.5824 total=0.6945 loop1=0.9239 loop_last=0.5824 exact_margin=0.0000 softmin=0.000 upd_l=0.950 upd_h=0.950 fb_next=0.000 fb_corrupt=0.000 fb_conf=0.000 hagg_norm=0.000 hagg_raw=0.000 hagg_ent=0.000 hagg_maxw=0.000 hagg_clip=0.000 scratch_delta=0.000 scratch_gauss=0.0000
[train_checkpoint step=31450] path=/huyang2/double-loop/models/gdn-full-diversity-d224l12-expandv8-progressive-20260722/checkpoints/train_state_step031450.pt
[future_seed_loop stage=3:51-64] step=31475 ce=0.6885 total=0.7658 loop1=0.9517 loop_last=0.6885 exact_margin=0.0000 softmin=0.000 upd_l=0.950 upd_h=0.950 fb_next=0.000 fb_corrupt=0.000 fb_conf=0.000 hagg_norm=0.000 hagg_raw=0.000 hagg_ent=0.000 hagg_maxw=0.000 hagg_clip=0.000 scratch_delta=0.000 scratch_gauss=0.0000
[train_checkpoint step=31475] path=/huyang2/double-loop/models/gdn-full-diversity-d224l12-expandv8-progressive-20260722/checkpoints/train_state_step031475.pt
