mode=full
run_dir=/huyang2/double-loop/.worktrees/pscale032-d256-formal-79fcd7d-20260712/runs/gdn-full-diversity-d256l12-resume6000-s8000-20260715T095300Z-79fcd7d
git_sha=79fcd7d09b038f64ae86045ae180ac7c1999f91c
git_dirty=0
device=cuda torch=2.7.0+cu126 board=9x9 box=3x3 mainline=future_seed_loop backbone=gdn rwkv_kernel=auto gdn_mode=triton_recurrent forward_dtype=bfloat16
checkpoint_eval steps=7000,8000 holes=53,60,64
resumed_train_checkpoint path=/huyang2/double-loop/models/gdn-full-diversity-d256l12-s8000-20260712T125118Z-79fcd7d/checkpoints/train_state_step006000.pt step=6000 reason=eval_checkpoint
[future_seed_loop stage=3:51-64] step=6100 ce=0.7514 total=0.8412 loop1=1.0250 loop_last=0.7514 exact_margin=0.0000 softmin=0.000 upd_l=0.950 upd_h=0.950 fb_next=0.000 fb_corrupt=0.000 fb_conf=0.000 hagg_norm=0.000 hagg_raw=0.000 hagg_ent=0.000 hagg_maxw=0.000 hagg_clip=0.000 scratch_delta=0.000 scratch_gauss=0.0000
[train_checkpoint step=6100] path=/huyang2/double-loop/models/gdn-full-diversity-d256l12-s8000-20260712T125118Z-79fcd7d/checkpoints/train_state_step006100.pt
[future_seed_loop stage=3:51-64] step=6200 ce=0.7606 total=0.8409 loop1=1.0324 loop_last=0.7606 exact_margin=0.0000 softmin=0.000 upd_l=0.950 upd_h=0.950 fb_next=0.000 fb_corrupt=0.000 fb_conf=0.000 hagg_norm=0.000 hagg_raw=0.000 hagg_ent=0.000 hagg_maxw=0.000 hagg_clip=0.000 scratch_delta=0.000 scratch_gauss=0.0000
[train_checkpoint step=6200] path=/huyang2/double-loop/models/gdn-full-diversity-d256l12-s8000-20260712T125118Z-79fcd7d/checkpoints/train_state_step006200.pt
[future_seed_loop stage=3:51-64] step=6300 ce=0.7105 total=0.7997 loop1=1.0069 loop_last=0.7105 exact_margin=0.0000 softmin=0.000 upd_l=0.950 upd_h=0.950 fb_next=0.000 fb_corrupt=0.000 fb_conf=0.000 hagg_norm=0.000 hagg_raw=0.000 hagg_ent=0.000 hagg_maxw=0.000 hagg_clip=0.000 scratch_delta=0.000 scratch_gauss=0.0000
[train_checkpoint step=6300] path=/huyang2/double-loop/models/gdn-full-diversity-d256l12-s8000-20260712T125118Z-79fcd7d/checkpoints/train_state_step006300.pt
[future_seed_loop stage=3:51-64] step=6400 ce=0.7747 total=0.8540 loop1=1.0292 loop_last=0.7747 exact_margin=0.0000 softmin=0.000 upd_l=0.950 upd_h=0.950 fb_next=0.000 fb_corrupt=0.000 fb_conf=0.000 hagg_norm=0.000 hagg_raw=0.000 hagg_ent=0.000 hagg_maxw=0.000 hagg_clip=0.000 scratch_delta=0.000 scratch_gauss=0.0000
[train_checkpoint step=6400] path=/huyang2/double-loop/models/gdn-full-diversity-d256l12-s8000-20260712T125118Z-79fcd7d/checkpoints/train_state_step006400.pt
[future_seed_loop stage=3:51-64] step=6500 ce=0.6719 total=0.7712 loop1=0.9997 loop_last=0.6719 exact_margin=0.0000 softmin=0.000 upd_l=0.950 upd_h=0.950 fb_next=0.000 fb_corrupt=0.000 fb_conf=0.000 hagg_norm=0.000 hagg_raw=0.000 hagg_ent=0.000 hagg_maxw=0.000 hagg_clip=0.000 scratch_delta=0.000 scratch_gauss=0.0000
[train_checkpoint step=6500] path=/huyang2/double-loop/models/gdn-full-diversity-d256l12-s8000-20260712T125118Z-79fcd7d/checkpoints/train_state_step006500.pt
[future_seed_loop stage=3:51-64] step=6600 ce=0.7505 total=0.8382 loop1=1.0334 loop_last=0.7505 exact_margin=0.0000 softmin=0.000 upd_l=0.950 upd_h=0.950 fb_next=0.000 fb_corrupt=0.000 fb_conf=0.000 hagg_norm=0.000 hagg_raw=0.000 hagg_ent=0.000 hagg_maxw=0.000 hagg_clip=0.000 scratch_delta=0.000 scratch_gauss=0.0000
[train_checkpoint step=6600] path=/huyang2/double-loop/models/gdn-full-diversity-d256l12-s8000-20260712T125118Z-79fcd7d/checkpoints/train_state_step006600.pt
[future_seed_loop stage=3:51-64] step=6700 ce=0.6685 total=0.7708 loop1=0.9955 loop_last=0.6685 exact_margin=0.0000 softmin=0.000 upd_l=0.950 upd_h=0.950 fb_next=0.000 fb_corrupt=0.000 fb_conf=0.000 hagg_norm=0.000 hagg_raw=0.000 hagg_ent=0.000 hagg_maxw=0.000 hagg_clip=0.000 scratch_delta=0.000 scratch_gauss=0.0000
[train_checkpoint step=6700] path=/huyang2/double-loop/models/gdn-full-diversity-d256l12-s8000-20260712T125118Z-79fcd7d/checkpoints/train_state_step006700.pt
[future_seed_loop stage=3:51-64] step=6800 ce=0.6713 total=0.7740 loop1=1.0087 loop_last=0.6713 exact_margin=0.0000 softmin=0.000 upd_l=0.950 upd_h=0.950 fb_next=0.000 fb_corrupt=0.000 fb_conf=0.000 hagg_norm=0.000 hagg_raw=0.000 hagg_ent=0.000 hagg_maxw=0.000 hagg_clip=0.000 scratch_delta=0.000 scratch_gauss=0.0000
[train_checkpoint step=6800] path=/huyang2/double-loop/models/gdn-full-diversity-d256l12-s8000-20260712T125118Z-79fcd7d/checkpoints/train_state_step006800.pt
[future_seed_loop stage=3:51-64] step=6900 ce=0.6932 total=0.7841 loop1=0.9923 loop_last=0.6932 exact_margin=0.0000 softmin=0.000 upd_l=0.950 upd_h=0.950 fb_next=0.000 fb_corrupt=0.000 fb_conf=0.000 hagg_norm=0.000 hagg_raw=0.000 hagg_ent=0.000 hagg_maxw=0.000 hagg_clip=0.000 scratch_delta=0.000 scratch_gauss=0.0000
[train_checkpoint step=6900] path=/huyang2/double-loop/models/gdn-full-diversity-d256l12-s8000-20260712T125118Z-79fcd7d/checkpoints/train_state_step006900.pt
[future_seed_loop stage=3:51-64] step=7000 ce=0.7533 total=0.8312 loop1=1.0254 loop_last=0.7533 exact_margin=0.0000 softmin=0.000 upd_l=0.950 upd_h=0.950 fb_next=0.000 fb_corrupt=0.000 fb_conf=0.000 hagg_norm=0.000 hagg_raw=0.000 hagg_ent=0.000 hagg_maxw=0.000 hagg_clip=0.000 scratch_delta=0.000 scratch_gauss=0.0000
[checkpoint_eval step=7000 holes53] loop5 exact=0.2344 blank=0.6538
[train_checkpoint step=7000] path=/huyang2/double-loop/models/gdn-full-diversity-d256l12-s8000-20260712T125118Z-79fcd7d/checkpoints/train_state_step007000.pt
[future_seed_loop stage=3:51-64] step=7100 ce=0.7512 total=0.8349 loop1=1.0211 loop_last=0.7512 exact_margin=0.0000 softmin=0.000 upd_l=0.950 upd_h=0.950 fb_next=0.000 fb_corrupt=0.000 fb_conf=0.000 hagg_norm=0.000 hagg_raw=0.000 hagg_ent=0.000 hagg_maxw=0.000 hagg_clip=0.000 scratch_delta=0.000 scratch_gauss=0.0000
[train_checkpoint step=7100] path=/huyang2/double-loop/models/gdn-full-diversity-d256l12-s8000-20260712T125118Z-79fcd7d/checkpoints/train_state_step007100.pt
[future_seed_loop stage=3:51-64] step=7200 ce=0.7222 total=0.8175 loop1=1.0295 loop_last=0.7222 exact_margin=0.0000 softmin=0.000 upd_l=0.950 upd_h=0.950 fb_next=0.000 fb_corrupt=0.000 fb_conf=0.000 hagg_norm=0.000 hagg_raw=0.000 hagg_ent=0.000 hagg_maxw=0.000 hagg_clip=0.000 scratch_delta=0.000 scratch_gauss=0.0000
[train_checkpoint step=7200] path=/huyang2/double-loop/models/gdn-full-diversity-d256l12-s8000-20260712T125118Z-79fcd7d/checkpoints/train_state_step007200.pt
[future_seed_loop stage=3:51-64] step=7300 ce=0.7398 total=0.8249 loop1=1.0167 loop_last=0.7398 exact_margin=0.0000 softmin=0.000 upd_l=0.950 upd_h=0.950 fb_next=0.000 fb_corrupt=0.000 fb_conf=0.000 hagg_norm=0.000 hagg_raw=0.000 hagg_ent=0.000 hagg_maxw=0.000 hagg_clip=0.000 scratch_delta=0.000 scratch_gauss=0.0000
[train_checkpoint step=7300] path=/huyang2/double-loop/models/gdn-full-diversity-d256l12-s8000-20260712T125118Z-79fcd7d/checkpoints/train_state_step007300.pt
[future_seed_loop stage=3:51-64] step=7400 ce=0.7170 total=0.8092 loop1=1.0176 loop_last=0.7170 exact_margin=0.0000 softmin=0.000 upd_l=0.950 upd_h=0.950 fb_next=0.000 fb_corrupt=0.000 fb_conf=0.000 hagg_norm=0.000 hagg_raw=0.000 hagg_ent=0.000 hagg_maxw=0.000 hagg_clip=0.000 scratch_delta=0.000 scratch_gauss=0.0000
[train_checkpoint step=7400] path=/huyang2/double-loop/models/gdn-full-diversity-d256l12-s8000-20260712T125118Z-79fcd7d/checkpoints/train_state_step007400.pt
[future_seed_loop stage=3:51-64] step=7500 ce=0.7199 total=0.8056 loop1=1.0005 loop_last=0.7199 exact_margin=0.0000 softmin=0.000 upd_l=0.950 upd_h=0.950 fb_next=0.000 fb_corrupt=0.000 fb_conf=0.000 hagg_norm=0.000 hagg_raw=0.000 hagg_ent=0.000 hagg_maxw=0.000 hagg_clip=0.000 scratch_delta=0.000 scratch_gauss=0.0000
[train_checkpoint step=7500] path=/huyang2/double-loop/models/gdn-full-diversity-d256l12-s8000-20260712T125118Z-79fcd7d/checkpoints/train_state_step007500.pt
[future_seed_loop stage=3:51-64] step=7600 ce=0.7499 total=0.8342 loop1=1.0244 loop_last=0.7499 exact_margin=0.0000 softmin=0.000 upd_l=0.950 upd_h=0.950 fb_next=0.000 fb_corrupt=0.000 fb_conf=0.000 hagg_norm=0.000 hagg_raw=0.000 hagg_ent=0.000 hagg_maxw=0.000 hagg_clip=0.000 scratch_delta=0.000 scratch_gauss=0.0000
[train_checkpoint step=7600] path=/huyang2/double-loop/models/gdn-full-diversity-d256l12-s8000-20260712T125118Z-79fcd7d/checkpoints/train_state_step007600.pt
[future_seed_loop stage=3:51-64] step=7700 ce=0.7185 total=0.8089 loop1=1.0025 loop_last=0.7185 exact_margin=0.0000 softmin=0.000 upd_l=0.950 upd_h=0.950 fb_next=0.000 fb_corrupt=0.000 fb_conf=0.000 hagg_norm=0.000 hagg_raw=0.000 hagg_ent=0.000 hagg_maxw=0.000 hagg_clip=0.000 scratch_delta=0.000 scratch_gauss=0.0000
[train_checkpoint step=7700] path=/huyang2/double-loop/models/gdn-full-diversity-d256l12-s8000-20260712T125118Z-79fcd7d/checkpoints/train_state_step007700.pt
[future_seed_loop stage=3:51-64] step=7800 ce=0.7143 total=0.7992 loop1=1.0077 loop_last=0.7143 exact_margin=0.0000 softmin=0.000 upd_l=0.950 upd_h=0.950 fb_next=0.000 fb_corrupt=0.000 fb_conf=0.000 hagg_norm=0.000 hagg_raw=0.000 hagg_ent=0.000 hagg_maxw=0.000 hagg_clip=0.000 scratch_delta=0.000 scratch_gauss=0.0000
[train_checkpoint step=7800] path=/huyang2/double-loop/models/gdn-full-diversity-d256l12-s8000-20260712T125118Z-79fcd7d/checkpoints/train_state_step007800.pt
[future_seed_loop stage=3:51-64] step=7900 ce=0.7550 total=0.8334 loop1=1.0300 loop_last=0.7550 exact_margin=0.0000 softmin=0.000 upd_l=0.950 upd_h=0.950 fb_next=0.000 fb_corrupt=0.000 fb_conf=0.000 hagg_norm=0.000 hagg_raw=0.000 hagg_ent=0.000 hagg_maxw=0.000 hagg_clip=0.000 scratch_delta=0.000 scratch_gauss=0.0000
[train_checkpoint step=7900] path=/huyang2/double-loop/models/gdn-full-diversity-d256l12-s8000-20260712T125118Z-79fcd7d/checkpoints/train_state_step007900.pt
[future_seed_loop stage=3:51-64] step=8000 ce=0.7586 total=0.8434 loop1=1.0296 loop_last=0.7586 exact_margin=0.0000 softmin=0.000 upd_l=0.950 upd_h=0.950 fb_next=0.000 fb_corrupt=0.000 fb_conf=0.000 hagg_norm=0.000 hagg_raw=0.000 hagg_ent=0.000 hagg_maxw=0.000 hagg_clip=0.000 scratch_delta=0.000 scratch_gauss=0.0000
[checkpoint_eval step=8000 holes53] loop5 exact=0.2461 blank=0.6823
[train_checkpoint step=8000] path=/huyang2/double-loop/models/gdn-full-diversity-d256l12-s8000-20260712T125118Z-79fcd7d/checkpoints/train_state_step008000.pt

full-board metrics
loop=1 exact=0.0234, valid=0.0234, solved=0.0234, blank_acc=0.5402, early=0.5408, late=0.5418, early_late_gap=-0.0010
        fs_gate=0.436, fs_update=1.000, fs_state_norm=13.962, fs_decay=0.00, fs_raw_rms=0.322, fs_raw_rms_std=0.036, fs_norm_gain=1.000, fs_norm_gain_std=0.000, fb_in=0.000, fb_next=0.000, loop_time=0.000, upd_l=0.950, upd_h=0.950, scratch_gate=0.000, scratch_decay=0.000, scratch_delta=0.000, scratch_resid=0.000
loop=2 exact=0.0254, valid=0.0254, solved=0.0254, blank_acc=0.6219, early=0.6139, late=0.6235, early_late_gap=-0.0097
        fs_gate=0.436, fs_update=1.000, fs_state_norm=13.962, fs_decay=0.00, fs_raw_rms=0.299, fs_raw_rms_std=0.038, fs_norm_gain=1.000, fs_norm_gain_std=0.000, fb_in=0.000, fb_next=0.000, loop_time=0.000, upd_l=0.950, upd_h=0.950, scratch_gate=0.000, scratch_decay=0.000, scratch_delta=0.000, scratch_resid=0.000
loop=3 exact=0.1426, valid=0.1426, solved=0.1426, blank_acc=0.6663, early=0.6630, late=0.6651, early_late_gap=-0.0021
        fs_gate=0.436, fs_update=1.000, fs_state_norm=13.962, fs_decay=0.00, fs_raw_rms=0.316, fs_raw_rms_std=0.045, fs_norm_gain=1.000, fs_norm_gain_std=0.000, fb_in=0.000, fb_next=0.000, loop_time=0.000, upd_l=0.950, upd_h=0.950, scratch_gate=0.000, scratch_decay=0.000, scratch_delta=0.000, scratch_resid=0.000
loop=4 exact=0.2441, valid=0.2441, solved=0.2441, blank_acc=0.6802, early=0.6778, late=0.6788, early_late_gap=-0.0011
        fs_gate=0.436, fs_update=1.000, fs_state_norm=13.962, fs_decay=0.00, fs_raw_rms=0.340, fs_raw_rms_std=0.067, fs_norm_gain=1.000, fs_norm_gain_std=0.000, fb_in=0.000, fb_next=0.000, loop_time=0.000, upd_l=0.950, upd_h=0.950, scratch_gate=0.000, scratch_decay=0.000, scratch_delta=0.000, scratch_resid=0.000
loop=5 exact=0.2539, valid=0.2539, solved=0.2539, blank_acc=0.6821, early=0.6793, late=0.6811, early_late_gap=-0.0019
        fs_gate=0.436, fs_update=1.000, fs_state_norm=13.962, fs_decay=0.00, fs_raw_rms=0.348, fs_raw_rms_std=0.075, fs_norm_gain=1.000, fs_norm_gain_std=0.000, fb_in=0.000, fb_next=0.000, loop_time=0.000, upd_l=0.950, upd_h=0.950, scratch_gate=0.000, scratch_decay=0.000, scratch_delta=0.000, scratch_resid=0.000

official sudoku eval split=test eval_n=512 seed=1051

official blank-range metrics
b46_50 blanks=46-50 n=512 exact=1.0000, valid=1.0000, solved=1.0000, blank_acc=1.0000, early=1.0000, late=1.0000, early_late_gap=+0.0000
b51_55 blanks=51-55 n=512 exact=0.4219, valid=0.4219, solved=0.4219, blank_acc=0.7773, early=0.7732, late=0.7783, early_late_gap=-0.0052
b56_64 blanks=56-64 n=512 exact=0.1562, valid=0.1562, solved=0.1562, blank_acc=0.6115, early=0.6123, late=0.6101, early_late_gap=+0.0021

case-bank artifacts
official_b46_50 exact=1.0000 blank_acc=1.0000 selected={'solved_by_loop': 4, 'almost_solved': 0, 'hard_failure': 0}
  index=/huyang2/double-loop/.worktrees/pscale032-d256-formal-79fcd7d-20260712/runs/gdn-full-diversity-d256l12-resume6000-s8000-20260715T095300Z-79fcd7d/output/case_bank/official_b46_50/index.html
  cases=/huyang2/double-loop/.worktrees/pscale032-d256-formal-79fcd7d-20260712/runs/gdn-full-diversity-d256l12-resume6000-s8000-20260715T095300Z-79fcd7d/output/case_bank/official_b46_50/cases.json
official_b51_55 exact=0.4336 blank_acc=0.7981 selected={'solved_by_loop': 4, 'almost_solved': 4, 'hard_failure': 4}
  index=/huyang2/double-loop/.worktrees/pscale032-d256-formal-79fcd7d-20260712/runs/gdn-full-diversity-d256l12-resume6000-s8000-20260715T095300Z-79fcd7d/output/case_bank/official_b51_55/index.html
  cases=/huyang2/double-loop/.worktrees/pscale032-d256-formal-79fcd7d-20260712/runs/gdn-full-diversity-d256l12-resume6000-s8000-20260715T095300Z-79fcd7d/output/case_bank/official_b51_55/cases.json
official_b56_64 exact=0.1328 blank_acc=0.6210 selected={'solved_by_loop': 4, 'almost_solved': 4, 'hard_failure': 4}
  index=/huyang2/double-loop/.worktrees/pscale032-d256-formal-79fcd7d-20260712/runs/gdn-full-diversity-d256l12-resume6000-s8000-20260715T095300Z-79fcd7d/output/case_bank/official_b56_64/index.html
  cases=/huyang2/double-loop/.worktrees/pscale032-d256-formal-79fcd7d-20260712/runs/gdn-full-diversity-d256l12-resume6000-s8000-20260715T095300Z-79fcd7d/output/case_bank/official_b56_64/cases.json
Depth loop adds useful full-board refinement.
wrote /huyang2/double-loop/.worktrees/pscale032-d256-formal-79fcd7d-20260712/runs/gdn-full-diversity-d256l12-resume6000-s8000-20260715T095300Z-79fcd7d/output/futureseed_loop_seed52.json
wrote /huyang2/double-loop/.worktrees/pscale032-d256-formal-79fcd7d-20260712/runs/gdn-full-diversity-d256l12-resume6000-s8000-20260715T095300Z-79fcd7d/output/futureseed_loop_seed52.md
wrote /huyang2/double-loop/.worktrees/pscale032-d256-formal-79fcd7d-20260712/runs/gdn-full-diversity-d256l12-resume6000-s8000-20260715T095300Z-79fcd7d/output/futureseed_loop_case_seed52.html
