mode=full
run_dir=/huyang2/double-loop/.worktrees/gdn-transition-depthscale-d224l16-s4000-20260704T0841Z-74096fb/runs/gdn-transition-depthscale-d224l16-s1000-restart1-20260704T0924Z-74096fb
git_sha=74096fb5e2ea299ea09fef71e0e8f2e36f5a9384
git_dirty=0
device=cuda torch=2.7.0+cu126 board=9x9 box=3x3 mainline=future_seed_loop backbone=gdn rwkv_kernel=auto gdn_mode=triton_recurrent forward_dtype=float32
checkpoint_eval steps=500,1000 holes=53,60,64
[future_seed_loop stage=1:46-50] step=0100 ce=1.8350 total=1.8349 loop1=1.8347 loop_last=1.8350 exact_margin=0.0000 softmin=0.000 upd_l=0.950 upd_h=0.950 fb_next=0.000 fb_corrupt=0.000 fb_conf=0.000 scratch_delta=0.000 scratch_gauss=0.0000
[train_checkpoint step=0100] path=/huyang2/double-loop/.worktrees/gdn-transition-depthscale-d224l16-s4000-20260704T0841Z-74096fb/runs/gdn-transition-depthscale-d224l16-s1000-restart1-20260704T0924Z-74096fb/checkpoints/train_state_step000100.pt
[future_seed_loop stage=2:51-55] step=0200 ce=1.7421 total=1.7421 loop1=1.7429 loop_last=1.7421 exact_margin=0.0000 softmin=0.000 upd_l=0.950 upd_h=0.950 fb_next=0.000 fb_corrupt=0.000 fb_conf=0.000 scratch_delta=0.000 scratch_gauss=0.0000
[train_checkpoint step=0200] path=/huyang2/double-loop/.worktrees/gdn-transition-depthscale-d224l16-s4000-20260704T0841Z-74096fb/runs/gdn-transition-depthscale-d224l16-s1000-restart1-20260704T0924Z-74096fb/checkpoints/train_state_step000200.pt
[future_seed_loop stage=2:51-55] step=0300 ce=1.4064 total=1.4079 loop1=1.4138 loop_last=1.4064 exact_margin=0.0000 softmin=0.000 upd_l=0.950 upd_h=0.950 fb_next=0.000 fb_corrupt=0.000 fb_conf=0.000 scratch_delta=0.000 scratch_gauss=0.0000
[train_checkpoint step=0300] path=/huyang2/double-loop/.worktrees/gdn-transition-depthscale-d224l16-s4000-20260704T0841Z-74096fb/runs/gdn-transition-depthscale-d224l16-s1000-restart1-20260704T0924Z-74096fb/checkpoints/train_state_step000300.pt
[future_seed_loop stage=2:51-55] step=0400 ce=1.2457 total=1.2482 loop1=1.2579 loop_last=1.2457 exact_margin=0.0000 softmin=0.000 upd_l=0.950 upd_h=0.950 fb_next=0.000 fb_corrupt=0.000 fb_conf=0.000 scratch_delta=0.000 scratch_gauss=0.0000
[train_checkpoint step=0400] path=/huyang2/double-loop/.worktrees/gdn-transition-depthscale-d224l16-s4000-20260704T0841Z-74096fb/runs/gdn-transition-depthscale-d224l16-s1000-restart1-20260704T0924Z-74096fb/checkpoints/train_state_step000400.pt
[future_seed_loop stage=2:51-55] step=0500 ce=1.1584 total=1.1623 loop1=1.1767 loop_last=1.1584 exact_margin=0.0000 softmin=0.000 upd_l=0.950 upd_h=0.950 fb_next=0.000 fb_corrupt=0.000 fb_conf=0.000 scratch_delta=0.000 scratch_gauss=0.0000
[checkpoint_eval step=0500 holes60] loop5 exact=0.0000 blank=0.4589
[train_checkpoint step=0500] path=/huyang2/double-loop/.worktrees/gdn-transition-depthscale-d224l16-s4000-20260704T0841Z-74096fb/runs/gdn-transition-depthscale-d224l16-s1000-restart1-20260704T0924Z-74096fb/checkpoints/train_state_step000500.pt
[future_seed_loop stage=2:51-55] step=0600 ce=1.0464 total=1.0525 loop1=1.0745 loop_last=1.0464 exact_margin=0.0000 softmin=0.000 upd_l=0.950 upd_h=0.950 fb_next=0.000 fb_corrupt=0.000 fb_conf=0.000 scratch_delta=0.000 scratch_gauss=0.0000
[train_checkpoint step=0600] path=/huyang2/double-loop/.worktrees/gdn-transition-depthscale-d224l16-s4000-20260704T0841Z-74096fb/runs/gdn-transition-depthscale-d224l16-s1000-restart1-20260704T0924Z-74096fb/checkpoints/train_state_step000600.pt
[future_seed_loop stage=2:51-55] step=0700 ce=1.0348 total=1.0413 loop1=1.0662 loop_last=1.0348 exact_margin=0.0000 softmin=0.000 upd_l=0.950 upd_h=0.950 fb_next=0.000 fb_corrupt=0.000 fb_conf=0.000 scratch_delta=0.000 scratch_gauss=0.0000
[train_checkpoint step=0700] path=/huyang2/double-loop/.worktrees/gdn-transition-depthscale-d224l16-s4000-20260704T0841Z-74096fb/runs/gdn-transition-depthscale-d224l16-s1000-restart1-20260704T0924Z-74096fb/checkpoints/train_state_step000700.pt
[future_seed_loop stage=2:51-55] step=0800 ce=1.0046 total=1.0134 loop1=1.0455 loop_last=1.0046 exact_margin=0.0000 softmin=0.000 upd_l=0.950 upd_h=0.950 fb_next=0.000 fb_corrupt=0.000 fb_conf=0.000 scratch_delta=0.000 scratch_gauss=0.0000
[train_checkpoint step=0800] path=/huyang2/double-loop/.worktrees/gdn-transition-depthscale-d224l16-s4000-20260704T0841Z-74096fb/runs/gdn-transition-depthscale-d224l16-s1000-restart1-20260704T0924Z-74096fb/checkpoints/train_state_step000800.pt
[future_seed_loop stage=2:51-55] step=0900 ce=0.9993 total=1.0086 loop1=1.0421 loop_last=0.9993 exact_margin=0.0000 softmin=0.000 upd_l=0.950 upd_h=0.950 fb_next=0.000 fb_corrupt=0.000 fb_conf=0.000 scratch_delta=0.000 scratch_gauss=0.0000
[train_checkpoint step=0900] path=/huyang2/double-loop/.worktrees/gdn-transition-depthscale-d224l16-s4000-20260704T0841Z-74096fb/runs/gdn-transition-depthscale-d224l16-s1000-restart1-20260704T0924Z-74096fb/checkpoints/train_state_step000900.pt
[future_seed_loop stage=2:51-55] step=1000 ce=0.9999 total=1.0100 loop1=1.0459 loop_last=0.9999 exact_margin=0.0000 softmin=0.000 upd_l=0.950 upd_h=0.950 fb_next=0.000 fb_corrupt=0.000 fb_conf=0.000 scratch_delta=0.000 scratch_gauss=0.0000
[checkpoint_eval step=1000 holes60] loop5 exact=0.0215 blank=0.5174
[train_checkpoint step=1000] path=/huyang2/double-loop/.worktrees/gdn-transition-depthscale-d224l16-s4000-20260704T0841Z-74096fb/runs/gdn-transition-depthscale-d224l16-s1000-restart1-20260704T0924Z-74096fb/checkpoints/train_state_step001000.pt

full-board metrics
loop=1 exact=0.0195, valid=0.0195, solved=0.0195, blank_acc=0.4986, early=0.5003, late=0.4952, early_late_gap=+0.0051
        fs_gate=0.488, fs_update=1.000, fs_state_norm=15.608, fs_decay=0.00, fb_in=0.000, fb_next=0.000, loop_time=0.000, upd_l=0.950, upd_h=0.950, scratch_gate=0.000, scratch_decay=0.000, scratch_delta=0.000, scratch_resid=0.000
loop=2 exact=0.0234, valid=0.0234, solved=0.0234, blank_acc=0.5172, early=0.5210, late=0.5075, early_late_gap=+0.0135
        fs_gate=0.488, fs_update=1.000, fs_state_norm=15.607, fs_decay=0.00, fb_in=0.000, fb_next=0.000, loop_time=0.000, upd_l=0.950, upd_h=0.950, scratch_gate=0.000, scratch_decay=0.000, scratch_delta=0.000, scratch_resid=0.000
loop=3 exact=0.0234, valid=0.0234, solved=0.0234, blank_acc=0.5195, early=0.5235, late=0.5108, early_late_gap=+0.0128
        fs_gate=0.488, fs_update=1.000, fs_state_norm=15.607, fs_decay=0.00, fb_in=0.000, fb_next=0.000, loop_time=0.000, upd_l=0.950, upd_h=0.950, scratch_gate=0.000, scratch_decay=0.000, scratch_delta=0.000, scratch_resid=0.000
loop=4 exact=0.0234, valid=0.0234, solved=0.0234, blank_acc=0.5195, early=0.5238, late=0.5108, early_late_gap=+0.0131
        fs_gate=0.488, fs_update=1.000, fs_state_norm=15.607, fs_decay=0.00, fb_in=0.000, fb_next=0.000, loop_time=0.000, upd_l=0.950, upd_h=0.950, scratch_gate=0.000, scratch_decay=0.000, scratch_delta=0.000, scratch_resid=0.000
loop=5 exact=0.0234, valid=0.0234, solved=0.0234, blank_acc=0.5192, early=0.5235, late=0.5109, early_late_gap=+0.0127
        fs_gate=0.488, fs_update=1.000, fs_state_norm=15.607, fs_decay=0.00, fb_in=0.000, fb_next=0.000, loop_time=0.000, upd_l=0.950, upd_h=0.950, scratch_gate=0.000, scratch_decay=0.000, scratch_delta=0.000, scratch_resid=0.000

official sudoku eval split=test eval_n=512 seed=1051

official blank-range metrics
b46_50 blanks=46-50 n=512 exact=0.9922, valid=0.9922, solved=0.9922, blank_acc=0.9995, early=0.9993, late=0.9996, early_late_gap=-0.0004
b51_55 blanks=51-55 n=512 exact=0.0000, valid=0.0000, solved=0.0000, blank_acc=0.5445, early=0.5455, late=0.5389, early_late_gap=+0.0066
b56_64 blanks=56-64 n=512 exact=0.0000, valid=0.0000, solved=0.0000, blank_acc=0.4836, early=0.4848, late=0.4705, early_late_gap=+0.0143

case-bank artifacts
official_b46_50 exact=0.9766 blank_acc=0.9990 selected={'solved_by_loop': 4, 'almost_solved': 4, 'hard_failure': 0}
  index=/huyang2/double-loop/.worktrees/gdn-transition-depthscale-d224l16-s4000-20260704T0841Z-74096fb/runs/gdn-transition-depthscale-d224l16-s1000-restart1-20260704T0924Z-74096fb/output/case_bank/official_b46_50/index.html
  cases=/huyang2/double-loop/.worktrees/gdn-transition-depthscale-d224l16-s4000-20260704T0841Z-74096fb/runs/gdn-transition-depthscale-d224l16-s1000-restart1-20260704T0924Z-74096fb/output/case_bank/official_b46_50/cases.json
official_b51_55 exact=0.0000 blank_acc=0.5354 selected={'solved_by_loop': 0, 'almost_solved': 0, 'hard_failure': 4}
  index=/huyang2/double-loop/.worktrees/gdn-transition-depthscale-d224l16-s4000-20260704T0841Z-74096fb/runs/gdn-transition-depthscale-d224l16-s1000-restart1-20260704T0924Z-74096fb/output/case_bank/official_b51_55/index.html
  cases=/huyang2/double-loop/.worktrees/gdn-transition-depthscale-d224l16-s4000-20260704T0841Z-74096fb/runs/gdn-transition-depthscale-d224l16-s1000-restart1-20260704T0924Z-74096fb/output/case_bank/official_b51_55/cases.json
official_b56_64 exact=0.0000 blank_acc=0.4870 selected={'solved_by_loop': 0, 'almost_solved': 0, 'hard_failure': 4}
  index=/huyang2/double-loop/.worktrees/gdn-transition-depthscale-d224l16-s4000-20260704T0841Z-74096fb/runs/gdn-transition-depthscale-d224l16-s1000-restart1-20260704T0924Z-74096fb/output/case_bank/official_b56_64/index.html
  cases=/huyang2/double-loop/.worktrees/gdn-transition-depthscale-d224l16-s4000-20260704T0841Z-74096fb/runs/gdn-transition-depthscale-d224l16-s1000-restart1-20260704T0924Z-74096fb/output/case_bank/official_b56_64/cases.json
Depth loop adds useful full-board refinement.
wrote /huyang2/double-loop/.worktrees/gdn-transition-depthscale-d224l16-s4000-20260704T0841Z-74096fb/runs/gdn-transition-depthscale-d224l16-s1000-restart1-20260704T0924Z-74096fb/output/futureseed_loop_seed52.json
wrote /huyang2/double-loop/.worktrees/gdn-transition-depthscale-d224l16-s4000-20260704T0841Z-74096fb/runs/gdn-transition-depthscale-d224l16-s1000-restart1-20260704T0924Z-74096fb/output/futureseed_loop_seed52.md
wrote /huyang2/double-loop/.worktrees/gdn-transition-depthscale-d224l16-s4000-20260704T0841Z-74096fb/runs/gdn-transition-depthscale-d224l16-s1000-restart1-20260704T0924Z-74096fb/output/futureseed_loop_case_seed52.html
