launch_utc=2026-06-15T20:53:41Z
run_name=d320-mb48eff96-h120-s13600-20260615T205559Z-785f3cd
worktree=/huyang2/double-loop/.worktrees/d320-mb48eff96-h120-s13600-20260615T205559Z-785f3cd
source_sha=785f3cdca74aab1f6e9d6a4cc252a17e3aa63731
resume_checkpoint=/huyang2/double-loop/.worktrees/d320-effb72-h120-s12800-20260615T1703Z-785f3cd/runs/d320-effb72-h120-resume10000-s12800-20260615T1801Z-785f3cd/checkpoints/latest.pt
experiment=packing-scale D320 h120 continuation, microbatch48 x grad_accum2 effective_batch96
mode=full
run_dir=/huyang2/double-loop/.worktrees/d320-mb48eff96-h120-s13600-20260615T205559Z-785f3cd/runs/d320-mb48eff96-h120-s13600-20260615T205559Z-785f3cd
git_sha=785f3cdca74aab1f6e9d6a4cc252a17e3aa63731
git_dirty=0
device=cuda torch=2.7.0+cu126 board=12x12 box=3x4 mainline=future_seed_loop rwkv_kernel=statepassing forward_dtype=bfloat16
checkpoint_eval steps=13200,13600 holes=96,108,120,132
resumed_train_checkpoint path=/huyang2/double-loop/.worktrees/d320-effb72-h120-s12800-20260615T1703Z-785f3cd/runs/d320-effb72-h120-resume10000-s12800-20260615T1801Z-785f3cd/checkpoints/latest.pt step=12800 reason=eval_checkpoint
Traceback (most recent call last):
  File "/huyang2/double-loop/.worktrees/d320-mb48eff96-h120-s13600-20260615T205559Z-785f3cd/experiments/rwkv_fs_sudoku/study_rwkv_futureseed_loop.py", line 2887, in <module>
    run(parse_args())
  File "/huyang2/double-loop/.worktrees/d320-mb48eff96-h120-s13600-20260615T205559Z-785f3cd/experiments/rwkv_fs_sudoku/study_rwkv_futureseed_loop.py", line 2590, in run
    model, train_stats = train_model(args, device=device)
  File "/huyang2/double-loop/.worktrees/d320-mb48eff96-h120-s13600-20260615T205559Z-785f3cd/experiments/rwkv_fs_sudoku/study_rwkv_futureseed_loop.py", line 1355, in train_model
    loop_logits, _fs_trace = model.forward_trace(
  File "/huyang2/double-loop/.worktrees/d320-mb48eff96-h120-s13600-20260615T205559Z-785f3cd/experiments/rwkv_fs_sudoku/study_rwkv_futureseed_loop.py", line 1026, in forward_trace
    z_l, _diag, l_seed_memory = self.depth_update(
  File "/huyang2/double-loop/.worktrees/d320-mb48eff96-h120-s13600-20260615T205559Z-785f3cd/experiments/rwkv_fs_sudoku/study_rwkv_futureseed_loop.py", line 976, in depth_update
    updated, diag, next_seed_memory = self.reasoner(hidden + injection, seed_memory=seed_memory)
  File "/opt/conda/lib/python3.10/site-packages/torch/nn/modules/module.py", line 1751, in _wrapped_call_impl
    return self._call_impl(*args, **kwargs)
  File "/opt/conda/lib/python3.10/site-packages/torch/nn/modules/module.py", line 1762, in _call_impl
    return forward_call(*args, **kwargs)
  File "/huyang2/double-loop/.worktrees/d320-mb48eff96-h120-s13600-20260615T205559Z-785f3cd/experiments/rwkv_fs_sudoku/study_rwkv_futureseed_loop.py", line 624, in forward
    x, previous_state = block(x, initial_state=initial_state)
  File "/opt/conda/lib/python3.10/site-packages/torch/nn/modules/module.py", line 1751, in _wrapped_call_impl
    return self._call_impl(*args, **kwargs)
  File "/opt/conda/lib/python3.10/site-packages/torch/nn/modules/module.py", line 1762, in _call_impl
    return forward_call(*args, **kwargs)
  File "/huyang2/double-loop/.worktrees/d320-mb48eff96-h120-s13600-20260615T205559Z-785f3cd/experiments/rwkv_fs_sudoku/study_rwkv_futureseed_loop.py", line 485, in forward
    time_out, terminal_state = self.time_mix(self.ln_time(x), initial_state=initial_state)
  File "/opt/conda/lib/python3.10/site-packages/torch/nn/modules/module.py", line 1751, in _wrapped_call_impl
    return self._call_impl(*args, **kwargs)
  File "/opt/conda/lib/python3.10/site-packages/torch/nn/modules/module.py", line 1762, in _call_impl
    return forward_call(*args, **kwargs)
  File "/huyang2/double-loop/.worktrees/d320-mb48eff96-h120-s13600-20260615T205559Z-785f3cd/experiments/rwkv_fs_sudoku/study_rwkv_futureseed_loop.py", line 251, in forward
    y, terminal_state = self._forward_statepassing(
  File "/huyang2/double-loop/.worktrees/d320-mb48eff96-h120-s13600-20260615T205559Z-785f3cd/experiments/rwkv_fs_sudoku/study_rwkv_futureseed_loop.py", line 402, in _forward_statepassing
    y_bf16, terminal_state = StatePassingRWKV7.apply(s0, r_bf16, w_bf16, k_bf16, v_bf16, a_bf16, b_bf16)
  File "/huyang2/double-loop/.worktrees/d320-mb48eff96-h120-s13600-20260615T205559Z-785f3cd/experiments/rwkv_fs_sudoku/rwkv7_cuda/statepassing.py", line 132, in apply
    return _StatePassingRWKV7Fn.apply(s0, r, w, k, v, a, b)
  File "/opt/conda/lib/python3.10/site-packages/torch/autograd/function.py", line 575, in apply
    return super().apply(*args, **kwargs)  # type: ignore[misc]
  File "/huyang2/double-loop/.worktrees/d320-mb48eff96-h120-s13600-20260615T205559Z-785f3cd/experiments/rwkv_fs_sudoku/rwkv7_cuda/statepassing.py", line 82, in forward
    _load_statepassing(head_dim)
  File "/huyang2/double-loop/.worktrees/d320-mb48eff96-h120-s13600-20260615T205559Z-785f3cd/experiments/rwkv_fs_sudoku/rwkv7_cuda/statepassing.py", line 57, in _load_statepassing
    load(
  File "/opt/conda/lib/python3.10/site-packages/torch/utils/cpp_extension.py", line 1623, in load
    return _jit_compile(
  File "/opt/conda/lib/python3.10/site-packages/torch/utils/cpp_extension.py", line 2076, in _jit_compile
    _write_ninja_file_and_build_library(
  File "/opt/conda/lib/python3.10/site-packages/torch/utils/cpp_extension.py", line 2180, in _write_ninja_file_and_build_library
    verify_ninja_availability()
  File "/opt/conda/lib/python3.10/site-packages/torch/utils/cpp_extension.py", line 2241, in verify_ninja_availability
    raise RuntimeError("Ninja is required to load C++ extensions")
RuntimeError: Ninja is required to load C++ extensions
