mode=full
run_dir=/huyang2/double-loop/.worktrees/d320-mb48eff96-h120-delayed-s23600-20260616T0800Z-aa1a7b7/runs/d320-mb48eff96-h120-delayed-s23600-20260616T0800Z-aa1a7b7
git_sha=aa1a7b75b0844350849de887160044cdeaf677d8
git_dirty=0
device=cuda torch=2.7.0+cu126 board=12x12 box=3x4 mainline=future_seed_loop rwkv_kernel=statepassing forward_dtype=bfloat16
checkpoint_eval steps=23100,23600 holes=96,108,120,132
resumed_train_checkpoint path=/huyang2/double-loop/.worktrees/d320-mb48eff96-h120-s22600-20260616T0550Z-1adbda1/runs/d320-mb48eff96-h120-s22600-20260616T0550Z-1adbda1/checkpoints/latest.pt step=22600 reason=eval_checkpoint
/opt/conda/lib/python3.10/site-packages/torch/utils/cpp_extension.py:2356: UserWarning: TORCH_CUDA_ARCH_LIST is not set, all archs for visible cards are included for compilation. 
If this is not desired, please set os.environ['TORCH_CUDA_ARCH_LIST'].
  warnings.warn(
[future_seed_loop stage=7:108-120] step=22700 ce=0.1671 total=0.1674 loop1=1.0615 loop_last=0.1671 scratch_delta=0.000 scratch_gauss=0.0000
[future_seed_loop stage=7:108-120] step=22800 ce=0.0971 total=0.0978 loop1=1.0612 loop_last=0.0971 scratch_delta=0.000 scratch_gauss=0.0000
[train_checkpoint step=22800] path=/huyang2/double-loop/.worktrees/d320-mb48eff96-h120-delayed-s23600-20260616T0800Z-aa1a7b7/runs/d320-mb48eff96-h120-delayed-s23600-20260616T0800Z-aa1a7b7/checkpoints/train_state_step022800.pt
[future_seed_loop stage=7:108-120] step=22900 ce=0.1772 total=0.1777 loop1=1.2533 loop_last=0.1772 scratch_delta=0.000 scratch_gauss=0.0000
[future_seed_loop stage=7:108-120] step=23000 ce=0.1389 total=0.1392 loop1=1.2233 loop_last=0.1389 scratch_delta=0.000 scratch_gauss=0.0000
[train_checkpoint step=23000] path=/huyang2/double-loop/.worktrees/d320-mb48eff96-h120-delayed-s23600-20260616T0800Z-aa1a7b7/runs/d320-mb48eff96-h120-delayed-s23600-20260616T0800Z-aa1a7b7/checkpoints/train_state_step023000.pt
[future_seed_loop stage=7:108-120] step=23100 ce=0.2087 total=0.2094 loop1=1.3307 loop_last=0.2087 scratch_delta=0.000 scratch_gauss=0.0000
[checkpoint_eval step=23100 holes120] loop6 exact=0.1602 blank=0.7804
[train_checkpoint step=23100] path=/huyang2/double-loop/.worktrees/d320-mb48eff96-h120-delayed-s23600-20260616T0800Z-aa1a7b7/runs/d320-mb48eff96-h120-delayed-s23600-20260616T0800Z-aa1a7b7/checkpoints/train_state_step023100.pt
[future_seed_loop stage=7:108-120] step=23200 ce=0.1871 total=0.1875 loop1=1.2323 loop_last=0.1871 scratch_delta=0.000 scratch_gauss=0.0000
[train_checkpoint step=23200] path=/huyang2/double-loop/.worktrees/d320-mb48eff96-h120-delayed-s23600-20260616T0800Z-aa1a7b7/runs/d320-mb48eff96-h120-delayed-s23600-20260616T0800Z-aa1a7b7/checkpoints/train_state_step023200.pt
