mode=full
run_dir=/huyang2/double-loop/.worktrees/gdn-transition-cyclicbridge-loop8-d224l12-step12000-20260703T0757Z/runs/gdn-transition-cyclicbridge-loop5-d224l12-step12000-restart1-20260704T0527Z-9c621a5
git_sha=9c621a56c8ff672c23934ccd2a5c1b2bb0c900f3
git_dirty=0
device=cuda torch=2.7.0+cu126 board=9x9 box=3x3 mainline=future_seed_loop backbone=gdn rwkv_kernel=auto gdn_mode=triton_recurrent forward_dtype=float32
checkpoint_eval steps=9000,10000,11000,12000 holes=53,60,64
resumed_train_checkpoint path=/huyang2/double-loop/.worktrees/gdn-transition-bridgehard-d224l12-step9000-20260703T0604Z-679f0f0/runs/gdn-transition-bridgehard-d224l12-step9000-20260703T0604Z-679f0f0/checkpoints/train_state_step008400.pt step=8400 reason=eval_checkpoint
[future_seed_loop stage=6:56-64] step=8500 ce=0.6622 total=0.7768 loop1=1.0616 loop_last=0.6622 exact_margin=0.0000 softmin=0.000 upd_l=0.950 upd_h=0.950 fb_next=0.000 fb_corrupt=0.000 fb_conf=0.000 scratch_delta=0.000 scratch_gauss=0.0000
[train_checkpoint step=8500] path=/huyang2/double-loop/.worktrees/gdn-transition-cyclicbridge-loop8-d224l12-step12000-20260703T0757Z/runs/gdn-transition-cyclicbridge-loop5-d224l12-step12000-restart1-20260704T0527Z-9c621a5/checkpoints/train_state_step008500.pt
[future_seed_loop stage=6:56-64] step=8600 ce=0.5512 total=0.6953 loop1=1.0372 loop_last=0.5512 exact_margin=0.0000 softmin=0.000 upd_l=0.950 upd_h=0.950 fb_next=0.000 fb_corrupt=0.000 fb_conf=0.000 scratch_delta=0.000 scratch_gauss=0.0000
[train_checkpoint step=8600] path=/huyang2/double-loop/.worktrees/gdn-transition-cyclicbridge-loop8-d224l12-step12000-20260703T0757Z/runs/gdn-transition-cyclicbridge-loop5-d224l12-step12000-restart1-20260704T0527Z-9c621a5/checkpoints/train_state_step008600.pt
[future_seed_loop stage=6:56-64] step=8700 ce=0.4776 total=0.6363 loop1=1.0315 loop_last=0.4776 exact_margin=0.0000 softmin=0.000 upd_l=0.950 upd_h=0.950 fb_next=0.000 fb_corrupt=0.000 fb_conf=0.000 scratch_delta=0.000 scratch_gauss=0.0000
[train_checkpoint step=8700] path=/huyang2/double-loop/.worktrees/gdn-transition-cyclicbridge-loop8-d224l12-step12000-20260703T0757Z/runs/gdn-transition-cyclicbridge-loop5-d224l12-step12000-restart1-20260704T0527Z-9c621a5/checkpoints/train_state_step008700.pt
[future_seed_loop stage=7:51-64] step=8800 ce=0.3594 total=0.5308 loop1=0.9603 loop_last=0.3594 exact_margin=0.0000 softmin=0.000 upd_l=0.950 upd_h=0.950 fb_next=0.000 fb_corrupt=0.000 fb_conf=0.000 scratch_delta=0.000 scratch_gauss=0.0000
[train_checkpoint step=8800] path=/huyang2/double-loop/.worktrees/gdn-transition-cyclicbridge-loop8-d224l12-step12000-20260703T0757Z/runs/gdn-transition-cyclicbridge-loop5-d224l12-step12000-restart1-20260704T0527Z-9c621a5/checkpoints/train_state_step008800.pt
[future_seed_loop stage=7:51-64] step=8900 ce=0.3790 total=0.5506 loop1=0.9659 loop_last=0.3790 exact_margin=0.0000 softmin=0.000 upd_l=0.950 upd_h=0.950 fb_next=0.000 fb_corrupt=0.000 fb_conf=0.000 scratch_delta=0.000 scratch_gauss=0.0000
[train_checkpoint step=8900] path=/huyang2/double-loop/.worktrees/gdn-transition-cyclicbridge-loop8-d224l12-step12000-20260703T0757Z/runs/gdn-transition-cyclicbridge-loop5-d224l12-step12000-restart1-20260704T0527Z-9c621a5/checkpoints/train_state_step008900.pt
[future_seed_loop stage=7:51-64] step=9000 ce=0.2973 total=0.4810 loop1=0.9598 loop_last=0.2973 exact_margin=0.0000 softmin=0.000 upd_l=0.950 upd_h=0.950 fb_next=0.000 fb_corrupt=0.000 fb_conf=0.000 scratch_delta=0.000 scratch_gauss=0.0000
[checkpoint_eval step=9000 holes60] loop5 exact=0.2480 blank=0.6617
[train_checkpoint step=9000] path=/huyang2/double-loop/.worktrees/gdn-transition-cyclicbridge-loop8-d224l12-step12000-20260703T0757Z/runs/gdn-transition-cyclicbridge-loop5-d224l12-step12000-restart1-20260704T0527Z-9c621a5/checkpoints/train_state_step009000.pt
[future_seed_loop stage=7:51-64] step=9100 ce=0.2791 total=0.4596 loop1=0.9239 loop_last=0.2791 exact_margin=0.0000 softmin=0.000 upd_l=0.950 upd_h=0.950 fb_next=0.000 fb_corrupt=0.000 fb_conf=0.000 scratch_delta=0.000 scratch_gauss=0.0000
[train_checkpoint step=9100] path=/huyang2/double-loop/.worktrees/gdn-transition-cyclicbridge-loop8-d224l12-step12000-20260703T0757Z/runs/gdn-transition-cyclicbridge-loop5-d224l12-step12000-restart1-20260704T0527Z-9c621a5/checkpoints/train_state_step009100.pt
[future_seed_loop stage=7:51-64] step=9200 ce=0.3215 total=0.4986 loop1=0.9566 loop_last=0.3215 exact_margin=0.0000 softmin=0.000 upd_l=0.950 upd_h=0.950 fb_next=0.000 fb_corrupt=0.000 fb_conf=0.000 scratch_delta=0.000 scratch_gauss=0.0000
[train_checkpoint step=9200] path=/huyang2/double-loop/.worktrees/gdn-transition-cyclicbridge-loop8-d224l12-step12000-20260703T0757Z/runs/gdn-transition-cyclicbridge-loop5-d224l12-step12000-restart1-20260704T0527Z-9c621a5/checkpoints/train_state_step009200.pt
[future_seed_loop stage=8:51-55] step=9300 ce=0.0810 total=0.2698 loop1=0.7901 loop_last=0.0810 exact_margin=0.0000 softmin=0.000 upd_l=0.950 upd_h=0.950 fb_next=0.000 fb_corrupt=0.000 fb_conf=0.000 scratch_delta=0.000 scratch_gauss=0.0000
[train_checkpoint step=9300] path=/huyang2/double-loop/.worktrees/gdn-transition-cyclicbridge-loop8-d224l12-step12000-20260703T0757Z/runs/gdn-transition-cyclicbridge-loop5-d224l12-step12000-restart1-20260704T0527Z-9c621a5/checkpoints/train_state_step009300.pt
[future_seed_loop stage=8:51-55] step=9400 ce=0.0402 total=0.2164 loop1=0.7728 loop_last=0.0402 exact_margin=0.0000 softmin=0.000 upd_l=0.950 upd_h=0.950 fb_next=0.000 fb_corrupt=0.000 fb_conf=0.000 scratch_delta=0.000 scratch_gauss=0.0000
[train_checkpoint step=9400] path=/huyang2/double-loop/.worktrees/gdn-transition-cyclicbridge-loop8-d224l12-step12000-20260703T0757Z/runs/gdn-transition-cyclicbridge-loop5-d224l12-step12000-restart1-20260704T0527Z-9c621a5/checkpoints/train_state_step009400.pt
[future_seed_loop stage=8:51-55] step=9500 ce=0.0157 total=0.1966 loop1=0.7583 loop_last=0.0157 exact_margin=0.0000 softmin=0.000 upd_l=0.950 upd_h=0.950 fb_next=0.000 fb_corrupt=0.000 fb_conf=0.000 scratch_delta=0.000 scratch_gauss=0.0000
[train_checkpoint step=9500] path=/huyang2/double-loop/.worktrees/gdn-transition-cyclicbridge-loop8-d224l12-step12000-20260703T0757Z/runs/gdn-transition-cyclicbridge-loop5-d224l12-step12000-restart1-20260704T0527Z-9c621a5/checkpoints/train_state_step009500.pt
[future_seed_loop stage=9:56-64] step=9600 ce=0.4379 total=0.6114 loop1=1.0435 loop_last=0.4379 exact_margin=0.0000 softmin=0.000 upd_l=0.950 upd_h=0.950 fb_next=0.000 fb_corrupt=0.000 fb_conf=0.000 scratch_delta=0.000 scratch_gauss=0.0000
[train_checkpoint step=9600] path=/huyang2/double-loop/.worktrees/gdn-transition-cyclicbridge-loop8-d224l12-step12000-20260703T0757Z/runs/gdn-transition-cyclicbridge-loop5-d224l12-step12000-restart1-20260704T0527Z-9c621a5/checkpoints/train_state_step009600.pt
[future_seed_loop stage=9:56-64] step=9700 ce=0.3213 total=0.5209 loop1=1.0239 loop_last=0.3213 exact_margin=0.0000 softmin=0.000 upd_l=0.950 upd_h=0.950 fb_next=0.000 fb_corrupt=0.000 fb_conf=0.000 scratch_delta=0.000 scratch_gauss=0.0000
[train_checkpoint step=9700] path=/huyang2/double-loop/.worktrees/gdn-transition-cyclicbridge-loop8-d224l12-step12000-20260703T0757Z/runs/gdn-transition-cyclicbridge-loop5-d224l12-step12000-restart1-20260704T0527Z-9c621a5/checkpoints/train_state_step009700.pt
[future_seed_loop stage=9:56-64] step=9800 ce=0.1449 total=0.3931 loop1=1.0106 loop_last=0.1449 exact_margin=0.0000 softmin=0.000 upd_l=0.950 upd_h=0.950 fb_next=0.000 fb_corrupt=0.000 fb_conf=0.000 scratch_delta=0.000 scratch_gauss=0.0000
[train_checkpoint step=9800] path=/huyang2/double-loop/.worktrees/gdn-transition-cyclicbridge-loop8-d224l12-step12000-20260703T0757Z/runs/gdn-transition-cyclicbridge-loop5-d224l12-step12000-restart1-20260704T0527Z-9c621a5/checkpoints/train_state_step009800.pt
[future_seed_loop stage=9:56-64] step=9900 ce=0.1228 total=0.3703 loop1=0.9906 loop_last=0.1228 exact_margin=0.0000 softmin=0.000 upd_l=0.950 upd_h=0.950 fb_next=0.000 fb_corrupt=0.000 fb_conf=0.000 scratch_delta=0.000 scratch_gauss=0.0000
[train_checkpoint step=9900] path=/huyang2/double-loop/.worktrees/gdn-transition-cyclicbridge-loop8-d224l12-step12000-20260703T0757Z/runs/gdn-transition-cyclicbridge-loop5-d224l12-step12000-restart1-20260704T0527Z-9c621a5/checkpoints/train_state_step009900.pt
[future_seed_loop stage=9:56-64] step=10000 ce=0.1032 total=0.3518 loop1=1.0176 loop_last=0.1032 exact_margin=0.0000 softmin=0.000 upd_l=0.950 upd_h=0.950 fb_next=0.000 fb_corrupt=0.000 fb_conf=0.000 scratch_delta=0.000 scratch_gauss=0.0000
[checkpoint_eval step=10000 holes60] loop5 exact=0.2188 blank=0.6422
[train_checkpoint step=10000] path=/huyang2/double-loop/.worktrees/gdn-transition-cyclicbridge-loop8-d224l12-step12000-20260703T0757Z/runs/gdn-transition-cyclicbridge-loop5-d224l12-step12000-restart1-20260704T0527Z-9c621a5/checkpoints/train_state_step010000.pt
[future_seed_loop stage=10:51-64] step=10100 ce=0.0981 total=0.3267 loop1=0.9083 loop_last=0.0981 exact_margin=0.0000 softmin=0.000 upd_l=0.950 upd_h=0.950 fb_next=0.000 fb_corrupt=0.000 fb_conf=0.000 scratch_delta=0.000 scratch_gauss=0.0000
[train_checkpoint step=10100] path=/huyang2/double-loop/.worktrees/gdn-transition-cyclicbridge-loop8-d224l12-step12000-20260703T0757Z/runs/gdn-transition-cyclicbridge-loop5-d224l12-step12000-restart1-20260704T0527Z-9c621a5/checkpoints/train_state_step010100.pt
[future_seed_loop stage=10:51-64] step=10200 ce=0.0886 total=0.3139 loop1=0.9127 loop_last=0.0886 exact_margin=0.0000 softmin=0.000 upd_l=0.950 upd_h=0.950 fb_next=0.000 fb_corrupt=0.000 fb_conf=0.000 scratch_delta=0.000 scratch_gauss=0.0000
[train_checkpoint step=10200] path=/huyang2/double-loop/.worktrees/gdn-transition-cyclicbridge-loop8-d224l12-step12000-20260703T0757Z/runs/gdn-transition-cyclicbridge-loop5-d224l12-step12000-restart1-20260704T0527Z-9c621a5/checkpoints/train_state_step010200.pt
[future_seed_loop stage=10:51-64] step=10300 ce=0.0674 total=0.2907 loop1=0.9069 loop_last=0.0674 exact_margin=0.0000 softmin=0.000 upd_l=0.950 upd_h=0.950 fb_next=0.000 fb_corrupt=0.000 fb_conf=0.000 scratch_delta=0.000 scratch_gauss=0.0000
[train_checkpoint step=10300] path=/huyang2/double-loop/.worktrees/gdn-transition-cyclicbridge-loop8-d224l12-step12000-20260703T0757Z/runs/gdn-transition-cyclicbridge-loop5-d224l12-step12000-restart1-20260704T0527Z-9c621a5/checkpoints/train_state_step010300.pt
[future_seed_loop stage=10:51-64] step=10400 ce=0.0908 total=0.2920 loop1=0.8753 loop_last=0.0908 exact_margin=0.0000 softmin=0.000 upd_l=0.950 upd_h=0.950 fb_next=0.000 fb_corrupt=0.000 fb_conf=0.000 scratch_delta=0.000 scratch_gauss=0.0000
[train_checkpoint step=10400] path=/huyang2/double-loop/.worktrees/gdn-transition-cyclicbridge-loop8-d224l12-step12000-20260703T0757Z/runs/gdn-transition-cyclicbridge-loop5-d224l12-step12000-restart1-20260704T0527Z-9c621a5/checkpoints/train_state_step010400.pt
[future_seed_loop stage=10:51-64] step=10500 ce=0.0184 total=0.2383 loop1=0.8746 loop_last=0.0184 exact_margin=0.0000 softmin=0.000 upd_l=0.950 upd_h=0.950 fb_next=0.000 fb_corrupt=0.000 fb_conf=0.000 scratch_delta=0.000 scratch_gauss=0.0000
[train_checkpoint step=10500] path=/huyang2/double-loop/.worktrees/gdn-transition-cyclicbridge-loop8-d224l12-step12000-20260703T0757Z/runs/gdn-transition-cyclicbridge-loop5-d224l12-step12000-restart1-20260704T0527Z-9c621a5/checkpoints/train_state_step010500.pt
[future_seed_loop stage=10:51-64] step=10600 ce=0.0376 total=0.2593 loop1=0.8935 loop_last=0.0376 exact_margin=0.0000 softmin=0.000 upd_l=0.950 upd_h=0.950 fb_next=0.000 fb_corrupt=0.000 fb_conf=0.000 scratch_delta=0.000 scratch_gauss=0.0000
[train_checkpoint step=10600] path=/huyang2/double-loop/.worktrees/gdn-transition-cyclicbridge-loop8-d224l12-step12000-20260703T0757Z/runs/gdn-transition-cyclicbridge-loop5-d224l12-step12000-restart1-20260704T0527Z-9c621a5/checkpoints/train_state_step010600.pt
[future_seed_loop stage=11:51-55] step=10700 ce=0.0003 total=0.1601 loop1=0.7225 loop_last=0.0003 exact_margin=0.0000 softmin=0.000 upd_l=0.950 upd_h=0.950 fb_next=0.000 fb_corrupt=0.000 fb_conf=0.000 scratch_delta=0.000 scratch_gauss=0.0000
[train_checkpoint step=10700] path=/huyang2/double-loop/.worktrees/gdn-transition-cyclicbridge-loop8-d224l12-step12000-20260703T0757Z/runs/gdn-transition-cyclicbridge-loop5-d224l12-step12000-restart1-20260704T0527Z-9c621a5/checkpoints/train_state_step010700.pt
[future_seed_loop stage=11:51-55] step=10800 ce=0.0002 total=0.1540 loop1=0.7016 loop_last=0.0002 exact_margin=0.0000 softmin=0.000 upd_l=0.950 upd_h=0.950 fb_next=0.000 fb_corrupt=0.000 fb_conf=0.000 scratch_delta=0.000 scratch_gauss=0.0000
[train_checkpoint step=10800] path=/huyang2/double-loop/.worktrees/gdn-transition-cyclicbridge-loop8-d224l12-step12000-20260703T0757Z/runs/gdn-transition-cyclicbridge-loop5-d224l12-step12000-restart1-20260704T0527Z-9c621a5/checkpoints/train_state_step010800.pt
[future_seed_loop stage=11:51-55] step=10900 ce=0.0000 total=0.1412 loop1=0.6786 loop_last=0.0000 exact_margin=0.0000 softmin=0.000 upd_l=0.950 upd_h=0.950 fb_next=0.000 fb_corrupt=0.000 fb_conf=0.000 scratch_delta=0.000 scratch_gauss=0.0000
[train_checkpoint step=10900] path=/huyang2/double-loop/.worktrees/gdn-transition-cyclicbridge-loop8-d224l12-step12000-20260703T0757Z/runs/gdn-transition-cyclicbridge-loop5-d224l12-step12000-restart1-20260704T0527Z-9c621a5/checkpoints/train_state_step010900.pt
[future_seed_loop stage=12:56-64] step=11000 ce=0.0515 total=0.2905 loop1=0.9592 loop_last=0.0515 exact_margin=0.0000 softmin=0.000 upd_l=0.950 upd_h=0.950 fb_next=0.000 fb_corrupt=0.000 fb_conf=0.000 scratch_delta=0.000 scratch_gauss=0.0000
[checkpoint_eval step=11000 holes60] loop5 exact=0.2148 blank=0.6373
[train_checkpoint step=11000] path=/huyang2/double-loop/.worktrees/gdn-transition-cyclicbridge-loop8-d224l12-step12000-20260703T0757Z/runs/gdn-transition-cyclicbridge-loop5-d224l12-step12000-restart1-20260704T0527Z-9c621a5/checkpoints/train_state_step011000.pt
[future_seed_loop stage=12:56-64] step=11100 ce=0.0150 total=0.2351 loop1=0.9268 loop_last=0.0150 exact_margin=0.0000 softmin=0.000 upd_l=0.950 upd_h=0.950 fb_next=0.000 fb_corrupt=0.000 fb_conf=0.000 scratch_delta=0.000 scratch_gauss=0.0000
[train_checkpoint step=11100] path=/huyang2/double-loop/.worktrees/gdn-transition-cyclicbridge-loop8-d224l12-step12000-20260703T0757Z/runs/gdn-transition-cyclicbridge-loop5-d224l12-step12000-restart1-20260704T0527Z-9c621a5/checkpoints/train_state_step011100.pt
[future_seed_loop stage=12:56-64] step=11200 ce=0.0159 total=0.2380 loop1=0.9257 loop_last=0.0159 exact_margin=0.0000 softmin=0.000 upd_l=0.950 upd_h=0.950 fb_next=0.000 fb_corrupt=0.000 fb_conf=0.000 scratch_delta=0.000 scratch_gauss=0.0000
[train_checkpoint step=11200] path=/huyang2/double-loop/.worktrees/gdn-transition-cyclicbridge-loop8-d224l12-step12000-20260703T0757Z/runs/gdn-transition-cyclicbridge-loop5-d224l12-step12000-restart1-20260704T0527Z-9c621a5/checkpoints/train_state_step011200.pt
[future_seed_loop stage=12:56-64] step=11300 ce=0.0095 total=0.2279 loop1=0.9362 loop_last=0.0095 exact_margin=0.0000 softmin=0.000 upd_l=0.950 upd_h=0.950 fb_next=0.000 fb_corrupt=0.000 fb_conf=0.000 scratch_delta=0.000 scratch_gauss=0.0000
[train_checkpoint step=11300] path=/huyang2/double-loop/.worktrees/gdn-transition-cyclicbridge-loop8-d224l12-step12000-20260703T0757Z/runs/gdn-transition-cyclicbridge-loop5-d224l12-step12000-restart1-20260704T0527Z-9c621a5/checkpoints/train_state_step011300.pt
[future_seed_loop stage=12:56-64] step=11400 ce=0.0036 total=0.2027 loop1=0.9099 loop_last=0.0036 exact_margin=0.0000 softmin=0.000 upd_l=0.950 upd_h=0.950 fb_next=0.000 fb_corrupt=0.000 fb_conf=0.000 scratch_delta=0.000 scratch_gauss=0.0000
[train_checkpoint step=11400] path=/huyang2/double-loop/.worktrees/gdn-transition-cyclicbridge-loop8-d224l12-step12000-20260703T0757Z/runs/gdn-transition-cyclicbridge-loop5-d224l12-step12000-restart1-20260704T0527Z-9c621a5/checkpoints/train_state_step011400.pt
[future_seed_loop stage=13:51-64] step=11500 ce=0.0269 total=0.2305 loop1=0.8755 loop_last=0.0269 exact_margin=0.0000 softmin=0.000 upd_l=0.950 upd_h=0.950 fb_next=0.000 fb_corrupt=0.000 fb_conf=0.000 scratch_delta=0.000 scratch_gauss=0.0000
[train_checkpoint step=11500] path=/huyang2/double-loop/.worktrees/gdn-transition-cyclicbridge-loop8-d224l12-step12000-20260703T0757Z/runs/gdn-transition-cyclicbridge-loop5-d224l12-step12000-restart1-20260704T0527Z-9c621a5/checkpoints/train_state_step011500.pt
[future_seed_loop stage=13:51-64] step=11600 ce=0.0088 total=0.2125 loop1=0.8633 loop_last=0.0088 exact_margin=0.0000 softmin=0.000 upd_l=0.950 upd_h=0.950 fb_next=0.000 fb_corrupt=0.000 fb_conf=0.000 scratch_delta=0.000 scratch_gauss=0.0000
[train_checkpoint step=11600] path=/huyang2/double-loop/.worktrees/gdn-transition-cyclicbridge-loop8-d224l12-step12000-20260703T0757Z/runs/gdn-transition-cyclicbridge-loop5-d224l12-step12000-restart1-20260704T0527Z-9c621a5/checkpoints/train_state_step011600.pt
[future_seed_loop stage=13:51-64] step=11700 ce=0.0059 total=0.1984 loop1=0.8522 loop_last=0.0059 exact_margin=0.0000 softmin=0.000 upd_l=0.950 upd_h=0.950 fb_next=0.000 fb_corrupt=0.000 fb_conf=0.000 scratch_delta=0.000 scratch_gauss=0.0000
[train_checkpoint step=11700] path=/huyang2/double-loop/.worktrees/gdn-transition-cyclicbridge-loop8-d224l12-step12000-20260703T0757Z/runs/gdn-transition-cyclicbridge-loop5-d224l12-step12000-restart1-20260704T0527Z-9c621a5/checkpoints/train_state_step011700.pt
[future_seed_loop stage=13:51-64] step=11800 ce=0.0015 total=0.1787 loop1=0.8033 loop_last=0.0015 exact_margin=0.0000 softmin=0.000 upd_l=0.950 upd_h=0.950 fb_next=0.000 fb_corrupt=0.000 fb_conf=0.000 scratch_delta=0.000 scratch_gauss=0.0000
[train_checkpoint step=11800] path=/huyang2/double-loop/.worktrees/gdn-transition-cyclicbridge-loop8-d224l12-step12000-20260703T0757Z/runs/gdn-transition-cyclicbridge-loop5-d224l12-step12000-restart1-20260704T0527Z-9c621a5/checkpoints/train_state_step011800.pt
[future_seed_loop stage=13:51-64] step=11900 ce=0.0002 total=0.1748 loop1=0.7916 loop_last=0.0002 exact_margin=0.0000 softmin=0.000 upd_l=0.950 upd_h=0.950 fb_next=0.000 fb_corrupt=0.000 fb_conf=0.000 scratch_delta=0.000 scratch_gauss=0.0000
[train_checkpoint step=11900] path=/huyang2/double-loop/.worktrees/gdn-transition-cyclicbridge-loop8-d224l12-step12000-20260703T0757Z/runs/gdn-transition-cyclicbridge-loop5-d224l12-step12000-restart1-20260704T0527Z-9c621a5/checkpoints/train_state_step011900.pt
[future_seed_loop stage=13:51-64] step=12000 ce=0.0000 total=0.1645 loop1=0.7632 loop_last=0.0000 exact_margin=0.0000 softmin=0.000 upd_l=0.950 upd_h=0.950 fb_next=0.000 fb_corrupt=0.000 fb_conf=0.000 scratch_delta=0.000 scratch_gauss=0.0000
[checkpoint_eval step=12000 holes60] loop5 exact=0.2441 blank=0.6432
[train_checkpoint step=12000] path=/huyang2/double-loop/.worktrees/gdn-transition-cyclicbridge-loop8-d224l12-step12000-20260703T0757Z/runs/gdn-transition-cyclicbridge-loop5-d224l12-step12000-restart1-20260704T0527Z-9c621a5/checkpoints/train_state_step012000.pt

full-board metrics
loop=1 exact=0.0234, valid=0.0234, solved=0.0234, blank_acc=0.5381, early=0.5370, late=0.5399, early_late_gap=-0.0029
        fs_gate=0.437, fs_update=1.000, fs_state_norm=13.990, fs_decay=0.00, fb_in=0.000, fb_next=0.000, loop_time=0.000, upd_l=0.950, upd_h=0.950, scratch_gate=0.000, scratch_decay=0.000, scratch_delta=0.000, scratch_resid=0.000
loop=2 exact=0.0547, valid=0.0547, solved=0.0547, blank_acc=0.5912, early=0.5878, late=0.5916, early_late_gap=-0.0038
        fs_gate=0.437, fs_update=1.000, fs_state_norm=13.990, fs_decay=0.00, fb_in=0.000, fb_next=0.000, loop_time=0.000, upd_l=0.950, upd_h=0.950, scratch_gate=0.000, scratch_decay=0.000, scratch_delta=0.000, scratch_resid=0.000
loop=3 exact=0.1895, valid=0.1895, solved=0.1895, blank_acc=0.6180, early=0.6121, late=0.6228, early_late_gap=-0.0107
        fs_gate=0.437, fs_update=1.000, fs_state_norm=13.990, fs_decay=0.00, fb_in=0.000, fb_next=0.000, loop_time=0.000, upd_l=0.950, upd_h=0.950, scratch_gate=0.000, scratch_decay=0.000, scratch_delta=0.000, scratch_resid=0.000
loop=4 exact=0.2266, valid=0.2285, solved=0.2266, blank_acc=0.6256, early=0.6165, late=0.6323, early_late_gap=-0.0157
        fs_gate=0.437, fs_update=1.000, fs_state_norm=13.990, fs_decay=0.00, fb_in=0.000, fb_next=0.000, loop_time=0.000, upd_l=0.950, upd_h=0.950, scratch_gate=0.000, scratch_decay=0.000, scratch_delta=0.000, scratch_resid=0.000
loop=5 exact=0.2363, valid=0.2402, solved=0.2363, blank_acc=0.6287, early=0.6216, late=0.6348, early_late_gap=-0.0131
        fs_gate=0.437, fs_update=1.000, fs_state_norm=13.990, fs_decay=0.00, fb_in=0.000, fb_next=0.000, loop_time=0.000, upd_l=0.950, upd_h=0.950, scratch_gate=0.000, scratch_decay=0.000, scratch_delta=0.000, scratch_resid=0.000

official sudoku eval split=test eval_n=512 seed=1051

official blank-range metrics
b46_50 blanks=46-50 n=512 exact=1.0000, valid=1.0000, solved=1.0000, blank_acc=1.0000, early=1.0000, late=1.0000, early_late_gap=+0.0000
b51_55 blanks=51-55 n=512 exact=0.3555, valid=0.3574, solved=0.3555, blank_acc=0.7312, early=0.7342, late=0.7331, early_late_gap=+0.0012
b56_64 blanks=56-64 n=512 exact=0.1582, valid=0.1582, solved=0.1582, blank_acc=0.5647, early=0.5556, late=0.5610, early_late_gap=-0.0054

case-bank artifacts
official_b46_50 exact=1.0000 blank_acc=1.0000 selected={'solved_by_loop': 4, 'almost_solved': 0, 'hard_failure': 0}
  index=/huyang2/double-loop/.worktrees/gdn-transition-cyclicbridge-loop8-d224l12-step12000-20260703T0757Z/runs/gdn-transition-cyclicbridge-loop5-d224l12-step12000-restart1-20260704T0527Z-9c621a5/output/case_bank/official_b46_50/index.html
  cases=/huyang2/double-loop/.worktrees/gdn-transition-cyclicbridge-loop8-d224l12-step12000-20260703T0757Z/runs/gdn-transition-cyclicbridge-loop5-d224l12-step12000-restart1-20260704T0527Z-9c621a5/output/case_bank/official_b46_50/cases.json
official_b51_55 exact=0.3711 blank_acc=0.7287 selected={'solved_by_loop': 4, 'almost_solved': 4, 'hard_failure': 4}
  index=/huyang2/double-loop/.worktrees/gdn-transition-cyclicbridge-loop8-d224l12-step12000-20260703T0757Z/runs/gdn-transition-cyclicbridge-loop5-d224l12-step12000-restart1-20260704T0527Z-9c621a5/output/case_bank/official_b51_55/index.html
  cases=/huyang2/double-loop/.worktrees/gdn-transition-cyclicbridge-loop8-d224l12-step12000-20260703T0757Z/runs/gdn-transition-cyclicbridge-loop5-d224l12-step12000-restart1-20260704T0527Z-9c621a5/output/case_bank/official_b51_55/cases.json
official_b56_64 exact=0.1211 blank_acc=0.5644 selected={'solved_by_loop': 4, 'almost_solved': 4, 'hard_failure': 4}
  index=/huyang2/double-loop/.worktrees/gdn-transition-cyclicbridge-loop8-d224l12-step12000-20260703T0757Z/runs/gdn-transition-cyclicbridge-loop5-d224l12-step12000-restart1-20260704T0527Z-9c621a5/output/case_bank/official_b56_64/index.html
  cases=/huyang2/double-loop/.worktrees/gdn-transition-cyclicbridge-loop8-d224l12-step12000-20260703T0757Z/runs/gdn-transition-cyclicbridge-loop5-d224l12-step12000-restart1-20260704T0527Z-9c621a5/output/case_bank/official_b56_64/cases.json
Depth loop adds useful full-board refinement.
wrote /huyang2/double-loop/.worktrees/gdn-transition-cyclicbridge-loop8-d224l12-step12000-20260703T0757Z/runs/gdn-transition-cyclicbridge-loop5-d224l12-step12000-restart1-20260704T0527Z-9c621a5/output/futureseed_loop_seed52.json
wrote /huyang2/double-loop/.worktrees/gdn-transition-cyclicbridge-loop8-d224l12-step12000-20260703T0757Z/runs/gdn-transition-cyclicbridge-loop5-d224l12-step12000-restart1-20260704T0527Z-9c621a5/output/futureseed_loop_seed52.md
wrote /huyang2/double-loop/.worktrees/gdn-transition-cyclicbridge-loop8-d224l12-step12000-20260703T0757Z/runs/gdn-transition-cyclicbridge-loop5-d224l12-step12000-restart1-20260704T0527Z-9c621a5/output/futureseed_loop_case_seed52.html
