Current Python version 3.10 is below the recommended 3.11 version. It is recommended to upgrade to Python 3.11 or higher for the best experience.
{
  "cuda_device_count": 1,
  "device": "NVIDIA A100-SXM4-80GB",
  "model_parameters": 538696,
  "mixer_class": "fla.layers.gdn2.GatedDeltaNet2",
  "source": "/huyang2/double-loop/.cache/fla-active/fla/layers/gdn2.py",
  "mode": "chunk",
  "heads": 4,
  "head_dim": 32,
  "expand_v": 1.0,
  "short_conv": true,
  "conv_classes": [
    "fla.modules.conv.short_conv.ShortConvolution",
    "fla.modules.conv.short_conv.ShortConvolution",
    "fla.modules.conv.short_conv.ShortConvolution"
  ],
  "loss": 5.580117702484131,
  "logits_shape": [
    32,
    64,
    256
  ],
  "peak_cuda_mem_gb": 0.3284025192260742
}
