mode=eqr_maze_probe
run_dir=/huyang2/double-loop/.worktrees/maze31-cleanscale-d320l6-loop8x16-s1200-20260618T0742Z-46a2657/runs/maze31-cleanscale-d320l6-loop8x16-s1200-20260618T0742Z-46a2657
git_sha=46a2657df6ad18b3994f5f81920bf3c3d966e68b
git_dirty=0
device=cuda torch=2.7.0+cu126 params=8565124 eqr_dir=/huyang2/double-loop/repos/eqr
[eqr_maze] step=0100 ce=1.0547 loop1=1.0625 path_f1=0.0000 exact=0.0000 zH=0.0038 zL=0.0033 pred=0.0000 improve=0.0000 rank=0.0000 mass=0.2554 selfcorr=0.0197 margin=0.8959 path=160-260
[eqr_maze] step=0200 ce=1.0703 loop1=1.0703 path_f1=0.0000 exact=0.0000 zH=0.0036 zL=0.0032 pred=0.0000 improve=0.0000 rank=0.0000 mass=0.2941 selfcorr=0.0203 margin=0.7364 path=160-260
[eqr_maze] step=0300 ce=1.0625 loop1=1.0625 path_f1=0.0000 exact=0.0000 zH=0.0041 zL=0.0027 pred=0.0000 improve=0.0000 rank=0.0000 mass=0.2716 selfcorr=0.0204 margin=0.8459 path=160-260
[eqr_maze] step=0400 ce=0.3691 loop1=0.3672 path_f1=0.5862 exact=0.0000 zH=0.0033 zL=0.0033 pred=0.0000 improve=0.0000 rank=0.0000 mass=0.1767 selfcorr=0.0402 margin=0.2630 path=160-260
[eqr_maze] step=0500 ce=0.3652 loop1=0.3652 path_f1=0.4085 exact=0.0000 zH=0.0036 zL=0.0036 pred=0.0000 improve=0.0000 rank=0.0000 mass=0.1717 selfcorr=0.0397 margin=0.3159 path=160-260
[eqr_maze] step=0600 ce=0.3730 loop1=0.3730 path_f1=0.5291 exact=0.0000 zH=0.0036 zL=0.0036 pred=0.0000 improve=0.0000 rank=0.0000 mass=0.1859 selfcorr=0.0402 margin=0.2562 path=160-260
[eqr_maze] step=0700 ce=0.3672 loop1=0.3672 path_f1=0.5078 exact=0.0000 zH=0.0034 zL=0.0035 pred=0.0000 improve=0.0000 rank=0.0000 mass=0.1651 selfcorr=0.0404 margin=0.3525 path=160-260
[eqr_maze] step=0800 ce=0.3652 loop1=0.3652 path_f1=0.4824 exact=0.0000 zH=0.0035 zL=0.0035 pred=0.0000 improve=0.0000 rank=0.0000 mass=0.1642 selfcorr=0.0401 margin=0.3447 path=160-260
[eqr_maze] step=0900 ce=0.3652 loop1=0.3652 path_f1=0.5453 exact=0.0000 zH=0.0037 zL=0.0038 pred=0.0000 improve=0.0000 rank=0.0000 mass=0.1709 selfcorr=0.0403 margin=0.2871 path=160-260
[eqr_maze] step=1000 ce=0.3691 loop1=0.3691 path_f1=0.5522 exact=0.0000 zH=0.0040 zL=0.0041 pred=0.0000 improve=0.0000 rank=0.0000 mass=0.1942 selfcorr=0.0399 margin=0.2237 path=160-260
[eqr_maze] step=1100 ce=0.3594 loop1=0.3613 path_f1=0.4434 exact=0.0000 zH=0.0038 zL=0.0039 pred=0.0000 improve=0.0000 rank=0.0000 mass=0.1619 selfcorr=0.0393 margin=0.3575 path=160-260
[eqr_maze] step=1200 ce=0.3652 loop1=0.3652 path_f1=0.4226 exact=0.0000 zH=0.0038 zL=0.0038 pred=0.0000 improve=0.0000 rank=0.0000 mass=0.1699 selfcorr=0.0387 margin=0.3632 path=160-260
primary loop16 exact=0.0000 path_f1=0.5344 gain=0.0044
decision=Continue cautiously: maze path learning is alive, but loop gain is weak; inspect residuals before scaling.
wrote /huyang2/double-loop/.worktrees/maze31-cleanscale-d320l6-loop8x16-s1200-20260618T0742Z-46a2657/runs/maze31-cleanscale-d320l6-loop8x16-s1200-20260618T0742Z-46a2657/output/eqr_maze_probe_fs1_seed52.json
wrote /huyang2/double-loop/.worktrees/maze31-cleanscale-d320l6-loop8x16-s1200-20260618T0742Z-46a2657/runs/maze31-cleanscale-d320l6-loop8x16-s1200-20260618T0742Z-46a2657/output/eqr_maze_probe_fs1_seed52.md
