mode=full
run_dir=/huyang2/double-loop/.worktrees/pscale033-nofs-d224-503f367-20260715/runs/gdn-full-diversity-d224l12-nofs-resume500-s1000-20260715T1325Z-503f367
git_sha=503f367b4df84509feabe33e8c40edaeb5c2fb63
git_dirty=0
device=cuda torch=2.7.0+cu126 board=9x9 box=3x3 mainline=future_seed_loop backbone=gdn rwkv_kernel=auto gdn_mode=triton_recurrent forward_dtype=bfloat16
checkpoint_eval steps=1000 holes=53,60,64
resumed_train_checkpoint path=/huyang2/double-loop/models/gdn-full-diversity-d224l12-nofs-s8000-20260715T1235Z-503f367/checkpoints/train_state_step000500.pt step=500 reason=periodic
[future_seed_loop stage=2:51-55] step=0600 ce=1.6754 total=1.6756 loop1=1.6765 loop_last=1.6754 exact_margin=0.0000 softmin=0.000 upd_l=0.950 upd_h=0.950 fb_next=0.000 fb_corrupt=0.000 fb_conf=0.000 hagg_norm=0.000 hagg_raw=0.000 hagg_ent=0.000 hagg_maxw=0.000 hagg_clip=0.000 scratch_delta=0.000 scratch_gauss=0.0000
[train_checkpoint step=0600] path=/huyang2/double-loop/models/gdn-full-diversity-d224l12-nofs-s8000-20260715T1235Z-503f367/checkpoints/train_state_step000600.pt
[future_seed_loop stage=2:51-55] step=0700 ce=1.6792 total=1.6792 loop1=1.6794 loop_last=1.6792 exact_margin=0.0000 softmin=0.000 upd_l=0.950 upd_h=0.950 fb_next=0.000 fb_corrupt=0.000 fb_conf=0.000 hagg_norm=0.000 hagg_raw=0.000 hagg_ent=0.000 hagg_maxw=0.000 hagg_clip=0.000 scratch_delta=0.000 scratch_gauss=0.0000
[train_checkpoint step=0700] path=/huyang2/double-loop/models/gdn-full-diversity-d224l12-nofs-s8000-20260715T1235Z-503f367/checkpoints/train_state_step000700.pt
[future_seed_loop stage=2:51-55] step=0800 ce=1.6676 total=1.6679 loop1=1.6690 loop_last=1.6676 exact_margin=0.0000 softmin=0.000 upd_l=0.950 upd_h=0.950 fb_next=0.000 fb_corrupt=0.000 fb_conf=0.000 hagg_norm=0.000 hagg_raw=0.000 hagg_ent=0.000 hagg_maxw=0.000 hagg_clip=0.000 scratch_delta=0.000 scratch_gauss=0.0000
[train_checkpoint step=0800] path=/huyang2/double-loop/models/gdn-full-diversity-d224l12-nofs-s8000-20260715T1235Z-503f367/checkpoints/train_state_step000800.pt
[future_seed_loop stage=2:51-55] step=0900 ce=1.6653 total=1.6655 loop1=1.6664 loop_last=1.6653 exact_margin=0.0000 softmin=0.000 upd_l=0.950 upd_h=0.950 fb_next=0.000 fb_corrupt=0.000 fb_conf=0.000 hagg_norm=0.000 hagg_raw=0.000 hagg_ent=0.000 hagg_maxw=0.000 hagg_clip=0.000 scratch_delta=0.000 scratch_gauss=0.0000
[train_checkpoint step=0900] path=/huyang2/double-loop/models/gdn-full-diversity-d224l12-nofs-s8000-20260715T1235Z-503f367/checkpoints/train_state_step000900.pt
[future_seed_loop stage=2:51-55] step=1000 ce=1.6580 total=1.6583 loop1=1.6594 loop_last=1.6580 exact_margin=0.0000 softmin=0.000 upd_l=0.950 upd_h=0.950 fb_next=0.000 fb_corrupt=0.000 fb_conf=0.000 hagg_norm=0.000 hagg_raw=0.000 hagg_ent=0.000 hagg_maxw=0.000 hagg_clip=0.000 scratch_delta=0.000 scratch_gauss=0.0000
[checkpoint_eval step=1000 holes53] loop5 exact=0.0000 blank=0.2657
[train_checkpoint step=1000] path=/huyang2/double-loop/models/gdn-full-diversity-d224l12-nofs-s8000-20260715T1235Z-503f367/checkpoints/train_state_step001000.pt
[future_seed_loop stage=2:51-55] step=1100 ce=1.6684 total=1.6688 loop1=1.6702 loop_last=1.6684 exact_margin=0.0000 softmin=0.000 upd_l=0.950 upd_h=0.950 fb_next=0.000 fb_corrupt=0.000 fb_conf=0.000 hagg_norm=0.000 hagg_raw=0.000 hagg_ent=0.000 hagg_maxw=0.000 hagg_clip=0.000 scratch_delta=0.000 scratch_gauss=0.0000
[train_checkpoint step=1100] path=/huyang2/double-loop/models/gdn-full-diversity-d224l12-nofs-s8000-20260715T1235Z-503f367/checkpoints/train_state_step001100.pt
Terminated
