mode=full
run_dir=/huyang2/double-loop/.worktrees/gdn-transition-d224l12-nockpt-long-4346594-20260701T1125Z/runs/gdn-transition-d224l12-nockpt-long-s3000-20260701T1125Z-4346594
git_sha=4346594c0a8bbb78a90bad687a064985892b5cd6
git_dirty=0
device=cuda torch=2.7.0+cu126 board=9x9 box=3x3 mainline=future_seed_loop backbone=gdn rwkv_kernel=auto gdn_mode=triton_recurrent forward_dtype=bfloat16
checkpoint_eval steps=1000,2000,3000 holes=53
resumed_train_checkpoint path=/huyang2/double-loop/.worktrees/gdn-transition-d224l12-nockpt-e97469d-20260701T1050Z/runs/gdn-transition-d224l12-nockpt-viability-s300-20260701T1050Z-e97469d/checkpoints/train_state_step000300.pt step=300 reason=eval_checkpoint
[future_seed_loop stage=2:51-55] step=0400 ce=1.0327 total=1.0378 loop1=1.0554 loop_last=1.0327 exact_margin=0.0000 softmin=0.000 upd_l=0.950 upd_h=0.950 fb_next=0.000 fb_corrupt=0.000 fb_conf=0.000 scratch_delta=0.000 scratch_gauss=0.0000
[future_seed_loop stage=2:51-55] step=0500 ce=1.0119 total=1.0182 loop1=1.0402 loop_last=1.0119 exact_margin=0.0000 softmin=0.000 upd_l=0.950 upd_h=0.950 fb_next=0.000 fb_corrupt=0.000 fb_conf=0.000 scratch_delta=0.000 scratch_gauss=0.0000
[train_checkpoint step=0500] path=/huyang2/double-loop/.worktrees/gdn-transition-d224l12-nockpt-long-4346594-20260701T1125Z/runs/gdn-transition-d224l12-nockpt-long-s3000-20260701T1125Z-4346594/checkpoints/train_state_step000500.pt
[future_seed_loop stage=2:51-55] step=0600 ce=0.9766 total=0.9868 loop1=1.0248 loop_last=0.9766 exact_margin=0.0000 softmin=0.000 upd_l=0.950 upd_h=0.950 fb_next=0.000 fb_corrupt=0.000 fb_conf=0.000 scratch_delta=0.000 scratch_gauss=0.0000
[future_seed_loop stage=2:51-55] step=0700 ce=0.9571 total=0.9681 loop1=1.0066 loop_last=0.9571 exact_margin=0.0000 softmin=0.000 upd_l=0.950 upd_h=0.950 fb_next=0.000 fb_corrupt=0.000 fb_conf=0.000 scratch_delta=0.000 scratch_gauss=0.0000
[future_seed_loop stage=2:51-55] step=0800 ce=0.9606 total=0.9729 loop1=1.0180 loop_last=0.9606 exact_margin=0.0000 softmin=0.000 upd_l=0.950 upd_h=0.950 fb_next=0.000 fb_corrupt=0.000 fb_conf=0.000 scratch_delta=0.000 scratch_gauss=0.0000
[future_seed_loop stage=2:51-55] step=0900 ce=0.9504 total=0.9631 loop1=1.0083 loop_last=0.9504 exact_margin=0.0000 softmin=0.000 upd_l=0.950 upd_h=0.950 fb_next=0.000 fb_corrupt=0.000 fb_conf=0.000 scratch_delta=0.000 scratch_gauss=0.0000
[future_seed_loop stage=2:51-55] step=1000 ce=0.9498 total=0.9628 loop1=1.0066 loop_last=0.9498 exact_margin=0.0000 softmin=0.000 upd_l=0.950 upd_h=0.950 fb_next=0.000 fb_corrupt=0.000 fb_conf=0.000 scratch_delta=0.000 scratch_gauss=0.0000
[checkpoint_eval step=1000 holes53] loop5 exact=0.0176 blank=0.5284
[train_checkpoint step=1000] path=/huyang2/double-loop/.worktrees/gdn-transition-d224l12-nockpt-long-4346594-20260701T1125Z/runs/gdn-transition-d224l12-nockpt-long-s3000-20260701T1125Z-4346594/checkpoints/train_state_step001000.pt
[future_seed_loop stage=2:51-55] step=1100 ce=0.9032 total=0.9210 loop1=0.9776 loop_last=0.9032 exact_margin=0.0000 softmin=0.000 upd_l=0.950 upd_h=0.950 fb_next=0.000 fb_corrupt=0.000 fb_conf=0.000 scratch_delta=0.000 scratch_gauss=0.0000
[future_seed_loop stage=2:51-55] step=1200 ce=0.9088 total=0.9265 loop1=0.9852 loop_last=0.9088 exact_margin=0.0000 softmin=0.000 upd_l=0.950 upd_h=0.950 fb_next=0.000 fb_corrupt=0.000 fb_conf=0.000 scratch_delta=0.000 scratch_gauss=0.0000
[future_seed_loop stage=2:51-55] step=1300 ce=0.9025 total=0.9214 loop1=0.9797 loop_last=0.9025 exact_margin=0.0000 softmin=0.000 upd_l=0.950 upd_h=0.950 fb_next=0.000 fb_corrupt=0.000 fb_conf=0.000 scratch_delta=0.000 scratch_gauss=0.0000
[future_seed_loop stage=2:51-55] step=1400 ce=0.9128 total=0.9303 loop1=0.9863 loop_last=0.9128 exact_margin=0.0000 softmin=0.000 upd_l=0.950 upd_h=0.950 fb_next=0.000 fb_corrupt=0.000 fb_conf=0.000 scratch_delta=0.000 scratch_gauss=0.0000
[future_seed_loop stage=2:51-55] step=1500 ce=0.8944 total=0.9134 loop1=0.9751 loop_last=0.8944 exact_margin=0.0000 softmin=0.000 upd_l=0.950 upd_h=0.950 fb_next=0.000 fb_corrupt=0.000 fb_conf=0.000 scratch_delta=0.000 scratch_gauss=0.0000
[train_checkpoint step=1500] path=/huyang2/double-loop/.worktrees/gdn-transition-d224l12-nockpt-long-4346594-20260701T1125Z/runs/gdn-transition-d224l12-nockpt-long-s3000-20260701T1125Z-4346594/checkpoints/train_state_step001500.pt
[future_seed_loop stage=2:51-55] step=1600 ce=0.9055 total=0.9258 loop1=0.9889 loop_last=0.9055 exact_margin=0.0000 softmin=0.000 upd_l=0.950 upd_h=0.950 fb_next=0.000 fb_corrupt=0.000 fb_conf=0.000 scratch_delta=0.000 scratch_gauss=0.0000
[future_seed_loop stage=2:51-55] step=1700 ce=0.8906 total=0.9144 loop1=0.9878 loop_last=0.8906 exact_margin=0.0000 softmin=0.000 upd_l=0.950 upd_h=0.950 fb_next=0.000 fb_corrupt=0.000 fb_conf=0.000 scratch_delta=0.000 scratch_gauss=0.0000
[future_seed_loop stage=2:51-55] step=1800 ce=0.8550 total=0.8799 loop1=0.9557 loop_last=0.8550 exact_margin=0.0000 softmin=0.000 upd_l=0.950 upd_h=0.950 fb_next=0.000 fb_corrupt=0.000 fb_conf=0.000 scratch_delta=0.000 scratch_gauss=0.0000
[future_seed_loop stage=2:51-55] step=1900 ce=0.8943 total=0.9175 loop1=0.9894 loop_last=0.8943 exact_margin=0.0000 softmin=0.000 upd_l=0.950 upd_h=0.950 fb_next=0.000 fb_corrupt=0.000 fb_conf=0.000 scratch_delta=0.000 scratch_gauss=0.0000
[future_seed_loop stage=2:51-55] step=2000 ce=0.8517 total=0.8800 loop1=0.9631 loop_last=0.8517 exact_margin=0.0000 softmin=0.000 upd_l=0.950 upd_h=0.950 fb_next=0.000 fb_corrupt=0.000 fb_conf=0.000 scratch_delta=0.000 scratch_gauss=0.0000
[checkpoint_eval step=2000 holes53] loop5 exact=0.0195 blank=0.5449
[train_checkpoint step=2000] path=/huyang2/double-loop/.worktrees/gdn-transition-d224l12-nockpt-long-4346594-20260701T1125Z/runs/gdn-transition-d224l12-nockpt-long-s3000-20260701T1125Z-4346594/checkpoints/train_state_step002000.pt
[future_seed_loop stage=2:51-55] step=2100 ce=0.8360 total=0.8659 loop1=0.9529 loop_last=0.8360 exact_margin=0.0000 softmin=0.000 upd_l=0.950 upd_h=0.950 fb_next=0.000 fb_corrupt=0.000 fb_conf=0.000 scratch_delta=0.000 scratch_gauss=0.0000
[future_seed_loop stage=2:51-55] step=2200 ce=0.8232 total=0.8541 loop1=0.9484 loop_last=0.8232 exact_margin=0.0000 softmin=0.000 upd_l=0.950 upd_h=0.950 fb_next=0.000 fb_corrupt=0.000 fb_conf=0.000 scratch_delta=0.000 scratch_gauss=0.0000
[future_seed_loop stage=2:51-55] step=2300 ce=0.8165 total=0.8489 loop1=0.9462 loop_last=0.8165 exact_margin=0.0000 softmin=0.000 upd_l=0.950 upd_h=0.950 fb_next=0.000 fb_corrupt=0.000 fb_conf=0.000 scratch_delta=0.000 scratch_gauss=0.0000
[future_seed_loop stage=2:51-55] step=2400 ce=0.8049 total=0.8415 loop1=0.9475 loop_last=0.8049 exact_margin=0.0000 softmin=0.000 upd_l=0.950 upd_h=0.950 fb_next=0.000 fb_corrupt=0.000 fb_conf=0.000 scratch_delta=0.000 scratch_gauss=0.0000
[future_seed_loop stage=2:51-55] step=2500 ce=0.8441 total=0.8768 loop1=0.9712 loop_last=0.8441 exact_margin=0.0000 softmin=0.000 upd_l=0.950 upd_h=0.950 fb_next=0.000 fb_corrupt=0.000 fb_conf=0.000 scratch_delta=0.000 scratch_gauss=0.0000
[train_checkpoint step=2500] path=/huyang2/double-loop/.worktrees/gdn-transition-d224l12-nockpt-long-4346594-20260701T1125Z/runs/gdn-transition-d224l12-nockpt-long-s3000-20260701T1125Z-4346594/checkpoints/train_state_step002500.pt
[future_seed_loop stage=2:51-55] step=2600 ce=0.7766 total=0.8205 loop1=0.9425 loop_last=0.7766 exact_margin=0.0000 softmin=0.000 upd_l=0.950 upd_h=0.950 fb_next=0.000 fb_corrupt=0.000 fb_conf=0.000 scratch_delta=0.000 scratch_gauss=0.0000
[future_seed_loop stage=2:51-55] step=2700 ce=0.7474 total=0.7987 loop1=0.9320 loop_last=0.7474 exact_margin=0.0000 softmin=0.000 upd_l=0.950 upd_h=0.950 fb_next=0.000 fb_corrupt=0.000 fb_conf=0.000 scratch_delta=0.000 scratch_gauss=0.0000
[future_seed_loop stage=2:51-55] step=2800 ce=0.7515 total=0.7997 loop1=0.9346 loop_last=0.7515 exact_margin=0.0000 softmin=0.000 upd_l=0.950 upd_h=0.950 fb_next=0.000 fb_corrupt=0.000 fb_conf=0.000 scratch_delta=0.000 scratch_gauss=0.0000
[future_seed_loop stage=2:51-55] step=2900 ce=0.7845 total=0.8321 loop1=0.9631 loop_last=0.7845 exact_margin=0.0000 softmin=0.000 upd_l=0.950 upd_h=0.950 fb_next=0.000 fb_corrupt=0.000 fb_conf=0.000 scratch_delta=0.000 scratch_gauss=0.0000
[future_seed_loop stage=2:51-55] step=3000 ce=0.7943 total=0.8400 loop1=0.9681 loop_last=0.7943 exact_margin=0.0000 softmin=0.000 upd_l=0.950 upd_h=0.950 fb_next=0.000 fb_corrupt=0.000 fb_conf=0.000 scratch_delta=0.000 scratch_gauss=0.0000
[checkpoint_eval step=3000 holes53] loop5 exact=0.0352 blank=0.5750
[train_checkpoint step=3000] path=/huyang2/double-loop/.worktrees/gdn-transition-d224l12-nockpt-long-4346594-20260701T1125Z/runs/gdn-transition-d224l12-nockpt-long-s3000-20260701T1125Z-4346594/checkpoints/train_state_step003000.pt

full-board metrics
loop=1 exact=0.0215, valid=0.0215, solved=0.0215, blank_acc=0.5215, early=0.5165, late=0.5234, early_late_gap=-0.0069
        fs_gate=0.481, fs_update=1.000, fs_state_norm=15.378, fs_decay=0.00, fb_in=0.000, fb_next=0.000, loop_time=0.000, upd_l=0.950, upd_h=0.950, scratch_gate=0.000, scratch_decay=0.000, scratch_delta=0.000, scratch_resid=0.000
loop=2 exact=0.0234, valid=0.0234, solved=0.0234, blank_acc=0.5675, early=0.5664, late=0.5699, early_late_gap=-0.0035
        fs_gate=0.481, fs_update=1.000, fs_state_norm=15.378, fs_decay=0.00, fb_in=0.000, fb_next=0.000, loop_time=0.000, upd_l=0.950, upd_h=0.950, scratch_gate=0.000, scratch_decay=0.000, scratch_delta=0.000, scratch_resid=0.000
loop=3 exact=0.0371, valid=0.0371, solved=0.0371, blank_acc=0.5844, early=0.5836, late=0.5880, early_late_gap=-0.0044
        fs_gate=0.481, fs_update=1.000, fs_state_norm=15.378, fs_decay=0.00, fb_in=0.000, fb_next=0.000, loop_time=0.000, upd_l=0.950, upd_h=0.950, scratch_gate=0.000, scratch_decay=0.000, scratch_delta=0.000, scratch_resid=0.000
loop=4 exact=0.0352, valid=0.0352, solved=0.0352, blank_acc=0.5882, early=0.5883, late=0.5921, early_late_gap=-0.0038
        fs_gate=0.481, fs_update=1.000, fs_state_norm=15.378, fs_decay=0.00, fb_in=0.000, fb_next=0.000, loop_time=0.000, upd_l=0.950, upd_h=0.950, scratch_gate=0.000, scratch_decay=0.000, scratch_delta=0.000, scratch_resid=0.000
loop=5 exact=0.0410, valid=0.0410, solved=0.0410, blank_acc=0.5897, early=0.5904, late=0.5932, early_late_gap=-0.0029
        fs_gate=0.481, fs_update=1.000, fs_state_norm=15.378, fs_decay=0.00, fb_in=0.000, fb_next=0.000, loop_time=0.000, upd_l=0.950, upd_h=0.950, scratch_gate=0.000, scratch_decay=0.000, scratch_delta=0.000, scratch_resid=0.000

official sudoku eval split=test eval_n=512 seed=1051

official blank-range metrics
b46_50 blanks=46-50 n=512 exact=1.0000, valid=1.0000, solved=1.0000, blank_acc=1.0000, early=1.0000, late=1.0000, early_late_gap=+0.0000
b51_55 blanks=51-55 n=512 exact=0.0195, valid=0.0195, solved=0.0195, blank_acc=0.6441, early=0.6492, late=0.6387, early_late_gap=+0.0106
b56_64 blanks=56-64 n=512 exact=0.0137, valid=0.0137, solved=0.0137, blank_acc=0.5266, early=0.5226, late=0.5269, early_late_gap=-0.0043

case-bank artifacts
official_b46_50 exact=0.9948 blank_acc=0.9997 selected={'solved_by_loop': 3, 'almost_solved': 1, 'hard_failure': 0}
  index=/huyang2/double-loop/.worktrees/gdn-transition-d224l12-nockpt-long-4346594-20260701T1125Z/runs/gdn-transition-d224l12-nockpt-long-s3000-20260701T1125Z-4346594/output/case_bank/official_b46_50/index.html
  cases=/huyang2/double-loop/.worktrees/gdn-transition-d224l12-nockpt-long-4346594-20260701T1125Z/runs/gdn-transition-d224l12-nockpt-long-s3000-20260701T1125Z-4346594/output/case_bank/official_b46_50/cases.json
official_b51_55 exact=0.0260 blank_acc=0.6522 selected={'solved_by_loop': 3, 'almost_solved': 3, 'hard_failure': 3}
  index=/huyang2/double-loop/.worktrees/gdn-transition-d224l12-nockpt-long-4346594-20260701T1125Z/runs/gdn-transition-d224l12-nockpt-long-s3000-20260701T1125Z-4346594/output/case_bank/official_b51_55/index.html
  cases=/huyang2/double-loop/.worktrees/gdn-transition-d224l12-nockpt-long-4346594-20260701T1125Z/runs/gdn-transition-d224l12-nockpt-long-s3000-20260701T1125Z-4346594/output/case_bank/official_b51_55/cases.json
official_b56_64 exact=0.0000 blank_acc=0.5231 selected={'solved_by_loop': 0, 'almost_solved': 3, 'hard_failure': 3}
  index=/huyang2/double-loop/.worktrees/gdn-transition-d224l12-nockpt-long-4346594-20260701T1125Z/runs/gdn-transition-d224l12-nockpt-long-s3000-20260701T1125Z-4346594/output/case_bank/official_b56_64/index.html
  cases=/huyang2/double-loop/.worktrees/gdn-transition-d224l12-nockpt-long-4346594-20260701T1125Z/runs/gdn-transition-d224l12-nockpt-long-s3000-20260701T1125Z-4346594/output/case_bank/official_b56_64/cases.json
Depth loop adds useful full-board refinement.
wrote /huyang2/double-loop/.worktrees/gdn-transition-d224l12-nockpt-long-4346594-20260701T1125Z/runs/gdn-transition-d224l12-nockpt-long-s3000-20260701T1125Z-4346594/output/futureseed_loop_seed52.json
wrote /huyang2/double-loop/.worktrees/gdn-transition-d224l12-nockpt-long-4346594-20260701T1125Z/runs/gdn-transition-d224l12-nockpt-long-s3000-20260701T1125Z-4346594/output/futureseed_loop_seed52.md
wrote /huyang2/double-loop/.worktrees/gdn-transition-d224l12-nockpt-long-4346594-20260701T1125Z/runs/gdn-transition-d224l12-nockpt-long-s3000-20260701T1125Z-4346594/output/futureseed_loop_case_seed52.html
