mode=full
run_dir=/huyang2/double-loop/.worktrees/fla-kda-bf4b338-20260719/runs/fla-kda-futureseed-sudoku-gate-20260719T043622Z-bf4b338
git_sha=bf4b33820599f2f5782c128ac55b5a867d7e9d3d
git_dirty=0
Current Python version 3.10 is below the recommended 3.11 version. It is recommended to upgrade to Python 3.11 or higher for the best experience.
device=cuda torch=2.7.0+cu126 board=9x9 box=3x3 mainline=future_seed_loop backbone=kda rwkv_kernel=auto gdn_mode=chunk forward_dtype=bfloat16
checkpoint_eval steps=300,600 holes=16
[future_seed_loop stage=1:46-64] step=0100 ce=1.8847 total=1.8845 loop1=1.8841 loop_last=1.8847 exact_margin=0.0000 softmin=0.000 upd_l=0.950 upd_h=0.950 fb_next=0.000 fb_corrupt=0.000 fb_conf=0.000 hagg_norm=0.000 hagg_raw=0.000 hagg_ent=0.000 hagg_maxw=0.000 hagg_clip=0.000 scratch_delta=0.000 scratch_gauss=0.0000
[future_seed_loop stage=1:46-64] step=0200 ce=1.6858 total=1.6859 loop1=1.6871 loop_last=1.6858 exact_margin=0.0000 softmin=0.000 upd_l=0.950 upd_h=0.950 fb_next=0.000 fb_corrupt=0.000 fb_conf=0.000 hagg_norm=0.000 hagg_raw=0.000 hagg_ent=0.000 hagg_maxw=0.000 hagg_clip=0.000 scratch_delta=0.000 scratch_gauss=0.0000
[future_seed_loop stage=1:46-64] step=0300 ce=1.3464 total=1.3468 loop1=1.3492 loop_last=1.3464 exact_margin=0.0000 softmin=0.000 upd_l=0.950 upd_h=0.950 fb_next=0.000 fb_corrupt=0.000 fb_conf=0.000 hagg_norm=0.000 hagg_raw=0.000 hagg_ent=0.000 hagg_maxw=0.000 hagg_clip=0.000 scratch_delta=0.000 scratch_gauss=0.0000
[checkpoint_eval step=0300 holes16] loop4 exact=0.0000 blank=0.3884
[train_checkpoint step=0300] path=/huyang2/double-loop/models/fla-kda-futureseed-sudoku-gate-20260719T043622Z-bf4b338/checkpoints/train_state_step000300.pt
[future_seed_loop stage=1:46-64] step=0400 ce=1.1911 total=1.1929 loop1=1.1986 loop_last=1.1911 exact_margin=0.0000 softmin=0.000 upd_l=0.950 upd_h=0.950 fb_next=0.000 fb_corrupt=0.000 fb_conf=0.000 hagg_norm=0.000 hagg_raw=0.000 hagg_ent=0.000 hagg_maxw=0.000 hagg_clip=0.000 scratch_delta=0.000 scratch_gauss=0.0000
[future_seed_loop stage=1:46-64] step=0500 ce=1.1519 total=1.1545 loop1=1.1615 loop_last=1.1519 exact_margin=0.0000 softmin=0.000 upd_l=0.950 upd_h=0.950 fb_next=0.000 fb_corrupt=0.000 fb_conf=0.000 hagg_norm=0.000 hagg_raw=0.000 hagg_ent=0.000 hagg_maxw=0.000 hagg_clip=0.000 scratch_delta=0.000 scratch_gauss=0.0000
[future_seed_loop stage=1:46-64] step=0600 ce=1.1141 total=1.1183 loop1=1.1293 loop_last=1.1141 exact_margin=0.0000 softmin=0.000 upd_l=0.950 upd_h=0.950 fb_next=0.000 fb_corrupt=0.000 fb_conf=0.000 hagg_norm=0.000 hagg_raw=0.000 hagg_ent=0.000 hagg_maxw=0.000 hagg_clip=0.000 scratch_delta=0.000 scratch_gauss=0.0000
[checkpoint_eval step=0600 holes16] loop4 exact=0.0000 blank=0.4695
[train_checkpoint step=0600] path=/huyang2/double-loop/models/fla-kda-futureseed-sudoku-gate-20260719T043622Z-bf4b338/checkpoints/train_state_step000600.pt

full-board metrics
loop=1 exact=0.0010, valid=0.0010, solved=0.0010, blank_acc=0.4626, early=0.4653, late=0.4706, early_late_gap=-0.0053
        fs_gate=0.483, fs_update=1.000, fs_state_norm=7.722, fs_decay=0.00, fs_raw_rms=0.250, fs_raw_rms_std=0.019, fs_norm_gain=1.000, fs_norm_gain_std=0.000, fb_in=0.000, fb_next=0.000, loop_time=0.000, upd_l=0.950, upd_h=0.950, scratch_gate=0.000, scratch_decay=0.000, scratch_delta=0.000, scratch_resid=0.000
loop=2 exact=0.0010, valid=0.0010, solved=0.0010, blank_acc=0.4693, early=0.4742, late=0.4748, early_late_gap=-0.0007
        fs_gate=0.483, fs_update=1.000, fs_state_norm=7.722, fs_decay=0.00, fs_raw_rms=0.246, fs_raw_rms_std=0.020, fs_norm_gain=1.000, fs_norm_gain_std=0.000, fb_in=0.000, fb_next=0.000, loop_time=0.000, upd_l=0.950, upd_h=0.950, scratch_gate=0.000, scratch_decay=0.000, scratch_delta=0.000, scratch_resid=0.000
loop=3 exact=0.0010, valid=0.0010, solved=0.0010, blank_acc=0.4696, early=0.4742, late=0.4749, early_late_gap=-0.0007
        fs_gate=0.483, fs_update=1.000, fs_state_norm=7.722, fs_decay=0.00, fs_raw_rms=0.246, fs_raw_rms_std=0.020, fs_norm_gain=1.000, fs_norm_gain_std=0.000, fb_in=0.000, fb_next=0.000, loop_time=0.000, upd_l=0.950, upd_h=0.950, scratch_gate=0.000, scratch_decay=0.000, scratch_delta=0.000, scratch_resid=0.000
loop=4 exact=0.0010, valid=0.0010, solved=0.0010, blank_acc=0.4697, early=0.4742, late=0.4752, early_late_gap=-0.0010
        fs_gate=0.483, fs_update=1.000, fs_state_norm=7.722, fs_decay=0.00, fs_raw_rms=0.245, fs_raw_rms_std=0.020, fs_norm_gain=1.000, fs_norm_gain_std=0.000, fb_in=0.000, fb_next=0.000, loop_time=0.000, upd_l=0.950, upd_h=0.950, scratch_gate=0.000, scratch_decay=0.000, scratch_delta=0.000, scratch_resid=0.000

official sudoku eval split=test eval_n=1024 seed=1051

official blank-range metrics
b46_50 blanks=46-50 n=1024 exact=0.0127, valid=0.0127, solved=0.0127, blank_acc=0.8970, early=0.8910, late=0.9238, early_late_gap=-0.0328
b51_55 blanks=51-55 n=1024 exact=0.0000, valid=0.0000, solved=0.0000, blank_acc=0.4922, early=0.4891, late=0.5041, early_late_gap=-0.0150
b56_64 blanks=56-64 n=1024 exact=0.0000, valid=0.0000, solved=0.0000, blank_acc=0.4410, early=0.4426, late=0.4462, early_late_gap=-0.0036

case-bank artifacts
official_b46_50 exact=0.0156 blank_acc=0.8960 selected={'solved_by_loop': 3, 'almost_solved': 4, 'hard_failure': 4}
  index=/huyang2/double-loop/.worktrees/fla-kda-bf4b338-20260719/runs/fla-kda-futureseed-sudoku-gate-20260719T043622Z-bf4b338/output/case_bank/official_b46_50/index.html
  cases=/huyang2/double-loop/.worktrees/fla-kda-bf4b338-20260719/runs/fla-kda-futureseed-sudoku-gate-20260719T043622Z-bf4b338/output/case_bank/official_b46_50/cases.json
official_b51_55 exact=0.0000 blank_acc=0.4879 selected={'solved_by_loop': 0, 'almost_solved': 0, 'hard_failure': 4}
  index=/huyang2/double-loop/.worktrees/fla-kda-bf4b338-20260719/runs/fla-kda-futureseed-sudoku-gate-20260719T043622Z-bf4b338/output/case_bank/official_b51_55/index.html
  cases=/huyang2/double-loop/.worktrees/fla-kda-bf4b338-20260719/runs/fla-kda-futureseed-sudoku-gate-20260719T043622Z-bf4b338/output/case_bank/official_b51_55/cases.json
official_b56_64 exact=0.0000 blank_acc=0.4429 selected={'solved_by_loop': 0, 'almost_solved': 0, 'hard_failure': 4}
  index=/huyang2/double-loop/.worktrees/fla-kda-bf4b338-20260719/runs/fla-kda-futureseed-sudoku-gate-20260719T043622Z-bf4b338/output/case_bank/official_b56_64/index.html
  cases=/huyang2/double-loop/.worktrees/fla-kda-bf4b338-20260719/runs/fla-kda-futureseed-sudoku-gate-20260719T043622Z-bf4b338/output/case_bank/official_b56_64/cases.json
Depth loop is neutral on full-board exact in this run.
wrote /huyang2/double-loop/.worktrees/fla-kda-bf4b338-20260719/runs/fla-kda-futureseed-sudoku-gate-20260719T043622Z-bf4b338/output/futureseed_loop_seed52.json
wrote /huyang2/double-loop/.worktrees/fla-kda-bf4b338-20260719/runs/fla-kda-futureseed-sudoku-gate-20260719T043622Z-bf4b338/output/futureseed_loop_seed52.md
wrote /huyang2/double-loop/.worktrees/fla-kda-bf4b338-20260719/runs/fla-kda-futureseed-sudoku-gate-20260719T043622Z-bf4b338/output/futureseed_loop_case_seed52.html
