mode=full
run_dir=/huyang2/double-loop/runs/sudoku-backbone-kda-s500-sharedinit-20260724T154020Z-6e51f06
git_sha=6e51f067a18d936bda7f3d588b7b3f32625b2b18
git_dirty=0
Current Python version 3.10 is below the recommended 3.11 version. It is recommended to upgrade to Python 3.11 or higher for the best experience.
device=cuda torch=2.7.0+cu126 board=9x9 box=3x3 mainline=future_seed_loop backbone=kda rwkv_kernel=statepassing gdn_mode=chunk gdn_progressive_base_expand_v=0.0 forward_dtype=bfloat16
checkpoint_eval steps=500 holes=53
[future_seed_loop stage=1:46-50] step=0100 ce=1.6411 total=1.6398 loop1=1.6371 loop_last=1.6411 exact_margin=0.0000 softmin=0.000 upd_l=0.950 upd_h=0.950 fb_next=0.000 fb_corrupt=0.000 fb_conf=0.000 hagg_norm=0.000 hagg_raw=0.000 hagg_ent=0.000 hagg_maxw=0.000 hagg_clip=0.000 scratch_delta=0.000 scratch_gauss=0.0000
[future_seed_loop stage=2:51-55] step=0200 ce=1.3358 total=1.3355 loop1=1.3366 loop_last=1.3358 exact_margin=0.0000 softmin=0.000 upd_l=0.950 upd_h=0.950 fb_next=0.000 fb_corrupt=0.000 fb_conf=0.000 hagg_norm=0.000 hagg_raw=0.000 hagg_ent=0.000 hagg_maxw=0.000 hagg_clip=0.000 scratch_delta=0.000 scratch_gauss=0.0000
[future_seed_loop stage=2:51-55] step=0300 ce=1.1019 total=1.1066 loop1=1.1233 loop_last=1.1019 exact_margin=0.0000 softmin=0.000 upd_l=0.950 upd_h=0.950 fb_next=0.000 fb_corrupt=0.000 fb_conf=0.000 hagg_norm=0.000 hagg_raw=0.000 hagg_ent=0.000 hagg_maxw=0.000 hagg_clip=0.000 scratch_delta=0.000 scratch_gauss=0.0000
[future_seed_loop stage=2:51-55] step=0400 ce=1.0370 total=1.0458 loop1=1.0776 loop_last=1.0370 exact_margin=0.0000 softmin=0.000 upd_l=0.950 upd_h=0.950 fb_next=0.000 fb_corrupt=0.000 fb_conf=0.000 hagg_norm=0.000 hagg_raw=0.000 hagg_ent=0.000 hagg_maxw=0.000 hagg_clip=0.000 scratch_delta=0.000 scratch_gauss=0.0000
[future_seed_loop stage=2:51-55] step=0500 ce=1.0179 total=1.0269 loop1=1.0582 loop_last=1.0179 exact_margin=0.0000 softmin=0.000 upd_l=0.950 upd_h=0.950 fb_next=0.000 fb_corrupt=0.000 fb_conf=0.000 hagg_norm=0.000 hagg_raw=0.000 hagg_ent=0.000 hagg_maxw=0.000 hagg_clip=0.000 scratch_delta=0.000 scratch_gauss=0.0000
[checkpoint_eval step=0500 holes53] loop5 exact=0.0000 blank=0.5362
[train_checkpoint step=0500] path=/huyang2/double-loop/models/sudoku-backbone-kda-s500-sharedinit-20260724T154020Z-6e51f06/checkpoints/train_state_step000500.pt

full-board metrics
loop=1 exact=0.0020, valid=0.0020, solved=0.0020, blank_acc=0.4816, early=0.4721, late=0.4911, early_late_gap=-0.0191
        fs_gate=0.494, fs_update=1.000, fs_state_norm=15.806, fs_decay=0.00, fs_raw_rms=0.240, fs_raw_rms_std=0.011, fs_norm_gain=1.000, fs_norm_gain_std=0.000, fb_in=0.000, fb_next=0.000, loop_time=0.000, upd_l=0.950, upd_h=0.950, scratch_gate=0.000, scratch_decay=0.000, scratch_delta=0.000, scratch_resid=0.000
loop=2 exact=0.0156, valid=0.0156, solved=0.0156, blank_acc=0.4999, early=0.4916, late=0.5073, early_late_gap=-0.0157
        fs_gate=0.494, fs_update=1.000, fs_state_norm=15.806, fs_decay=0.00, fs_raw_rms=0.225, fs_raw_rms_std=0.013, fs_norm_gain=1.000, fs_norm_gain_std=0.000, fb_in=0.000, fb_next=0.000, loop_time=0.000, upd_l=0.950, upd_h=0.950, scratch_gate=0.000, scratch_decay=0.000, scratch_delta=0.000, scratch_resid=0.000
loop=3 exact=0.0176, valid=0.0176, solved=0.0176, blank_acc=0.5008, early=0.4924, late=0.5088, early_late_gap=-0.0164
        fs_gate=0.494, fs_update=1.000, fs_state_norm=15.806, fs_decay=0.00, fs_raw_rms=0.221, fs_raw_rms_std=0.013, fs_norm_gain=1.000, fs_norm_gain_std=0.000, fb_in=0.000, fb_next=0.000, loop_time=0.000, upd_l=0.950, upd_h=0.950, scratch_gate=0.000, scratch_decay=0.000, scratch_delta=0.000, scratch_resid=0.000
loop=4 exact=0.0176, valid=0.0176, solved=0.0176, blank_acc=0.5009, early=0.4929, late=0.5078, early_late_gap=-0.0149
        fs_gate=0.494, fs_update=1.000, fs_state_norm=15.806, fs_decay=0.00, fs_raw_rms=0.219, fs_raw_rms_std=0.013, fs_norm_gain=1.000, fs_norm_gain_std=0.000, fb_in=0.000, fb_next=0.000, loop_time=0.000, upd_l=0.950, upd_h=0.950, scratch_gate=0.000, scratch_decay=0.000, scratch_delta=0.000, scratch_resid=0.000
loop=5 exact=0.0176, valid=0.0176, solved=0.0176, blank_acc=0.5012, early=0.4928, late=0.5083, early_late_gap=-0.0156
        fs_gate=0.494, fs_update=1.000, fs_state_norm=15.806, fs_decay=0.00, fs_raw_rms=0.219, fs_raw_rms_std=0.013, fs_norm_gain=1.000, fs_norm_gain_std=0.000, fb_in=0.000, fb_next=0.000, loop_time=0.000, upd_l=0.950, upd_h=0.950, scratch_gate=0.000, scratch_decay=0.000, scratch_delta=0.000, scratch_resid=0.000

official sudoku eval split=test eval_n=512 seed=1051

official blank-range metrics
b46_50 blanks=46-50 n=512 exact=0.6465, valid=0.6465, solved=0.6465, blank_acc=0.9854, early=0.9814, late=0.9898, early_late_gap=-0.0084
b51_55 blanks=51-55 n=512 exact=0.0000, valid=0.0000, solved=0.0000, blank_acc=0.5217, early=0.5230, late=0.5170, early_late_gap=+0.0060
b56_64 blanks=56-64 n=512 exact=0.0000, valid=0.0000, solved=0.0000, blank_acc=0.4664, early=0.4631, late=0.4684, early_late_gap=-0.0053

case-bank artifacts
official_b46_50 exact=0.6328 blank_acc=0.9841 selected={'solved_by_loop': 4, 'almost_solved': 4, 'hard_failure': 4}
  index=/huyang2/double-loop/runs/sudoku-backbone-kda-s500-sharedinit-20260724T154020Z-6e51f06/output/case_bank/official_b46_50/index.html
  cases=/huyang2/double-loop/runs/sudoku-backbone-kda-s500-sharedinit-20260724T154020Z-6e51f06/output/case_bank/official_b46_50/cases.json
official_b51_55 exact=0.0000 blank_acc=0.5210 selected={'solved_by_loop': 0, 'almost_solved': 0, 'hard_failure': 4}
  index=/huyang2/double-loop/runs/sudoku-backbone-kda-s500-sharedinit-20260724T154020Z-6e51f06/output/case_bank/official_b51_55/index.html
  cases=/huyang2/double-loop/runs/sudoku-backbone-kda-s500-sharedinit-20260724T154020Z-6e51f06/output/case_bank/official_b51_55/cases.json
official_b56_64 exact=0.0000 blank_acc=0.4683 selected={'solved_by_loop': 0, 'almost_solved': 0, 'hard_failure': 4}
  index=/huyang2/double-loop/runs/sudoku-backbone-kda-s500-sharedinit-20260724T154020Z-6e51f06/output/case_bank/official_b56_64/index.html
  cases=/huyang2/double-loop/runs/sudoku-backbone-kda-s500-sharedinit-20260724T154020Z-6e51f06/output/case_bank/official_b56_64/cases.json
Depth loop adds useful full-board refinement.
wrote /huyang2/double-loop/runs/sudoku-backbone-kda-s500-sharedinit-20260724T154020Z-6e51f06/output/futureseed_loop_seed52.json
wrote /huyang2/double-loop/runs/sudoku-backbone-kda-s500-sharedinit-20260724T154020Z-6e51f06/output/futureseed_loop_seed52.md
wrote /huyang2/double-loop/runs/sudoku-backbone-kda-s500-sharedinit-20260724T154020Z-6e51f06/output/futureseed_loop_case_seed52.html
