mode=full
run_dir=/huyang2/double-loop/.worktrees/pscale029-full-diversity-formal-eeb38f5-20260711T1518Z/runs/gdn-full-diversity-d224l12-fs-step4500-evalviz-20260715T1811Z-eeb38f5
git_sha=eeb38f5b6f9b6c1b1df0bbd3ca149daec06a171d
git_dirty=0
device=cuda torch=2.7.0+cu126 board=9x9 box=3x3 mainline=future_seed_loop backbone=gdn rwkv_kernel=auto gdn_mode=triton_recurrent forward_dtype=bfloat16
resumed_train_checkpoint path=/huyang2/double-loop/models/gdn-full-diversity-d224l12-s6000-20260711T1510Z-eeb38f5/checkpoints/train_state_step004500.pt step=4500 reason=eval_checkpoint

full-board metrics
loop=1 exact=0.0234, valid=0.0234, solved=0.0234, blank_acc=0.5396, early=0.5337, late=0.5420, early_late_gap=-0.0083
        fs_gate=0.469, fs_update=1.000, fs_state_norm=15.005, fs_decay=0.00, fs_raw_rms=0.290, fs_raw_rms_std=0.027, fs_norm_gain=1.000, fs_norm_gain_std=0.000, fb_in=0.000, fb_next=0.000, loop_time=0.000, upd_l=0.950, upd_h=0.950, scratch_gate=0.000, scratch_decay=0.000, scratch_delta=0.000, scratch_resid=0.000
loop=2 exact=0.0234, valid=0.0234, solved=0.0234, blank_acc=0.5929, early=0.5889, late=0.5957, early_late_gap=-0.0068
        fs_gate=0.469, fs_update=1.000, fs_state_norm=15.005, fs_decay=0.00, fs_raw_rms=0.282, fs_raw_rms_std=0.031, fs_norm_gain=1.000, fs_norm_gain_std=0.000, fb_in=0.000, fb_next=0.000, loop_time=0.000, upd_l=0.950, upd_h=0.950, scratch_gate=0.000, scratch_decay=0.000, scratch_delta=0.000, scratch_resid=0.000
loop=3 exact=0.0684, valid=0.0684, solved=0.0684, blank_acc=0.6198, early=0.6144, late=0.6229, early_late_gap=-0.0085
        fs_gate=0.469, fs_update=1.000, fs_state_norm=15.005, fs_decay=0.00, fs_raw_rms=0.295, fs_raw_rms_std=0.040, fs_norm_gain=1.000, fs_norm_gain_std=0.000, fb_in=0.000, fb_next=0.000, loop_time=0.000, upd_l=0.950, upd_h=0.950, scratch_gate=0.000, scratch_decay=0.000, scratch_delta=0.000, scratch_resid=0.000
loop=4 exact=0.1055, valid=0.1055, solved=0.1055, blank_acc=0.6270, early=0.6203, late=0.6312, early_late_gap=-0.0109
        fs_gate=0.469, fs_update=1.000, fs_state_norm=15.005, fs_decay=0.00, fs_raw_rms=0.302, fs_raw_rms_std=0.046, fs_norm_gain=1.000, fs_norm_gain_std=0.000, fb_in=0.000, fb_next=0.000, loop_time=0.000, upd_l=0.950, upd_h=0.950, scratch_gate=0.000, scratch_decay=0.000, scratch_delta=0.000, scratch_resid=0.000
loop=5 exact=0.1113, valid=0.1113, solved=0.1113, blank_acc=0.6283, early=0.6211, late=0.6326, early_late_gap=-0.0115
        fs_gate=0.469, fs_update=1.000, fs_state_norm=15.005, fs_decay=0.00, fs_raw_rms=0.304, fs_raw_rms_std=0.047, fs_norm_gain=1.000, fs_norm_gain_std=0.000, fb_in=0.000, fb_next=0.000, loop_time=0.000, upd_l=0.950, upd_h=0.950, scratch_gate=0.000, scratch_decay=0.000, scratch_delta=0.000, scratch_resid=0.000

official sudoku eval split=test eval_n=512 seed=1051

official blank-range metrics
b46_50 blanks=46-50 n=512 exact=1.0000, valid=1.0000, solved=1.0000, blank_acc=1.0000, early=1.0000, late=1.0000, early_late_gap=+0.0000
b51_55 blanks=51-55 n=512 exact=0.1875, valid=0.1875, solved=0.1875, blank_acc=0.7250, early=0.7255, late=0.7247, early_late_gap=+0.0008
b56_64 blanks=56-64 n=512 exact=0.0605, valid=0.0605, solved=0.0605, blank_acc=0.5447, early=0.5447, late=0.5364, early_late_gap=+0.0082

case-bank artifacts
official_b46_50 exact=1.0000 blank_acc=1.0000 selected={'solved_by_loop': 4, 'almost_solved': 0, 'hard_failure': 0}
  index=/huyang2/double-loop/.worktrees/pscale029-full-diversity-formal-eeb38f5-20260711T1518Z/runs/gdn-full-diversity-d224l12-fs-step4500-evalviz-20260715T1811Z-eeb38f5/output/case_bank/official_b46_50/index.html
  cases=/huyang2/double-loop/.worktrees/pscale029-full-diversity-formal-eeb38f5-20260711T1518Z/runs/gdn-full-diversity-d224l12-fs-step4500-evalviz-20260715T1811Z-eeb38f5/output/case_bank/official_b46_50/cases.json
official_b51_55 exact=0.2109 blank_acc=0.7405 selected={'solved_by_loop': 4, 'almost_solved': 4, 'hard_failure': 4}
  index=/huyang2/double-loop/.worktrees/pscale029-full-diversity-formal-eeb38f5-20260711T1518Z/runs/gdn-full-diversity-d224l12-fs-step4500-evalviz-20260715T1811Z-eeb38f5/output/case_bank/official_b51_55/index.html
  cases=/huyang2/double-loop/.worktrees/pscale029-full-diversity-formal-eeb38f5-20260711T1518Z/runs/gdn-full-diversity-d224l12-fs-step4500-evalviz-20260715T1811Z-eeb38f5/output/case_bank/official_b51_55/cases.json
official_b56_64 exact=0.0234 blank_acc=0.5405 selected={'solved_by_loop': 4, 'almost_solved': 4, 'hard_failure': 4}
  index=/huyang2/double-loop/.worktrees/pscale029-full-diversity-formal-eeb38f5-20260711T1518Z/runs/gdn-full-diversity-d224l12-fs-step4500-evalviz-20260715T1811Z-eeb38f5/output/case_bank/official_b56_64/index.html
  cases=/huyang2/double-loop/.worktrees/pscale029-full-diversity-formal-eeb38f5-20260711T1518Z/runs/gdn-full-diversity-d224l12-fs-step4500-evalviz-20260715T1811Z-eeb38f5/output/case_bank/official_b56_64/cases.json
Depth loop adds useful full-board refinement.
wrote /huyang2/double-loop/.worktrees/pscale029-full-diversity-formal-eeb38f5-20260711T1518Z/runs/gdn-full-diversity-d224l12-fs-step4500-evalviz-20260715T1811Z-eeb38f5/output/futureseed_loop_seed52.json
wrote /huyang2/double-loop/.worktrees/pscale029-full-diversity-formal-eeb38f5-20260711T1518Z/runs/gdn-full-diversity-d224l12-fs-step4500-evalviz-20260715T1811Z-eeb38f5/output/futureseed_loop_seed52.md
wrote /huyang2/double-loop/.worktrees/pscale029-full-diversity-formal-eeb38f5-20260711T1518Z/runs/gdn-full-diversity-d224l12-fs-step4500-evalviz-20260715T1811Z-eeb38f5/output/futureseed_loop_case_seed52.html
built visualizations for 1 run(s)
recorded run=gdn-full-diversity-d224l12-fs-step4500-evalviz-20260715T1811Z-eeb38f5 score=0.111328125 key=metrics.eval_clean.loop5.label_exact
completed run_dir=/huyang2/double-loop/.worktrees/pscale029-full-diversity-formal-eeb38f5-20260711T1518Z/runs/gdn-full-diversity-d224l12-fs-step4500-evalviz-20260715T1811Z-eeb38f5
