mode=smoke
run_dir=/huyang2/double-loop/.worktrees/gradaccum-d320-b24x3-smoke-20260615T0444Z-f0a4efe/runs/gradaccum-d320-b24x3-smoke-20260615T0444Z-f0a4efe
git_sha=f0a4efe561b2123dafce7cc9d5b06a92131afe12
git_dirty=0
device=cuda torch=2.7.0+cu126 board=12x12 box=3x4 mainline=future_seed_loop rwkv_kernel=statepassing forward_dtype=bfloat16
[future_seed_loop stage=1:2-4] step=0001 ce=2.6063 total=2.6063 loop1=2.6063 loop_last=2.6063 scratch_delta=0.000 scratch_gauss=0.0000
[future_seed_loop stage=1:2-4] step=0002 ce=2.3856 total=2.4067 loop1=2.4777 loop_last=2.3856 scratch_delta=0.000 scratch_gauss=0.0000

full-board metrics
loop=1 exact=0.0000, valid=0.0000, solved=0.0000, blank_acc=0.0000
        fs_gate=0.500, fs_update=1.000, fs_state_norm=15.998, fs_decay=0.00, fb_in=0.000, fb_next=0.000, loop_time=0.000, scratch_gate=0.000, scratch_decay=0.000, scratch_delta=0.000, scratch_resid=0.000
loop=2 exact=0.0000, valid=0.0000, solved=0.0000, blank_acc=0.0000
        fs_gate=0.500, fs_update=1.000, fs_state_norm=15.998, fs_decay=0.00, fb_in=0.000, fb_next=0.000, loop_time=0.000, scratch_gate=0.000, scratch_decay=0.000, scratch_delta=0.000, scratch_resid=0.000
loop=3 exact=0.0000, valid=0.0000, solved=0.0000, blank_acc=0.0000
        fs_gate=0.500, fs_update=1.000, fs_state_norm=15.998, fs_decay=0.00, fb_in=0.000, fb_next=0.000, loop_time=0.000, scratch_gate=0.000, scratch_decay=0.000, scratch_delta=0.000, scratch_resid=0.000
loop=4 exact=0.0000, valid=0.0000, solved=0.0000, blank_acc=0.0000
        fs_gate=0.500, fs_update=1.000, fs_state_norm=15.998, fs_decay=0.00, fb_in=0.000, fb_next=0.000, loop_time=0.000, scratch_gate=0.000, scratch_decay=0.000, scratch_delta=0.000, scratch_resid=0.000
loop=5 exact=0.0000, valid=0.0000, solved=0.0000, blank_acc=0.0000
        fs_gate=0.500, fs_update=1.000, fs_state_norm=15.998, fs_decay=0.00, fb_in=0.000, fb_next=0.000, loop_time=0.000, scratch_gate=0.000, scratch_decay=0.000, scratch_delta=0.000, scratch_resid=0.000
loop=6 exact=0.0000, valid=0.0000, solved=0.0000, blank_acc=0.0000
        fs_gate=0.500, fs_update=1.000, fs_state_norm=15.998, fs_decay=0.00, fb_in=0.000, fb_next=0.000, loop_time=0.000, scratch_gate=0.000, scratch_decay=0.000, scratch_delta=0.000, scratch_resid=0.000

stochastic rollout metrics
K1 oracle_exact=0.0000 oracle_solved=0.0000 disagree=0.0000
  confidence exact=0.0000, valid=0.0000, solved=0.0000, blank_acc=0.0000; gap=0.0000
  consistency exact=0.0000, valid=0.0000, solved=0.0000, blank_acc=0.0000; gap=0.0000
  residual    exact=0.0000, valid=0.0000, solved=0.0000, blank_acc=0.0000; gap=0.0000
  majority    exact=0.0000, valid=0.0000, solved=0.0000, blank_acc=0.0000; gap=0.0000
Depth loop is neutral on full-board exact in this run.
wrote /huyang2/double-loop/.worktrees/gradaccum-d320-b24x3-smoke-20260615T0444Z-f0a4efe/runs/gradaccum-d320-b24x3-smoke-20260615T0444Z-f0a4efe/output/futureseed_loop_seed52.json
wrote /huyang2/double-loop/.worktrees/gradaccum-d320-b24x3-smoke-20260615T0444Z-f0a4efe/runs/gradaccum-d320-b24x3-smoke-20260615T0444Z-f0a4efe/output/futureseed_loop_seed52.md
wrote /huyang2/double-loop/.worktrees/gradaccum-d320-b24x3-smoke-20260615T0444Z-f0a4efe/runs/gradaccum-d320-b24x3-smoke-20260615T0444Z-f0a4efe/output/futureseed_loop_case_seed52.html
