mode=full
run_dir=/huyang2/double-loop/.worktrees/final-baseline-sparse-16f56e8/runs/sudoku-backbone-gdn2-s500-20260723T061503Z-manual-8c7c759
git_sha=8c7c7596987b365877603419ad4a7e0b91486119
git_dirty=1
Current Python version 3.10 is below the recommended 3.11 version. It is recommended to upgrade to Python 3.11 or higher for the best experience.
device=cuda torch=2.7.0+cu126 board=9x9 box=3x3 mainline=future_seed_loop backbone=gdn2 rwkv_kernel=statepassing gdn_mode=chunk gdn_progressive_base_expand_v=0.0 forward_dtype=bfloat16
checkpoint_eval steps=500 holes=53
[future_seed_loop stage=1:46-50] step=0100 ce=1.6055 total=1.6056 loop1=1.6063 loop_last=1.6055 exact_margin=0.0000 softmin=0.000 upd_l=0.950 upd_h=0.950 fb_next=0.000 fb_corrupt=0.000 fb_conf=0.000 hagg_norm=0.000 hagg_raw=0.000 hagg_ent=0.000 hagg_maxw=0.000 hagg_clip=0.000 scratch_delta=0.000 scratch_gauss=0.0000
[future_seed_loop stage=2:51-55] step=0200 ce=1.2766 total=1.2780 loop1=1.2838 loop_last=1.2766 exact_margin=0.0000 softmin=0.000 upd_l=0.950 upd_h=0.950 fb_next=0.000 fb_corrupt=0.000 fb_conf=0.000 hagg_norm=0.000 hagg_raw=0.000 hagg_ent=0.000 hagg_maxw=0.000 hagg_clip=0.000 scratch_delta=0.000 scratch_gauss=0.0000
[future_seed_loop stage=2:51-55] step=0300 ce=1.0815 total=1.0850 loop1=1.0980 loop_last=1.0815 exact_margin=0.0000 softmin=0.000 upd_l=0.950 upd_h=0.950 fb_next=0.000 fb_corrupt=0.000 fb_conf=0.000 hagg_norm=0.000 hagg_raw=0.000 hagg_ent=0.000 hagg_maxw=0.000 hagg_clip=0.000 scratch_delta=0.000 scratch_gauss=0.0000
[future_seed_loop stage=2:51-55] step=0400 ce=1.0341 total=1.0396 loop1=1.0592 loop_last=1.0341 exact_margin=0.0000 softmin=0.000 upd_l=0.950 upd_h=0.950 fb_next=0.000 fb_corrupt=0.000 fb_conf=0.000 hagg_norm=0.000 hagg_raw=0.000 hagg_ent=0.000 hagg_maxw=0.000 hagg_clip=0.000 scratch_delta=0.000 scratch_gauss=0.0000
[future_seed_loop stage=2:51-55] step=0500 ce=1.0114 total=1.0175 loop1=1.0389 loop_last=1.0114 exact_margin=0.0000 softmin=0.000 upd_l=0.950 upd_h=0.950 fb_next=0.000 fb_corrupt=0.000 fb_conf=0.000 hagg_norm=0.000 hagg_raw=0.000 hagg_ent=0.000 hagg_maxw=0.000 hagg_clip=0.000 scratch_delta=0.000 scratch_gauss=0.0000
[checkpoint_eval step=0500 holes53] loop5 exact=0.0176 blank=0.4955
[train_checkpoint step=0500] path=/huyang2/double-loop/models/sudoku-backbone-gdn2-s500-20260723T061503Z-manual-8c7c759/checkpoints/train_state_step000500.pt

full-board metrics
loop=1 exact=0.0078, valid=0.0078, solved=0.0078, blank_acc=0.4904, early=0.4833, late=0.4949, early_late_gap=-0.0116
        fs_gate=0.504, fs_update=1.000, fs_state_norm=22.789, fs_decay=0.00, fs_raw_rms=0.469, fs_raw_rms_std=0.032, fs_norm_gain=1.000, fs_norm_gain_std=0.000, fb_in=0.000, fb_next=0.000, loop_time=0.000, upd_l=0.950, upd_h=0.950, scratch_gate=0.000, scratch_decay=0.000, scratch_delta=0.000, scratch_resid=0.000
loop=2 exact=0.0176, valid=0.0176, solved=0.0176, blank_acc=0.5007, early=0.4952, late=0.5065, early_late_gap=-0.0113
        fs_gate=0.504, fs_update=1.000, fs_state_norm=22.789, fs_decay=0.00, fs_raw_rms=0.450, fs_raw_rms_std=0.033, fs_norm_gain=1.000, fs_norm_gain_std=0.000, fb_in=0.000, fb_next=0.000, loop_time=0.000, upd_l=0.950, upd_h=0.950, scratch_gate=0.000, scratch_decay=0.000, scratch_delta=0.000, scratch_resid=0.000
loop=3 exact=0.0195, valid=0.0195, solved=0.0195, blank_acc=0.5016, early=0.4958, late=0.5079, early_late_gap=-0.0121
        fs_gate=0.504, fs_update=1.000, fs_state_norm=22.789, fs_decay=0.00, fs_raw_rms=0.443, fs_raw_rms_std=0.033, fs_norm_gain=1.000, fs_norm_gain_std=0.000, fb_in=0.000, fb_next=0.000, loop_time=0.000, upd_l=0.950, upd_h=0.950, scratch_gate=0.000, scratch_decay=0.000, scratch_delta=0.000, scratch_resid=0.000
loop=4 exact=0.0195, valid=0.0195, solved=0.0195, blank_acc=0.5012, early=0.4973, late=0.5067, early_late_gap=-0.0094
        fs_gate=0.504, fs_update=1.000, fs_state_norm=22.789, fs_decay=0.00, fs_raw_rms=0.442, fs_raw_rms_std=0.033, fs_norm_gain=1.000, fs_norm_gain_std=0.000, fb_in=0.000, fb_next=0.000, loop_time=0.000, upd_l=0.950, upd_h=0.950, scratch_gate=0.000, scratch_decay=0.000, scratch_delta=0.000, scratch_resid=0.000
loop=5 exact=0.0195, valid=0.0195, solved=0.0195, blank_acc=0.5013, early=0.4971, late=0.5070, early_late_gap=-0.0099
        fs_gate=0.504, fs_update=1.000, fs_state_norm=22.789, fs_decay=0.00, fs_raw_rms=0.441, fs_raw_rms_std=0.033, fs_norm_gain=1.000, fs_norm_gain_std=0.000, fb_in=0.000, fb_next=0.000, loop_time=0.000, upd_l=0.950, upd_h=0.950, scratch_gate=0.000, scratch_decay=0.000, scratch_delta=0.000, scratch_resid=0.000

official sudoku eval split=test eval_n=512 seed=1051

official blank-range metrics
b46_50 blanks=46-50 n=512 exact=0.7754, valid=0.7754, solved=0.7754, blank_acc=0.9916, early=0.9891, late=0.9927, early_late_gap=-0.0036
b51_55 blanks=51-55 n=512 exact=0.0000, valid=0.0000, solved=0.0000, blank_acc=0.5199, early=0.5167, late=0.5179, early_late_gap=-0.0012
b56_64 blanks=56-64 n=512 exact=0.0000, valid=0.0000, solved=0.0000, blank_acc=0.4712, early=0.4657, late=0.4704, early_late_gap=-0.0046

case-bank artifacts
official_b46_50 exact=0.7539 blank_acc=0.9907 selected={'solved_by_loop': 4, 'almost_solved': 4, 'hard_failure': 3}
  index=/huyang2/double-loop/.worktrees/final-baseline-sparse-16f56e8/runs/sudoku-backbone-gdn2-s500-20260723T061503Z-manual-8c7c759/output/case_bank/official_b46_50/index.html
  cases=/huyang2/double-loop/.worktrees/final-baseline-sparse-16f56e8/runs/sudoku-backbone-gdn2-s500-20260723T061503Z-manual-8c7c759/output/case_bank/official_b46_50/cases.json
official_b51_55 exact=0.0000 blank_acc=0.5231 selected={'solved_by_loop': 0, 'almost_solved': 0, 'hard_failure': 4}
  index=/huyang2/double-loop/.worktrees/final-baseline-sparse-16f56e8/runs/sudoku-backbone-gdn2-s500-20260723T061503Z-manual-8c7c759/output/case_bank/official_b51_55/index.html
  cases=/huyang2/double-loop/.worktrees/final-baseline-sparse-16f56e8/runs/sudoku-backbone-gdn2-s500-20260723T061503Z-manual-8c7c759/output/case_bank/official_b51_55/cases.json
official_b56_64 exact=0.0000 blank_acc=0.4697 selected={'solved_by_loop': 0, 'almost_solved': 0, 'hard_failure': 4}
  index=/huyang2/double-loop/.worktrees/final-baseline-sparse-16f56e8/runs/sudoku-backbone-gdn2-s500-20260723T061503Z-manual-8c7c759/output/case_bank/official_b56_64/index.html
  cases=/huyang2/double-loop/.worktrees/final-baseline-sparse-16f56e8/runs/sudoku-backbone-gdn2-s500-20260723T061503Z-manual-8c7c759/output/case_bank/official_b56_64/cases.json
Depth loop adds useful full-board refinement.
wrote /huyang2/double-loop/.worktrees/final-baseline-sparse-16f56e8/runs/sudoku-backbone-gdn2-s500-20260723T061503Z-manual-8c7c759/output/futureseed_loop_seed52.json
wrote /huyang2/double-loop/.worktrees/final-baseline-sparse-16f56e8/runs/sudoku-backbone-gdn2-s500-20260723T061503Z-manual-8c7c759/output/futureseed_loop_seed52.md
wrote /huyang2/double-loop/.worktrees/final-baseline-sparse-16f56e8/runs/sudoku-backbone-gdn2-s500-20260723T061503Z-manual-8c7c759/output/futureseed_loop_case_seed52.html
