mode=full
run_dir=/huyang2/double-loop/.worktrees/pscale034-upperbound-f8e009b-20260717/runs/gdn-full-diversity-d224l12-upperbound-s16000-lease-20260719T025124Z-f8e009b
git_sha=f8e009bedcb0a6db88a49a79fc77b260cb3f3f30
git_dirty=0
device=cuda torch=2.7.0+cu126 board=9x9 box=3x3 mainline=future_seed_loop backbone=gdn rwkv_kernel=auto gdn_mode=triton_recurrent forward_dtype=bfloat16
checkpoint_eval steps=16000 holes=53,60,64
resumed_train_checkpoint path=/huyang2/double-loop/models/gdn-full-diversity-d224l12-s6000-20260711T1510Z-eeb38f5/checkpoints/train_state_step015425.pt step=15425 reason=periodic
[future_seed_loop stage=3:51-64] step=15450 ce=0.5892 total=0.6918 loop1=0.9096 loop_last=0.5892 exact_margin=0.0000 softmin=0.000 upd_l=0.950 upd_h=0.950 fb_next=0.000 fb_corrupt=0.000 fb_conf=0.000 hagg_norm=0.000 hagg_raw=0.000 hagg_ent=0.000 hagg_maxw=0.000 hagg_clip=0.000 scratch_delta=0.000 scratch_gauss=0.0000
[train_checkpoint step=15450] path=/huyang2/double-loop/models/gdn-full-diversity-d224l12-s6000-20260711T1510Z-eeb38f5/checkpoints/train_state_step015450.pt
[future_seed_loop stage=3:51-64] step=15475 ce=0.5247 total=0.6392 loop1=0.8962 loop_last=0.5247 exact_margin=0.0000 softmin=0.000 upd_l=0.950 upd_h=0.950 fb_next=0.000 fb_corrupt=0.000 fb_conf=0.000 hagg_norm=0.000 hagg_raw=0.000 hagg_ent=0.000 hagg_maxw=0.000 hagg_clip=0.000 scratch_delta=0.000 scratch_gauss=0.0000
[train_checkpoint step=15475] path=/huyang2/double-loop/models/gdn-full-diversity-d224l12-s6000-20260711T1510Z-eeb38f5/checkpoints/train_state_step015475.pt
[future_seed_loop stage=3:51-64] step=15500 ce=0.5596 total=0.6644 loop1=0.9010 loop_last=0.5596 exact_margin=0.0000 softmin=0.000 upd_l=0.950 upd_h=0.950 fb_next=0.000 fb_corrupt=0.000 fb_conf=0.000 hagg_norm=0.000 hagg_raw=0.000 hagg_ent=0.000 hagg_maxw=0.000 hagg_clip=0.000 scratch_delta=0.000 scratch_gauss=0.0000
[train_checkpoint step=15500] path=/huyang2/double-loop/models/gdn-full-diversity-d224l12-s6000-20260711T1510Z-eeb38f5/checkpoints/train_state_step015500.pt
[future_seed_loop stage=3:51-64] step=15525 ce=0.6044 total=0.7076 loop1=0.9120 loop_last=0.6044 exact_margin=0.0000 softmin=0.000 upd_l=0.950 upd_h=0.950 fb_next=0.000 fb_corrupt=0.000 fb_conf=0.000 hagg_norm=0.000 hagg_raw=0.000 hagg_ent=0.000 hagg_maxw=0.000 hagg_clip=0.000 scratch_delta=0.000 scratch_gauss=0.0000
[train_checkpoint step=15525] path=/huyang2/double-loop/models/gdn-full-diversity-d224l12-s6000-20260711T1510Z-eeb38f5/checkpoints/train_state_step015525.pt
[future_seed_loop stage=3:51-64] step=15550 ce=0.5340 total=0.6469 loop1=0.8949 loop_last=0.5340 exact_margin=0.0000 softmin=0.000 upd_l=0.950 upd_h=0.950 fb_next=0.000 fb_corrupt=0.000 fb_conf=0.000 hagg_norm=0.000 hagg_raw=0.000 hagg_ent=0.000 hagg_maxw=0.000 hagg_clip=0.000 scratch_delta=0.000 scratch_gauss=0.0000
[train_checkpoint step=15550] path=/huyang2/double-loop/models/gdn-full-diversity-d224l12-s6000-20260711T1510Z-eeb38f5/checkpoints/train_state_step015550.pt
[future_seed_loop stage=3:51-64] step=15575 ce=0.5296 total=0.6349 loop1=0.8745 loop_last=0.5296 exact_margin=0.0000 softmin=0.000 upd_l=0.950 upd_h=0.950 fb_next=0.000 fb_corrupt=0.000 fb_conf=0.000 hagg_norm=0.000 hagg_raw=0.000 hagg_ent=0.000 hagg_maxw=0.000 hagg_clip=0.000 scratch_delta=0.000 scratch_gauss=0.0000
[train_checkpoint step=15575] path=/huyang2/double-loop/models/gdn-full-diversity-d224l12-s6000-20260711T1510Z-eeb38f5/checkpoints/train_state_step015575.pt
[future_seed_loop stage=3:51-64] step=15600 ce=0.6289 total=0.7224 loop1=0.9317 loop_last=0.6289 exact_margin=0.0000 softmin=0.000 upd_l=0.950 upd_h=0.950 fb_next=0.000 fb_corrupt=0.000 fb_conf=0.000 hagg_norm=0.000 hagg_raw=0.000 hagg_ent=0.000 hagg_maxw=0.000 hagg_clip=0.000 scratch_delta=0.000 scratch_gauss=0.0000
[train_checkpoint step=15600] path=/huyang2/double-loop/models/gdn-full-diversity-d224l12-s6000-20260711T1510Z-eeb38f5/checkpoints/train_state_step015600.pt
[future_seed_loop stage=3:51-64] step=15625 ce=0.5731 total=0.6706 loop1=0.8882 loop_last=0.5731 exact_margin=0.0000 softmin=0.000 upd_l=0.950 upd_h=0.950 fb_next=0.000 fb_corrupt=0.000 fb_conf=0.000 hagg_norm=0.000 hagg_raw=0.000 hagg_ent=0.000 hagg_maxw=0.000 hagg_clip=0.000 scratch_delta=0.000 scratch_gauss=0.0000
[train_checkpoint step=15625] path=/huyang2/double-loop/models/gdn-full-diversity-d224l12-s6000-20260711T1510Z-eeb38f5/checkpoints/train_state_step015625.pt
[future_seed_loop stage=3:51-64] step=15650 ce=0.6085 total=0.7142 loop1=0.9341 loop_last=0.6085 exact_margin=0.0000 softmin=0.000 upd_l=0.950 upd_h=0.950 fb_next=0.000 fb_corrupt=0.000 fb_conf=0.000 hagg_norm=0.000 hagg_raw=0.000 hagg_ent=0.000 hagg_maxw=0.000 hagg_clip=0.000 scratch_delta=0.000 scratch_gauss=0.0000
[train_checkpoint step=15650] path=/huyang2/double-loop/models/gdn-full-diversity-d224l12-s6000-20260711T1510Z-eeb38f5/checkpoints/train_state_step015650.pt
[future_seed_loop stage=3:51-64] step=15675 ce=0.5901 total=0.6816 loop1=0.8992 loop_last=0.5901 exact_margin=0.0000 softmin=0.000 upd_l=0.950 upd_h=0.950 fb_next=0.000 fb_corrupt=0.000 fb_conf=0.000 hagg_norm=0.000 hagg_raw=0.000 hagg_ent=0.000 hagg_maxw=0.000 hagg_clip=0.000 scratch_delta=0.000 scratch_gauss=0.0000
[train_checkpoint step=15675] path=/huyang2/double-loop/models/gdn-full-diversity-d224l12-s6000-20260711T1510Z-eeb38f5/checkpoints/train_state_step015675.pt
[future_seed_loop stage=3:51-64] step=15700 ce=0.5753 total=0.6833 loop1=0.9171 loop_last=0.5753 exact_margin=0.0000 softmin=0.000 upd_l=0.950 upd_h=0.950 fb_next=0.000 fb_corrupt=0.000 fb_conf=0.000 hagg_norm=0.000 hagg_raw=0.000 hagg_ent=0.000 hagg_maxw=0.000 hagg_clip=0.000 scratch_delta=0.000 scratch_gauss=0.0000
[train_checkpoint step=15700] path=/huyang2/double-loop/models/gdn-full-diversity-d224l12-s6000-20260711T1510Z-eeb38f5/checkpoints/train_state_step015700.pt
[future_seed_loop stage=3:51-64] step=15725 ce=0.5723 total=0.6690 loop1=0.8801 loop_last=0.5723 exact_margin=0.0000 softmin=0.000 upd_l=0.950 upd_h=0.950 fb_next=0.000 fb_corrupt=0.000 fb_conf=0.000 hagg_norm=0.000 hagg_raw=0.000 hagg_ent=0.000 hagg_maxw=0.000 hagg_clip=0.000 scratch_delta=0.000 scratch_gauss=0.0000
[train_checkpoint step=15725] path=/huyang2/double-loop/models/gdn-full-diversity-d224l12-s6000-20260711T1510Z-eeb38f5/checkpoints/train_state_step015725.pt
[future_seed_loop stage=3:51-64] step=15750 ce=0.6236 total=0.7142 loop1=0.9200 loop_last=0.6236 exact_margin=0.0000 softmin=0.000 upd_l=0.950 upd_h=0.950 fb_next=0.000 fb_corrupt=0.000 fb_conf=0.000 hagg_norm=0.000 hagg_raw=0.000 hagg_ent=0.000 hagg_maxw=0.000 hagg_clip=0.000 scratch_delta=0.000 scratch_gauss=0.0000
[train_checkpoint step=15750] path=/huyang2/double-loop/models/gdn-full-diversity-d224l12-s6000-20260711T1510Z-eeb38f5/checkpoints/train_state_step015750.pt
[future_seed_loop stage=3:51-64] step=15775 ce=0.6160 total=0.7126 loop1=0.9149 loop_last=0.6160 exact_margin=0.0000 softmin=0.000 upd_l=0.950 upd_h=0.950 fb_next=0.000 fb_corrupt=0.000 fb_conf=0.000 hagg_norm=0.000 hagg_raw=0.000 hagg_ent=0.000 hagg_maxw=0.000 hagg_clip=0.000 scratch_delta=0.000 scratch_gauss=0.0000
[train_checkpoint step=15775] path=/huyang2/double-loop/models/gdn-full-diversity-d224l12-s6000-20260711T1510Z-eeb38f5/checkpoints/train_state_step015775.pt
[future_seed_loop stage=3:51-64] step=15800 ce=0.5583 total=0.6732 loop1=0.9062 loop_last=0.5583 exact_margin=0.0000 softmin=0.000 upd_l=0.950 upd_h=0.950 fb_next=0.000 fb_corrupt=0.000 fb_conf=0.000 hagg_norm=0.000 hagg_raw=0.000 hagg_ent=0.000 hagg_maxw=0.000 hagg_clip=0.000 scratch_delta=0.000 scratch_gauss=0.0000
[train_checkpoint step=15800] path=/huyang2/double-loop/models/gdn-full-diversity-d224l12-s6000-20260711T1510Z-eeb38f5/checkpoints/train_state_step015800.pt
[future_seed_loop stage=3:51-64] step=15825 ce=0.5973 total=0.7021 loop1=0.9239 loop_last=0.5973 exact_margin=0.0000 softmin=0.000 upd_l=0.950 upd_h=0.950 fb_next=0.000 fb_corrupt=0.000 fb_conf=0.000 hagg_norm=0.000 hagg_raw=0.000 hagg_ent=0.000 hagg_maxw=0.000 hagg_clip=0.000 scratch_delta=0.000 scratch_gauss=0.0000
[train_checkpoint step=15825] path=/huyang2/double-loop/models/gdn-full-diversity-d224l12-s6000-20260711T1510Z-eeb38f5/checkpoints/train_state_step015825.pt
[future_seed_loop stage=3:51-64] step=15850 ce=0.5819 total=0.6917 loop1=0.9167 loop_last=0.5819 exact_margin=0.0000 softmin=0.000 upd_l=0.950 upd_h=0.950 fb_next=0.000 fb_corrupt=0.000 fb_conf=0.000 hagg_norm=0.000 hagg_raw=0.000 hagg_ent=0.000 hagg_maxw=0.000 hagg_clip=0.000 scratch_delta=0.000 scratch_gauss=0.0000
[train_checkpoint step=15850] path=/huyang2/double-loop/models/gdn-full-diversity-d224l12-s6000-20260711T1510Z-eeb38f5/checkpoints/train_state_step015850.pt
[future_seed_loop stage=3:51-64] step=15875 ce=0.6199 total=0.7183 loop1=0.9209 loop_last=0.6199 exact_margin=0.0000 softmin=0.000 upd_l=0.950 upd_h=0.950 fb_next=0.000 fb_corrupt=0.000 fb_conf=0.000 hagg_norm=0.000 hagg_raw=0.000 hagg_ent=0.000 hagg_maxw=0.000 hagg_clip=0.000 scratch_delta=0.000 scratch_gauss=0.0000
[train_checkpoint step=15875] path=/huyang2/double-loop/models/gdn-full-diversity-d224l12-s6000-20260711T1510Z-eeb38f5/checkpoints/train_state_step015875.pt
[future_seed_loop stage=3:51-64] step=15900 ce=0.4639 total=0.6020 loop1=0.8777 loop_last=0.4639 exact_margin=0.0000 softmin=0.000 upd_l=0.950 upd_h=0.950 fb_next=0.000 fb_corrupt=0.000 fb_conf=0.000 hagg_norm=0.000 hagg_raw=0.000 hagg_ent=0.000 hagg_maxw=0.000 hagg_clip=0.000 scratch_delta=0.000 scratch_gauss=0.0000
[train_checkpoint step=15900] path=/huyang2/double-loop/models/gdn-full-diversity-d224l12-s6000-20260711T1510Z-eeb38f5/checkpoints/train_state_step015900.pt
[future_seed_loop stage=3:51-64] step=15925 ce=0.6283 total=0.7190 loop1=0.9323 loop_last=0.6283 exact_margin=0.0000 softmin=0.000 upd_l=0.950 upd_h=0.950 fb_next=0.000 fb_corrupt=0.000 fb_conf=0.000 hagg_norm=0.000 hagg_raw=0.000 hagg_ent=0.000 hagg_maxw=0.000 hagg_clip=0.000 scratch_delta=0.000 scratch_gauss=0.0000
[train_checkpoint step=15925] path=/huyang2/double-loop/models/gdn-full-diversity-d224l12-s6000-20260711T1510Z-eeb38f5/checkpoints/train_state_step015925.pt
[future_seed_loop stage=3:51-64] step=15950 ce=0.5707 total=0.6710 loop1=0.8998 loop_last=0.5707 exact_margin=0.0000 softmin=0.000 upd_l=0.950 upd_h=0.950 fb_next=0.000 fb_corrupt=0.000 fb_conf=0.000 hagg_norm=0.000 hagg_raw=0.000 hagg_ent=0.000 hagg_maxw=0.000 hagg_clip=0.000 scratch_delta=0.000 scratch_gauss=0.0000
[train_checkpoint step=15950] path=/huyang2/double-loop/models/gdn-full-diversity-d224l12-s6000-20260711T1510Z-eeb38f5/checkpoints/train_state_step015950.pt
[future_seed_loop stage=3:51-64] step=15975 ce=0.5794 total=0.6846 loop1=0.9157 loop_last=0.5794 exact_margin=0.0000 softmin=0.000 upd_l=0.950 upd_h=0.950 fb_next=0.000 fb_corrupt=0.000 fb_conf=0.000 hagg_norm=0.000 hagg_raw=0.000 hagg_ent=0.000 hagg_maxw=0.000 hagg_clip=0.000 scratch_delta=0.000 scratch_gauss=0.0000
[train_checkpoint step=15975] path=/huyang2/double-loop/models/gdn-full-diversity-d224l12-s6000-20260711T1510Z-eeb38f5/checkpoints/train_state_step015975.pt
[future_seed_loop stage=3:51-64] step=16000 ce=0.5454 total=0.6524 loop1=0.8955 loop_last=0.5454 exact_margin=0.0000 softmin=0.000 upd_l=0.950 upd_h=0.950 fb_next=0.000 fb_corrupt=0.000 fb_conf=0.000 hagg_norm=0.000 hagg_raw=0.000 hagg_ent=0.000 hagg_maxw=0.000 hagg_clip=0.000 scratch_delta=0.000 scratch_gauss=0.0000
[checkpoint_eval step=16000 holes60] loop5 exact=0.4180 blank=0.7612
[train_checkpoint step=16000] path=/huyang2/double-loop/models/gdn-full-diversity-d224l12-s6000-20260711T1510Z-eeb38f5/checkpoints/train_state_step016000.pt

full-board metrics
loop=1 exact=0.0234, valid=0.0234, solved=0.0234, blank_acc=0.5807, early=0.5821, late=0.5833, early_late_gap=-0.0012
        fs_gate=0.432, fs_update=1.000, fs_state_norm=13.831, fs_decay=0.00, fs_raw_rms=0.301, fs_raw_rms_std=0.029, fs_norm_gain=1.000, fs_norm_gain_std=0.000, fb_in=0.000, fb_next=0.000, loop_time=0.000, upd_l=0.950, upd_h=0.950, scratch_gate=0.000, scratch_decay=0.000, scratch_delta=0.000, scratch_resid=0.000
loop=2 exact=0.0586, valid=0.0586, solved=0.0586, blank_acc=0.6794, early=0.6751, late=0.6832, early_late_gap=-0.0082
        fs_gate=0.432, fs_update=1.000, fs_state_norm=13.831, fs_decay=0.00, fs_raw_rms=0.263, fs_raw_rms_std=0.030, fs_norm_gain=1.000, fs_norm_gain_std=0.000, fb_in=0.000, fb_next=0.000, loop_time=0.000, upd_l=0.950, upd_h=0.950, scratch_gate=0.000, scratch_decay=0.000, scratch_delta=0.000, scratch_resid=0.000
loop=3 exact=0.2812, valid=0.2812, solved=0.2812, blank_acc=0.7279, early=0.7273, late=0.7293, early_late_gap=-0.0021
        fs_gate=0.432, fs_update=1.000, fs_state_norm=13.831, fs_decay=0.00, fs_raw_rms=0.286, fs_raw_rms_std=0.057, fs_norm_gain=1.000, fs_norm_gain_std=0.000, fb_in=0.000, fb_next=0.000, loop_time=0.000, upd_l=0.950, upd_h=0.950, scratch_gate=0.000, scratch_decay=0.000, scratch_delta=0.000, scratch_resid=0.000
loop=4 exact=0.3828, valid=0.3828, solved=0.3828, blank_acc=0.7411, early=0.7384, late=0.7419, early_late_gap=-0.0035
        fs_gate=0.432, fs_update=1.000, fs_state_norm=13.831, fs_decay=0.00, fs_raw_rms=0.335, fs_raw_rms_std=0.098, fs_norm_gain=1.000, fs_norm_gain_std=0.000, fb_in=0.000, fb_next=0.000, loop_time=0.000, upd_l=0.950, upd_h=0.950, scratch_gate=0.000, scratch_decay=0.000, scratch_delta=0.000, scratch_resid=0.000
loop=5 exact=0.3945, valid=0.3945, solved=0.3945, blank_acc=0.7432, early=0.7397, late=0.7441, early_late_gap=-0.0044
        fs_gate=0.432, fs_update=1.000, fs_state_norm=13.831, fs_decay=0.00, fs_raw_rms=0.352, fs_raw_rms_std=0.113, fs_norm_gain=1.000, fs_norm_gain_std=0.000, fb_in=0.000, fb_next=0.000, loop_time=0.000, upd_l=0.950, upd_h=0.950, scratch_gate=0.000, scratch_decay=0.000, scratch_delta=0.000, scratch_resid=0.000

official sudoku eval split=test eval_n=512 seed=1051

official blank-range metrics
b46_50 blanks=46-50 n=512 exact=1.0000, valid=1.0000, solved=1.0000, blank_acc=1.0000, early=1.0000, late=1.0000, early_late_gap=+0.0000
b51_55 blanks=51-55 n=512 exact=0.5605, valid=0.5625, solved=0.5605, blank_acc=0.8220, early=0.8210, late=0.8226, early_late_gap=-0.0016
b56_64 blanks=56-64 n=512 exact=0.2598, valid=0.2598, solved=0.2598, blank_acc=0.6782, early=0.6719, late=0.6784, early_late_gap=-0.0065

case-bank artifacts
official_b46_50 exact=1.0000 blank_acc=1.0000 selected={'solved_by_loop': 1, 'almost_solved': 0, 'hard_failure': 0}
  index=/huyang2/double-loop/.worktrees/pscale034-upperbound-f8e009b-20260717/runs/gdn-full-diversity-d224l12-upperbound-s16000-lease-20260719T025124Z-f8e009b/output/case_bank/official_b46_50/index.html
  cases=/huyang2/double-loop/.worktrees/pscale034-upperbound-f8e009b-20260717/runs/gdn-full-diversity-d224l12-upperbound-s16000-lease-20260719T025124Z-f8e009b/output/case_bank/official_b46_50/cases.json
official_b51_55 exact=0.5586 blank_acc=0.8220 selected={'solved_by_loop': 4, 'almost_solved': 4, 'hard_failure': 4}
  index=/huyang2/double-loop/.worktrees/pscale034-upperbound-f8e009b-20260717/runs/gdn-full-diversity-d224l12-upperbound-s16000-lease-20260719T025124Z-f8e009b/output/case_bank/official_b51_55/index.html
  cases=/huyang2/double-loop/.worktrees/pscale034-upperbound-f8e009b-20260717/runs/gdn-full-diversity-d224l12-upperbound-s16000-lease-20260719T025124Z-f8e009b/output/case_bank/official_b51_55/cases.json
official_b56_64 exact=0.2656 blank_acc=0.6821 selected={'solved_by_loop': 4, 'almost_solved': 4, 'hard_failure': 4}
  index=/huyang2/double-loop/.worktrees/pscale034-upperbound-f8e009b-20260717/runs/gdn-full-diversity-d224l12-upperbound-s16000-lease-20260719T025124Z-f8e009b/output/case_bank/official_b56_64/index.html
  cases=/huyang2/double-loop/.worktrees/pscale034-upperbound-f8e009b-20260717/runs/gdn-full-diversity-d224l12-upperbound-s16000-lease-20260719T025124Z-f8e009b/output/case_bank/official_b56_64/cases.json
Depth loop adds useful full-board refinement.
wrote /huyang2/double-loop/.worktrees/pscale034-upperbound-f8e009b-20260717/runs/gdn-full-diversity-d224l12-upperbound-s16000-lease-20260719T025124Z-f8e009b/output/futureseed_loop_seed52.json
wrote /huyang2/double-loop/.worktrees/pscale034-upperbound-f8e009b-20260717/runs/gdn-full-diversity-d224l12-upperbound-s16000-lease-20260719T025124Z-f8e009b/output/futureseed_loop_seed52.md
wrote /huyang2/double-loop/.worktrees/pscale034-upperbound-f8e009b-20260717/runs/gdn-full-diversity-d224l12-upperbound-s16000-lease-20260719T025124Z-f8e009b/output/futureseed_loop_case_seed52.html
