mode=eqr_maze_probe
run_dir=/huyang2/double-loop/worktrees/maze31-hardcorr-efa5ee6-run/runs/maze31-cleanlong-d320l6-loop8x16-s3000-20260621T021639Z-efa5ee6
git_sha=efa5ee62dd0a72e94059f48b7d3d50ffa96ad029
git_dirty=0
device=cuda torch=2.7.0+cu126 params=8565124 eqr_dir=/huyang2/double-loop/repos/eqr
[eqr_maze] step=0100 ce=1.0547 loop1=1.0625 path_f1=0.0000 exact=0.0000 zH=0.0038 zL=0.0033 pred=0.0000 improve=0.0000 rank=0.0000 mass=0.2551 selfcorr=0.0195 hardcorr=1.2436 hw=0.000 margin=0.9034 tversky=0.7907 tw=0.000 fb_gate=0.000 fb_rms=0.0000 path=160-260
[eqr_maze] step=0200 ce=1.0703 loop1=1.0703 path_f1=0.0000 exact=0.0000 zH=0.0028 zL=0.0027 pred=0.0000 improve=0.0000 rank=0.0000 mass=0.3037 selfcorr=0.0192 hardcorr=1.1057 hw=0.000 margin=0.7038 tversky=0.7881 tw=0.000 fb_gate=0.000 fb_rms=0.0000 path=160-260
[eqr_maze] step=0300 ce=1.0547 loop1=1.0547 path_f1=0.0000 exact=0.0000 zH=0.0030 zL=0.0033 pred=0.0000 improve=0.0000 rank=0.0000 mass=0.2707 selfcorr=0.0209 hardcorr=1.2124 hw=0.000 margin=0.8593 tversky=0.7841 tw=0.000 fb_gate=0.000 fb_rms=0.0000 path=160-260
[eqr_maze] step=0400 ce=0.3711 loop1=0.3711 path_f1=0.0000 exact=0.0000 zH=0.0039 zL=0.0038 pred=0.0000 improve=0.0000 rank=0.0000 mass=0.1621 selfcorr=0.0211 hardcorr=0.8641 hw=0.000 margin=0.3785 tversky=0.5641 tw=0.000 fb_gate=0.000 fb_rms=0.0000 path=160-260
[eqr_maze] step=0500 ce=0.3672 loop1=0.3672 path_f1=0.5304 exact=0.0000 zH=0.0040 zL=0.0041 pred=0.0000 improve=0.0000 rank=0.0000 mass=0.1836 selfcorr=0.0402 hardcorr=1.7088 hw=0.000 margin=0.2426 tversky=0.5712 tw=0.000 fb_gate=0.000 fb_rms=0.0000 path=160-260
[eqr_maze] step=0600 ce=0.3711 loop1=0.3711 path_f1=0.5251 exact=0.0000 zH=0.0038 zL=0.0038 pred=0.0000 improve=0.0000 rank=0.0000 mass=0.1843 selfcorr=0.0402 hardcorr=1.7126 hw=0.000 margin=0.2529 tversky=0.5719 tw=0.000 fb_gate=0.000 fb_rms=0.0000 path=160-260
[eqr_maze] step=0700 ce=0.3652 loop1=0.3652 path_f1=0.5363 exact=0.0000 zH=0.0039 zL=0.0039 pred=0.0000 improve=0.0000 rank=0.0000 mass=0.1669 selfcorr=0.0400 hardcorr=1.7109 hw=0.000 margin=0.3418 tversky=0.5624 tw=0.000 fb_gate=0.000 fb_rms=0.0000 path=160-260
[eqr_maze] step=0800 ce=0.3613 loop1=0.3613 path_f1=0.3495 exact=0.0000 zH=0.0040 zL=0.0041 pred=0.0000 improve=0.0000 rank=0.0000 mass=0.1569 selfcorr=0.0423 hardcorr=1.7627 hw=0.000 margin=0.4055 tversky=0.5667 tw=0.000 fb_gate=0.000 fb_rms=0.0000 path=160-260
[eqr_maze] step=0900 ce=0.3613 loop1=0.3613 path_f1=0.5505 exact=0.0000 zH=0.0043 zL=0.0043 pred=0.0000 improve=0.0000 rank=0.0000 mass=0.1721 selfcorr=0.0386 hardcorr=1.7123 hw=0.000 margin=0.2687 tversky=0.5501 tw=0.000 fb_gate=0.000 fb_rms=0.0000 path=160-260
[eqr_maze] step=1000 ce=0.3672 loop1=0.3672 path_f1=0.5490 exact=0.0000 zH=0.0035 zL=0.0035 pred=0.0000 improve=0.0000 rank=0.0000 mass=0.1930 selfcorr=0.0382 hardcorr=1.6921 hw=0.000 margin=0.2255 tversky=0.5681 tw=0.000 fb_gate=0.000 fb_rms=0.0000 path=160-260
[eqr_maze] step=1100 ce=0.3633 loop1=0.3633 path_f1=0.2098 exact=0.0000 zH=0.0037 zL=0.0037 pred=0.0000 improve=0.0000 rank=0.0000 mass=0.1555 selfcorr=0.0321 hardcorr=1.7409 hw=0.000 margin=0.4129 tversky=0.5652 tw=0.000 fb_gate=0.000 fb_rms=0.0000 path=160-260
[eqr_maze] step=1200 ce=0.3633 loop1=0.3652 path_f1=0.4323 exact=0.0000 zH=0.0036 zL=0.0037 pred=0.0000 improve=0.0000 rank=0.0000 mass=0.1702 selfcorr=0.0359 hardcorr=1.7235 hw=0.000 margin=0.3618 tversky=0.5798 tw=0.000 fb_gate=0.000 fb_rms=0.0000 path=160-260
[eqr_maze] step=1300 ce=0.3594 loop1=0.3594 path_f1=0.5728 exact=0.0000 zH=0.0036 zL=0.0037 pred=0.0000 improve=0.0000 rank=0.0000 mass=0.1733 selfcorr=0.0387 hardcorr=1.6831 hw=0.000 margin=0.2505 tversky=0.5499 tw=0.000 fb_gate=0.000 fb_rms=0.0000 path=160-260
[eqr_maze] step=1400 ce=0.3574 loop1=0.3574 path_f1=0.5525 exact=0.0000 zH=0.0037 zL=0.0037 pred=0.0000 improve=0.0000 rank=0.0000 mass=0.1792 selfcorr=0.0396 hardcorr=1.6935 hw=0.000 margin=0.2447 tversky=0.5724 tw=0.000 fb_gate=0.000 fb_rms=0.0000 path=160-260
[eqr_maze] step=1500 ce=0.3633 loop1=0.3633 path_f1=0.5032 exact=0.0000 zH=0.0038 zL=0.0038 pred=0.0000 improve=0.0000 rank=0.0000 mass=0.1689 selfcorr=0.0399 hardcorr=1.7197 hw=0.000 margin=0.3076 tversky=0.5637 tw=0.000 fb_gate=0.000 fb_rms=0.0000 path=160-260
[eqr_maze] step=1600 ce=0.3652 loop1=0.3633 path_f1=0.4433 exact=0.0000 zH=0.0039 zL=0.0039 pred=0.0000 improve=0.0000 rank=0.0000 mass=0.1653 selfcorr=0.0388 hardcorr=1.7415 hw=0.000 margin=0.3542 tversky=0.5695 tw=0.000 fb_gate=0.000 fb_rms=0.0000 path=160-260
[eqr_maze] step=1700 ce=0.3613 loop1=0.3613 path_f1=0.5363 exact=0.0000 zH=0.0040 zL=0.0040 pred=0.0000 improve=0.0000 rank=0.0000 mass=0.1605 selfcorr=0.0399 hardcorr=1.7200 hw=0.000 margin=0.3010 tversky=0.5309 tw=0.000 fb_gate=0.000 fb_rms=0.0000 path=160-260
[eqr_maze] step=1800 ce=0.3633 loop1=0.3633 path_f1=0.5033 exact=0.0000 zH=0.0039 zL=0.0039 pred=0.0000 improve=0.0000 rank=0.0000 mass=0.1704 selfcorr=0.0400 hardcorr=1.7332 hw=0.000 margin=0.3158 tversky=0.5586 tw=0.000 fb_gate=0.000 fb_rms=0.0000 path=160-260
[eqr_maze] step=1900 ce=0.3594 loop1=0.3594 path_f1=0.5643 exact=0.0000 zH=0.0040 zL=0.0040 pred=0.0000 improve=0.0000 rank=0.0000 mass=0.1738 selfcorr=0.0392 hardcorr=1.7085 hw=0.000 margin=0.2544 tversky=0.5438 tw=0.000 fb_gate=0.000 fb_rms=0.0000 path=160-260
[eqr_maze] step=2000 ce=0.3633 loop1=0.3633 path_f1=0.5588 exact=0.0000 zH=0.0040 zL=0.0040 pred=0.0000 improve=0.0000 rank=0.0000 mass=0.1763 selfcorr=0.0394 hardcorr=1.7107 hw=0.000 margin=0.2634 tversky=0.5478 tw=0.000 fb_gate=0.000 fb_rms=0.0000 path=160-260
[eqr_maze] step=2100 ce=0.3633 loop1=0.3633 path_f1=0.5733 exact=0.0000 zH=0.0041 zL=0.0041 pred=0.0000 improve=0.0000 rank=0.0000 mass=0.1880 selfcorr=0.0400 hardcorr=1.7100 hw=0.000 margin=0.2405 tversky=0.5492 tw=0.000 fb_gate=0.000 fb_rms=0.0000 path=160-260
[eqr_maze] step=2200 ce=0.3672 loop1=0.3672 path_f1=0.5685 exact=0.0000 zH=0.0040 zL=0.0041 pred=0.0000 improve=0.0000 rank=0.0000 mass=0.1716 selfcorr=0.0397 hardcorr=1.7198 hw=0.000 margin=0.2655 tversky=0.5401 tw=0.000 fb_gate=0.000 fb_rms=0.0000 path=160-260
[eqr_maze] step=2300 ce=0.3652 loop1=0.3652 path_f1=0.5349 exact=0.0000 zH=0.0042 zL=0.0041 pred=0.0000 improve=0.0000 rank=0.0000 mass=0.1725 selfcorr=0.0395 hardcorr=1.7351 hw=0.000 margin=0.2922 tversky=0.5603 tw=0.000 fb_gate=0.000 fb_rms=0.0000 path=160-260
[eqr_maze] step=2400 ce=0.3652 loop1=0.3652 path_f1=0.5583 exact=0.0000 zH=0.0040 zL=0.0040 pred=0.0000 improve=0.0000 rank=0.0000 mass=0.1841 selfcorr=0.0400 hardcorr=1.7150 hw=0.000 margin=0.2496 tversky=0.5503 tw=0.000 fb_gate=0.000 fb_rms=0.0000 path=160-260
[eqr_maze] step=2500 ce=0.3594 loop1=0.3594 path_f1=0.5382 exact=0.0000 zH=0.0042 zL=0.0042 pred=0.0000 improve=0.0000 rank=0.0000 mass=0.1618 selfcorr=0.0391 hardcorr=1.7253 hw=0.000 margin=0.3051 tversky=0.5426 tw=0.000 fb_gate=0.000 fb_rms=0.0000 path=160-260
[eqr_maze] step=2600 ce=0.3594 loop1=0.3594 path_f1=0.5590 exact=0.0000 zH=0.0042 zL=0.0042 pred=0.0000 improve=0.0000 rank=0.0000 mass=0.1784 selfcorr=0.0392 hardcorr=1.7165 hw=0.000 margin=0.2583 tversky=0.5598 tw=0.000 fb_gate=0.000 fb_rms=0.0000 path=160-260
[eqr_maze] step=2700 ce=0.3555 loop1=0.3555 path_f1=0.5608 exact=0.0000 zH=0.0042 zL=0.0043 pred=0.0000 improve=0.0000 rank=0.0000 mass=0.1710 selfcorr=0.0401 hardcorr=1.7089 hw=0.000 margin=0.2665 tversky=0.5545 tw=0.000 fb_gate=0.000 fb_rms=0.0000 path=160-260
[eqr_maze] step=2800 ce=0.3613 loop1=0.3613 path_f1=0.4349 exact=0.0000 zH=0.0043 zL=0.0043 pred=0.0000 improve=0.0000 rank=0.0000 mass=0.1620 selfcorr=0.0384 hardcorr=1.7476 hw=0.000 margin=0.3574 tversky=0.5663 tw=0.000 fb_gate=0.000 fb_rms=0.0000 path=160-260
[eqr_maze] step=2900 ce=0.3555 loop1=0.3555 path_f1=0.5988 exact=0.0000 zH=0.0042 zL=0.0042 pred=0.0000 improve=0.0000 rank=0.0000 mass=0.1777 selfcorr=0.0398 hardcorr=1.6894 hw=0.000 margin=0.2201 tversky=0.5364 tw=0.000 fb_gate=0.000 fb_rms=0.0000 path=160-260
[eqr_maze] step=3000 ce=0.3691 loop1=0.3691 path_f1=0.4133 exact=0.0000 zH=0.0044 zL=0.0044 pred=0.0000 improve=0.0000 rank=0.0000 mass=0.1595 selfcorr=0.0383 hardcorr=1.7280 hw=0.000 margin=0.3617 tversky=0.5490 tw=0.000 fb_gate=0.000 fb_rms=0.0000 path=160-260
primary loop16 exact=0.0000 path_f1=0.2995 gain=-0.1003
decision=Pivot: path F1 remains low; shorten path curriculum or increase capacity before judging FutureSeed transfer.
wrote /huyang2/double-loop/worktrees/maze31-hardcorr-efa5ee6-run/runs/maze31-cleanlong-d320l6-loop8x16-s3000-20260621T021639Z-efa5ee6/output/eqr_maze_probe_fs1_seed52.json
wrote /huyang2/double-loop/worktrees/maze31-hardcorr-efa5ee6-run/runs/maze31-cleanlong-d320l6-loop8x16-s3000-20260621T021639Z-efa5ee6/output/eqr_maze_probe_fs1_seed52.md
built visualizations for 1 run(s)
/huyang2/double-loop/worktrees/maze31-hardcorr-efa5ee6-run/runs/maze31-cleanlong-d320l6-loop8x16-s3000-20260621T021639Z-efa5ee6/output/visualizations/inline
recorded run=maze31-cleanlong-d320l6-loop8x16-s3000-20260621T021639Z-efa5ee6 score=0.2994774580001831 key=metrics.eval_clean.loop16.path_f1
completed run_dir=/huyang2/double-loop/worktrees/maze31-hardcorr-efa5ee6-run/runs/maze31-cleanlong-d320l6-loop8x16-s3000-20260621T021639Z-efa5ee6
