Current Python version 3.10 is below the recommended 3.11 version. It is recommended to upgrade to Python 3.11 or higher for the best experience.
{
  "batch_size": 4,
  "device": "NVIDIA A800-SXM4-80GB",
  "expanded_backward_peak_mb": 10928.4326171875,
  "expanded_eval_peak_mb": 104.859375,
  "finite_grads": true,
  "forward_dtype": "float32",
  "loop_diagnostics": [
    {
      "loop": 1,
      "max_abs_logit_delta": 2.288818359375e-05,
      "prediction_mismatches": 0,
      "rms_logit_delta": 8.942959652813443e-07
    },
    {
      "loop": 2,
      "max_abs_logit_delta": 1.3589859008789062e-05,
      "prediction_mismatches": 0,
      "rms_logit_delta": 1.0721723811002448e-06
    },
    {
      "loop": 3,
      "max_abs_logit_delta": 1.5139579772949219e-05,
      "prediction_mismatches": 0,
      "rms_logit_delta": 1.7043362277036067e-06
    },
    {
      "loop": 4,
      "max_abs_logit_delta": 1.9550323486328125e-05,
      "prediction_mismatches": 0,
      "rms_logit_delta": 2.9427549179672496e-06
    },
    {
      "loop": 5,
      "max_abs_logit_delta": 2.09808349609375e-05,
      "prediction_mismatches": 0,
      "rms_logit_delta": 3.0229141430027084e-06
    }
  ],
  "loops": 5,
  "max_abs_logit_delta": 2.288818359375e-05,
  "max_rms_logit_delta": 3.0229141430027084e-06,
  "new_branch_o_proj_grad_norm": 0.17166760361292763,
  "new_expand_v": 8.0,
  "old_expand_v": 4.0,
  "original_eval_peak_mb": 69.58984375,
  "passed": true,
  "prediction_mismatches": 0,
  "saved_at_step": 30000,
  "tolerances": {
    "max_abs": 0.001,
    "rms": 0.0001
  },
  "visible_gpu_count": 1
}
