Current Python version 3.10 is below the recommended 3.11 version. It is recommended to upgrade to Python 3.11 or higher for the best experience.
device=cuda torch=2.7.0+cu126 board=9x9 box=3x3 mainline=future_seed_loop backbone=gdn rwkv_kernel=auto gdn_mode=triton_recurrent gdn_progressive_base_expand_v=4.0 forward_dtype=bfloat16
checkpoint_eval steps=30001 holes=60
resumed_train_checkpoint path=/huyang2/double-loop/models/gdn-full-diversity-d224l12-s6000-20260711T1510Z-eeb38f5/checkpoints/train_state_step030000.pt step=30000 reason=eval_checkpoint
[future_seed_loop stage=3:51-64] step=30001 ce=0.5184 total=0.6302 loop1=0.8829 loop_last=0.5184 exact_margin=0.0000 softmin=0.000 upd_l=0.950 upd_h=0.950 fb_next=0.000 fb_corrupt=0.000 fb_conf=0.000 hagg_norm=0.000 hagg_raw=0.000 hagg_ent=0.000 hagg_maxw=0.000 hagg_clip=0.000 scratch_delta=0.000 scratch_gauss=0.0000
[checkpoint_eval step=30001 holes60] loop5 exact=0.7500 blank=0.9132
[train_checkpoint step=30001] path=/huyang2/double-loop/models/gdn-full-diversity-d224l12-expandv8-progressive-20260722/fit_b16/checkpoints/train_state_step030001.pt

full-board metrics
loop=1 exact=0.0000, valid=0.0000, solved=0.0000, blank_acc=0.6489, early=0.6104, late=0.6622, early_late_gap=-0.0518
        fs_gate=0.408, fs_update=1.000, fs_state_norm=18.458, fs_decay=0.00, fs_raw_rms=0.330, fs_raw_rms_std=0.021, fs_norm_gain=1.000, fs_norm_gain_std=0.000, fb_in=0.000, fb_next=0.000, loop_time=0.000, upd_l=0.950, upd_h=0.950, scratch_gate=0.000, scratch_decay=0.000, scratch_delta=0.000, scratch_resid=0.000
loop=2 exact=0.0000, valid=0.0000, solved=0.0000, blank_acc=0.7600, early=0.7403, late=0.7838, early_late_gap=-0.0435
        fs_gate=0.408, fs_update=1.000, fs_state_norm=18.458, fs_decay=0.00, fs_raw_rms=0.281, fs_raw_rms_std=0.020, fs_norm_gain=1.000, fs_norm_gain_std=0.000, fb_in=0.000, fb_next=0.000, loop_time=0.000, upd_l=0.950, upd_h=0.950, scratch_gate=0.000, scratch_decay=0.000, scratch_delta=0.000, scratch_resid=0.000
loop=3 exact=0.2500, valid=0.2500, solved=0.2500, blank_acc=0.8711, early=0.7922, late=0.9054, early_late_gap=-0.1132
        fs_gate=0.408, fs_update=1.000, fs_state_norm=18.458, fs_decay=0.00, fs_raw_rms=0.310, fs_raw_rms_std=0.033, fs_norm_gain=1.000, fs_norm_gain_std=0.000, fb_in=0.000, fb_next=0.000, loop_time=0.000, upd_l=0.950, upd_h=0.950, scratch_gate=0.000, scratch_decay=0.000, scratch_delta=0.000, scratch_resid=0.000
loop=4 exact=0.7500, valid=0.7500, solved=0.7500, blank_acc=0.8622, early=0.8182, late=0.8784, early_late_gap=-0.0602
        fs_gate=0.408, fs_update=1.000, fs_state_norm=18.458, fs_decay=0.00, fs_raw_rms=0.417, fs_raw_rms_std=0.069, fs_norm_gain=1.000, fs_norm_gain_std=0.000, fb_in=0.000, fb_next=0.000, loop_time=0.000, upd_l=0.950, upd_h=0.950, scratch_gate=0.000, scratch_decay=0.000, scratch_delta=0.000, scratch_resid=0.000
loop=5 exact=0.7500, valid=0.7500, solved=0.7500, blank_acc=0.8756, early=0.8182, late=0.8919, early_late_gap=-0.0737
        fs_gate=0.408, fs_update=1.000, fs_state_norm=18.399, fs_decay=0.00, fs_raw_rms=0.455, fs_raw_rms_std=0.100, fs_norm_gain=1.000, fs_norm_gain_std=0.000, fb_in=0.000, fb_next=0.000, loop_time=0.000, upd_l=0.950, upd_h=0.950, scratch_gate=0.000, scratch_decay=0.000, scratch_delta=0.000, scratch_resid=0.000

official sudoku eval split=test eval_n=4 seed=1051
Depth loop adds useful full-board refinement.
wrote /huyang2/double-loop/models/gdn-full-diversity-d224l12-expandv8-progressive-20260722/fit_b16/output/futureseed_loop_seed52.json
wrote /huyang2/double-loop/models/gdn-full-diversity-d224l12-expandv8-progressive-20260722/fit_b16/output/futureseed_loop_seed52.md
wrote /huyang2/double-loop/models/gdn-full-diversity-d224l12-expandv8-progressive-20260722/fit_b16/output/futureseed_loop_case_seed52.html
