mode=full
run_dir=/huyang2/double-loop/.worktrees/gdn-realbwd-official-sudoku-d256-fs-capacity-6ea0b0c-20260626/runs/gdn-d256-official-sudoku-fs-capacity-s1500-20260626T1515Z-6ea0b0c
git_sha=6ea0b0c4b85d595b62ee25cd7623b0d94f6c3042
git_dirty=0
device=cuda torch=2.7.0+cu126 board=9x9 box=3x3 mainline=future_seed_loop backbone=gdn rwkv_kernel=auto gdn_mode=triton_recurrent forward_dtype=bfloat16
[future_seed_loop stage=1:2-4] step=0100 ce=1.8019 total=1.8019 loop1=1.8017 loop_last=1.8019 upd_l=0.950 upd_h=0.950 scratch_delta=0.000 scratch_gauss=0.0000
[future_seed_loop stage=1:2-4] step=0200 ce=1.2742 total=1.2742 loop1=1.2820 loop_last=1.2742 upd_l=0.950 upd_h=0.950 scratch_delta=0.000 scratch_gauss=0.0000
[future_seed_loop stage=1:2-4] step=0300 ce=1.1411 total=1.1411 loop1=1.2183 loop_last=1.1411 upd_l=0.950 upd_h=0.950 scratch_delta=0.000 scratch_gauss=0.0000
[future_seed_loop stage=1:2-4] step=0400 ce=1.0963 total=1.0963 loop1=1.1997 loop_last=1.0963 upd_l=0.950 upd_h=0.950 scratch_delta=0.000 scratch_gauss=0.0000
[future_seed_loop stage=1:2-4] step=0500 ce=1.0544 total=1.0544 loop1=1.2028 loop_last=1.0544 upd_l=0.950 upd_h=0.950 scratch_delta=0.000 scratch_gauss=0.0000
[future_seed_loop stage=1:2-4] step=0600 ce=1.0368 total=1.0368 loop1=1.2015 loop_last=1.0368 upd_l=0.950 upd_h=0.950 scratch_delta=0.000 scratch_gauss=0.0000
[future_seed_loop stage=1:2-4] step=0700 ce=1.0521 total=1.0521 loop1=1.1909 loop_last=1.0521 upd_l=0.950 upd_h=0.950 scratch_delta=0.000 scratch_gauss=0.0000
[future_seed_loop stage=1:2-4] step=0800 ce=1.0150 total=1.0150 loop1=1.1813 loop_last=1.0150 upd_l=0.950 upd_h=0.950 scratch_delta=0.000 scratch_gauss=0.0000
[future_seed_loop stage=1:2-4] step=0900 ce=1.0188 total=1.0188 loop1=1.2336 loop_last=1.0188 upd_l=0.950 upd_h=0.950 scratch_delta=0.000 scratch_gauss=0.0000
[future_seed_loop stage=1:2-4] step=1000 ce=1.0143 total=1.0143 loop1=1.2740 loop_last=1.0143 upd_l=0.950 upd_h=0.950 scratch_delta=0.000 scratch_gauss=0.0000
[future_seed_loop stage=1:2-4] step=1100 ce=0.9975 total=0.9975 loop1=1.2270 loop_last=0.9975 upd_l=0.950 upd_h=0.950 scratch_delta=0.000 scratch_gauss=0.0000
[future_seed_loop stage=1:2-4] step=1200 ce=0.9581 total=0.9581 loop1=1.1371 loop_last=0.9581 upd_l=0.950 upd_h=0.950 scratch_delta=0.000 scratch_gauss=0.0000
[future_seed_loop stage=1:2-4] step=1300 ce=0.9869 total=0.9869 loop1=1.2561 loop_last=0.9869 upd_l=0.950 upd_h=0.950 scratch_delta=0.000 scratch_gauss=0.0000
[future_seed_loop stage=1:2-4] step=1400 ce=1.0355 total=1.0355 loop1=1.2402 loop_last=1.0355 upd_l=0.950 upd_h=0.950 scratch_delta=0.000 scratch_gauss=0.0000
[future_seed_loop stage=1:2-4] step=1500 ce=0.9991 total=0.9991 loop1=1.2564 loop_last=0.9991 upd_l=0.950 upd_h=0.950 scratch_delta=0.000 scratch_gauss=0.0000

full-board metrics
loop=1 exact=0.0020, valid=0.0020, solved=0.0020, blank_acc=0.4481, early=0.4575, late=0.4454, early_late_gap=+0.0121
        fs_gate=0.489, fs_update=1.000, fs_state_norm=7.828, fs_decay=0.00, fb_in=0.000, fb_next=0.000, loop_time=0.000, upd_l=0.950, upd_h=0.950, scratch_gate=0.000, scratch_decay=0.000, scratch_delta=0.000, scratch_resid=0.000
loop=2 exact=0.0288, valid=0.0288, solved=0.0288, blank_acc=0.5187, early=0.5158, late=0.5231, early_late_gap=-0.0073
        fs_gate=0.489, fs_update=1.000, fs_state_norm=7.828, fs_decay=0.00, fb_in=0.000, fb_next=0.000, loop_time=0.000, upd_l=0.950, upd_h=0.950, scratch_gate=0.000, scratch_decay=0.000, scratch_delta=0.000, scratch_resid=0.000
loop=3 exact=0.0288, valid=0.0288, solved=0.0288, blank_acc=0.5288, early=0.5275, late=0.5320, early_late_gap=-0.0046
        fs_gate=0.489, fs_update=1.000, fs_state_norm=7.828, fs_decay=0.00, fb_in=0.000, fb_next=0.000, loop_time=0.000, upd_l=0.950, upd_h=0.950, scratch_gate=0.000, scratch_decay=0.000, scratch_delta=0.000, scratch_resid=0.000
loop=4 exact=0.0288, valid=0.0288, solved=0.0288, blank_acc=0.5294, early=0.5283, late=0.5319, early_late_gap=-0.0036
        fs_gate=0.489, fs_update=1.000, fs_state_norm=7.828, fs_decay=0.00, fb_in=0.000, fb_next=0.000, loop_time=0.000, upd_l=0.950, upd_h=0.950, scratch_gate=0.000, scratch_decay=0.000, scratch_delta=0.000, scratch_resid=0.000
loop=5 exact=0.0288, valid=0.0288, solved=0.0288, blank_acc=0.5300, early=0.5291, late=0.5329, early_late_gap=-0.0038
        fs_gate=0.489, fs_update=1.000, fs_state_norm=7.828, fs_decay=0.00, fb_in=0.000, fb_next=0.000, loop_time=0.000, upd_l=0.950, upd_h=0.950, scratch_gate=0.000, scratch_decay=0.000, scratch_delta=0.000, scratch_resid=0.000

official sudoku eval split=test eval_n=2048 seed=1051
Depth loop adds useful full-board refinement.
wrote /huyang2/double-loop/.worktrees/gdn-realbwd-official-sudoku-d256-fs-capacity-6ea0b0c-20260626/runs/gdn-d256-official-sudoku-fs-capacity-s1500-20260626T1515Z-6ea0b0c/output/futureseed_loop_seed52.json
wrote /huyang2/double-loop/.worktrees/gdn-realbwd-official-sudoku-d256-fs-capacity-6ea0b0c-20260626/runs/gdn-d256-official-sudoku-fs-capacity-s1500-20260626T1515Z-6ea0b0c/output/futureseed_loop_seed52.md
wrote /huyang2/double-loop/.worktrees/gdn-realbwd-official-sudoku-d256-fs-capacity-6ea0b0c-20260626/runs/gdn-d256-official-sudoku-fs-capacity-s1500-20260626T1515Z-6ea0b0c/output/futureseed_loop_case_seed52.html
