mode=eqr_maze_probe
run_dir=/huyang2/double-loop/.worktrees/maze21-longviz-fs-s2400-20260617T0610Z-b09efc4/runs/maze21-longviz-fs-s2400-20260617T0610Z-b09efc4
git_sha=b09efc43c7ec26b4ef006feaf3ac6bfdc61c5e48
git_dirty=1
device=cuda torch=2.7.0+cu126 params=961156 eqr_dir=/huyang2/double-loop/repos/eqr
[eqr_maze] step=0100 ce=0.3418 loop1=0.3438 path_f1=0.5864 exact=0.0000 zH=0.0101 zL=0.0081
[eqr_maze] step=0200 ce=0.3418 loop1=0.3418 path_f1=0.6110 exact=0.0000 zH=0.0083 zL=0.0073
[eqr_maze] step=0300 ce=0.3379 loop1=0.3379 path_f1=0.6400 exact=0.0000 zH=0.0086 zL=0.0081
[eqr_maze] step=0400 ce=0.3320 loop1=0.3340 path_f1=0.6452 exact=0.0000 zH=0.0085 zL=0.0074
[eqr_maze] step=0500 ce=0.3340 loop1=0.3359 path_f1=0.6419 exact=0.0000 zH=0.0071 zL=0.0072
[eqr_maze] step=0600 ce=0.3262 loop1=0.3359 path_f1=0.6544 exact=0.0000 zH=0.0143 zL=0.0141
[eqr_maze] step=0700 ce=0.3164 loop1=0.3359 path_f1=0.6625 exact=0.0000 zH=0.0112 zL=0.0110
[eqr_maze] step=0800 ce=0.3047 loop1=0.3301 path_f1=0.6791 exact=0.0000 zH=0.0195 zL=0.0252
[eqr_maze] step=0900 ce=0.2383 loop1=0.3301 path_f1=0.7664 exact=0.0000 zH=0.0622 zL=0.0683
[eqr_maze] step=1000 ce=0.2090 loop1=0.3027 path_f1=0.8124 exact=0.0000 zH=0.0661 zL=0.0942
[eqr_maze] step=1100 ce=0.3105 loop1=0.3281 path_f1=0.6784 exact=0.0000 zH=0.0271 zL=0.0253
[eqr_maze] step=1200 ce=0.2412 loop1=0.2988 path_f1=0.7887 exact=0.0000 zH=0.0540 zL=0.0933
[eqr_maze] step=1300 ce=0.2432 loop1=0.2949 path_f1=0.7531 exact=0.0000 zH=0.1574 zL=0.2858
[eqr_maze] step=1400 ce=0.1426 loop1=0.2773 path_f1=0.8681 exact=0.0781 zH=0.1168 zL=0.1815
[eqr_maze] step=1500 ce=0.2559 loop1=0.2832 path_f1=0.7745 exact=0.0000 zH=0.1040 zL=0.1162
[eqr_maze] step=1600 ce=0.2041 loop1=0.2832 path_f1=0.8082 exact=0.0312 zH=0.1334 zL=0.3051
[eqr_maze] step=1700 ce=0.2012 loop1=0.3086 path_f1=0.8134 exact=0.0000 zH=0.0949 zL=0.1731
[eqr_maze] step=1800 ce=0.0889 loop1=0.2656 path_f1=0.9276 exact=0.6250 zH=0.1878 zL=0.1993
[eqr_maze] step=1900 ce=0.0267 loop1=0.2451 path_f1=0.9814 exact=0.7500 zH=0.1515 zL=0.1387
[eqr_maze] step=2000 ce=0.0201 loop1=0.2393 path_f1=0.9838 exact=0.9062 zH=0.0999 zL=0.0852
[eqr_maze] step=2100 ce=0.0084 loop1=0.2402 path_f1=0.9917 exact=0.8594 zH=0.1733 zL=0.1411
[eqr_maze] step=2200 ce=0.0156 loop1=0.2285 path_f1=0.9881 exact=0.7812 zH=0.1208 zL=0.1383
[eqr_maze] step=2300 ce=0.0151 loop1=0.2354 path_f1=0.9870 exact=0.8906 zH=0.0704 zL=0.0900
[eqr_maze] step=2400 ce=0.0045 loop1=0.2139 path_f1=0.9966 exact=0.9531 zH=0.0689 zL=0.0749
primary loop10 exact=0.9961 path_f1=0.9997 gain=0.2180
decision=Continue: recurrence is buying real path refinement on maze; compare against base or scale path length next.
wrote /huyang2/double-loop/.worktrees/maze21-longviz-fs-s2400-20260617T0610Z-b09efc4/runs/maze21-longviz-fs-s2400-20260617T0610Z-b09efc4/output/eqr_maze_probe_fs1_seed52.json
wrote /huyang2/double-loop/.worktrees/maze21-longviz-fs-s2400-20260617T0610Z-b09efc4/runs/maze21-longviz-fs-s2400-20260617T0610Z-b09efc4/output/eqr_maze_probe_fs1_seed52.md
