mode=full
run_dir=/huyang2/double-loop/.worktrees/pscale029-full-diversity-formal-eeb38f5-20260711T1518Z/runs/gdn-full-diversity-d224l12-fs-step3000-evalviz-20260715T1610Z-eeb38f5
git_sha=eeb38f5b6f9b6c1b1df0bbd3ca149daec06a171d
git_dirty=0
device=cuda torch=2.7.0+cu126 board=9x9 box=3x3 mainline=future_seed_loop backbone=gdn rwkv_kernel=auto gdn_mode=triton_recurrent forward_dtype=bfloat16
resumed_train_checkpoint path=/huyang2/double-loop/models/gdn-full-diversity-d224l12-s6000-20260711T1510Z-eeb38f5/checkpoints/train_state_step003000.pt step=3000 reason=eval_checkpoint

full-board metrics
loop=1 exact=0.0215, valid=0.0215, solved=0.0215, blank_acc=0.5278, early=0.5212, late=0.5356, early_late_gap=-0.0144
        fs_gate=0.479, fs_update=1.000, fs_state_norm=15.323, fs_decay=0.00, fs_raw_rms=0.273, fs_raw_rms_std=0.024, fs_norm_gain=1.000, fs_norm_gain_std=0.000, fb_in=0.000, fb_next=0.000, loop_time=0.000, upd_l=0.950, upd_h=0.950, scratch_gate=0.000, scratch_decay=0.000, scratch_delta=0.000, scratch_resid=0.000
loop=2 exact=0.0234, valid=0.0234, solved=0.0234, blank_acc=0.5725, early=0.5691, late=0.5785, early_late_gap=-0.0094
        fs_gate=0.479, fs_update=1.000, fs_state_norm=15.323, fs_decay=0.00, fs_raw_rms=0.278, fs_raw_rms_std=0.030, fs_norm_gain=1.000, fs_norm_gain_std=0.000, fb_in=0.000, fb_next=0.000, loop_time=0.000, upd_l=0.950, upd_h=0.950, scratch_gate=0.000, scratch_decay=0.000, scratch_delta=0.000, scratch_resid=0.000
loop=3 exact=0.0312, valid=0.0312, solved=0.0312, blank_acc=0.5845, early=0.5758, late=0.5946, early_late_gap=-0.0188
        fs_gate=0.479, fs_update=1.000, fs_state_norm=15.323, fs_decay=0.00, fs_raw_rms=0.285, fs_raw_rms_std=0.035, fs_norm_gain=1.000, fs_norm_gain_std=0.000, fb_in=0.000, fb_next=0.000, loop_time=0.000, upd_l=0.950, upd_h=0.950, scratch_gate=0.000, scratch_decay=0.000, scratch_delta=0.000, scratch_resid=0.000
loop=4 exact=0.0312, valid=0.0312, solved=0.0312, blank_acc=0.5858, early=0.5782, late=0.5951, early_late_gap=-0.0169
        fs_gate=0.479, fs_update=1.000, fs_state_norm=15.323, fs_decay=0.00, fs_raw_rms=0.288, fs_raw_rms_std=0.036, fs_norm_gain=1.000, fs_norm_gain_std=0.000, fb_in=0.000, fb_next=0.000, loop_time=0.000, upd_l=0.950, upd_h=0.950, scratch_gate=0.000, scratch_decay=0.000, scratch_delta=0.000, scratch_resid=0.000
loop=5 exact=0.0312, valid=0.0312, solved=0.0312, blank_acc=0.5864, early=0.5790, late=0.5954, early_late_gap=-0.0165
        fs_gate=0.479, fs_update=1.000, fs_state_norm=15.323, fs_decay=0.00, fs_raw_rms=0.288, fs_raw_rms_std=0.037, fs_norm_gain=1.000, fs_norm_gain_std=0.000, fb_in=0.000, fb_next=0.000, loop_time=0.000, upd_l=0.950, upd_h=0.950, scratch_gate=0.000, scratch_decay=0.000, scratch_delta=0.000, scratch_resid=0.000

official sudoku eval split=test eval_n=512 seed=1051

official blank-range metrics
b46_50 blanks=46-50 n=512 exact=1.0000, valid=1.0000, solved=1.0000, blank_acc=1.0000, early=1.0000, late=1.0000, early_late_gap=+0.0000
b51_55 blanks=51-55 n=512 exact=0.0117, valid=0.0117, solved=0.0117, blank_acc=0.6560, early=0.6505, late=0.6567, early_late_gap=-0.0062
b56_64 blanks=56-64 n=512 exact=0.0078, valid=0.0078, solved=0.0078, blank_acc=0.5270, early=0.5233, late=0.5241, early_late_gap=-0.0007

case-bank artifacts
official_b46_50 exact=1.0000 blank_acc=1.0000 selected={'solved_by_loop': 4, 'almost_solved': 0, 'hard_failure': 0}
  index=/huyang2/double-loop/.worktrees/pscale029-full-diversity-formal-eeb38f5-20260711T1518Z/runs/gdn-full-diversity-d224l12-fs-step3000-evalviz-20260715T1610Z-eeb38f5/output/case_bank/official_b46_50/index.html
  cases=/huyang2/double-loop/.worktrees/pscale029-full-diversity-formal-eeb38f5-20260711T1518Z/runs/gdn-full-diversity-d224l12-fs-step3000-evalviz-20260715T1610Z-eeb38f5/output/case_bank/official_b46_50/cases.json
official_b51_55 exact=0.0039 blank_acc=0.6540 selected={'solved_by_loop': 1, 'almost_solved': 4, 'hard_failure': 4}
  index=/huyang2/double-loop/.worktrees/pscale029-full-diversity-formal-eeb38f5-20260711T1518Z/runs/gdn-full-diversity-d224l12-fs-step3000-evalviz-20260715T1610Z-eeb38f5/output/case_bank/official_b51_55/index.html
  cases=/huyang2/double-loop/.worktrees/pscale029-full-diversity-formal-eeb38f5-20260711T1518Z/runs/gdn-full-diversity-d224l12-fs-step3000-evalviz-20260715T1610Z-eeb38f5/output/case_bank/official_b51_55/cases.json
official_b56_64 exact=0.0000 blank_acc=0.5257 selected={'solved_by_loop': 0, 'almost_solved': 4, 'hard_failure': 4}
  index=/huyang2/double-loop/.worktrees/pscale029-full-diversity-formal-eeb38f5-20260711T1518Z/runs/gdn-full-diversity-d224l12-fs-step3000-evalviz-20260715T1610Z-eeb38f5/output/case_bank/official_b56_64/index.html
  cases=/huyang2/double-loop/.worktrees/pscale029-full-diversity-formal-eeb38f5-20260711T1518Z/runs/gdn-full-diversity-d224l12-fs-step3000-evalviz-20260715T1610Z-eeb38f5/output/case_bank/official_b56_64/cases.json
Depth loop adds useful full-board refinement.
wrote /huyang2/double-loop/.worktrees/pscale029-full-diversity-formal-eeb38f5-20260711T1518Z/runs/gdn-full-diversity-d224l12-fs-step3000-evalviz-20260715T1610Z-eeb38f5/output/futureseed_loop_seed52.json
wrote /huyang2/double-loop/.worktrees/pscale029-full-diversity-formal-eeb38f5-20260711T1518Z/runs/gdn-full-diversity-d224l12-fs-step3000-evalviz-20260715T1610Z-eeb38f5/output/futureseed_loop_seed52.md
wrote /huyang2/double-loop/.worktrees/pscale029-full-diversity-formal-eeb38f5-20260711T1518Z/runs/gdn-full-diversity-d224l12-fs-step3000-evalviz-20260715T1610Z-eeb38f5/output/futureseed_loop_case_seed52.html
