nohup: ignoring input
mode=eqr_maze_probe
run_dir=/huyang2/double-loop/worktrees/fs-feedback-c3065f3-20260619T042057Z/runs/maze31-fs-feedback-probembed-s1-delayedtv-a450-d320l6-loop8x16-s1200-20260619T044042Z-7021726
git_sha=7021726254209244b3f338ccdf06b32514ff13d7
git_dirty=0
device=cuda torch=2.7.0+cu126 params=8565125 eqr_dir=/huyang2/double-loop/worktrees/fs-feedback-c3065f3-20260619T042057Z/repos/eqr
[eqr_maze] step=0100 ce=1.0625 loop1=1.0625 path_f1=0.0000 exact=0.0000 zH=0.0035 zL=0.0034 pred=0.0000 improve=0.0000 rank=0.0000 mass=0.2719 selfcorr=0.0194 margin=0.8079 tversky=0.8289 tw=0.000 fb_gate=0.120 fb_rms=0.0729 path=160-260
[eqr_maze] step=0200 ce=1.0703 loop1=1.0625 path_f1=0.0000 exact=0.0000 zH=0.0039 zL=0.0042 pred=0.0000 improve=0.0000 rank=0.0000 mass=0.2643 selfcorr=0.0197 margin=0.8985 tversky=0.8341 tw=0.000 fb_gate=0.121 fb_rms=0.0742 path=160-260
[eqr_maze] step=0300 ce=1.0625 loop1=1.0625 path_f1=0.0000 exact=0.0000 zH=0.0030 zL=0.0033 pred=0.0000 improve=0.0000 rank=0.0000 mass=0.2789 selfcorr=0.0205 margin=0.7859 tversky=0.8255 tw=0.000 fb_gate=0.121 fb_rms=0.0732 path=160-260
[eqr_maze] step=0400 ce=1.0625 loop1=1.0625 path_f1=0.0000 exact=0.0000 zH=0.0036 zL=0.0029 pred=0.0000 improve=0.0000 rank=0.0000 mass=0.2272 selfcorr=0.0205 margin=1.0253 tversky=0.8395 tw=0.000 fb_gate=0.122 fb_rms=0.0737 path=160-260
[eqr_maze] step=0500 ce=0.4355 loop1=0.4355 path_f1=0.5504 exact=0.0000 zH=0.0037 zL=0.0037 pred=0.0000 improve=0.0000 rank=0.0000 mass=0.2248 selfcorr=0.0398 margin=0.2884 tversky=0.6153 tw=0.750 fb_gate=0.122 fb_rms=0.1047 path=160-260
[eqr_maze] step=0600 ce=0.4316 loop1=0.4316 path_f1=0.5524 exact=0.0000 zH=0.0041 zL=0.0042 pred=0.0000 improve=0.0000 rank=0.0000 mass=0.2233 selfcorr=0.0400 margin=0.3147 tversky=0.6087 tw=0.750 fb_gate=0.122 fb_rms=0.1058 path=160-260
[eqr_maze] step=0700 ce=0.4062 loop1=0.4062 path_f1=0.5600 exact=0.0000 zH=0.0040 zL=0.0040 pred=0.0000 improve=0.0000 rank=0.0000 mass=0.2039 selfcorr=0.0400 margin=0.2920 tversky=0.6024 tw=0.750 fb_gate=0.123 fb_rms=0.1057 path=160-260
[eqr_maze] step=0800 ce=0.3672 loop1=0.3672 path_f1=0.5589 exact=0.0000 zH=0.0039 zL=0.0039 pred=0.0000 improve=0.0000 rank=0.0000 mass=0.1837 selfcorr=0.0399 margin=0.2901 tversky=0.6082 tw=0.750 fb_gate=0.124 fb_rms=0.1060 path=160-260
[eqr_maze] step=0900 ce=0.3750 loop1=0.3750 path_f1=0.5876 exact=0.0000 zH=0.0040 zL=0.0041 pred=0.0000 improve=0.0000 rank=0.0000 mass=0.2021 selfcorr=0.0399 margin=0.2849 tversky=0.5849 tw=0.750 fb_gate=0.124 fb_rms=0.1067 path=160-260
[eqr_maze] step=1000 ce=0.3965 loop1=0.3965 path_f1=0.5577 exact=0.0000 zH=0.0044 zL=0.0044 pred=0.0000 improve=0.0000 rank=0.0000 mass=0.2288 selfcorr=0.0403 margin=0.3287 tversky=0.5974 tw=0.750 fb_gate=0.125 fb_rms=0.1079 path=160-260
[eqr_maze] step=1100 ce=0.3711 loop1=0.3711 path_f1=0.5788 exact=0.0000 zH=0.0043 zL=0.0044 pred=0.0000 improve=0.0000 rank=0.0000 mass=0.1918 selfcorr=0.0400 margin=0.2752 tversky=0.5984 tw=0.750 fb_gate=0.126 fb_rms=0.1072 path=160-260
[eqr_maze] step=1200 ce=0.3750 loop1=0.3750 path_f1=0.5462 exact=0.0000 zH=0.0044 zL=0.0046 pred=0.0000 improve=0.0000 rank=0.0000 mass=0.1989 selfcorr=0.0400 margin=0.2834 tversky=0.6193 tw=0.750 fb_gate=0.126 fb_rms=0.1069 path=160-260
primary loop16 exact=0.0000 path_f1=0.5836 gain=-0.0001
decision=Continue cautiously: maze path learning is alive, but loop gain is weak; inspect residuals before scaling.
wrote /huyang2/double-loop/worktrees/fs-feedback-c3065f3-20260619T042057Z/runs/maze31-fs-feedback-probembed-s1-delayedtv-a450-d320l6-loop8x16-s1200-20260619T044042Z-7021726/output/eqr_maze_probe_fs1_seed52.json
wrote /huyang2/double-loop/worktrees/fs-feedback-c3065f3-20260619T042057Z/runs/maze31-fs-feedback-probembed-s1-delayedtv-a450-d320l6-loop8x16-s1200-20260619T044042Z-7021726/output/eqr_maze_probe_fs1_seed52.md
built visualizations for 1 run(s)
/huyang2/double-loop/worktrees/fs-feedback-c3065f3-20260619T042057Z/runs/maze31-fs-feedback-probembed-s1-delayedtv-a450-d320l6-loop8x16-s1200-20260619T044042Z-7021726/output/visualizations/inline
recorded run=maze31-fs-feedback-probembed-s1-delayedtv-a450-d320l6-loop8x16-s1200-20260619T044042Z-7021726 score=0.5835857391357422 key=metrics.eval_clean.loop16.path_f1
completed run_dir=/huyang2/double-loop/worktrees/fs-feedback-c3065f3-20260619T042057Z/runs/maze31-fs-feedback-probembed-s1-delayedtv-a450-d320l6-loop8x16-s1200-20260619T044042Z-7021726
