mode=full
run_dir=/huyang2/double-loop/.worktrees/fla-official-7891539-20260720/runs/fla-official-gdn2-fs-d192l10-s500-clean-20260720T1034Z-c3342b8
git_sha=c3342b8326a6e00e012cd6972d8c0e295d82c0b3
git_dirty=0
Current Python version 3.10 is below the recommended 3.11 version. It is recommended to upgrade to Python 3.11 or higher for the best experience.
device=cuda torch=2.7.0+cu126 board=9x9 box=3x3 mainline=future_seed_loop backbone=gdn2 rwkv_kernel=auto gdn_mode=chunk forward_dtype=bfloat16
checkpoint_eval steps=500 holes=53
[future_seed_loop stage=1:46-50] step=0100 ce=1.6054 total=1.6054 loop1=1.6061 loop_last=1.6054 exact_margin=0.0000 softmin=0.000 upd_l=0.950 upd_h=0.950 fb_next=0.000 fb_corrupt=0.000 fb_conf=0.000 hagg_norm=0.000 hagg_raw=0.000 hagg_ent=0.000 hagg_maxw=0.000 hagg_clip=0.000 scratch_delta=0.000 scratch_gauss=0.0000
[future_seed_loop stage=2:51-55] step=0200 ce=1.2744 total=1.2756 loop1=1.2810 loop_last=1.2744 exact_margin=0.0000 softmin=0.000 upd_l=0.950 upd_h=0.950 fb_next=0.000 fb_corrupt=0.000 fb_conf=0.000 hagg_norm=0.000 hagg_raw=0.000 hagg_ent=0.000 hagg_maxw=0.000 hagg_clip=0.000 scratch_delta=0.000 scratch_gauss=0.0000
[future_seed_loop stage=2:51-55] step=0300 ce=1.0803 total=1.0841 loop1=1.0976 loop_last=1.0803 exact_margin=0.0000 softmin=0.000 upd_l=0.950 upd_h=0.950 fb_next=0.000 fb_corrupt=0.000 fb_conf=0.000 hagg_norm=0.000 hagg_raw=0.000 hagg_ent=0.000 hagg_maxw=0.000 hagg_clip=0.000 scratch_delta=0.000 scratch_gauss=0.0000
[future_seed_loop stage=2:51-55] step=0400 ce=1.0282 total=1.0341 loop1=1.0550 loop_last=1.0282 exact_margin=0.0000 softmin=0.000 upd_l=0.950 upd_h=0.950 fb_next=0.000 fb_corrupt=0.000 fb_conf=0.000 hagg_norm=0.000 hagg_raw=0.000 hagg_ent=0.000 hagg_maxw=0.000 hagg_clip=0.000 scratch_delta=0.000 scratch_gauss=0.0000
[future_seed_loop stage=2:51-55] step=0500 ce=1.0101 total=1.0168 loop1=1.0402 loop_last=1.0101 exact_margin=0.0000 softmin=0.000 upd_l=0.950 upd_h=0.950 fb_next=0.000 fb_corrupt=0.000 fb_conf=0.000 hagg_norm=0.000 hagg_raw=0.000 hagg_ent=0.000 hagg_maxw=0.000 hagg_clip=0.000 scratch_delta=0.000 scratch_gauss=0.0000
[checkpoint_eval step=0500 holes53] loop5 exact=0.0176 blank=0.4941
[train_checkpoint step=0500] path=/huyang2/double-loop/models/fla-official-gdn2-fs-d192l10-s500-clean-20260720T1034Z-c3342b8/checkpoints/train_state_step000500.pt

full-board metrics
loop=1 exact=0.0078, valid=0.0078, solved=0.0078, blank_acc=0.4891, early=0.4857, late=0.4927, early_late_gap=-0.0070
        fs_gate=0.503, fs_update=1.000, fs_state_norm=22.778, fs_decay=0.00, fs_raw_rms=0.491, fs_raw_rms_std=0.033, fs_norm_gain=1.000, fs_norm_gain_std=0.000, fb_in=0.000, fb_next=0.000, loop_time=0.000, upd_l=0.950, upd_h=0.950, scratch_gate=0.000, scratch_decay=0.000, scratch_delta=0.000, scratch_resid=0.000
loop=2 exact=0.0195, valid=0.0195, solved=0.0195, blank_acc=0.5004, early=0.4955, late=0.5052, early_late_gap=-0.0097
        fs_gate=0.503, fs_update=1.000, fs_state_norm=22.778, fs_decay=0.00, fs_raw_rms=0.470, fs_raw_rms_std=0.035, fs_norm_gain=1.000, fs_norm_gain_std=0.000, fb_in=0.000, fb_next=0.000, loop_time=0.000, upd_l=0.950, upd_h=0.950, scratch_gate=0.000, scratch_decay=0.000, scratch_delta=0.000, scratch_resid=0.000
loop=3 exact=0.0195, valid=0.0195, solved=0.0195, blank_acc=0.5008, early=0.4976, late=0.5038, early_late_gap=-0.0062
        fs_gate=0.503, fs_update=1.000, fs_state_norm=22.778, fs_decay=0.00, fs_raw_rms=0.462, fs_raw_rms_std=0.035, fs_norm_gain=1.000, fs_norm_gain_std=0.000, fb_in=0.000, fb_next=0.000, loop_time=0.000, upd_l=0.950, upd_h=0.950, scratch_gate=0.000, scratch_decay=0.000, scratch_delta=0.000, scratch_resid=0.000
loop=4 exact=0.0195, valid=0.0195, solved=0.0195, blank_acc=0.5015, early=0.4977, late=0.5042, early_late_gap=-0.0066
        fs_gate=0.503, fs_update=1.000, fs_state_norm=22.778, fs_decay=0.00, fs_raw_rms=0.460, fs_raw_rms_std=0.035, fs_norm_gain=1.000, fs_norm_gain_std=0.000, fb_in=0.000, fb_next=0.000, loop_time=0.000, upd_l=0.950, upd_h=0.950, scratch_gate=0.000, scratch_decay=0.000, scratch_delta=0.000, scratch_resid=0.000
loop=5 exact=0.0195, valid=0.0195, solved=0.0195, blank_acc=0.5012, early=0.4973, late=0.5040, early_late_gap=-0.0068
        fs_gate=0.503, fs_update=1.000, fs_state_norm=22.778, fs_decay=0.00, fs_raw_rms=0.459, fs_raw_rms_std=0.035, fs_norm_gain=1.000, fs_norm_gain_std=0.000, fb_in=0.000, fb_next=0.000, loop_time=0.000, upd_l=0.950, upd_h=0.950, scratch_gate=0.000, scratch_decay=0.000, scratch_delta=0.000, scratch_resid=0.000

official sudoku eval split=test eval_n=512 seed=1051

official blank-range metrics
b46_50 blanks=46-50 n=512 exact=0.7539, valid=0.7539, solved=0.7539, blank_acc=0.9903, early=0.9856, late=0.9929, early_late_gap=-0.0073
b51_55 blanks=51-55 n=512 exact=0.0000, valid=0.0000, solved=0.0000, blank_acc=0.5218, early=0.5129, late=0.5207, early_late_gap=-0.0078
b56_64 blanks=56-64 n=512 exact=0.0000, valid=0.0000, solved=0.0000, blank_acc=0.4685, early=0.4613, late=0.4707, early_late_gap=-0.0093

case-bank artifacts
official_b46_50 exact=0.7266 blank_acc=0.9889 selected={'solved_by_loop': 4, 'almost_solved': 4, 'hard_failure': 2}
  index=/huyang2/double-loop/.worktrees/fla-official-7891539-20260720/runs/fla-official-gdn2-fs-d192l10-s500-clean-20260720T1034Z-c3342b8/output/case_bank/official_b46_50/index.html
  cases=/huyang2/double-loop/.worktrees/fla-official-7891539-20260720/runs/fla-official-gdn2-fs-d192l10-s500-clean-20260720T1034Z-c3342b8/output/case_bank/official_b46_50/cases.json
official_b51_55 exact=0.0000 blank_acc=0.5209 selected={'solved_by_loop': 0, 'almost_solved': 0, 'hard_failure': 4}
  index=/huyang2/double-loop/.worktrees/fla-official-7891539-20260720/runs/fla-official-gdn2-fs-d192l10-s500-clean-20260720T1034Z-c3342b8/output/case_bank/official_b51_55/index.html
  cases=/huyang2/double-loop/.worktrees/fla-official-7891539-20260720/runs/fla-official-gdn2-fs-d192l10-s500-clean-20260720T1034Z-c3342b8/output/case_bank/official_b51_55/cases.json
official_b56_64 exact=0.0000 blank_acc=0.4696 selected={'solved_by_loop': 0, 'almost_solved': 0, 'hard_failure': 4}
  index=/huyang2/double-loop/.worktrees/fla-official-7891539-20260720/runs/fla-official-gdn2-fs-d192l10-s500-clean-20260720T1034Z-c3342b8/output/case_bank/official_b56_64/index.html
  cases=/huyang2/double-loop/.worktrees/fla-official-7891539-20260720/runs/fla-official-gdn2-fs-d192l10-s500-clean-20260720T1034Z-c3342b8/output/case_bank/official_b56_64/cases.json
Depth loop adds useful full-board refinement.
wrote /huyang2/double-loop/.worktrees/fla-official-7891539-20260720/runs/fla-official-gdn2-fs-d192l10-s500-clean-20260720T1034Z-c3342b8/output/futureseed_loop_seed52.json
wrote /huyang2/double-loop/.worktrees/fla-official-7891539-20260720/runs/fla-official-gdn2-fs-d192l10-s500-clean-20260720T1034Z-c3342b8/output/futureseed_loop_seed52.md
wrote /huyang2/double-loop/.worktrees/fla-official-7891539-20260720/runs/fla-official-gdn2-fs-d192l10-s500-clean-20260720T1034Z-c3342b8/output/futureseed_loop_case_seed52.html
built visualizations for 1 run(s)
recorded run=fla-official-gdn2-fs-d192l10-s500-clean-20260720T1034Z-c3342b8 score=0.01953125 key=metrics.eval_clean.loop5.label_exact
completed run_dir=/huyang2/double-loop/.worktrees/fla-official-7891539-20260720/runs/fla-official-gdn2-fs-d192l10-s500-clean-20260720T1034Z-c3342b8
