mode=full
run_dir=/huyang2/double-loop/.worktrees/fla-final-eval-c3342b8/runs/fla-official-gdn-fs-d192l10-step500-unifiedeval-20260720T1435Z-c3342b8
git_sha=c3342b8326a6e00e012cd6972d8c0e295d82c0b3
git_dirty=0
Current Python version 3.10 is below the recommended 3.11 version. It is recommended to upgrade to Python 3.11 or higher for the best experience.
device=cuda torch=2.7.0+cu126 board=9x9 box=3x3 mainline=future_seed_loop backbone=fla_gdn rwkv_kernel=auto gdn_mode=chunk forward_dtype=bfloat16
checkpoint_eval steps=500 holes=53
resumed_train_checkpoint path=/huyang2/double-loop/models/fla-official-gdn-fs-d192l10-s1500-20260720T0825Z-c3342b8/checkpoints/train_state_step000500.pt step=500 reason=eval_checkpoint

full-board metrics
loop=1 exact=0.0117, valid=0.0117, solved=0.0117, blank_acc=0.4858, early=0.4823, late=0.4908, early_late_gap=-0.0085
        fs_gate=0.488, fs_update=1.000, fs_state_norm=22.101, fs_decay=0.00, fs_raw_rms=0.138, fs_raw_rms_std=0.008, fs_norm_gain=1.000, fs_norm_gain_std=0.000, fb_in=0.000, fb_next=0.000, loop_time=0.000, upd_l=0.950, upd_h=0.950, scratch_gate=0.000, scratch_decay=0.000, scratch_delta=0.000, scratch_resid=0.000
loop=2 exact=0.0215, valid=0.0215, solved=0.0215, blank_acc=0.5028, early=0.4978, late=0.5080, early_late_gap=-0.0102
        fs_gate=0.488, fs_update=1.000, fs_state_norm=22.101, fs_decay=0.00, fs_raw_rms=0.137, fs_raw_rms_std=0.008, fs_norm_gain=1.000, fs_norm_gain_std=0.000, fb_in=0.000, fb_next=0.000, loop_time=0.000, upd_l=0.950, upd_h=0.950, scratch_gate=0.000, scratch_decay=0.000, scratch_delta=0.000, scratch_resid=0.000
loop=3 exact=0.0215, valid=0.0215, solved=0.0215, blank_acc=0.5053, early=0.5006, late=0.5115, early_late_gap=-0.0109
        fs_gate=0.488, fs_update=1.000, fs_state_norm=22.101, fs_decay=0.00, fs_raw_rms=0.137, fs_raw_rms_std=0.009, fs_norm_gain=1.000, fs_norm_gain_std=0.000, fb_in=0.000, fb_next=0.000, loop_time=0.000, upd_l=0.950, upd_h=0.950, scratch_gate=0.000, scratch_decay=0.000, scratch_delta=0.000, scratch_resid=0.000
loop=4 exact=0.0215, valid=0.0215, solved=0.0215, blank_acc=0.5049, early=0.4998, late=0.5105, early_late_gap=-0.0108
        fs_gate=0.488, fs_update=1.000, fs_state_norm=22.101, fs_decay=0.00, fs_raw_rms=0.137, fs_raw_rms_std=0.009, fs_norm_gain=1.000, fs_norm_gain_std=0.000, fb_in=0.000, fb_next=0.000, loop_time=0.000, upd_l=0.950, upd_h=0.950, scratch_gate=0.000, scratch_decay=0.000, scratch_delta=0.000, scratch_resid=0.000
loop=5 exact=0.0215, valid=0.0215, solved=0.0215, blank_acc=0.5049, early=0.5002, late=0.5103, early_late_gap=-0.0101
        fs_gate=0.488, fs_update=1.000, fs_state_norm=22.101, fs_decay=0.00, fs_raw_rms=0.137, fs_raw_rms_std=0.009, fs_norm_gain=1.000, fs_norm_gain_std=0.000, fb_in=0.000, fb_next=0.000, loop_time=0.000, upd_l=0.950, upd_h=0.950, scratch_gate=0.000, scratch_decay=0.000, scratch_delta=0.000, scratch_resid=0.000

official sudoku eval split=test eval_n=512 seed=1051

official blank-range metrics
b46_50 blanks=46-50 n=512 exact=0.8594, valid=0.8594, solved=0.8594, blank_acc=0.9947, early=0.9924, late=0.9955, early_late_gap=-0.0031
b51_55 blanks=51-55 n=512 exact=0.0000, valid=0.0000, solved=0.0000, blank_acc=0.5303, early=0.5282, late=0.5268, early_late_gap=+0.0014
b56_64 blanks=56-64 n=512 exact=0.0000, valid=0.0000, solved=0.0000, blank_acc=0.4733, early=0.4673, late=0.4733, early_late_gap=-0.0060

case-bank artifacts
official_b46_50 exact=0.8711 blank_acc=0.9952 selected={'solved_by_loop': 4, 'almost_solved': 4, 'hard_failure': 2}
  index=/huyang2/double-loop/.worktrees/fla-final-eval-c3342b8/runs/fla-official-gdn-fs-d192l10-step500-unifiedeval-20260720T1435Z-c3342b8/output/case_bank/official_b46_50/index.html
  cases=/huyang2/double-loop/.worktrees/fla-final-eval-c3342b8/runs/fla-official-gdn-fs-d192l10-step500-unifiedeval-20260720T1435Z-c3342b8/output/case_bank/official_b46_50/cases.json
official_b51_55 exact=0.0000 blank_acc=0.5311 selected={'solved_by_loop': 0, 'almost_solved': 0, 'hard_failure': 4}
  index=/huyang2/double-loop/.worktrees/fla-final-eval-c3342b8/runs/fla-official-gdn-fs-d192l10-step500-unifiedeval-20260720T1435Z-c3342b8/output/case_bank/official_b51_55/index.html
  cases=/huyang2/double-loop/.worktrees/fla-final-eval-c3342b8/runs/fla-official-gdn-fs-d192l10-step500-unifiedeval-20260720T1435Z-c3342b8/output/case_bank/official_b51_55/cases.json
official_b56_64 exact=0.0000 blank_acc=0.4691 selected={'solved_by_loop': 0, 'almost_solved': 0, 'hard_failure': 4}
  index=/huyang2/double-loop/.worktrees/fla-final-eval-c3342b8/runs/fla-official-gdn-fs-d192l10-step500-unifiedeval-20260720T1435Z-c3342b8/output/case_bank/official_b56_64/index.html
  cases=/huyang2/double-loop/.worktrees/fla-final-eval-c3342b8/runs/fla-official-gdn-fs-d192l10-step500-unifiedeval-20260720T1435Z-c3342b8/output/case_bank/official_b56_64/cases.json
Depth loop adds useful full-board refinement.
wrote /huyang2/double-loop/.worktrees/fla-final-eval-c3342b8/runs/fla-official-gdn-fs-d192l10-step500-unifiedeval-20260720T1435Z-c3342b8/output/futureseed_loop_seed52.json
wrote /huyang2/double-loop/.worktrees/fla-final-eval-c3342b8/runs/fla-official-gdn-fs-d192l10-step500-unifiedeval-20260720T1435Z-c3342b8/output/futureseed_loop_seed52.md
wrote /huyang2/double-loop/.worktrees/fla-final-eval-c3342b8/runs/fla-official-gdn-fs-d192l10-step500-unifiedeval-20260720T1435Z-c3342b8/output/futureseed_loop_case_seed52.html
built visualizations for 1 run(s)
recorded run=fla-official-gdn-fs-d192l10-step500-unifiedeval-20260720T1435Z-c3342b8 score=0.021484375 key=metrics.eval_clean.loop5.label_exact
completed run_dir=/huyang2/double-loop/.worktrees/fla-final-eval-c3342b8/runs/fla-official-gdn-fs-d192l10-step500-unifiedeval-20260720T1435Z-c3342b8
