mode=full
run_dir=/huyang2/double-loop/.worktrees/pscale029-full-diversity-formal-eeb38f5-20260711T1518Z/runs/gdn-full-diversity-d224l12-resume4500-s6000-20260711T1950Z-eeb38f5
git_sha=eeb38f5b6f9b6c1b1df0bbd3ca149daec06a171d
git_dirty=0
device=cuda torch=2.7.0+cu126 board=9x9 box=3x3 mainline=future_seed_loop backbone=gdn rwkv_kernel=auto gdn_mode=triton_recurrent forward_dtype=bfloat16
checkpoint_eval steps=1000,3000,4500,6000 holes=53,60,64
resumed_train_checkpoint path=/huyang2/double-loop/models/gdn-full-diversity-d224l12-s6000-20260711T1510Z-eeb38f5/checkpoints/train_state_step004500.pt step=4500 reason=eval_checkpoint
[future_seed_loop stage=2:51-55] step=4600 ce=0.6211 total=0.7099 loop1=0.9041 loop_last=0.6211 exact_margin=0.0000 softmin=0.000 upd_l=0.950 upd_h=0.950 fb_next=0.000 fb_corrupt=0.000 fb_conf=0.000 hagg_norm=0.000 hagg_raw=0.000 hagg_ent=0.000 hagg_maxw=0.000 hagg_clip=0.000 scratch_delta=0.000 scratch_gauss=0.0000
[train_checkpoint step=4600] path=/huyang2/double-loop/models/gdn-full-diversity-d224l12-s6000-20260711T1510Z-eeb38f5/checkpoints/train_state_step004600.pt
[future_seed_loop stage=2:51-55] step=4700 ce=0.6013 total=0.6846 loop1=0.8845 loop_last=0.6013 exact_margin=0.0000 softmin=0.000 upd_l=0.950 upd_h=0.950 fb_next=0.000 fb_corrupt=0.000 fb_conf=0.000 hagg_norm=0.000 hagg_raw=0.000 hagg_ent=0.000 hagg_maxw=0.000 hagg_clip=0.000 scratch_delta=0.000 scratch_gauss=0.0000
[train_checkpoint step=4700] path=/huyang2/double-loop/models/gdn-full-diversity-d224l12-s6000-20260711T1510Z-eeb38f5/checkpoints/train_state_step004700.pt
[future_seed_loop stage=2:51-55] step=4800 ce=0.5788 total=0.6668 loop1=0.8791 loop_last=0.5788 exact_margin=0.0000 softmin=0.000 upd_l=0.950 upd_h=0.950 fb_next=0.000 fb_corrupt=0.000 fb_conf=0.000 hagg_norm=0.000 hagg_raw=0.000 hagg_ent=0.000 hagg_maxw=0.000 hagg_clip=0.000 scratch_delta=0.000 scratch_gauss=0.0000
[train_checkpoint step=4800] path=/huyang2/double-loop/models/gdn-full-diversity-d224l12-s6000-20260711T1510Z-eeb38f5/checkpoints/train_state_step004800.pt
[future_seed_loop stage=2:51-55] step=4900 ce=0.6012 total=0.6924 loop1=0.9011 loop_last=0.6012 exact_margin=0.0000 softmin=0.000 upd_l=0.950 upd_h=0.950 fb_next=0.000 fb_corrupt=0.000 fb_conf=0.000 hagg_norm=0.000 hagg_raw=0.000 hagg_ent=0.000 hagg_maxw=0.000 hagg_clip=0.000 scratch_delta=0.000 scratch_gauss=0.0000
[train_checkpoint step=4900] path=/huyang2/double-loop/models/gdn-full-diversity-d224l12-s6000-20260711T1510Z-eeb38f5/checkpoints/train_state_step004900.pt
[future_seed_loop stage=2:51-55] step=5000 ce=0.6704 total=0.7491 loop1=0.9219 loop_last=0.6704 exact_margin=0.0000 softmin=0.000 upd_l=0.950 upd_h=0.950 fb_next=0.000 fb_corrupt=0.000 fb_conf=0.000 hagg_norm=0.000 hagg_raw=0.000 hagg_ent=0.000 hagg_maxw=0.000 hagg_clip=0.000 scratch_delta=0.000 scratch_gauss=0.0000
[train_checkpoint step=5000] path=/huyang2/double-loop/models/gdn-full-diversity-d224l12-s6000-20260711T1510Z-eeb38f5/checkpoints/train_state_step005000.pt
[future_seed_loop stage=2:51-55] step=5100 ce=0.5485 total=0.6396 loop1=0.8576 loop_last=0.5485 exact_margin=0.0000 softmin=0.000 upd_l=0.950 upd_h=0.950 fb_next=0.000 fb_corrupt=0.000 fb_conf=0.000 hagg_norm=0.000 hagg_raw=0.000 hagg_ent=0.000 hagg_maxw=0.000 hagg_clip=0.000 scratch_delta=0.000 scratch_gauss=0.0000
[train_checkpoint step=5100] path=/huyang2/double-loop/models/gdn-full-diversity-d224l12-s6000-20260711T1510Z-eeb38f5/checkpoints/train_state_step005100.pt
[future_seed_loop stage=2:51-55] step=5200 ce=0.6425 total=0.7128 loop1=0.8969 loop_last=0.6425 exact_margin=0.0000 softmin=0.000 upd_l=0.950 upd_h=0.950 fb_next=0.000 fb_corrupt=0.000 fb_conf=0.000 hagg_norm=0.000 hagg_raw=0.000 hagg_ent=0.000 hagg_maxw=0.000 hagg_clip=0.000 scratch_delta=0.000 scratch_gauss=0.0000
[train_checkpoint step=5200] path=/huyang2/double-loop/models/gdn-full-diversity-d224l12-s6000-20260711T1510Z-eeb38f5/checkpoints/train_state_step005200.pt
[future_seed_loop stage=2:51-55] step=5300 ce=0.5700 total=0.6626 loop1=0.8837 loop_last=0.5700 exact_margin=0.0000 softmin=0.000 upd_l=0.950 upd_h=0.950 fb_next=0.000 fb_corrupt=0.000 fb_conf=0.000 hagg_norm=0.000 hagg_raw=0.000 hagg_ent=0.000 hagg_maxw=0.000 hagg_clip=0.000 scratch_delta=0.000 scratch_gauss=0.0000
[train_checkpoint step=5300] path=/huyang2/double-loop/models/gdn-full-diversity-d224l12-s6000-20260711T1510Z-eeb38f5/checkpoints/train_state_step005300.pt
[future_seed_loop stage=2:51-55] step=5400 ce=0.6005 total=0.6831 loop1=0.8850 loop_last=0.6005 exact_margin=0.0000 softmin=0.000 upd_l=0.950 upd_h=0.950 fb_next=0.000 fb_corrupt=0.000 fb_conf=0.000 hagg_norm=0.000 hagg_raw=0.000 hagg_ent=0.000 hagg_maxw=0.000 hagg_clip=0.000 scratch_delta=0.000 scratch_gauss=0.0000
[train_checkpoint step=5400] path=/huyang2/double-loop/models/gdn-full-diversity-d224l12-s6000-20260711T1510Z-eeb38f5/checkpoints/train_state_step005400.pt
[future_seed_loop stage=2:51-55] step=5500 ce=0.5112 total=0.6129 loop1=0.8466 loop_last=0.5112 exact_margin=0.0000 softmin=0.000 upd_l=0.950 upd_h=0.950 fb_next=0.000 fb_corrupt=0.000 fb_conf=0.000 hagg_norm=0.000 hagg_raw=0.000 hagg_ent=0.000 hagg_maxw=0.000 hagg_clip=0.000 scratch_delta=0.000 scratch_gauss=0.0000
[train_checkpoint step=5500] path=/huyang2/double-loop/models/gdn-full-diversity-d224l12-s6000-20260711T1510Z-eeb38f5/checkpoints/train_state_step005500.pt
[future_seed_loop stage=2:51-55] step=5600 ce=0.5554 total=0.6435 loop1=0.8648 loop_last=0.5554 exact_margin=0.0000 softmin=0.000 upd_l=0.950 upd_h=0.950 fb_next=0.000 fb_corrupt=0.000 fb_conf=0.000 hagg_norm=0.000 hagg_raw=0.000 hagg_ent=0.000 hagg_maxw=0.000 hagg_clip=0.000 scratch_delta=0.000 scratch_gauss=0.0000
[train_checkpoint step=5600] path=/huyang2/double-loop/models/gdn-full-diversity-d224l12-s6000-20260711T1510Z-eeb38f5/checkpoints/train_state_step005600.pt
[future_seed_loop stage=2:51-55] step=5700 ce=0.5080 total=0.6039 loop1=0.8323 loop_last=0.5080 exact_margin=0.0000 softmin=0.000 upd_l=0.950 upd_h=0.950 fb_next=0.000 fb_corrupt=0.000 fb_conf=0.000 hagg_norm=0.000 hagg_raw=0.000 hagg_ent=0.000 hagg_maxw=0.000 hagg_clip=0.000 scratch_delta=0.000 scratch_gauss=0.0000
[train_checkpoint step=5700] path=/huyang2/double-loop/models/gdn-full-diversity-d224l12-s6000-20260711T1510Z-eeb38f5/checkpoints/train_state_step005700.pt
[future_seed_loop stage=2:51-55] step=5800 ce=0.4939 total=0.6056 loop1=0.8533 loop_last=0.4939 exact_margin=0.0000 softmin=0.000 upd_l=0.950 upd_h=0.950 fb_next=0.000 fb_corrupt=0.000 fb_conf=0.000 hagg_norm=0.000 hagg_raw=0.000 hagg_ent=0.000 hagg_maxw=0.000 hagg_clip=0.000 scratch_delta=0.000 scratch_gauss=0.0000
[train_checkpoint step=5800] path=/huyang2/double-loop/models/gdn-full-diversity-d224l12-s6000-20260711T1510Z-eeb38f5/checkpoints/train_state_step005800.pt
[future_seed_loop stage=2:51-55] step=5900 ce=0.6145 total=0.7015 loop1=0.9034 loop_last=0.6145 exact_margin=0.0000 softmin=0.000 upd_l=0.950 upd_h=0.950 fb_next=0.000 fb_corrupt=0.000 fb_conf=0.000 hagg_norm=0.000 hagg_raw=0.000 hagg_ent=0.000 hagg_maxw=0.000 hagg_clip=0.000 scratch_delta=0.000 scratch_gauss=0.0000
[train_checkpoint step=5900] path=/huyang2/double-loop/models/gdn-full-diversity-d224l12-s6000-20260711T1510Z-eeb38f5/checkpoints/train_state_step005900.pt
[future_seed_loop stage=2:51-55] step=6000 ce=0.6097 total=0.6855 loop1=0.8743 loop_last=0.6097 exact_margin=0.0000 softmin=0.000 upd_l=0.950 upd_h=0.950 fb_next=0.000 fb_corrupt=0.000 fb_conf=0.000 hagg_norm=0.000 hagg_raw=0.000 hagg_ent=0.000 hagg_maxw=0.000 hagg_clip=0.000 scratch_delta=0.000 scratch_gauss=0.0000
[checkpoint_eval step=6000 holes53] loop5 exact=0.2109 blank=0.6344
[train_checkpoint step=6000] path=/huyang2/double-loop/models/gdn-full-diversity-d224l12-s6000-20260711T1510Z-eeb38f5/checkpoints/train_state_step006000.pt

full-board metrics
loop=1 exact=0.0234, valid=0.0234, solved=0.0234, blank_acc=0.5486, early=0.5409, late=0.5529, early_late_gap=-0.0120
        fs_gate=0.462, fs_update=1.000, fs_state_norm=14.781, fs_decay=0.00, fs_raw_rms=0.292, fs_raw_rms_std=0.027, fs_norm_gain=1.000, fs_norm_gain_std=0.000, fb_in=0.000, fb_next=0.000, loop_time=0.000, upd_l=0.950, upd_h=0.950, scratch_gate=0.000, scratch_decay=0.000, scratch_delta=0.000, scratch_resid=0.000
loop=2 exact=0.0273, valid=0.0273, solved=0.0273, blank_acc=0.6107, early=0.6069, late=0.6152, early_late_gap=-0.0083
        fs_gate=0.462, fs_update=1.000, fs_state_norm=14.781, fs_decay=0.00, fs_raw_rms=0.274, fs_raw_rms_std=0.029, fs_norm_gain=1.000, fs_norm_gain_std=0.000, fb_in=0.000, fb_next=0.000, loop_time=0.000, upd_l=0.950, upd_h=0.950, scratch_gate=0.000, scratch_decay=0.000, scratch_delta=0.000, scratch_resid=0.000
loop=3 exact=0.1738, valid=0.1738, solved=0.1738, blank_acc=0.6373, early=0.6397, late=0.6410, early_late_gap=-0.0012
        fs_gate=0.462, fs_update=1.000, fs_state_norm=14.781, fs_decay=0.00, fs_raw_rms=0.290, fs_raw_rms_std=0.043, fs_norm_gain=1.000, fs_norm_gain_std=0.000, fb_in=0.000, fb_next=0.000, loop_time=0.000, upd_l=0.950, upd_h=0.950, scratch_gate=0.000, scratch_decay=0.000, scratch_delta=0.000, scratch_resid=0.000
loop=4 exact=0.2383, valid=0.2383, solved=0.2383, blank_acc=0.6431, early=0.6439, late=0.6458, early_late_gap=-0.0019
        fs_gate=0.462, fs_update=1.000, fs_state_norm=14.781, fs_decay=0.00, fs_raw_rms=0.305, fs_raw_rms_std=0.057, fs_norm_gain=1.000, fs_norm_gain_std=0.000, fb_in=0.000, fb_next=0.000, loop_time=0.000, upd_l=0.950, upd_h=0.950, scratch_gate=0.000, scratch_decay=0.000, scratch_delta=0.000, scratch_resid=0.000
loop=5 exact=0.2500, valid=0.2500, solved=0.2500, blank_acc=0.6439, early=0.6444, late=0.6460, early_late_gap=-0.0016
        fs_gate=0.462, fs_update=1.000, fs_state_norm=14.781, fs_decay=0.00, fs_raw_rms=0.309, fs_raw_rms_std=0.061, fs_norm_gain=1.000, fs_norm_gain_std=0.000, fb_in=0.000, fb_next=0.000, loop_time=0.000, upd_l=0.950, upd_h=0.950, scratch_gate=0.000, scratch_decay=0.000, scratch_delta=0.000, scratch_resid=0.000

official sudoku eval split=test eval_n=512 seed=1051

official blank-range metrics
b46_50 blanks=46-50 n=512 exact=1.0000, valid=1.0000, solved=1.0000, blank_acc=1.0000, early=1.0000, late=1.0000, early_late_gap=+0.0000
b51_55 blanks=51-55 n=512 exact=0.3926, valid=0.3926, solved=0.3926, blank_acc=0.7617, early=0.7630, late=0.7590, early_late_gap=+0.0040
b56_64 blanks=56-64 n=512 exact=0.1270, valid=0.1270, solved=0.1270, blank_acc=0.5625, early=0.5564, late=0.5568, early_late_gap=-0.0003

case-bank artifacts
official_b46_50 exact=1.0000 blank_acc=1.0000 selected={'solved_by_loop': 4, 'almost_solved': 0, 'hard_failure': 0}
  index=/huyang2/double-loop/.worktrees/pscale029-full-diversity-formal-eeb38f5-20260711T1518Z/runs/gdn-full-diversity-d224l12-resume4500-s6000-20260711T1950Z-eeb38f5/output/case_bank/official_b46_50/index.html
  cases=/huyang2/double-loop/.worktrees/pscale029-full-diversity-formal-eeb38f5-20260711T1518Z/runs/gdn-full-diversity-d224l12-resume4500-s6000-20260711T1950Z-eeb38f5/output/case_bank/official_b46_50/cases.json
official_b51_55 exact=0.4102 blank_acc=0.7724 selected={'solved_by_loop': 4, 'almost_solved': 4, 'hard_failure': 4}
  index=/huyang2/double-loop/.worktrees/pscale029-full-diversity-formal-eeb38f5-20260711T1518Z/runs/gdn-full-diversity-d224l12-resume4500-s6000-20260711T1950Z-eeb38f5/output/case_bank/official_b51_55/index.html
  cases=/huyang2/double-loop/.worktrees/pscale029-full-diversity-formal-eeb38f5-20260711T1518Z/runs/gdn-full-diversity-d224l12-resume4500-s6000-20260711T1950Z-eeb38f5/output/case_bank/official_b51_55/cases.json
official_b56_64 exact=0.0781 blank_acc=0.5656 selected={'solved_by_loop': 4, 'almost_solved': 4, 'hard_failure': 4}
  index=/huyang2/double-loop/.worktrees/pscale029-full-diversity-formal-eeb38f5-20260711T1518Z/runs/gdn-full-diversity-d224l12-resume4500-s6000-20260711T1950Z-eeb38f5/output/case_bank/official_b56_64/index.html
  cases=/huyang2/double-loop/.worktrees/pscale029-full-diversity-formal-eeb38f5-20260711T1518Z/runs/gdn-full-diversity-d224l12-resume4500-s6000-20260711T1950Z-eeb38f5/output/case_bank/official_b56_64/cases.json
Depth loop adds useful full-board refinement.
wrote /huyang2/double-loop/.worktrees/pscale029-full-diversity-formal-eeb38f5-20260711T1518Z/runs/gdn-full-diversity-d224l12-resume4500-s6000-20260711T1950Z-eeb38f5/output/futureseed_loop_seed52.json
wrote /huyang2/double-loop/.worktrees/pscale029-full-diversity-formal-eeb38f5-20260711T1518Z/runs/gdn-full-diversity-d224l12-resume4500-s6000-20260711T1950Z-eeb38f5/output/futureseed_loop_seed52.md
wrote /huyang2/double-loop/.worktrees/pscale029-full-diversity-formal-eeb38f5-20260711T1518Z/runs/gdn-full-diversity-d224l12-resume4500-s6000-20260711T1950Z-eeb38f5/output/futureseed_loop_case_seed52.html
