mode=full
run_dir=/huyang2/double-loop/.worktrees/d320-effb72-h120-step6800-20260615T0502Z-785f3cd/runs/d320-effb72-h120-step6800-r3-20260615T0513Z-785f3cd
git_sha=785f3cdca74aab1f6e9d6a4cc252a17e3aa63731
git_dirty=0
device=cuda torch=2.7.0+cu126 board=12x12 box=3x4 mainline=future_seed_loop rwkv_kernel=statepassing forward_dtype=bfloat16
checkpoint_eval steps=6800 holes=96,108,120,132
[future_seed_loop stage=1:16-36] step=0100 ce=1.6071 total=1.6062 loop1=1.6039 loop_last=1.6071 scratch_delta=0.000 scratch_gauss=0.0000
[future_seed_loop stage=1:16-36] step=0200 ce=1.3070 total=1.3067 loop1=1.3076 loop_last=1.3070 scratch_delta=0.000 scratch_gauss=0.0000
[future_seed_loop stage=2:36-60] step=0300 ce=1.4719 total=1.4723 loop1=1.4756 loop_last=1.4719 scratch_delta=0.000 scratch_gauss=0.0000
[future_seed_loop stage=2:36-60] step=0400 ce=1.3281 total=1.3298 loop1=1.3384 loop_last=1.3281 scratch_delta=0.000 scratch_gauss=0.0000
[future_seed_loop stage=2:36-60] step=0500 ce=0.7394 total=0.7546 loop1=0.8196 loop_last=0.7394 scratch_delta=0.000 scratch_gauss=0.0000
[future_seed_loop stage=3:60-72] step=0600 ce=0.6182 total=0.6492 loop1=0.7828 loop_last=0.6182 scratch_delta=0.000 scratch_gauss=0.0000
[future_seed_loop stage=3:60-72] step=0700 ce=0.3744 total=0.4058 loop1=0.5413 loop_last=0.3744 scratch_delta=0.000 scratch_gauss=0.0000
[future_seed_loop stage=3:60-72] step=0800 ce=0.2357 total=0.2749 loop1=0.4427 loop_last=0.2357 scratch_delta=0.000 scratch_gauss=0.0000
[future_seed_loop stage=3:60-72] step=0900 ce=0.1881 total=0.2261 loop1=0.3909 loop_last=0.1881 scratch_delta=0.000 scratch_gauss=0.0000
[future_seed_loop stage=3:60-72] step=1000 ce=0.1235 total=0.1608 loop1=0.3223 loop_last=0.1235 scratch_delta=0.000 scratch_gauss=0.0000
[train_checkpoint step=1000] path=/huyang2/double-loop/.worktrees/d320-effb72-h120-step6800-20260615T0502Z-785f3cd/runs/d320-effb72-h120-step6800-r3-20260615T0513Z-785f3cd/checkpoints/train_state_step001000.pt
[future_seed_loop stage=4:72-84] step=1100 ce=0.3540 total=0.4067 loop1=0.6290 loop_last=0.3540 scratch_delta=0.000 scratch_gauss=0.0000
[future_seed_loop stage=4:72-84] step=1200 ce=0.3257 total=0.3779 loop1=0.5997 loop_last=0.3257 scratch_delta=0.000 scratch_gauss=0.0000
[future_seed_loop stage=4:72-84] step=1300 ce=0.2476 total=0.3005 loop1=0.5237 loop_last=0.2476 scratch_delta=0.000 scratch_gauss=0.0000
[future_seed_loop stage=4:72-84] step=1400 ce=0.2229 total=0.2762 loop1=0.5041 loop_last=0.2229 scratch_delta=0.000 scratch_gauss=0.0000
[future_seed_loop stage=4:72-84] step=1500 ce=0.2527 total=0.3061 loop1=0.5351 loop_last=0.2527 scratch_delta=0.000 scratch_gauss=0.0000
[future_seed_loop stage=4:72-84] step=1600 ce=0.1959 total=0.2461 loop1=0.4636 loop_last=0.1959 scratch_delta=0.000 scratch_gauss=0.0000
[future_seed_loop stage=4:72-84] step=1700 ce=0.1852 total=0.2331 loop1=0.4454 loop_last=0.1852 scratch_delta=0.000 scratch_gauss=0.0000
[future_seed_loop stage=4:72-84] step=1800 ce=0.1689 total=0.2232 loop1=0.4523 loop_last=0.1689 scratch_delta=0.000 scratch_gauss=0.0000
[future_seed_loop stage=4:72-84] step=1900 ce=0.2011 total=0.2495 loop1=0.4500 loop_last=0.2011 scratch_delta=0.000 scratch_gauss=0.0000
[future_seed_loop stage=4:72-84] step=2000 ce=0.1699 total=0.2131 loop1=0.4011 loop_last=0.1699 scratch_delta=0.000 scratch_gauss=0.0000
[train_checkpoint step=2000] path=/huyang2/double-loop/.worktrees/d320-effb72-h120-step6800-20260615T0502Z-785f3cd/runs/d320-effb72-h120-step6800-r3-20260615T0513Z-785f3cd/checkpoints/train_state_step002000.pt
[future_seed_loop stage=4:72-84] step=2100 ce=0.1188 total=0.1697 loop1=0.3846 loop_last=0.1188 scratch_delta=0.000 scratch_gauss=0.0000
[future_seed_loop stage=4:72-84] step=2200 ce=0.1667 total=0.2100 loop1=0.3979 loop_last=0.1667 scratch_delta=0.000 scratch_gauss=0.0000
[future_seed_loop stage=5:84-96] step=2300 ce=0.4694 total=0.5332 loop1=0.7902 loop_last=0.4694 scratch_delta=0.000 scratch_gauss=0.0000
[future_seed_loop stage=5:84-96] step=2400 ce=0.4446 total=0.5130 loop1=0.7842 loop_last=0.4446 scratch_delta=0.000 scratch_gauss=0.0000
[future_seed_loop stage=5:84-96] step=2500 ce=0.3900 total=0.4546 loop1=0.7167 loop_last=0.3900 scratch_delta=0.000 scratch_gauss=0.0000
[future_seed_loop stage=5:84-96] step=2600 ce=0.4213 total=0.4914 loop1=0.7738 loop_last=0.4213 scratch_delta=0.000 scratch_gauss=0.0000
[future_seed_loop stage=5:84-96] step=2700 ce=0.3554 total=0.4305 loop1=0.7269 loop_last=0.3554 scratch_delta=0.000 scratch_gauss=0.0000
[future_seed_loop stage=5:84-96] step=2800 ce=0.3586 total=0.4286 loop1=0.7048 loop_last=0.3586 scratch_delta=0.000 scratch_gauss=0.0000
[future_seed_loop stage=5:84-96] step=2900 ce=0.3633 total=0.4406 loop1=0.7425 loop_last=0.3633 scratch_delta=0.000 scratch_gauss=0.0000
[future_seed_loop stage=5:84-96] step=3000 ce=0.4083 total=0.4698 loop1=0.7139 loop_last=0.4083 scratch_delta=0.000 scratch_gauss=0.0000
[train_checkpoint step=3000] path=/huyang2/double-loop/.worktrees/d320-effb72-h120-step6800-20260615T0502Z-785f3cd/runs/d320-effb72-h120-step6800-r3-20260615T0513Z-785f3cd/checkpoints/train_state_step003000.pt
[future_seed_loop stage=5:84-96] step=3100 ce=0.3062 total=0.3830 loop1=0.6781 loop_last=0.3062 scratch_delta=0.000 scratch_gauss=0.0000
[future_seed_loop stage=5:84-96] step=3200 ce=0.3303 total=0.3975 loop1=0.6659 loop_last=0.3303 scratch_delta=0.000 scratch_gauss=0.0000
[future_seed_loop stage=5:84-96] step=3300 ce=0.2764 total=0.3565 loop1=0.6728 loop_last=0.2764 scratch_delta=0.000 scratch_gauss=0.0000
[future_seed_loop stage=5:84-96] step=3400 ce=0.3114 total=0.3910 loop1=0.7018 loop_last=0.3114 scratch_delta=0.000 scratch_gauss=0.0000
[future_seed_loop stage=5:84-96] step=3500 ce=0.2774 total=0.3519 loop1=0.6397 loop_last=0.2774 scratch_delta=0.000 scratch_gauss=0.0000
[future_seed_loop stage=5:84-96] step=3600 ce=0.2596 total=0.3311 loop1=0.6113 loop_last=0.2596 scratch_delta=0.000 scratch_gauss=0.0000
[future_seed_loop stage=5:84-96] step=3700 ce=0.3332 total=0.4067 loop1=0.6837 loop_last=0.3332 scratch_delta=0.000 scratch_gauss=0.0000
[future_seed_loop stage=5:84-96] step=3800 ce=0.3037 total=0.3764 loop1=0.6648 loop_last=0.3037 scratch_delta=0.000 scratch_gauss=0.0000
[future_seed_loop stage=5:84-96] step=3900 ce=0.3059 total=0.3707 loop1=0.6429 loop_last=0.3059 scratch_delta=0.000 scratch_gauss=0.0000
[future_seed_loop stage=5:84-96] step=4000 ce=0.2313 total=0.3130 loop1=0.6353 loop_last=0.2313 scratch_delta=0.000 scratch_gauss=0.0000
[train_checkpoint step=4000] path=/huyang2/double-loop/.worktrees/d320-effb72-h120-step6800-20260615T0502Z-785f3cd/runs/d320-effb72-h120-step6800-r3-20260615T0513Z-785f3cd/checkpoints/train_state_step004000.pt
