mode=full
run_dir=/huyang2/double-loop/.worktrees/pscale029-full-diversity-eeb38f5-20260711T1505Z/runs/gdn-full-diversity-hard-resume7000-s8000-20260711T2308Z-eeb38f5
git_sha=eeb38f5b6f9b6c1b1df0bbd3ca149daec06a171d
git_dirty=0
device=cuda torch=2.7.0+cu126 board=9x9 box=3x3 mainline=future_seed_loop backbone=gdn rwkv_kernel=auto gdn_mode=triton_recurrent forward_dtype=bfloat16
checkpoint_eval steps=8000 holes=53,60,64
resumed_train_checkpoint path=/huyang2/double-loop/models/gdn-full-diversity-d224l12-s6000-20260711T1510Z-eeb38f5/checkpoints/train_state_step007000.pt step=7000 reason=eval_checkpoint
[future_seed_loop stage=3:51-64] step=7100 ce=0.7433 total=0.8127 loop1=0.9766 loop_last=0.7433 exact_margin=0.0000 softmin=0.000 upd_l=0.950 upd_h=0.950 fb_next=0.000 fb_corrupt=0.000 fb_conf=0.000 hagg_norm=0.000 hagg_raw=0.000 hagg_ent=0.000 hagg_maxw=0.000 hagg_clip=0.000 scratch_delta=0.000 scratch_gauss=0.0000
[train_checkpoint step=7100] path=/huyang2/double-loop/models/gdn-full-diversity-d224l12-s6000-20260711T1510Z-eeb38f5/checkpoints/train_state_step007100.pt
[future_seed_loop stage=3:51-64] step=7200 ce=0.7118 total=0.7953 loop1=0.9894 loop_last=0.7118 exact_margin=0.0000 softmin=0.000 upd_l=0.950 upd_h=0.950 fb_next=0.000 fb_corrupt=0.000 fb_conf=0.000 hagg_norm=0.000 hagg_raw=0.000 hagg_ent=0.000 hagg_maxw=0.000 hagg_clip=0.000 scratch_delta=0.000 scratch_gauss=0.0000
[train_checkpoint step=7200] path=/huyang2/double-loop/models/gdn-full-diversity-d224l12-s6000-20260711T1510Z-eeb38f5/checkpoints/train_state_step007200.pt
[future_seed_loop stage=3:51-64] step=7300 ce=0.7126 total=0.7954 loop1=0.9683 loop_last=0.7126 exact_margin=0.0000 softmin=0.000 upd_l=0.950 upd_h=0.950 fb_next=0.000 fb_corrupt=0.000 fb_conf=0.000 hagg_norm=0.000 hagg_raw=0.000 hagg_ent=0.000 hagg_maxw=0.000 hagg_clip=0.000 scratch_delta=0.000 scratch_gauss=0.0000
[train_checkpoint step=7300] path=/huyang2/double-loop/models/gdn-full-diversity-d224l12-s6000-20260711T1510Z-eeb38f5/checkpoints/train_state_step007300.pt
[future_seed_loop stage=3:51-64] step=7400 ce=0.6828 total=0.7667 loop1=0.9684 loop_last=0.6828 exact_margin=0.0000 softmin=0.000 upd_l=0.950 upd_h=0.950 fb_next=0.000 fb_corrupt=0.000 fb_conf=0.000 hagg_norm=0.000 hagg_raw=0.000 hagg_ent=0.000 hagg_maxw=0.000 hagg_clip=0.000 scratch_delta=0.000 scratch_gauss=0.0000
[train_checkpoint step=7400] path=/huyang2/double-loop/models/gdn-full-diversity-d224l12-s6000-20260711T1510Z-eeb38f5/checkpoints/train_state_step007400.pt
[future_seed_loop stage=3:51-64] step=7500 ce=0.6815 total=0.7570 loop1=0.9478 loop_last=0.6815 exact_margin=0.0000 softmin=0.000 upd_l=0.950 upd_h=0.950 fb_next=0.000 fb_corrupt=0.000 fb_conf=0.000 hagg_norm=0.000 hagg_raw=0.000 hagg_ent=0.000 hagg_maxw=0.000 hagg_clip=0.000 scratch_delta=0.000 scratch_gauss=0.0000
[train_checkpoint step=7500] path=/huyang2/double-loop/models/gdn-full-diversity-d224l12-s6000-20260711T1510Z-eeb38f5/checkpoints/train_state_step007500.pt
[future_seed_loop stage=3:51-64] step=7600 ce=0.7196 total=0.7923 loop1=0.9683 loop_last=0.7196 exact_margin=0.0000 softmin=0.000 upd_l=0.950 upd_h=0.950 fb_next=0.000 fb_corrupt=0.000 fb_conf=0.000 hagg_norm=0.000 hagg_raw=0.000 hagg_ent=0.000 hagg_maxw=0.000 hagg_clip=0.000 scratch_delta=0.000 scratch_gauss=0.0000
[train_checkpoint step=7600] path=/huyang2/double-loop/models/gdn-full-diversity-d224l12-s6000-20260711T1510Z-eeb38f5/checkpoints/train_state_step007600.pt
[future_seed_loop stage=3:51-64] step=7700 ce=0.6808 total=0.7688 loop1=0.9649 loop_last=0.6808 exact_margin=0.0000 softmin=0.000 upd_l=0.950 upd_h=0.950 fb_next=0.000 fb_corrupt=0.000 fb_conf=0.000 hagg_norm=0.000 hagg_raw=0.000 hagg_ent=0.000 hagg_maxw=0.000 hagg_clip=0.000 scratch_delta=0.000 scratch_gauss=0.0000
[train_checkpoint step=7700] path=/huyang2/double-loop/models/gdn-full-diversity-d224l12-s6000-20260711T1510Z-eeb38f5/checkpoints/train_state_step007700.pt
[future_seed_loop stage=3:51-64] step=7800 ce=0.6906 total=0.7668 loop1=0.9573 loop_last=0.6906 exact_margin=0.0000 softmin=0.000 upd_l=0.950 upd_h=0.950 fb_next=0.000 fb_corrupt=0.000 fb_conf=0.000 hagg_norm=0.000 hagg_raw=0.000 hagg_ent=0.000 hagg_maxw=0.000 hagg_clip=0.000 scratch_delta=0.000 scratch_gauss=0.0000
[train_checkpoint step=7800] path=/huyang2/double-loop/models/gdn-full-diversity-d224l12-s6000-20260711T1510Z-eeb38f5/checkpoints/train_state_step007800.pt
[future_seed_loop stage=3:51-64] step=7900 ce=0.6828 total=0.7698 loop1=0.9644 loop_last=0.6828 exact_margin=0.0000 softmin=0.000 upd_l=0.950 upd_h=0.950 fb_next=0.000 fb_corrupt=0.000 fb_conf=0.000 hagg_norm=0.000 hagg_raw=0.000 hagg_ent=0.000 hagg_maxw=0.000 hagg_clip=0.000 scratch_delta=0.000 scratch_gauss=0.0000
[train_checkpoint step=7900] path=/huyang2/double-loop/models/gdn-full-diversity-d224l12-s6000-20260711T1510Z-eeb38f5/checkpoints/train_state_step007900.pt
[future_seed_loop stage=3:51-64] step=8000 ce=0.7353 total=0.8115 loop1=0.9849 loop_last=0.7353 exact_margin=0.0000 softmin=0.000 upd_l=0.950 upd_h=0.950 fb_next=0.000 fb_corrupt=0.000 fb_conf=0.000 hagg_norm=0.000 hagg_raw=0.000 hagg_ent=0.000 hagg_maxw=0.000 hagg_clip=0.000 scratch_delta=0.000 scratch_gauss=0.0000
[checkpoint_eval step=8000 holes60] loop5 exact=0.3066 blank=0.7147
[train_checkpoint step=8000] path=/huyang2/double-loop/models/gdn-full-diversity-d224l12-s6000-20260711T1510Z-eeb38f5/checkpoints/train_state_step008000.pt

full-board metrics
loop=1 exact=0.0234, valid=0.0234, solved=0.0234, blank_acc=0.5605, early=0.5539, late=0.5653, early_late_gap=-0.0115
        fs_gate=0.456, fs_update=1.000, fs_state_norm=14.581, fs_decay=0.00, fs_raw_rms=0.288, fs_raw_rms_std=0.027, fs_norm_gain=1.000, fs_norm_gain_std=0.000, fb_in=0.000, fb_next=0.000, loop_time=0.000, upd_l=0.950, upd_h=0.950, scratch_gate=0.000, scratch_decay=0.000, scratch_delta=0.000, scratch_resid=0.000
loop=2 exact=0.0508, valid=0.0508, solved=0.0508, blank_acc=0.6534, early=0.6469, late=0.6540, early_late_gap=-0.0070
        fs_gate=0.456, fs_update=1.000, fs_state_norm=14.581, fs_decay=0.00, fs_raw_rms=0.267, fs_raw_rms_std=0.028, fs_norm_gain=1.000, fs_norm_gain_std=0.000, fb_in=0.000, fb_next=0.000, loop_time=0.000, upd_l=0.950, upd_h=0.950, scratch_gate=0.000, scratch_decay=0.000, scratch_delta=0.000, scratch_resid=0.000
loop=3 exact=0.1875, valid=0.1875, solved=0.1875, blank_acc=0.6938, early=0.6903, late=0.6961, early_late_gap=-0.0058
        fs_gate=0.456, fs_update=1.000, fs_state_norm=14.581, fs_decay=0.00, fs_raw_rms=0.288, fs_raw_rms_std=0.039, fs_norm_gain=1.000, fs_norm_gain_std=0.000, fb_in=0.000, fb_next=0.000, loop_time=0.000, upd_l=0.950, upd_h=0.950, scratch_gate=0.000, scratch_decay=0.000, scratch_delta=0.000, scratch_resid=0.000
loop=4 exact=0.2598, valid=0.2598, solved=0.2598, blank_acc=0.7049, early=0.7028, late=0.7052, early_late_gap=-0.0024
        fs_gate=0.456, fs_update=1.000, fs_state_norm=14.581, fs_decay=0.00, fs_raw_rms=0.311, fs_raw_rms_std=0.062, fs_norm_gain=1.000, fs_norm_gain_std=0.000, fb_in=0.000, fb_next=0.000, loop_time=0.000, upd_l=0.950, upd_h=0.950, scratch_gate=0.000, scratch_decay=0.000, scratch_delta=0.000, scratch_resid=0.000
loop=5 exact=0.2715, valid=0.2715, solved=0.2715, blank_acc=0.7055, early=0.7037, late=0.7049, early_late_gap=-0.0011
        fs_gate=0.456, fs_update=1.000, fs_state_norm=14.581, fs_decay=0.00, fs_raw_rms=0.318, fs_raw_rms_std=0.070, fs_norm_gain=1.000, fs_norm_gain_std=0.000, fb_in=0.000, fb_next=0.000, loop_time=0.000, upd_l=0.950, upd_h=0.950, scratch_gate=0.000, scratch_decay=0.000, scratch_delta=0.000, scratch_resid=0.000

official sudoku eval split=test eval_n=512 seed=1051

official blank-range metrics
b46_50 blanks=46-50 n=512 exact=1.0000, valid=1.0000, solved=1.0000, blank_acc=1.0000, early=1.0000, late=1.0000, early_late_gap=+0.0000
b51_55 blanks=51-55 n=512 exact=0.4473, valid=0.4473, solved=0.4473, blank_acc=0.7900, early=0.7908, late=0.7898, early_late_gap=+0.0010
b56_64 blanks=56-64 n=512 exact=0.1621, valid=0.1621, solved=0.1621, blank_acc=0.6322, early=0.6306, late=0.6280, early_late_gap=+0.0026

case-bank artifacts
official_b46_50 exact=1.0000 blank_acc=1.0000 selected={'solved_by_loop': 3, 'almost_solved': 0, 'hard_failure': 0}
  index=/huyang2/double-loop/.worktrees/pscale029-full-diversity-eeb38f5-20260711T1505Z/runs/gdn-full-diversity-hard-resume7000-s8000-20260711T2308Z-eeb38f5/output/case_bank/official_b46_50/index.html
  cases=/huyang2/double-loop/.worktrees/pscale029-full-diversity-eeb38f5-20260711T1505Z/runs/gdn-full-diversity-hard-resume7000-s8000-20260711T2308Z-eeb38f5/output/case_bank/official_b46_50/cases.json
official_b51_55 exact=0.4375 blank_acc=0.7963 selected={'solved_by_loop': 4, 'almost_solved': 4, 'hard_failure': 4}
  index=/huyang2/double-loop/.worktrees/pscale029-full-diversity-eeb38f5-20260711T1505Z/runs/gdn-full-diversity-hard-resume7000-s8000-20260711T2308Z-eeb38f5/output/case_bank/official_b51_55/index.html
  cases=/huyang2/double-loop/.worktrees/pscale029-full-diversity-eeb38f5-20260711T1505Z/runs/gdn-full-diversity-hard-resume7000-s8000-20260711T2308Z-eeb38f5/output/case_bank/official_b51_55/cases.json
official_b56_64 exact=0.1289 blank_acc=0.6350 selected={'solved_by_loop': 4, 'almost_solved': 4, 'hard_failure': 4}
  index=/huyang2/double-loop/.worktrees/pscale029-full-diversity-eeb38f5-20260711T1505Z/runs/gdn-full-diversity-hard-resume7000-s8000-20260711T2308Z-eeb38f5/output/case_bank/official_b56_64/index.html
  cases=/huyang2/double-loop/.worktrees/pscale029-full-diversity-eeb38f5-20260711T1505Z/runs/gdn-full-diversity-hard-resume7000-s8000-20260711T2308Z-eeb38f5/output/case_bank/official_b56_64/cases.json
Depth loop adds useful full-board refinement.
wrote /huyang2/double-loop/.worktrees/pscale029-full-diversity-eeb38f5-20260711T1505Z/runs/gdn-full-diversity-hard-resume7000-s8000-20260711T2308Z-eeb38f5/output/futureseed_loop_seed52.json
wrote /huyang2/double-loop/.worktrees/pscale029-full-diversity-eeb38f5-20260711T1505Z/runs/gdn-full-diversity-hard-resume7000-s8000-20260711T2308Z-eeb38f5/output/futureseed_loop_seed52.md
wrote /huyang2/double-loop/.worktrees/pscale029-full-diversity-eeb38f5-20260711T1505Z/runs/gdn-full-diversity-hard-resume7000-s8000-20260711T2308Z-eeb38f5/output/futureseed_loop_case_seed52.html
