mode=full
run_dir=/huyang2/double-loop/runs/raven-futureseed-vs-gdn2-20260801T104903Z-f2306f8-raven
git_sha=f2306f8cf34098e45187828755546172435bcc17
git_dirty=0
Current Python version 3.10 is below the recommended 3.11 version. It is recommended to upgrade to Python 3.11 or higher for the best experience.
device=cuda torch=2.7.0+cu126 board=9x9 box=3x3 mainline=future_seed_loop backbone=raven rwkv_kernel=auto future_seed_gate_mode=head future_seed_scope=layer future_seed_readout_hop=0 gdn_mode=chunk gdn_progressive_base_expand_v=0.0 gdn2_gain_budget=none gdn2_fast_slow_decay=none gdn2_address=none raven_slots/topk=16/2 cell_order_train=row_major forward_dtype=bfloat16
checkpoint_eval steps=500 holes=53
[future_seed_loop stage=1:46-50] step=0100 ce=1.8599 total=1.8611 loop1=1.8649 loop_last=1.8599 exact_margin=0.0000 softmin=0.000 upd_l=0.950 upd_h=0.950 fb_next=0.000 fb_corrupt=0.000 fb_conf=0.000 hagg_norm=0.000 hagg_raw=0.000 hagg_ent=0.000 hagg_maxw=0.000 hagg_clip=0.000 gb_clip=0.0000 gb_infeas=0.0000 gb_endpoint=0.0000 gb_bound=0.000000 gb_delta=0.00e+00 gb_change=0.0000 slow_rho=0.0000 slow_lag=0.0000 slow_tv=1.0000 slow_change=0.0000 addr_scale=0.0000 addr_phase=0.0000 addr_qchg=0.0000 addr_kchg=0.0000 addr_wrms=0.0000 addr_tstd=0.0000 addr_pstd=0.0000 addr_rrms=0.0000 addr_rstd=0.0000 addr_rq=0.0000 addr_rk=0.0000 addr_qwrms=0.0000 addr_kwrms=0.0000 carrier=0.0000/0.0000/0.0000 carrier_min=0.0000 carrier_r=0.0000 addr_state=0.0000 scratch_delta=0.000 scratch_gauss=0.0000
[future_seed_loop stage=2:51-55] step=0200 ce=1.8158 total=1.8171 loop1=1.8215 loop_last=1.8158 exact_margin=0.0000 softmin=0.000 upd_l=0.950 upd_h=0.950 fb_next=0.000 fb_corrupt=0.000 fb_conf=0.000 hagg_norm=0.000 hagg_raw=0.000 hagg_ent=0.000 hagg_maxw=0.000 hagg_clip=0.000 gb_clip=0.0000 gb_infeas=0.0000 gb_endpoint=0.0000 gb_bound=0.000000 gb_delta=0.00e+00 gb_change=0.0000 slow_rho=0.0000 slow_lag=0.0000 slow_tv=1.0000 slow_change=0.0000 addr_scale=0.0000 addr_phase=0.0000 addr_qchg=0.0000 addr_kchg=0.0000 addr_wrms=0.0000 addr_tstd=0.0000 addr_pstd=0.0000 addr_rrms=0.0000 addr_rstd=0.0000 addr_rq=0.0000 addr_rk=0.0000 addr_qwrms=0.0000 addr_kwrms=0.0000 carrier=0.0000/0.0000/0.0000 carrier_min=0.0000 carrier_r=0.0000 addr_state=0.0000 scratch_delta=0.000 scratch_gauss=0.0000
[future_seed_loop stage=2:51-55] step=0300 ce=1.5133 total=1.5190 loop1=1.5375 loop_last=1.5133 exact_margin=0.0000 softmin=0.000 upd_l=0.950 upd_h=0.950 fb_next=0.000 fb_corrupt=0.000 fb_conf=0.000 hagg_norm=0.000 hagg_raw=0.000 hagg_ent=0.000 hagg_maxw=0.000 hagg_clip=0.000 gb_clip=0.0000 gb_infeas=0.0000 gb_endpoint=0.0000 gb_bound=0.000000 gb_delta=0.00e+00 gb_change=0.0000 slow_rho=0.0000 slow_lag=0.0000 slow_tv=1.0000 slow_change=0.0000 addr_scale=0.0000 addr_phase=0.0000 addr_qchg=0.0000 addr_kchg=0.0000 addr_wrms=0.0000 addr_tstd=0.0000 addr_pstd=0.0000 addr_rrms=0.0000 addr_rstd=0.0000 addr_rq=0.0000 addr_rk=0.0000 addr_qwrms=0.0000 addr_kwrms=0.0000 carrier=0.0000/0.0000/0.0000 carrier_min=0.0000 carrier_r=0.0000 addr_state=0.0000 scratch_delta=0.000 scratch_gauss=0.0000
[future_seed_loop stage=2:51-55] step=0400 ce=1.2540 total=1.2637 loop1=1.2937 loop_last=1.2540 exact_margin=0.0000 softmin=0.000 upd_l=0.950 upd_h=0.950 fb_next=0.000 fb_corrupt=0.000 fb_conf=0.000 hagg_norm=0.000 hagg_raw=0.000 hagg_ent=0.000 hagg_maxw=0.000 hagg_clip=0.000 gb_clip=0.0000 gb_infeas=0.0000 gb_endpoint=0.0000 gb_bound=0.000000 gb_delta=0.00e+00 gb_change=0.0000 slow_rho=0.0000 slow_lag=0.0000 slow_tv=1.0000 slow_change=0.0000 addr_scale=0.0000 addr_phase=0.0000 addr_qchg=0.0000 addr_kchg=0.0000 addr_wrms=0.0000 addr_tstd=0.0000 addr_pstd=0.0000 addr_rrms=0.0000 addr_rstd=0.0000 addr_rq=0.0000 addr_rk=0.0000 addr_qwrms=0.0000 addr_kwrms=0.0000 carrier=0.0000/0.0000/0.0000 carrier_min=0.0000 carrier_r=0.0000 addr_state=0.0000 scratch_delta=0.000 scratch_gauss=0.0000
[future_seed_loop stage=2:51-55] step=0500 ce=1.1388 total=1.1494 loop1=1.1819 loop_last=1.1388 exact_margin=0.0000 softmin=0.000 upd_l=0.950 upd_h=0.950 fb_next=0.000 fb_corrupt=0.000 fb_conf=0.000 hagg_norm=0.000 hagg_raw=0.000 hagg_ent=0.000 hagg_maxw=0.000 hagg_clip=0.000 gb_clip=0.0000 gb_infeas=0.0000 gb_endpoint=0.0000 gb_bound=0.000000 gb_delta=0.00e+00 gb_change=0.0000 slow_rho=0.0000 slow_lag=0.0000 slow_tv=1.0000 slow_change=0.0000 addr_scale=0.0000 addr_phase=0.0000 addr_qchg=0.0000 addr_kchg=0.0000 addr_wrms=0.0000 addr_tstd=0.0000 addr_pstd=0.0000 addr_rrms=0.0000 addr_rstd=0.0000 addr_rq=0.0000 addr_rk=0.0000 addr_qwrms=0.0000 addr_kwrms=0.0000 carrier=0.0000/0.0000/0.0000 carrier_min=0.0000 carrier_r=0.0000 addr_state=0.0000 scratch_delta=0.000 scratch_gauss=0.0000
[checkpoint_eval step=0500 holes53] loop5 exact=0.0000 blank=0.4649
[train_checkpoint step=0500] path=/huyang2/double-loop/models/raven-futureseed-vs-gdn2-20260801T104903Z-f2306f8-raven/checkpoints/train_state_step000500.pt

full-board metrics
loop=1 exact=0.0000, valid=0.0000, solved=0.0000, blank_acc=0.4197, early=0.4055, late=0.4358, early_late_gap=-0.0304
        fs_gate=0.490, fs_update=1.000, fs_state_norm=15.674, fs_decay=0.00, fs_raw_rms=0.534, fs_raw_rms_std=0.014, fs_norm_gain=1.000, fs_norm_gain_std=0.000, fs2_delta=0.0000, fs2_gate_std=0.0000, fs2_batch_std=0.0000, fs2_feature_std=0.0000, fs2_gate_range=0.427:0.567, fs2_seed_change=0.0000, fs2_block_active=0.0, fs2_block_raw_norm=0.000, slow_decay=0, slow_rho/lag=0.000/0.000, slow_tv=0.0000->0.0000, slow_change=0.0000, fb_in=0.000, fb_next=0.000, loop_time=0.000, upd_l=0.950, upd_h=0.950, scratch_gate=0.000, scratch_decay=0.000, scratch_delta=0.000, scratch_resid=0.000
loop=2 exact=0.0000, valid=0.0000, solved=0.0000, blank_acc=0.4295, early=0.4159, late=0.4447, early_late_gap=-0.0287
        fs_gate=0.490, fs_update=1.000, fs_state_norm=15.674, fs_decay=0.00, fs_raw_rms=0.527, fs_raw_rms_std=0.014, fs_norm_gain=1.000, fs_norm_gain_std=0.000, fs2_delta=0.0000, fs2_gate_std=0.0000, fs2_batch_std=0.0000, fs2_feature_std=0.0000, fs2_gate_range=0.427:0.567, fs2_seed_change=0.0000, fs2_block_active=0.0, fs2_block_raw_norm=0.000, slow_decay=0, slow_rho/lag=0.000/0.000, slow_tv=0.0000->0.0000, slow_change=0.0000, fb_in=0.000, fb_next=0.000, loop_time=0.000, upd_l=0.950, upd_h=0.950, scratch_gate=0.000, scratch_decay=0.000, scratch_delta=0.000, scratch_resid=0.000
loop=3 exact=0.0000, valid=0.0000, solved=0.0000, blank_acc=0.4287, early=0.4159, late=0.4425, early_late_gap=-0.0265
        fs_gate=0.490, fs_update=1.000, fs_state_norm=15.674, fs_decay=0.00, fs_raw_rms=0.524, fs_raw_rms_std=0.014, fs_norm_gain=1.000, fs_norm_gain_std=0.000, fs2_delta=0.0000, fs2_gate_std=0.0000, fs2_batch_std=0.0000, fs2_feature_std=0.0000, fs2_gate_range=0.427:0.567, fs2_seed_change=0.0000, fs2_block_active=0.0, fs2_block_raw_norm=0.000, slow_decay=0, slow_rho/lag=0.000/0.000, slow_tv=0.0000->0.0000, slow_change=0.0000, fb_in=0.000, fb_next=0.000, loop_time=0.000, upd_l=0.950, upd_h=0.950, scratch_gate=0.000, scratch_decay=0.000, scratch_delta=0.000, scratch_resid=0.000
loop=4 exact=0.0000, valid=0.0000, solved=0.0000, blank_acc=0.4291, early=0.4168, late=0.4427, early_late_gap=-0.0259
        fs_gate=0.490, fs_update=1.000, fs_state_norm=15.674, fs_decay=0.00, fs_raw_rms=0.523, fs_raw_rms_std=0.014, fs_norm_gain=1.000, fs_norm_gain_std=0.000, fs2_delta=0.0000, fs2_gate_std=0.0000, fs2_batch_std=0.0000, fs2_feature_std=0.0000, fs2_gate_range=0.427:0.567, fs2_seed_change=0.0000, fs2_block_active=0.0, fs2_block_raw_norm=0.000, slow_decay=0, slow_rho/lag=0.000/0.000, slow_tv=0.0000->0.0000, slow_change=0.0000, fb_in=0.000, fb_next=0.000, loop_time=0.000, upd_l=0.950, upd_h=0.950, scratch_gate=0.000, scratch_decay=0.000, scratch_delta=0.000, scratch_resid=0.000
loop=5 exact=0.0000, valid=0.0000, solved=0.0000, blank_acc=0.4292, early=0.4172, late=0.4419, early_late_gap=-0.0248
        fs_gate=0.490, fs_update=1.000, fs_state_norm=15.674, fs_decay=0.00, fs_raw_rms=0.523, fs_raw_rms_std=0.014, fs_norm_gain=1.000, fs_norm_gain_std=0.000, fs2_delta=0.0000, fs2_gate_std=0.0000, fs2_batch_std=0.0000, fs2_feature_std=0.0000, fs2_gate_range=0.427:0.567, fs2_seed_change=0.0000, fs2_block_active=0.0, fs2_block_raw_norm=0.000, slow_decay=0, slow_rho/lag=0.000/0.000, slow_tv=0.0000->0.0000, slow_change=0.0000, fb_in=0.000, fb_next=0.000, loop_time=0.000, upd_l=0.950, upd_h=0.950, scratch_gate=0.000, scratch_decay=0.000, scratch_delta=0.000, scratch_resid=0.000

official sudoku eval split=test eval_n=512 seed=1051

official blank-range metrics
b46_50 blanks=46-50 n=512 exact=0.0000, valid=0.0000, solved=0.0000, blank_acc=0.7771, early=0.7636, late=0.8040, early_late_gap=-0.0405
b51_55 blanks=51-55 n=512 exact=0.0000, valid=0.0000, solved=0.0000, blank_acc=0.4475, early=0.4359, late=0.4567, early_late_gap=-0.0208
b56_64 blanks=56-64 n=512 exact=0.0000, valid=0.0000, solved=0.0000, blank_acc=0.4052, early=0.3964, late=0.4170, early_late_gap=-0.0206

case-bank artifacts
official_b46_50 exact=0.0000 blank_acc=0.7733 selected={'solved_by_loop': 0, 'almost_solved': 8, 'hard_failure': 8}
  index=/huyang2/double-loop/runs/raven-futureseed-vs-gdn2-20260801T104903Z-f2306f8-raven/output/case_bank/official_b46_50/index.html
  cases=/huyang2/double-loop/runs/raven-futureseed-vs-gdn2-20260801T104903Z-f2306f8-raven/output/case_bank/official_b46_50/cases.json
official_b51_55 exact=0.0000 blank_acc=0.4427 selected={'solved_by_loop': 0, 'almost_solved': 0, 'hard_failure': 8}
  index=/huyang2/double-loop/runs/raven-futureseed-vs-gdn2-20260801T104903Z-f2306f8-raven/output/case_bank/official_b51_55/index.html
  cases=/huyang2/double-loop/runs/raven-futureseed-vs-gdn2-20260801T104903Z-f2306f8-raven/output/case_bank/official_b51_55/cases.json
official_b56_64 exact=0.0000 blank_acc=0.4082 selected={'solved_by_loop': 0, 'almost_solved': 0, 'hard_failure': 8}
  index=/huyang2/double-loop/runs/raven-futureseed-vs-gdn2-20260801T104903Z-f2306f8-raven/output/case_bank/official_b56_64/index.html
  cases=/huyang2/double-loop/runs/raven-futureseed-vs-gdn2-20260801T104903Z-f2306f8-raven/output/case_bank/official_b56_64/cases.json
Depth loop is neutral on full-board exact in this run.
wrote /huyang2/double-loop/runs/raven-futureseed-vs-gdn2-20260801T104903Z-f2306f8-raven/output/futureseed_loop_seed52.json
wrote /huyang2/double-loop/runs/raven-futureseed-vs-gdn2-20260801T104903Z-f2306f8-raven/output/futureseed_loop_seed52.md
wrote /huyang2/double-loop/runs/raven-futureseed-vs-gdn2-20260801T104903Z-f2306f8-raven/output/futureseed_loop_case_seed52.html
