run_name=gdn-full-diversity-d224l12-expandv8-progressive-s33000-lease-20260722T171325Z-fab982f
source_sha=fab982fcc0f0a4caf45b78de5efdc52175d52721
resume_step=31500
target_step=33000
mode=full
run_dir=/huyang2/double-loop/.worktrees/pscale035-s33000-fab982f-full-20260722/runs/gdn-full-diversity-d224l12-expandv8-progressive-s33000-lease-20260722T171325Z-fab982f
git_sha=fab982fcc0f0a4caf45b78de5efdc52175d52721
git_dirty=0
Current Python version 3.10 is below the recommended 3.11 version. It is recommended to upgrade to Python 3.11 or higher for the best experience.
device=cuda torch=2.7.0+cu126 board=9x9 box=3x3 mainline=future_seed_loop backbone=gdn rwkv_kernel=auto gdn_mode=triton_recurrent gdn_progressive_base_expand_v=4.0 forward_dtype=bfloat16
checkpoint_eval steps=33000 holes=53,60,64
resumed_train_checkpoint path=/huyang2/double-loop/models/gdn-full-diversity-d224l12-expandv8-progressive-20260722/checkpoints/train_state_step031500.pt step=31500 reason=eval_checkpoint
[future_seed_loop stage=3:51-64] step=31525 ce=0.4010 total=0.5679 loop1=0.8763 loop_last=0.4010 exact_margin=0.0000 softmin=0.000 upd_l=0.950 upd_h=0.950 fb_next=0.000 fb_corrupt=0.000 fb_conf=0.000 hagg_norm=0.000 hagg_raw=0.000 hagg_ent=0.000 hagg_maxw=0.000 hagg_clip=0.000 scratch_delta=0.000 scratch_gauss=0.0000
[train_checkpoint step=31525] path=/huyang2/double-loop/models/gdn-full-diversity-d224l12-expandv8-progressive-20260722/checkpoints/train_state_step031525.pt
[future_seed_loop stage=3:51-64] step=31550 ce=0.5357 total=0.6570 loop1=0.8912 loop_last=0.5357 exact_margin=0.0000 softmin=0.000 upd_l=0.950 upd_h=0.950 fb_next=0.000 fb_corrupt=0.000 fb_conf=0.000 hagg_norm=0.000 hagg_raw=0.000 hagg_ent=0.000 hagg_maxw=0.000 hagg_clip=0.000 scratch_delta=0.000 scratch_gauss=0.0000
[train_checkpoint step=31550] path=/huyang2/double-loop/models/gdn-full-diversity-d224l12-expandv8-progressive-20260722/checkpoints/train_state_step031550.pt
[future_seed_loop stage=3:51-64] step=31575 ce=0.4965 total=0.6202 loop1=0.8671 loop_last=0.4965 exact_margin=0.0000 softmin=0.000 upd_l=0.950 upd_h=0.950 fb_next=0.000 fb_corrupt=0.000 fb_conf=0.000 hagg_norm=0.000 hagg_raw=0.000 hagg_ent=0.000 hagg_maxw=0.000 hagg_clip=0.000 scratch_delta=0.000 scratch_gauss=0.0000
[train_checkpoint step=31575] path=/huyang2/double-loop/models/gdn-full-diversity-d224l12-expandv8-progressive-20260722/checkpoints/train_state_step031575.pt
[future_seed_loop stage=3:51-64] step=31600 ce=0.6361 total=0.7317 loop1=0.9349 loop_last=0.6361 exact_margin=0.0000 softmin=0.000 upd_l=0.950 upd_h=0.950 fb_next=0.000 fb_corrupt=0.000 fb_conf=0.000 hagg_norm=0.000 hagg_raw=0.000 hagg_ent=0.000 hagg_maxw=0.000 hagg_clip=0.000 scratch_delta=0.000 scratch_gauss=0.0000
[train_checkpoint step=31600] path=/huyang2/double-loop/models/gdn-full-diversity-d224l12-expandv8-progressive-20260722/checkpoints/train_state_step031600.pt
[future_seed_loop stage=3:51-64] step=31625 ce=0.5164 total=0.6292 loop1=0.8880 loop_last=0.5164 exact_margin=0.0000 softmin=0.000 upd_l=0.950 upd_h=0.950 fb_next=0.000 fb_corrupt=0.000 fb_conf=0.000 hagg_norm=0.000 hagg_raw=0.000 hagg_ent=0.000 hagg_maxw=0.000 hagg_clip=0.000 scratch_delta=0.000 scratch_gauss=0.0000
[train_checkpoint step=31625] path=/huyang2/double-loop/models/gdn-full-diversity-d224l12-expandv8-progressive-20260722/checkpoints/train_state_step031625.pt
[future_seed_loop stage=3:51-64] step=31650 ce=0.4835 total=0.6003 loop1=0.8445 loop_last=0.4835 exact_margin=0.0000 softmin=0.000 upd_l=0.950 upd_h=0.950 fb_next=0.000 fb_corrupt=0.000 fb_conf=0.000 hagg_norm=0.000 hagg_raw=0.000 hagg_ent=0.000 hagg_maxw=0.000 hagg_clip=0.000 scratch_delta=0.000 scratch_gauss=0.0000
[train_checkpoint step=31650] path=/huyang2/double-loop/models/gdn-full-diversity-d224l12-expandv8-progressive-20260722/checkpoints/train_state_step031650.pt
[future_seed_loop stage=3:51-64] step=31675 ce=0.5335 total=0.6580 loop1=0.9062 loop_last=0.5335 exact_margin=0.0000 softmin=0.000 upd_l=0.950 upd_h=0.950 fb_next=0.000 fb_corrupt=0.000 fb_conf=0.000 hagg_norm=0.000 hagg_raw=0.000 hagg_ent=0.000 hagg_maxw=0.000 hagg_clip=0.000 scratch_delta=0.000 scratch_gauss=0.0000
[train_checkpoint step=31675] path=/huyang2/double-loop/models/gdn-full-diversity-d224l12-expandv8-progressive-20260722/checkpoints/train_state_step031675.pt
[future_seed_loop stage=3:51-64] step=31700 ce=0.6308 total=0.7128 loop1=0.9080 loop_last=0.6308 exact_margin=0.0000 softmin=0.000 upd_l=0.950 upd_h=0.950 fb_next=0.000 fb_corrupt=0.000 fb_conf=0.000 hagg_norm=0.000 hagg_raw=0.000 hagg_ent=0.000 hagg_maxw=0.000 hagg_clip=0.000 scratch_delta=0.000 scratch_gauss=0.0000
[train_checkpoint step=31700] path=/huyang2/double-loop/models/gdn-full-diversity-d224l12-expandv8-progressive-20260722/checkpoints/train_state_step031700.pt
[future_seed_loop stage=3:51-64] step=31725 ce=0.4709 total=0.5895 loop1=0.8500 loop_last=0.4709 exact_margin=0.0000 softmin=0.000 upd_l=0.950 upd_h=0.950 fb_next=0.000 fb_corrupt=0.000 fb_conf=0.000 hagg_norm=0.000 hagg_raw=0.000 hagg_ent=0.000 hagg_maxw=0.000 hagg_clip=0.000 scratch_delta=0.000 scratch_gauss=0.0000
[train_checkpoint step=31725] path=/huyang2/double-loop/models/gdn-full-diversity-d224l12-expandv8-progressive-20260722/checkpoints/train_state_step031725.pt
[future_seed_loop stage=3:51-64] step=31750 ce=0.5316 total=0.6500 loop1=0.8866 loop_last=0.5316 exact_margin=0.0000 softmin=0.000 upd_l=0.950 upd_h=0.950 fb_next=0.000 fb_corrupt=0.000 fb_conf=0.000 hagg_norm=0.000 hagg_raw=0.000 hagg_ent=0.000 hagg_maxw=0.000 hagg_clip=0.000 scratch_delta=0.000 scratch_gauss=0.0000
[train_checkpoint step=31750] path=/huyang2/double-loop/models/gdn-full-diversity-d224l12-expandv8-progressive-20260722/checkpoints/train_state_step031750.pt
[future_seed_loop stage=3:51-64] step=31775 ce=0.5713 total=0.6688 loop1=0.8837 loop_last=0.5713 exact_margin=0.0000 softmin=0.000 upd_l=0.950 upd_h=0.950 fb_next=0.000 fb_corrupt=0.000 fb_conf=0.000 hagg_norm=0.000 hagg_raw=0.000 hagg_ent=0.000 hagg_maxw=0.000 hagg_clip=0.000 scratch_delta=0.000 scratch_gauss=0.0000
[train_checkpoint step=31775] path=/huyang2/double-loop/models/gdn-full-diversity-d224l12-expandv8-progressive-20260722/checkpoints/train_state_step031775.pt
[future_seed_loop stage=3:51-64] step=31800 ce=0.4108 total=0.5603 loop1=0.8541 loop_last=0.4108 exact_margin=0.0000 softmin=0.000 upd_l=0.950 upd_h=0.950 fb_next=0.000 fb_corrupt=0.000 fb_conf=0.000 hagg_norm=0.000 hagg_raw=0.000 hagg_ent=0.000 hagg_maxw=0.000 hagg_clip=0.000 scratch_delta=0.000 scratch_gauss=0.0000
[train_checkpoint step=31800] path=/huyang2/double-loop/models/gdn-full-diversity-d224l12-expandv8-progressive-20260722/checkpoints/train_state_step031800.pt
[future_seed_loop stage=3:51-64] step=31825 ce=0.6022 total=0.6989 loop1=0.8967 loop_last=0.6022 exact_margin=0.0000 softmin=0.000 upd_l=0.950 upd_h=0.950 fb_next=0.000 fb_corrupt=0.000 fb_conf=0.000 hagg_norm=0.000 hagg_raw=0.000 hagg_ent=0.000 hagg_maxw=0.000 hagg_clip=0.000 scratch_delta=0.000 scratch_gauss=0.0000
[train_checkpoint step=31825] path=/huyang2/double-loop/models/gdn-full-diversity-d224l12-expandv8-progressive-20260722/checkpoints/train_state_step031825.pt
[future_seed_loop stage=3:51-64] step=31850 ce=0.6247 total=0.7357 loop1=0.9542 loop_last=0.6247 exact_margin=0.0000 softmin=0.000 upd_l=0.950 upd_h=0.950 fb_next=0.000 fb_corrupt=0.000 fb_conf=0.000 hagg_norm=0.000 hagg_raw=0.000 hagg_ent=0.000 hagg_maxw=0.000 hagg_clip=0.000 scratch_delta=0.000 scratch_gauss=0.0000
[train_checkpoint step=31850] path=/huyang2/double-loop/models/gdn-full-diversity-d224l12-expandv8-progressive-20260722/checkpoints/train_state_step031850.pt
[future_seed_loop stage=3:51-64] step=31875 ce=0.5210 total=0.6506 loop1=0.8948 loop_last=0.5210 exact_margin=0.0000 softmin=0.000 upd_l=0.950 upd_h=0.950 fb_next=0.000 fb_corrupt=0.000 fb_conf=0.000 hagg_norm=0.000 hagg_raw=0.000 hagg_ent=0.000 hagg_maxw=0.000 hagg_clip=0.000 scratch_delta=0.000 scratch_gauss=0.0000
[train_checkpoint step=31875] path=/huyang2/double-loop/models/gdn-full-diversity-d224l12-expandv8-progressive-20260722/checkpoints/train_state_step031875.pt
[future_seed_loop stage=3:51-64] step=31900 ce=0.4480 total=0.5774 loop1=0.8469 loop_last=0.4480 exact_margin=0.0000 softmin=0.000 upd_l=0.950 upd_h=0.950 fb_next=0.000 fb_corrupt=0.000 fb_conf=0.000 hagg_norm=0.000 hagg_raw=0.000 hagg_ent=0.000 hagg_maxw=0.000 hagg_clip=0.000 scratch_delta=0.000 scratch_gauss=0.0000
[train_checkpoint step=31900] path=/huyang2/double-loop/models/gdn-full-diversity-d224l12-expandv8-progressive-20260722/checkpoints/train_state_step031900.pt
[future_seed_loop stage=3:51-64] step=31925 ce=0.5309 total=0.6440 loop1=0.8857 loop_last=0.5309 exact_margin=0.0000 softmin=0.000 upd_l=0.950 upd_h=0.950 fb_next=0.000 fb_corrupt=0.000 fb_conf=0.000 hagg_norm=0.000 hagg_raw=0.000 hagg_ent=0.000 hagg_maxw=0.000 hagg_clip=0.000 scratch_delta=0.000 scratch_gauss=0.0000
[train_checkpoint step=31925] path=/huyang2/double-loop/models/gdn-full-diversity-d224l12-expandv8-progressive-20260722/checkpoints/train_state_step031925.pt
[future_seed_loop stage=3:51-64] step=31950 ce=0.5699 total=0.6696 loop1=0.9081 loop_last=0.5699 exact_margin=0.0000 softmin=0.000 upd_l=0.950 upd_h=0.950 fb_next=0.000 fb_corrupt=0.000 fb_conf=0.000 hagg_norm=0.000 hagg_raw=0.000 hagg_ent=0.000 hagg_maxw=0.000 hagg_clip=0.000 scratch_delta=0.000 scratch_gauss=0.0000
[train_checkpoint step=31950] path=/huyang2/double-loop/models/gdn-full-diversity-d224l12-expandv8-progressive-20260722/checkpoints/train_state_step031950.pt
[future_seed_loop stage=3:51-64] step=31975 ce=0.5519 total=0.6612 loop1=0.8911 loop_last=0.5519 exact_margin=0.0000 softmin=0.000 upd_l=0.950 upd_h=0.950 fb_next=0.000 fb_corrupt=0.000 fb_conf=0.000 hagg_norm=0.000 hagg_raw=0.000 hagg_ent=0.000 hagg_maxw=0.000 hagg_clip=0.000 scratch_delta=0.000 scratch_gauss=0.0000
[train_checkpoint step=31975] path=/huyang2/double-loop/models/gdn-full-diversity-d224l12-expandv8-progressive-20260722/checkpoints/train_state_step031975.pt
[future_seed_loop stage=3:51-64] step=32000 ce=0.4591 total=0.6049 loop1=0.8637 loop_last=0.4591 exact_margin=0.0000 softmin=0.000 upd_l=0.950 upd_h=0.950 fb_next=0.000 fb_corrupt=0.000 fb_conf=0.000 hagg_norm=0.000 hagg_raw=0.000 hagg_ent=0.000 hagg_maxw=0.000 hagg_clip=0.000 scratch_delta=0.000 scratch_gauss=0.0000
[train_checkpoint step=32000] path=/huyang2/double-loop/models/gdn-full-diversity-d224l12-expandv8-progressive-20260722/checkpoints/train_state_step032000.pt
[future_seed_loop stage=3:51-64] step=32025 ce=0.4585 total=0.6018 loop1=0.8590 loop_last=0.4585 exact_margin=0.0000 softmin=0.000 upd_l=0.950 upd_h=0.950 fb_next=0.000 fb_corrupt=0.000 fb_conf=0.000 hagg_norm=0.000 hagg_raw=0.000 hagg_ent=0.000 hagg_maxw=0.000 hagg_clip=0.000 scratch_delta=0.000 scratch_gauss=0.0000
[train_checkpoint step=32025] path=/huyang2/double-loop/models/gdn-full-diversity-d224l12-expandv8-progressive-20260722/checkpoints/train_state_step032025.pt
[future_seed_loop stage=3:51-64] step=32050 ce=0.5945 total=0.6922 loop1=0.9036 loop_last=0.5945 exact_margin=0.0000 softmin=0.000 upd_l=0.950 upd_h=0.950 fb_next=0.000 fb_corrupt=0.000 fb_conf=0.000 hagg_norm=0.000 hagg_raw=0.000 hagg_ent=0.000 hagg_maxw=0.000 hagg_clip=0.000 scratch_delta=0.000 scratch_gauss=0.0000
[train_checkpoint step=32050] path=/huyang2/double-loop/models/gdn-full-diversity-d224l12-expandv8-progressive-20260722/checkpoints/train_state_step032050.pt
[future_seed_loop stage=3:51-64] step=32075 ce=0.4781 total=0.6032 loop1=0.8793 loop_last=0.4781 exact_margin=0.0000 softmin=0.000 upd_l=0.950 upd_h=0.950 fb_next=0.000 fb_corrupt=0.000 fb_conf=0.000 hagg_norm=0.000 hagg_raw=0.000 hagg_ent=0.000 hagg_maxw=0.000 hagg_clip=0.000 scratch_delta=0.000 scratch_gauss=0.0000
[train_checkpoint step=32075] path=/huyang2/double-loop/models/gdn-full-diversity-d224l12-expandv8-progressive-20260722/checkpoints/train_state_step032075.pt
[future_seed_loop stage=3:51-64] step=32100 ce=0.4876 total=0.6175 loop1=0.8665 loop_last=0.4876 exact_margin=0.0000 softmin=0.000 upd_l=0.950 upd_h=0.950 fb_next=0.000 fb_corrupt=0.000 fb_conf=0.000 hagg_norm=0.000 hagg_raw=0.000 hagg_ent=0.000 hagg_maxw=0.000 hagg_clip=0.000 scratch_delta=0.000 scratch_gauss=0.0000
[train_checkpoint step=32100] path=/huyang2/double-loop/models/gdn-full-diversity-d224l12-expandv8-progressive-20260722/checkpoints/train_state_step032100.pt
[future_seed_loop stage=3:51-64] step=32125 ce=0.4791 total=0.6255 loop1=0.8769 loop_last=0.4791 exact_margin=0.0000 softmin=0.000 upd_l=0.950 upd_h=0.950 fb_next=0.000 fb_corrupt=0.000 fb_conf=0.000 hagg_norm=0.000 hagg_raw=0.000 hagg_ent=0.000 hagg_maxw=0.000 hagg_clip=0.000 scratch_delta=0.000 scratch_gauss=0.0000
[train_checkpoint step=32125] path=/huyang2/double-loop/models/gdn-full-diversity-d224l12-expandv8-progressive-20260722/checkpoints/train_state_step032125.pt
[future_seed_loop stage=3:51-64] step=32150 ce=0.4635 total=0.6089 loop1=0.8842 loop_last=0.4635 exact_margin=0.0000 softmin=0.000 upd_l=0.950 upd_h=0.950 fb_next=0.000 fb_corrupt=0.000 fb_conf=0.000 hagg_norm=0.000 hagg_raw=0.000 hagg_ent=0.000 hagg_maxw=0.000 hagg_clip=0.000 scratch_delta=0.000 scratch_gauss=0.0000
[train_checkpoint step=32150] path=/huyang2/double-loop/models/gdn-full-diversity-d224l12-expandv8-progressive-20260722/checkpoints/train_state_step032150.pt
[future_seed_loop stage=3:51-64] step=32175 ce=0.4552 total=0.5978 loop1=0.8528 loop_last=0.4552 exact_margin=0.0000 softmin=0.000 upd_l=0.950 upd_h=0.950 fb_next=0.000 fb_corrupt=0.000 fb_conf=0.000 hagg_norm=0.000 hagg_raw=0.000 hagg_ent=0.000 hagg_maxw=0.000 hagg_clip=0.000 scratch_delta=0.000 scratch_gauss=0.0000
[train_checkpoint step=32175] path=/huyang2/double-loop/models/gdn-full-diversity-d224l12-expandv8-progressive-20260722/checkpoints/train_state_step032175.pt
[future_seed_loop stage=3:51-64] step=32200 ce=0.4661 total=0.6043 loop1=0.8822 loop_last=0.4661 exact_margin=0.0000 softmin=0.000 upd_l=0.950 upd_h=0.950 fb_next=0.000 fb_corrupt=0.000 fb_conf=0.000 hagg_norm=0.000 hagg_raw=0.000 hagg_ent=0.000 hagg_maxw=0.000 hagg_clip=0.000 scratch_delta=0.000 scratch_gauss=0.0000
[train_checkpoint step=32200] path=/huyang2/double-loop/models/gdn-full-diversity-d224l12-expandv8-progressive-20260722/checkpoints/train_state_step032200.pt
[future_seed_loop stage=3:51-64] step=32225 ce=0.4332 total=0.5698 loop1=0.8285 loop_last=0.4332 exact_margin=0.0000 softmin=0.000 upd_l=0.950 upd_h=0.950 fb_next=0.000 fb_corrupt=0.000 fb_conf=0.000 hagg_norm=0.000 hagg_raw=0.000 hagg_ent=0.000 hagg_maxw=0.000 hagg_clip=0.000 scratch_delta=0.000 scratch_gauss=0.0000
[train_checkpoint step=32225] path=/huyang2/double-loop/models/gdn-full-diversity-d224l12-expandv8-progressive-20260722/checkpoints/train_state_step032225.pt
[future_seed_loop stage=3:51-64] step=32250 ce=0.4779 total=0.6030 loop1=0.8627 loop_last=0.4779 exact_margin=0.0000 softmin=0.000 upd_l=0.950 upd_h=0.950 fb_next=0.000 fb_corrupt=0.000 fb_conf=0.000 hagg_norm=0.000 hagg_raw=0.000 hagg_ent=0.000 hagg_maxw=0.000 hagg_clip=0.000 scratch_delta=0.000 scratch_gauss=0.0000
[train_checkpoint step=32250] path=/huyang2/double-loop/models/gdn-full-diversity-d224l12-expandv8-progressive-20260722/checkpoints/train_state_step032250.pt
[future_seed_loop stage=3:51-64] step=32275 ce=0.4225 total=0.5719 loop1=0.8543 loop_last=0.4225 exact_margin=0.0000 softmin=0.000 upd_l=0.950 upd_h=0.950 fb_next=0.000 fb_corrupt=0.000 fb_conf=0.000 hagg_norm=0.000 hagg_raw=0.000 hagg_ent=0.000 hagg_maxw=0.000 hagg_clip=0.000 scratch_delta=0.000 scratch_gauss=0.0000
[train_checkpoint step=32275] path=/huyang2/double-loop/models/gdn-full-diversity-d224l12-expandv8-progressive-20260722/checkpoints/train_state_step032275.pt
[future_seed_loop stage=3:51-64] step=32300 ce=0.5313 total=0.6349 loop1=0.8853 loop_last=0.5313 exact_margin=0.0000 softmin=0.000 upd_l=0.950 upd_h=0.950 fb_next=0.000 fb_corrupt=0.000 fb_conf=0.000 hagg_norm=0.000 hagg_raw=0.000 hagg_ent=0.000 hagg_maxw=0.000 hagg_clip=0.000 scratch_delta=0.000 scratch_gauss=0.0000
[train_checkpoint step=32300] path=/huyang2/double-loop/models/gdn-full-diversity-d224l12-expandv8-progressive-20260722/checkpoints/train_state_step032300.pt
[future_seed_loop stage=3:51-64] step=32325 ce=0.4776 total=0.6027 loop1=0.8667 loop_last=0.4776 exact_margin=0.0000 softmin=0.000 upd_l=0.950 upd_h=0.950 fb_next=0.000 fb_corrupt=0.000 fb_conf=0.000 hagg_norm=0.000 hagg_raw=0.000 hagg_ent=0.000 hagg_maxw=0.000 hagg_clip=0.000 scratch_delta=0.000 scratch_gauss=0.0000
[train_checkpoint step=32325] path=/huyang2/double-loop/models/gdn-full-diversity-d224l12-expandv8-progressive-20260722/checkpoints/train_state_step032325.pt
[future_seed_loop stage=3:51-64] step=32350 ce=0.5096 total=0.6264 loop1=0.8666 loop_last=0.5096 exact_margin=0.0000 softmin=0.000 upd_l=0.950 upd_h=0.950 fb_next=0.000 fb_corrupt=0.000 fb_conf=0.000 hagg_norm=0.000 hagg_raw=0.000 hagg_ent=0.000 hagg_maxw=0.000 hagg_clip=0.000 scratch_delta=0.000 scratch_gauss=0.0000
[train_checkpoint step=32350] path=/huyang2/double-loop/models/gdn-full-diversity-d224l12-expandv8-progressive-20260722/checkpoints/train_state_step032350.pt
[future_seed_loop stage=3:51-64] step=32375 ce=0.4477 total=0.5909 loop1=0.8706 loop_last=0.4477 exact_margin=0.0000 softmin=0.000 upd_l=0.950 upd_h=0.950 fb_next=0.000 fb_corrupt=0.000 fb_conf=0.000 hagg_norm=0.000 hagg_raw=0.000 hagg_ent=0.000 hagg_maxw=0.000 hagg_clip=0.000 scratch_delta=0.000 scratch_gauss=0.0000
[train_checkpoint step=32375] path=/huyang2/double-loop/models/gdn-full-diversity-d224l12-expandv8-progressive-20260722/checkpoints/train_state_step032375.pt
[future_seed_loop stage=3:51-64] step=32400 ce=0.5313 total=0.6583 loop1=0.9219 loop_last=0.5313 exact_margin=0.0000 softmin=0.000 upd_l=0.950 upd_h=0.950 fb_next=0.000 fb_corrupt=0.000 fb_conf=0.000 hagg_norm=0.000 hagg_raw=0.000 hagg_ent=0.000 hagg_maxw=0.000 hagg_clip=0.000 scratch_delta=0.000 scratch_gauss=0.0000
[train_checkpoint step=32400] path=/huyang2/double-loop/models/gdn-full-diversity-d224l12-expandv8-progressive-20260722/checkpoints/train_state_step032400.pt
[future_seed_loop stage=3:51-64] step=32425 ce=0.5277 total=0.6470 loop1=0.8755 loop_last=0.5277 exact_margin=0.0000 softmin=0.000 upd_l=0.950 upd_h=0.950 fb_next=0.000 fb_corrupt=0.000 fb_conf=0.000 hagg_norm=0.000 hagg_raw=0.000 hagg_ent=0.000 hagg_maxw=0.000 hagg_clip=0.000 scratch_delta=0.000 scratch_gauss=0.0000
[train_checkpoint step=32425] path=/huyang2/double-loop/models/gdn-full-diversity-d224l12-expandv8-progressive-20260722/checkpoints/train_state_step032425.pt
[future_seed_loop stage=3:51-64] step=32450 ce=0.5097 total=0.6451 loop1=0.8845 loop_last=0.5097 exact_margin=0.0000 softmin=0.000 upd_l=0.950 upd_h=0.950 fb_next=0.000 fb_corrupt=0.000 fb_conf=0.000 hagg_norm=0.000 hagg_raw=0.000 hagg_ent=0.000 hagg_maxw=0.000 hagg_clip=0.000 scratch_delta=0.000 scratch_gauss=0.0000
[train_checkpoint step=32450] path=/huyang2/double-loop/models/gdn-full-diversity-d224l12-expandv8-progressive-20260722/checkpoints/train_state_step032450.pt
[future_seed_loop stage=3:51-64] step=32475 ce=0.5147 total=0.6302 loop1=0.8706 loop_last=0.5147 exact_margin=0.0000 softmin=0.000 upd_l=0.950 upd_h=0.950 fb_next=0.000 fb_corrupt=0.000 fb_conf=0.000 hagg_norm=0.000 hagg_raw=0.000 hagg_ent=0.000 hagg_maxw=0.000 hagg_clip=0.000 scratch_delta=0.000 scratch_gauss=0.0000
[train_checkpoint step=32475] path=/huyang2/double-loop/models/gdn-full-diversity-d224l12-expandv8-progressive-20260722/checkpoints/train_state_step032475.pt
[future_seed_loop stage=3:51-64] step=32500 ce=0.4862 total=0.6171 loop1=0.8816 loop_last=0.4862 exact_margin=0.0000 softmin=0.000 upd_l=0.950 upd_h=0.950 fb_next=0.000 fb_corrupt=0.000 fb_conf=0.000 hagg_norm=0.000 hagg_raw=0.000 hagg_ent=0.000 hagg_maxw=0.000 hagg_clip=0.000 scratch_delta=0.000 scratch_gauss=0.0000
[train_checkpoint step=32500] path=/huyang2/double-loop/models/gdn-full-diversity-d224l12-expandv8-progressive-20260722/checkpoints/train_state_step032500.pt
[future_seed_loop stage=3:51-64] step=32525 ce=0.5018 total=0.6232 loop1=0.8762 loop_last=0.5018 exact_margin=0.0000 softmin=0.000 upd_l=0.950 upd_h=0.950 fb_next=0.000 fb_corrupt=0.000 fb_conf=0.000 hagg_norm=0.000 hagg_raw=0.000 hagg_ent=0.000 hagg_maxw=0.000 hagg_clip=0.000 scratch_delta=0.000 scratch_gauss=0.0000
[train_checkpoint step=32525] path=/huyang2/double-loop/models/gdn-full-diversity-d224l12-expandv8-progressive-20260722/checkpoints/train_state_step032525.pt
[future_seed_loop stage=3:51-64] step=32550 ce=0.4906 total=0.6133 loop1=0.8597 loop_last=0.4906 exact_margin=0.0000 softmin=0.000 upd_l=0.950 upd_h=0.950 fb_next=0.000 fb_corrupt=0.000 fb_conf=0.000 hagg_norm=0.000 hagg_raw=0.000 hagg_ent=0.000 hagg_maxw=0.000 hagg_clip=0.000 scratch_delta=0.000 scratch_gauss=0.0000
[train_checkpoint step=32550] path=/huyang2/double-loop/models/gdn-full-diversity-d224l12-expandv8-progressive-20260722/checkpoints/train_state_step032550.pt
[future_seed_loop stage=3:51-64] step=32575 ce=0.5529 total=0.6590 loop1=0.8982 loop_last=0.5529 exact_margin=0.0000 softmin=0.000 upd_l=0.950 upd_h=0.950 fb_next=0.000 fb_corrupt=0.000 fb_conf=0.000 hagg_norm=0.000 hagg_raw=0.000 hagg_ent=0.000 hagg_maxw=0.000 hagg_clip=0.000 scratch_delta=0.000 scratch_gauss=0.0000
[train_checkpoint step=32575] path=/huyang2/double-loop/models/gdn-full-diversity-d224l12-expandv8-progressive-20260722/checkpoints/train_state_step032575.pt
[future_seed_loop stage=3:51-64] step=32600 ce=0.5895 total=0.7004 loop1=0.9044 loop_last=0.5895 exact_margin=0.0000 softmin=0.000 upd_l=0.950 upd_h=0.950 fb_next=0.000 fb_corrupt=0.000 fb_conf=0.000 hagg_norm=0.000 hagg_raw=0.000 hagg_ent=0.000 hagg_maxw=0.000 hagg_clip=0.000 scratch_delta=0.000 scratch_gauss=0.0000
[train_checkpoint step=32600] path=/huyang2/double-loop/models/gdn-full-diversity-d224l12-expandv8-progressive-20260722/checkpoints/train_state_step032600.pt
[future_seed_loop stage=3:51-64] step=32625 ce=0.4816 total=0.6049 loop1=0.8573 loop_last=0.4816 exact_margin=0.0000 softmin=0.000 upd_l=0.950 upd_h=0.950 fb_next=0.000 fb_corrupt=0.000 fb_conf=0.000 hagg_norm=0.000 hagg_raw=0.000 hagg_ent=0.000 hagg_maxw=0.000 hagg_clip=0.000 scratch_delta=0.000 scratch_gauss=0.0000
[train_checkpoint step=32625] path=/huyang2/double-loop/models/gdn-full-diversity-d224l12-expandv8-progressive-20260722/checkpoints/train_state_step032625.pt
[future_seed_loop stage=3:51-64] step=32650 ce=0.4552 total=0.5935 loop1=0.8540 loop_last=0.4552 exact_margin=0.0000 softmin=0.000 upd_l=0.950 upd_h=0.950 fb_next=0.000 fb_corrupt=0.000 fb_conf=0.000 hagg_norm=0.000 hagg_raw=0.000 hagg_ent=0.000 hagg_maxw=0.000 hagg_clip=0.000 scratch_delta=0.000 scratch_gauss=0.0000
[train_checkpoint step=32650] path=/huyang2/double-loop/models/gdn-full-diversity-d224l12-expandv8-progressive-20260722/checkpoints/train_state_step032650.pt
[future_seed_loop stage=3:51-64] step=32675 ce=0.5628 total=0.6727 loop1=0.8990 loop_last=0.5628 exact_margin=0.0000 softmin=0.000 upd_l=0.950 upd_h=0.950 fb_next=0.000 fb_corrupt=0.000 fb_conf=0.000 hagg_norm=0.000 hagg_raw=0.000 hagg_ent=0.000 hagg_maxw=0.000 hagg_clip=0.000 scratch_delta=0.000 scratch_gauss=0.0000
[train_checkpoint step=32675] path=/huyang2/double-loop/models/gdn-full-diversity-d224l12-expandv8-progressive-20260722/checkpoints/train_state_step032675.pt
[future_seed_loop stage=3:51-64] step=32700 ce=0.4645 total=0.6053 loop1=0.8672 loop_last=0.4645 exact_margin=0.0000 softmin=0.000 upd_l=0.950 upd_h=0.950 fb_next=0.000 fb_corrupt=0.000 fb_conf=0.000 hagg_norm=0.000 hagg_raw=0.000 hagg_ent=0.000 hagg_maxw=0.000 hagg_clip=0.000 scratch_delta=0.000 scratch_gauss=0.0000
[train_checkpoint step=32700] path=/huyang2/double-loop/models/gdn-full-diversity-d224l12-expandv8-progressive-20260722/checkpoints/train_state_step032700.pt
[future_seed_loop stage=3:51-64] step=32725 ce=0.4662 total=0.5986 loop1=0.8680 loop_last=0.4662 exact_margin=0.0000 softmin=0.000 upd_l=0.950 upd_h=0.950 fb_next=0.000 fb_corrupt=0.000 fb_conf=0.000 hagg_norm=0.000 hagg_raw=0.000 hagg_ent=0.000 hagg_maxw=0.000 hagg_clip=0.000 scratch_delta=0.000 scratch_gauss=0.0000
[train_checkpoint step=32725] path=/huyang2/double-loop/models/gdn-full-diversity-d224l12-expandv8-progressive-20260722/checkpoints/train_state_step032725.pt
[future_seed_loop stage=3:51-64] step=32750 ce=0.5689 total=0.6758 loop1=0.8855 loop_last=0.5689 exact_margin=0.0000 softmin=0.000 upd_l=0.950 upd_h=0.950 fb_next=0.000 fb_corrupt=0.000 fb_conf=0.000 hagg_norm=0.000 hagg_raw=0.000 hagg_ent=0.000 hagg_maxw=0.000 hagg_clip=0.000 scratch_delta=0.000 scratch_gauss=0.0000
[train_checkpoint step=32750] path=/huyang2/double-loop/models/gdn-full-diversity-d224l12-expandv8-progressive-20260722/checkpoints/train_state_step032750.pt
[future_seed_loop stage=3:51-64] step=32775 ce=0.4753 total=0.6022 loop1=0.8687 loop_last=0.4753 exact_margin=0.0000 softmin=0.000 upd_l=0.950 upd_h=0.950 fb_next=0.000 fb_corrupt=0.000 fb_conf=0.000 hagg_norm=0.000 hagg_raw=0.000 hagg_ent=0.000 hagg_maxw=0.000 hagg_clip=0.000 scratch_delta=0.000 scratch_gauss=0.0000
[train_checkpoint step=32775] path=/huyang2/double-loop/models/gdn-full-diversity-d224l12-expandv8-progressive-20260722/checkpoints/train_state_step032775.pt
[future_seed_loop stage=3:51-64] step=32800 ce=0.5293 total=0.6553 loop1=0.8811 loop_last=0.5293 exact_margin=0.0000 softmin=0.000 upd_l=0.950 upd_h=0.950 fb_next=0.000 fb_corrupt=0.000 fb_conf=0.000 hagg_norm=0.000 hagg_raw=0.000 hagg_ent=0.000 hagg_maxw=0.000 hagg_clip=0.000 scratch_delta=0.000 scratch_gauss=0.0000
[train_checkpoint step=32800] path=/huyang2/double-loop/models/gdn-full-diversity-d224l12-expandv8-progressive-20260722/checkpoints/train_state_step032800.pt
[future_seed_loop stage=3:51-64] step=32825 ce=0.4615 total=0.5869 loop1=0.8454 loop_last=0.4615 exact_margin=0.0000 softmin=0.000 upd_l=0.950 upd_h=0.950 fb_next=0.000 fb_corrupt=0.000 fb_conf=0.000 hagg_norm=0.000 hagg_raw=0.000 hagg_ent=0.000 hagg_maxw=0.000 hagg_clip=0.000 scratch_delta=0.000 scratch_gauss=0.0000
[train_checkpoint step=32825] path=/huyang2/double-loop/models/gdn-full-diversity-d224l12-expandv8-progressive-20260722/checkpoints/train_state_step032825.pt
[future_seed_loop stage=3:51-64] step=32850 ce=0.5490 total=0.6627 loop1=0.8831 loop_last=0.5490 exact_margin=0.0000 softmin=0.000 upd_l=0.950 upd_h=0.950 fb_next=0.000 fb_corrupt=0.000 fb_conf=0.000 hagg_norm=0.000 hagg_raw=0.000 hagg_ent=0.000 hagg_maxw=0.000 hagg_clip=0.000 scratch_delta=0.000 scratch_gauss=0.0000
[train_checkpoint step=32850] path=/huyang2/double-loop/models/gdn-full-diversity-d224l12-expandv8-progressive-20260722/checkpoints/train_state_step032850.pt
[future_seed_loop stage=3:51-64] step=32875 ce=0.5742 total=0.6896 loop1=0.9013 loop_last=0.5742 exact_margin=0.0000 softmin=0.000 upd_l=0.950 upd_h=0.950 fb_next=0.000 fb_corrupt=0.000 fb_conf=0.000 hagg_norm=0.000 hagg_raw=0.000 hagg_ent=0.000 hagg_maxw=0.000 hagg_clip=0.000 scratch_delta=0.000 scratch_gauss=0.0000
[train_checkpoint step=32875] path=/huyang2/double-loop/models/gdn-full-diversity-d224l12-expandv8-progressive-20260722/checkpoints/train_state_step032875.pt
[future_seed_loop stage=3:51-64] step=32900 ce=0.4656 total=0.5890 loop1=0.8427 loop_last=0.4656 exact_margin=0.0000 softmin=0.000 upd_l=0.950 upd_h=0.950 fb_next=0.000 fb_corrupt=0.000 fb_conf=0.000 hagg_norm=0.000 hagg_raw=0.000 hagg_ent=0.000 hagg_maxw=0.000 hagg_clip=0.000 scratch_delta=0.000 scratch_gauss=0.0000
[train_checkpoint step=32900] path=/huyang2/double-loop/models/gdn-full-diversity-d224l12-expandv8-progressive-20260722/checkpoints/train_state_step032900.pt
