mode=full
run_dir=/huyang2/double-loop/.worktrees/fla-gdn2-bf4b338-20260719/runs/fla-gdn2-futureseed-sudoku-gate-20260719T042329Z-bf4b338
git_sha=bf4b33820599f2f5782c128ac55b5a867d7e9d3d
git_dirty=0
Current Python version 3.10 is below the recommended 3.11 version. It is recommended to upgrade to Python 3.11 or higher for the best experience.
device=cuda torch=2.7.0+cu126 board=9x9 box=3x3 mainline=future_seed_loop backbone=gdn2 rwkv_kernel=auto gdn_mode=chunk forward_dtype=bfloat16
checkpoint_eval steps=300,600 holes=16
[future_seed_loop stage=1:46-64] step=0100 ce=1.8915 total=1.8915 loop1=1.8917 loop_last=1.8915 exact_margin=0.0000 softmin=0.000 upd_l=0.950 upd_h=0.950 fb_next=0.000 fb_corrupt=0.000 fb_conf=0.000 hagg_norm=0.000 hagg_raw=0.000 hagg_ent=0.000 hagg_maxw=0.000 hagg_clip=0.000 scratch_delta=0.000 scratch_gauss=0.0000
[future_seed_loop stage=1:46-64] step=0200 ce=1.6666 total=1.6664 loop1=1.6665 loop_last=1.6666 exact_margin=0.0000 softmin=0.000 upd_l=0.950 upd_h=0.950 fb_next=0.000 fb_corrupt=0.000 fb_conf=0.000 hagg_norm=0.000 hagg_raw=0.000 hagg_ent=0.000 hagg_maxw=0.000 hagg_clip=0.000 scratch_delta=0.000 scratch_gauss=0.0000
[future_seed_loop stage=1:46-64] step=0300 ce=1.3028 total=1.3053 loop1=1.3125 loop_last=1.3028 exact_margin=0.0000 softmin=0.000 upd_l=0.950 upd_h=0.950 fb_next=0.000 fb_corrupt=0.000 fb_conf=0.000 hagg_norm=0.000 hagg_raw=0.000 hagg_ent=0.000 hagg_maxw=0.000 hagg_clip=0.000 scratch_delta=0.000 scratch_gauss=0.0000
[checkpoint_eval step=0300 holes16] loop4 exact=0.0000 blank=0.4015
[train_checkpoint step=0300] path=/huyang2/double-loop/models/fla-gdn2-futureseed-sudoku-gate-20260719T042329Z-bf4b338/checkpoints/train_state_step000300.pt
[future_seed_loop stage=1:46-64] step=0400 ce=1.1694 total=1.1716 loop1=1.1787 loop_last=1.1694 exact_margin=0.0000 softmin=0.000 upd_l=0.950 upd_h=0.950 fb_next=0.000 fb_corrupt=0.000 fb_conf=0.000 hagg_norm=0.000 hagg_raw=0.000 hagg_ent=0.000 hagg_maxw=0.000 hagg_clip=0.000 scratch_delta=0.000 scratch_gauss=0.0000
[future_seed_loop stage=1:46-64] step=0500 ce=1.1282 total=1.1322 loop1=1.1431 loop_last=1.1282 exact_margin=0.0000 softmin=0.000 upd_l=0.950 upd_h=0.950 fb_next=0.000 fb_corrupt=0.000 fb_conf=0.000 hagg_norm=0.000 hagg_raw=0.000 hagg_ent=0.000 hagg_maxw=0.000 hagg_clip=0.000 scratch_delta=0.000 scratch_gauss=0.0000
[future_seed_loop stage=1:46-64] step=0600 ce=1.0997 total=1.1050 loop1=1.1194 loop_last=1.0997 exact_margin=0.0000 softmin=0.000 upd_l=0.950 upd_h=0.950 fb_next=0.000 fb_corrupt=0.000 fb_conf=0.000 hagg_norm=0.000 hagg_raw=0.000 hagg_ent=0.000 hagg_maxw=0.000 hagg_clip=0.000 scratch_delta=0.000 scratch_gauss=0.0000
[checkpoint_eval step=0600 holes16] loop4 exact=0.0029 blank=0.4791
[train_checkpoint step=0600] path=/huyang2/double-loop/models/fla-gdn2-futureseed-sudoku-gate-20260719T042329Z-bf4b338/checkpoints/train_state_step000600.pt

full-board metrics
loop=1 exact=0.0000, valid=0.0000, solved=0.0000, blank_acc=0.4715, early=0.4686, late=0.4749, early_late_gap=-0.0063
        fs_gate=0.498, fs_update=1.000, fs_state_norm=7.964, fs_decay=0.00, fs_raw_rms=0.518, fs_raw_rms_std=0.051, fs_norm_gain=1.000, fs_norm_gain_std=0.000, fb_in=0.000, fb_next=0.000, loop_time=0.000, upd_l=0.950, upd_h=0.950, scratch_gate=0.000, scratch_decay=0.000, scratch_delta=0.000, scratch_resid=0.000
loop=2 exact=0.0010, valid=0.0010, solved=0.0010, blank_acc=0.4814, early=0.4795, late=0.4850, early_late_gap=-0.0056
        fs_gate=0.498, fs_update=1.000, fs_state_norm=7.964, fs_decay=0.00, fs_raw_rms=0.510, fs_raw_rms_std=0.052, fs_norm_gain=1.000, fs_norm_gain_std=0.000, fb_in=0.000, fb_next=0.000, loop_time=0.000, upd_l=0.950, upd_h=0.950, scratch_gate=0.000, scratch_decay=0.000, scratch_delta=0.000, scratch_resid=0.000
loop=3 exact=0.0020, valid=0.0020, solved=0.0020, blank_acc=0.4815, early=0.4797, late=0.4843, early_late_gap=-0.0046
        fs_gate=0.498, fs_update=1.000, fs_state_norm=7.964, fs_decay=0.00, fs_raw_rms=0.507, fs_raw_rms_std=0.052, fs_norm_gain=1.000, fs_norm_gain_std=0.000, fb_in=0.000, fb_next=0.000, loop_time=0.000, upd_l=0.950, upd_h=0.950, scratch_gate=0.000, scratch_decay=0.000, scratch_delta=0.000, scratch_resid=0.000
loop=4 exact=0.0020, valid=0.0020, solved=0.0020, blank_acc=0.4813, early=0.4803, late=0.4837, early_late_gap=-0.0033
        fs_gate=0.498, fs_update=1.000, fs_state_norm=7.964, fs_decay=0.00, fs_raw_rms=0.507, fs_raw_rms_std=0.052, fs_norm_gain=1.000, fs_norm_gain_std=0.000, fb_in=0.000, fb_next=0.000, loop_time=0.000, upd_l=0.950, upd_h=0.950, scratch_gate=0.000, scratch_decay=0.000, scratch_delta=0.000, scratch_resid=0.000

official sudoku eval split=test eval_n=1024 seed=1051

official blank-range metrics
b46_50 blanks=46-50 n=1024 exact=0.0732, valid=0.0732, solved=0.0732, blank_acc=0.9271, early=0.9201, late=0.9378, early_late_gap=-0.0177
b51_55 blanks=51-55 n=1024 exact=0.0000, valid=0.0000, solved=0.0000, blank_acc=0.5010, early=0.4964, late=0.5023, early_late_gap=-0.0059
b56_64 blanks=56-64 n=1024 exact=0.0000, valid=0.0000, solved=0.0000, blank_acc=0.4513, early=0.4528, late=0.4470, early_late_gap=+0.0058

case-bank artifacts
official_b46_50 exact=0.0547 blank_acc=0.9278 selected={'solved_by_loop': 4, 'almost_solved': 4, 'hard_failure': 4}
  index=/huyang2/double-loop/.worktrees/fla-gdn2-bf4b338-20260719/runs/fla-gdn2-futureseed-sudoku-gate-20260719T042329Z-bf4b338/output/case_bank/official_b46_50/index.html
  cases=/huyang2/double-loop/.worktrees/fla-gdn2-bf4b338-20260719/runs/fla-gdn2-futureseed-sudoku-gate-20260719T042329Z-bf4b338/output/case_bank/official_b46_50/cases.json
official_b51_55 exact=0.0000 blank_acc=0.4984 selected={'solved_by_loop': 0, 'almost_solved': 0, 'hard_failure': 4}
  index=/huyang2/double-loop/.worktrees/fla-gdn2-bf4b338-20260719/runs/fla-gdn2-futureseed-sudoku-gate-20260719T042329Z-bf4b338/output/case_bank/official_b51_55/index.html
  cases=/huyang2/double-loop/.worktrees/fla-gdn2-bf4b338-20260719/runs/fla-gdn2-futureseed-sudoku-gate-20260719T042329Z-bf4b338/output/case_bank/official_b51_55/cases.json
official_b56_64 exact=0.0000 blank_acc=0.4485 selected={'solved_by_loop': 0, 'almost_solved': 0, 'hard_failure': 4}
  index=/huyang2/double-loop/.worktrees/fla-gdn2-bf4b338-20260719/runs/fla-gdn2-futureseed-sudoku-gate-20260719T042329Z-bf4b338/output/case_bank/official_b56_64/index.html
  cases=/huyang2/double-loop/.worktrees/fla-gdn2-bf4b338-20260719/runs/fla-gdn2-futureseed-sudoku-gate-20260719T042329Z-bf4b338/output/case_bank/official_b56_64/cases.json
Depth loop adds useful full-board refinement.
wrote /huyang2/double-loop/.worktrees/fla-gdn2-bf4b338-20260719/runs/fla-gdn2-futureseed-sudoku-gate-20260719T042329Z-bf4b338/output/futureseed_loop_seed52.json
wrote /huyang2/double-loop/.worktrees/fla-gdn2-bf4b338-20260719/runs/fla-gdn2-futureseed-sudoku-gate-20260719T042329Z-bf4b338/output/futureseed_loop_seed52.md
wrote /huyang2/double-loop/.worktrees/fla-gdn2-bf4b338-20260719/runs/fla-gdn2-futureseed-sudoku-gate-20260719T042329Z-bf4b338/output/futureseed_loop_case_seed52.html
