mode=full
run_dir=/huyang2/double-loop/runs/gdn2-address-position_qk-s9600-20260731T062629Z-f8151df
git_sha=f8151df36cf3c29e3da13eaa169274fa7e427e05
git_dirty=0
Current Python version 3.10 is below the recommended 3.11 version. It is recommended to upgrade to Python 3.11 or higher for the best experience.
device=cuda torch=2.7.0+cu126 board=9x9 box=3x3 mainline=future_seed_loop backbone=gdn2 rwkv_kernel=auto future_seed_gate_mode=head future_seed_scope=layer future_seed_readout_hop=0 gdn_mode=chunk gdn_progressive_base_expand_v=0.0 gdn2_gain_budget=none gdn2_fast_slow_decay=none gdn2_address=position_qk cell_order_train=random forward_dtype=bfloat16
checkpoint_eval steps=9600 holes=53,60,64
resumed_train_checkpoint path=/huyang2/double-loop/models/gdn2-address-position_qk-s9300-20260731T041227Z-eec018c/checkpoints/train_state_step009300.pt step=9300 reason=eval_checkpoint
[future_seed_loop stage=4:51-64] step=9325 ce=0.9498 total=0.9772 loop1=1.0547 loop_last=0.9498 exact_margin=0.0000 softmin=0.000 upd_l=0.950 upd_h=0.950 fb_next=0.000 fb_corrupt=0.000 fb_conf=0.000 hagg_norm=0.000 hagg_raw=0.000 hagg_ent=0.000 hagg_maxw=0.000 hagg_clip=0.000 gb_clip=0.0000 gb_infeas=0.0000 gb_endpoint=0.0000 gb_bound=0.000000 gb_delta=0.00e+00 gb_change=0.0000 slow_rho=0.0000 slow_lag=0.0000 slow_tv=0.0000 slow_change=0.0000 scratch_delta=0.000 scratch_gauss=0.0000
[future_seed_loop stage=4:51-64] step=9350 ce=0.9633 total=0.9907 loop1=1.0613 loop_last=0.9633 exact_margin=0.0000 softmin=0.000 upd_l=0.950 upd_h=0.950 fb_next=0.000 fb_corrupt=0.000 fb_conf=0.000 hagg_norm=0.000 hagg_raw=0.000 hagg_ent=0.000 hagg_maxw=0.000 hagg_clip=0.000 gb_clip=0.0000 gb_infeas=0.0000 gb_endpoint=0.0000 gb_bound=0.000000 gb_delta=0.00e+00 gb_change=0.0000 slow_rho=0.0000 slow_lag=0.0000 slow_tv=0.0000 slow_change=0.0000 scratch_delta=0.000 scratch_gauss=0.0000
[future_seed_loop stage=4:51-64] step=9375 ce=0.9716 total=0.9963 loop1=1.0688 loop_last=0.9716 exact_margin=0.0000 softmin=0.000 upd_l=0.950 upd_h=0.950 fb_next=0.000 fb_corrupt=0.000 fb_conf=0.000 hagg_norm=0.000 hagg_raw=0.000 hagg_ent=0.000 hagg_maxw=0.000 hagg_clip=0.000 gb_clip=0.0000 gb_infeas=0.0000 gb_endpoint=0.0000 gb_bound=0.000000 gb_delta=0.00e+00 gb_change=0.0000 slow_rho=0.0000 slow_lag=0.0000 slow_tv=0.0000 slow_change=0.0000 scratch_delta=0.000 scratch_gauss=0.0000
[future_seed_loop stage=4:51-64] step=9400 ce=0.9384 total=0.9714 loop1=1.0581 loop_last=0.9384 exact_margin=0.0000 softmin=0.000 upd_l=0.950 upd_h=0.950 fb_next=0.000 fb_corrupt=0.000 fb_conf=0.000 hagg_norm=0.000 hagg_raw=0.000 hagg_ent=0.000 hagg_maxw=0.000 hagg_clip=0.000 gb_clip=0.0000 gb_infeas=0.0000 gb_endpoint=0.0000 gb_bound=0.000000 gb_delta=0.00e+00 gb_change=0.0000 slow_rho=0.0000 slow_lag=0.0000 slow_tv=0.0000 slow_change=0.0000 scratch_delta=0.000 scratch_gauss=0.0000
[train_checkpoint step=9400] path=/huyang2/double-loop/models/gdn2-address-position_qk-s9600-20260731T062629Z-f8151df/checkpoints/train_state_step009400.pt
[future_seed_loop stage=4:51-64] step=9425 ce=0.9295 total=0.9615 loop1=1.0483 loop_last=0.9295 exact_margin=0.0000 softmin=0.000 upd_l=0.950 upd_h=0.950 fb_next=0.000 fb_corrupt=0.000 fb_conf=0.000 hagg_norm=0.000 hagg_raw=0.000 hagg_ent=0.000 hagg_maxw=0.000 hagg_clip=0.000 gb_clip=0.0000 gb_infeas=0.0000 gb_endpoint=0.0000 gb_bound=0.000000 gb_delta=0.00e+00 gb_change=0.0000 slow_rho=0.0000 slow_lag=0.0000 slow_tv=0.0000 slow_change=0.0000 scratch_delta=0.000 scratch_gauss=0.0000
[future_seed_loop stage=4:51-64] step=9450 ce=0.9442 total=0.9733 loop1=1.0530 loop_last=0.9442 exact_margin=0.0000 softmin=0.000 upd_l=0.950 upd_h=0.950 fb_next=0.000 fb_corrupt=0.000 fb_conf=0.000 hagg_norm=0.000 hagg_raw=0.000 hagg_ent=0.000 hagg_maxw=0.000 hagg_clip=0.000 gb_clip=0.0000 gb_infeas=0.0000 gb_endpoint=0.0000 gb_bound=0.000000 gb_delta=0.00e+00 gb_change=0.0000 slow_rho=0.0000 slow_lag=0.0000 slow_tv=0.0000 slow_change=0.0000 scratch_delta=0.000 scratch_gauss=0.0000
[future_seed_loop stage=4:51-64] step=9475 ce=0.9493 total=0.9789 loop1=1.0570 loop_last=0.9493 exact_margin=0.0000 softmin=0.000 upd_l=0.950 upd_h=0.950 fb_next=0.000 fb_corrupt=0.000 fb_conf=0.000 hagg_norm=0.000 hagg_raw=0.000 hagg_ent=0.000 hagg_maxw=0.000 hagg_clip=0.000 gb_clip=0.0000 gb_infeas=0.0000 gb_endpoint=0.0000 gb_bound=0.000000 gb_delta=0.00e+00 gb_change=0.0000 slow_rho=0.0000 slow_lag=0.0000 slow_tv=0.0000 slow_change=0.0000 scratch_delta=0.000 scratch_gauss=0.0000
[future_seed_loop stage=4:51-64] step=9500 ce=0.9595 total=0.9846 loop1=1.0557 loop_last=0.9595 exact_margin=0.0000 softmin=0.000 upd_l=0.950 upd_h=0.950 fb_next=0.000 fb_corrupt=0.000 fb_conf=0.000 hagg_norm=0.000 hagg_raw=0.000 hagg_ent=0.000 hagg_maxw=0.000 hagg_clip=0.000 gb_clip=0.0000 gb_infeas=0.0000 gb_endpoint=0.0000 gb_bound=0.000000 gb_delta=0.00e+00 gb_change=0.0000 slow_rho=0.0000 slow_lag=0.0000 slow_tv=0.0000 slow_change=0.0000 scratch_delta=0.000 scratch_gauss=0.0000
[train_checkpoint step=9500] path=/huyang2/double-loop/models/gdn2-address-position_qk-s9600-20260731T062629Z-f8151df/checkpoints/train_state_step009500.pt
[future_seed_loop stage=4:51-64] step=9525 ce=0.9645 total=0.9919 loop1=1.0637 loop_last=0.9645 exact_margin=0.0000 softmin=0.000 upd_l=0.950 upd_h=0.950 fb_next=0.000 fb_corrupt=0.000 fb_conf=0.000 hagg_norm=0.000 hagg_raw=0.000 hagg_ent=0.000 hagg_maxw=0.000 hagg_clip=0.000 gb_clip=0.0000 gb_infeas=0.0000 gb_endpoint=0.0000 gb_bound=0.000000 gb_delta=0.00e+00 gb_change=0.0000 slow_rho=0.0000 slow_lag=0.0000 slow_tv=0.0000 slow_change=0.0000 scratch_delta=0.000 scratch_gauss=0.0000
[future_seed_loop stage=4:51-64] step=9550 ce=0.9160 total=0.9518 loop1=1.0400 loop_last=0.9160 exact_margin=0.0000 softmin=0.000 upd_l=0.950 upd_h=0.950 fb_next=0.000 fb_corrupt=0.000 fb_conf=0.000 hagg_norm=0.000 hagg_raw=0.000 hagg_ent=0.000 hagg_maxw=0.000 hagg_clip=0.000 gb_clip=0.0000 gb_infeas=0.0000 gb_endpoint=0.0000 gb_bound=0.000000 gb_delta=0.00e+00 gb_change=0.0000 slow_rho=0.0000 slow_lag=0.0000 slow_tv=0.0000 slow_change=0.0000 scratch_delta=0.000 scratch_gauss=0.0000
[future_seed_loop stage=4:51-64] step=9575 ce=0.9601 total=0.9898 loop1=1.0641 loop_last=0.9601 exact_margin=0.0000 softmin=0.000 upd_l=0.950 upd_h=0.950 fb_next=0.000 fb_corrupt=0.000 fb_conf=0.000 hagg_norm=0.000 hagg_raw=0.000 hagg_ent=0.000 hagg_maxw=0.000 hagg_clip=0.000 gb_clip=0.0000 gb_infeas=0.0000 gb_endpoint=0.0000 gb_bound=0.000000 gb_delta=0.00e+00 gb_change=0.0000 slow_rho=0.0000 slow_lag=0.0000 slow_tv=0.0000 slow_change=0.0000 scratch_delta=0.000 scratch_gauss=0.0000
[future_seed_loop stage=4:51-64] step=9600 ce=0.9460 total=0.9754 loop1=1.0541 loop_last=0.9460 exact_margin=0.0000 softmin=0.000 upd_l=0.950 upd_h=0.950 fb_next=0.000 fb_corrupt=0.000 fb_conf=0.000 hagg_norm=0.000 hagg_raw=0.000 hagg_ent=0.000 hagg_maxw=0.000 hagg_clip=0.000 gb_clip=0.0000 gb_infeas=0.0000 gb_endpoint=0.0000 gb_bound=0.000000 gb_delta=0.00e+00 gb_change=0.0000 slow_rho=0.0000 slow_lag=0.0000 slow_tv=0.0000 slow_change=0.0000 scratch_delta=0.000 scratch_gauss=0.0000
[checkpoint_eval step=9600 holes60] loop5 exact=0.0000 blank=0.4520
[train_checkpoint step=9600] path=/huyang2/double-loop/models/gdn2-address-position_qk-s9600-20260731T062629Z-f8151df/checkpoints/train_state_step009600.pt

full-board metrics
loop=1 exact=0.0059, valid=0.0059, solved=0.0059, blank_acc=0.5008, early=0.5004, late=0.4991, early_late_gap=+0.0013
        fs_gate=0.523, fs_update=1.000, fs_state_norm=16.721, fs_decay=0.00, fs_raw_rms=3.405, fs_raw_rms_std=0.185, fs_norm_gain=1.000, fs_norm_gain_std=0.000, fs2_delta=0.0000, fs2_gate_std=0.0000, fs2_batch_std=0.0000, fs2_feature_std=0.0000, fs2_gate_range=0.278:0.708, fs2_seed_change=0.0000, fs2_block_active=0.0, fs2_block_raw_norm=0.000, fb_in=0.000, fb_next=0.000, loop_time=0.000, upd_l=0.950, upd_h=0.950, scratch_gate=0.000, scratch_decay=0.000, scratch_delta=0.000, scratch_resid=0.000
loop=2 exact=0.0234, valid=0.0234, solved=0.0234, blank_acc=0.5354, early=0.5357, late=0.5336, early_late_gap=+0.0020
        fs_gate=0.523, fs_update=1.000, fs_state_norm=16.721, fs_decay=0.00, fs_raw_rms=2.707, fs_raw_rms_std=0.260, fs_norm_gain=1.000, fs_norm_gain_std=0.000, fs2_delta=0.0000, fs2_gate_std=0.0000, fs2_batch_std=0.0000, fs2_feature_std=0.0000, fs2_gate_range=0.278:0.708, fs2_seed_change=0.0000, fs2_block_active=0.0, fs2_block_raw_norm=0.000, fb_in=0.000, fb_next=0.000, loop_time=0.000, upd_l=0.950, upd_h=0.950, scratch_gate=0.000, scratch_decay=0.000, scratch_delta=0.000, scratch_resid=0.000
loop=3 exact=0.0234, valid=0.0234, solved=0.0234, blank_acc=0.5484, early=0.5510, late=0.5459, early_late_gap=+0.0051
        fs_gate=0.523, fs_update=1.000, fs_state_norm=16.721, fs_decay=0.00, fs_raw_rms=2.525, fs_raw_rms_std=0.316, fs_norm_gain=1.000, fs_norm_gain_std=0.000, fs2_delta=0.0000, fs2_gate_std=0.0000, fs2_batch_std=0.0000, fs2_feature_std=0.0000, fs2_gate_range=0.278:0.708, fs2_seed_change=0.0000, fs2_block_active=0.0, fs2_block_raw_norm=0.000, fb_in=0.000, fb_next=0.000, loop_time=0.000, upd_l=0.950, upd_h=0.950, scratch_gate=0.000, scratch_decay=0.000, scratch_delta=0.000, scratch_resid=0.000
loop=4 exact=0.0254, valid=0.0254, solved=0.0254, blank_acc=0.5512, early=0.5539, late=0.5477, early_late_gap=+0.0062
        fs_gate=0.523, fs_update=1.000, fs_state_norm=16.721, fs_decay=0.00, fs_raw_rms=2.458, fs_raw_rms_std=0.344, fs_norm_gain=1.000, fs_norm_gain_std=0.000, fs2_delta=0.0000, fs2_gate_std=0.0000, fs2_batch_std=0.0000, fs2_feature_std=0.0000, fs2_gate_range=0.278:0.708, fs2_seed_change=0.0000, fs2_block_active=0.0, fs2_block_raw_norm=0.000, fb_in=0.000, fb_next=0.000, loop_time=0.000, upd_l=0.950, upd_h=0.950, scratch_gate=0.000, scratch_decay=0.000, scratch_delta=0.000, scratch_resid=0.000
loop=5 exact=0.0254, valid=0.0254, solved=0.0254, blank_acc=0.5515, early=0.5531, late=0.5486, early_late_gap=+0.0045
        fs_gate=0.523, fs_update=1.000, fs_state_norm=16.721, fs_decay=0.00, fs_raw_rms=2.435, fs_raw_rms_std=0.352, fs_norm_gain=1.000, fs_norm_gain_std=0.000, fs2_delta=0.0000, fs2_gate_std=0.0000, fs2_batch_std=0.0000, fs2_feature_std=0.0000, fs2_gate_range=0.278:0.708, fs2_seed_change=0.0000, fs2_block_active=0.0, fs2_block_raw_norm=0.000, fb_in=0.000, fb_next=0.000, loop_time=0.000, upd_l=0.950, upd_h=0.950, scratch_gate=0.000, scratch_decay=0.000, scratch_delta=0.000, scratch_resid=0.000

official sudoku eval split=test eval_n=512 seed=1051

official blank-range metrics
b51_55 blanks=51-55 n=512 exact=0.0059, valid=0.0059, solved=0.0059, blank_acc=0.5845, early=0.5863, late=0.5903, early_late_gap=-0.0041
b56_60 blanks=56-60 n=512 exact=0.0059, valid=0.0059, solved=0.0059, blank_acc=0.5171, early=0.5193, late=0.5171, early_late_gap=+0.0022
b61_64 blanks=61-64 n=512 exact=0.0000, valid=0.0000, solved=0.0000, blank_acc=0.6386, early=0.6317, late=0.6436, early_late_gap=-0.0119

case-bank artifacts
official_b51_55 exact=0.0000 blank_acc=0.5507 selected={'solved_by_loop': 0, 'almost_solved': 7, 'hard_failure': 8}
  index=/huyang2/double-loop/runs/gdn2-address-position_qk-s9600-20260731T062629Z-f8151df/output/case_bank/official_b51_55/index.html
  cases=/huyang2/double-loop/runs/gdn2-address-position_qk-s9600-20260731T062629Z-f8151df/output/case_bank/official_b51_55/cases.json
official_b56_60 exact=0.0078 blank_acc=0.5232 selected={'solved_by_loop': 2, 'almost_solved': 4, 'hard_failure': 8}
  index=/huyang2/double-loop/runs/gdn2-address-position_qk-s9600-20260731T062629Z-f8151df/output/case_bank/official_b56_60/index.html
  cases=/huyang2/double-loop/runs/gdn2-address-position_qk-s9600-20260731T062629Z-f8151df/output/case_bank/official_b56_60/cases.json
official_b61_64 exact=0.0000 blank_acc=0.6314 selected={'solved_by_loop': 0, 'almost_solved': 0, 'hard_failure': 8}
  index=/huyang2/double-loop/runs/gdn2-address-position_qk-s9600-20260731T062629Z-f8151df/output/case_bank/official_b61_64/index.html
  cases=/huyang2/double-loop/runs/gdn2-address-position_qk-s9600-20260731T062629Z-f8151df/output/case_bank/official_b61_64/cases.json
Depth loop adds useful full-board refinement.
wrote /huyang2/double-loop/runs/gdn2-address-position_qk-s9600-20260731T062629Z-f8151df/output/futureseed_loop_seed52.json
wrote /huyang2/double-loop/runs/gdn2-address-position_qk-s9600-20260731T062629Z-f8151df/output/futureseed_loop_seed52.md
wrote /huyang2/double-loop/runs/gdn2-address-position_qk-s9600-20260731T062629Z-f8151df/output/futureseed_loop_case_seed52.html
