mode=eqr_maze_probe
run_dir=/huyang2/double-loop/.worktrees/maze31-frontier-fs-s1800-20260617T072102Z-4e9fd34/runs/maze31-frontier-fs-s1800-20260617T072102Z-4e9fd34
git_sha=4e9fd341eca88c04e3e2f6dca3d68f476b72acdc
git_dirty=1
device=cuda torch=2.7.0+cu126 params=961156 eqr_dir=/huyang2/double-loop/repos/eqr
[eqr_maze] step=0100 ce=0.3594 loop1=0.3613 path_f1=0.4839 exact=0.0000 zH=0.0084 zL=0.0080
[eqr_maze] step=0200 ce=0.3516 loop1=0.3535 path_f1=0.5791 exact=0.0000 zH=0.0061 zL=0.0059
[eqr_maze] step=0300 ce=0.3555 loop1=0.3555 path_f1=0.5508 exact=0.0000 zH=0.0060 zL=0.0062
[eqr_maze] step=0400 ce=0.3496 loop1=0.3516 path_f1=0.5285 exact=0.0000 zH=0.0059 zL=0.0056
[eqr_maze] step=0500 ce=0.3496 loop1=0.3496 path_f1=0.5417 exact=0.0000 zH=0.0062 zL=0.0057
[eqr_maze] step=0600 ce=0.3574 loop1=0.3574 path_f1=0.5651 exact=0.0000 zH=0.0063 zL=0.0059
[eqr_maze] step=0700 ce=0.3555 loop1=0.3535 path_f1=0.5788 exact=0.0000 zH=0.0058 zL=0.0057
[eqr_maze] step=0800 ce=0.3516 loop1=0.3535 path_f1=0.5691 exact=0.0000 zH=0.0059 zL=0.0055
[eqr_maze] step=0900 ce=0.3496 loop1=0.3496 path_f1=0.5813 exact=0.0000 zH=0.0056 zL=0.0053
[eqr_maze] step=1000 ce=0.3516 loop1=0.3535 path_f1=0.3716 exact=0.0000 zH=0.0057 zL=0.0056
[eqr_maze] step=1100 ce=0.3496 loop1=0.3496 path_f1=0.5465 exact=0.0000 zH=0.0060 zL=0.0059
[eqr_maze] step=1200 ce=0.3516 loop1=0.3535 path_f1=0.5716 exact=0.0000 zH=0.0055 zL=0.0056
[eqr_maze] step=1300 ce=0.3555 loop1=0.3555 path_f1=0.5322 exact=0.0000 zH=0.0057 zL=0.0055
[eqr_maze] step=1400 ce=0.3516 loop1=0.3516 path_f1=0.4564 exact=0.0000 zH=0.0057 zL=0.0055
[eqr_maze] step=1500 ce=0.3496 loop1=0.3477 path_f1=0.5632 exact=0.0000 zH=0.0056 zL=0.0056
[eqr_maze] step=1600 ce=0.3477 loop1=0.3457 path_f1=0.5671 exact=0.0000 zH=0.0068 zL=0.0122
[eqr_maze] step=1700 ce=0.3516 loop1=0.3516 path_f1=0.5488 exact=0.0000 zH=0.0068 zL=0.0118
[eqr_maze] step=1800 ce=0.3477 loop1=0.3477 path_f1=0.5533 exact=0.0000 zH=0.0067 zL=0.0114
primary loop12 exact=0.0000 path_f1=0.5094 gain=-0.0109
decision=Continue cautiously: maze path learning is alive, but loop gain is weak; inspect residuals before scaling.
wrote /huyang2/double-loop/.worktrees/maze31-frontier-fs-s1800-20260617T072102Z-4e9fd34/runs/maze31-frontier-fs-s1800-20260617T072102Z-4e9fd34/output/eqr_maze_probe_fs1_seed52.json
wrote /huyang2/double-loop/.worktrees/maze31-frontier-fs-s1800-20260617T072102Z-4e9fd34/runs/maze31-frontier-fs-s1800-20260617T072102Z-4e9fd34/output/eqr_maze_probe_fs1_seed52.md
