Current Python version 3.10 is below the recommended 3.11 version. It is recommended to upgrade to Python 3.11 or higher for the best experience.
Loading data from on-disk cache at /huyang2/double-loop/.cache/zoology-directional-scaling-l64-k4/data_f9fb602ec39142e2e3cccd83d039d052.pt...
Loading data from on-disk cache at /huyang2/double-loop/.cache/zoology-directional-scaling-l64-k4/data_2adc20577404e078be7efe1e99261ea4.pt...
{
  "backward": {
    "rope_scale0": {
      "gradient_max": 0.17709055542945862,
      "loss": 5.557539939880371
    },
    "rope_scale1": {
      "gradient_max": 0.18504008650779724,
      "loss": 5.562633037567139
    }
  },
  "candidate_attention_class": "experiments.zoology_mqar.rope_bidirectional_attention.ParamMatchedRoPEBidirectionalAttention",
  "cuda_device_count": 1,
  "data_hashes": {
    "test": "3fa26a5a04b8302001231451bce23c4f5372648d8cdd9fe6116d8e418f470209",
    "train": "31bac228c46a1c85b0b0e164675c7f65e9bb0a3d4b733d4c42d7c057bd6d5bf9"
  },
  "device": "NVIDIA A100-SXM4-80GB",
  "device_uuid": "53e9f3b4-2966-65d3-6614-09c540921519",
  "future_dependencies": {
    "plain_sdpa": 0.009528418071568012,
    "rope_scale0": 0.009528418071568012,
    "rope_scale1": 0.009517652913928032
  },
  "init_hashes": {
    "plain_sdpa": "5e679ccd198047f77d5f15695a49e8968a1a0c2fa4cc8d4c64bcd6a6c05b3a21",
    "rope_scale0": "5e679ccd198047f77d5f15695a49e8968a1a0c2fa4cc8d4c64bcd6a6c05b3a21",
    "rope_scale1": "5e679ccd198047f77d5f15695a49e8968a1a0c2fa4cc8d4c64bcd6a6c05b3a21"
  },
  "parameter_counts": {
    "plain_sdpa": 539136,
    "rope_scale0": 539136,
    "rope_scale1": 539136
  },
  "parameter_free_intervention": true,
  "parameter_hashes": {
    "plain_sdpa": "1da2029805ef8d5992bf169b762cf6035b5b20da47445bb269d87abbf7329e2b",
    "rope_scale0": "1da2029805ef8d5992bf169b762cf6035b5b20da47445bb269d87abbf7329e2b",
    "rope_scale1": "1da2029805ef8d5992bf169b762cf6035b5b20da47445bb269d87abbf7329e2b"
  },
  "peak_cuda_mem_bytes": 84107264,
  "plain_attention_class": "experiments.zoology_mqar.bidirectional_attention.ParamMatchedBidirectionalAttention",
  "rope_scale": 1.0,
  "rope_scale0_output_max_diff": 0.0,
  "rope_theta": 10000.0,
  "rotary_dim": 56,
  "state_keys_identical": true,
  "zoology_sha": "1ad20d193b6113cae1e8f3c655c300d7b4b3f4bb",
  "zoology_source_hashes": {
    "model": "69168e62fa6493d778146658ea5683fde62e82b0d0791169c716406463923fc9",
    "train": "af1d1004d49b689b2746c1b96524ed0d454ade935c472a9dd21874679d3d98aa"
  }
}
