mode=full
run_dir=/huyang2/double-loop/artifacts/worktrees/baseline-clean-20260724-3bc5dec/runs/sudoku-backbone-rwkv-s500-clean-20260724T020321Z-3bc5dec
git_sha=3bc5dec7677606cc3f12def6538891c199798ca5
git_dirty=1
Current Python version 3.10 is below the recommended 3.11 version. It is recommended to upgrade to Python 3.11 or higher for the best experience.
device=cuda torch=2.7.0+cu126 board=9x9 box=3x3 mainline=future_seed_loop backbone=rwkv rwkv_kernel=statepassing gdn_mode=chunk gdn_progressive_base_expand_v=0.0 forward_dtype=bfloat16
checkpoint_eval steps=500 holes=53
/opt/conda/lib/python3.10/site-packages/torch/utils/cpp_extension.py:2356: UserWarning: TORCH_CUDA_ARCH_LIST is not set, all archs for visible cards are included for compilation.
If this is not desired, please set os.environ['TORCH_CUDA_ARCH_LIST'].
  warnings.warn(
[future_seed_loop stage=1:46-50] step=0100 ce=1.6506 total=1.6499 loop1=1.6487 loop_last=1.6506 exact_margin=0.0000 softmin=0.000 upd_l=0.950 upd_h=0.950 fb_next=0.000 fb_corrupt=0.000 fb_conf=0.000 hagg_norm=0.000 hagg_raw=0.000 hagg_ent=0.000 hagg_maxw=0.000 hagg_clip=0.000 scratch_delta=0.000 scratch_gauss=0.0000
[future_seed_loop stage=2:51-55] step=0200 ce=1.4239 total=1.4242 loop1=1.4278 loop_last=1.4239 exact_margin=0.0000 softmin=0.000 upd_l=0.950 upd_h=0.950 fb_next=0.000 fb_corrupt=0.000 fb_conf=0.000 hagg_norm=0.000 hagg_raw=0.000 hagg_ent=0.000 hagg_maxw=0.000 hagg_clip=0.000 scratch_delta=0.000 scratch_gauss=0.0000
[future_seed_loop stage=2:51-55] step=0300 ce=1.1487 total=1.1518 loop1=1.1632 loop_last=1.1487 exact_margin=0.0000 softmin=0.000 upd_l=0.950 upd_h=0.950 fb_next=0.000 fb_corrupt=0.000 fb_conf=0.000 hagg_norm=0.000 hagg_raw=0.000 hagg_ent=0.000 hagg_maxw=0.000 hagg_clip=0.000 scratch_delta=0.000 scratch_gauss=0.0000
[future_seed_loop stage=2:51-55] step=0400 ce=1.0823 total=1.0893 loop1=1.1143 loop_last=1.0823 exact_margin=0.0000 softmin=0.000 upd_l=0.950 upd_h=0.950 fb_next=0.000 fb_corrupt=0.000 fb_conf=0.000 hagg_norm=0.000 hagg_raw=0.000 hagg_ent=0.000 hagg_maxw=0.000 hagg_clip=0.000 scratch_delta=0.000 scratch_gauss=0.0000
[future_seed_loop stage=2:51-55] step=0500 ce=1.0432 total=1.0508 loop1=1.0786 loop_last=1.0432 exact_margin=0.0000 softmin=0.000 upd_l=0.950 upd_h=0.950 fb_next=0.000 fb_corrupt=0.000 fb_conf=0.000 hagg_norm=0.000 hagg_raw=0.000 hagg_ent=0.000 hagg_maxw=0.000 hagg_clip=0.000 scratch_delta=0.000 scratch_gauss=0.0000
[checkpoint_eval step=0500 holes53] loop5 exact=0.0059 blank=0.4795
[train_checkpoint step=0500] path=/huyang2/double-loop/models/sudoku-backbone-rwkv-s500-clean-20260724T020321Z-3bc5dec/checkpoints/train_state_step000500.pt

full-board metrics
loop=1 exact=0.0000, valid=0.0000, solved=0.0000, blank_acc=0.4681, early=0.4661, late=0.4709, early_late_gap=-0.0048
        fs_gate=0.527, fs_update=1.000, fs_state_norm=16.878, fs_decay=0.00, fs_raw_rms=0.861, fs_raw_rms_std=0.073, fs_norm_gain=1.000, fs_norm_gain_std=0.000, fb_in=0.000, fb_next=0.000, loop_time=0.000, upd_l=0.950, upd_h=0.950, scratch_gate=0.000, scratch_decay=0.000, scratch_delta=0.000, scratch_resid=0.000
loop=2 exact=0.0059, valid=0.0059, solved=0.0059, blank_acc=0.4842, early=0.4816, late=0.4839, early_late_gap=-0.0023
        fs_gate=0.527, fs_update=1.000, fs_state_norm=16.878, fs_decay=0.00, fs_raw_rms=0.837, fs_raw_rms_std=0.078, fs_norm_gain=1.000, fs_norm_gain_std=0.000, fb_in=0.000, fb_next=0.000, loop_time=0.000, upd_l=0.950, upd_h=0.950, scratch_gate=0.000, scratch_decay=0.000, scratch_delta=0.000, scratch_resid=0.000
loop=3 exact=0.0078, valid=0.0078, solved=0.0078, blank_acc=0.4859, early=0.4819, late=0.4862, early_late_gap=-0.0043
        fs_gate=0.527, fs_update=1.000, fs_state_norm=16.878, fs_decay=0.00, fs_raw_rms=0.831, fs_raw_rms_std=0.079, fs_norm_gain=1.000, fs_norm_gain_std=0.000, fb_in=0.000, fb_next=0.000, loop_time=0.000, upd_l=0.950, upd_h=0.950, scratch_gate=0.000, scratch_decay=0.000, scratch_delta=0.000, scratch_resid=0.000
loop=4 exact=0.0078, valid=0.0078, solved=0.0078, blank_acc=0.4866, early=0.4821, late=0.4868, early_late_gap=-0.0047
        fs_gate=0.527, fs_update=1.000, fs_state_norm=16.878, fs_decay=0.00, fs_raw_rms=0.830, fs_raw_rms_std=0.079, fs_norm_gain=1.000, fs_norm_gain_std=0.000, fb_in=0.000, fb_next=0.000, loop_time=0.000, upd_l=0.950, upd_h=0.950, scratch_gate=0.000, scratch_decay=0.000, scratch_delta=0.000, scratch_resid=0.000
loop=5 exact=0.0078, valid=0.0078, solved=0.0078, blank_acc=0.4867, early=0.4827, late=0.4864, early_late_gap=-0.0037
        fs_gate=0.527, fs_update=1.000, fs_state_norm=16.878, fs_decay=0.00, fs_raw_rms=0.829, fs_raw_rms_std=0.079, fs_norm_gain=1.000, fs_norm_gain_std=0.000, fb_in=0.000, fb_next=0.000, loop_time=0.000, upd_l=0.950, upd_h=0.950, scratch_gate=0.000, scratch_decay=0.000, scratch_delta=0.000, scratch_resid=0.000

official sudoku eval split=test eval_n=512 seed=1051

official blank-range metrics
b46_50 blanks=46-50 n=512 exact=0.3359, valid=0.3359, solved=0.3359, blank_acc=0.9659, early=0.9620, late=0.9715, early_late_gap=-0.0094
b51_55 blanks=51-55 n=512 exact=0.0000, valid=0.0000, solved=0.0000, blank_acc=0.5097, early=0.5061, late=0.5110, early_late_gap=-0.0049
b56_64 blanks=56-64 n=512 exact=0.0000, valid=0.0000, solved=0.0000, blank_acc=0.4553, early=0.4490, late=0.4560, early_late_gap=-0.0071

case-bank artifacts
official_b46_50 exact=0.3398 blank_acc=0.9658 selected={'solved_by_loop': 4, 'almost_solved': 4, 'hard_failure': 4}
  index=/huyang2/double-loop/artifacts/worktrees/baseline-clean-20260724-3bc5dec/runs/sudoku-backbone-rwkv-s500-clean-20260724T020321Z-3bc5dec/output/case_bank/official_b46_50/index.html
  cases=/huyang2/double-loop/artifacts/worktrees/baseline-clean-20260724-3bc5dec/runs/sudoku-backbone-rwkv-s500-clean-20260724T020321Z-3bc5dec/output/case_bank/official_b46_50/cases.json
official_b51_55 exact=0.0000 blank_acc=0.5000 selected={'solved_by_loop': 0, 'almost_solved': 0, 'hard_failure': 4}
  index=/huyang2/double-loop/artifacts/worktrees/baseline-clean-20260724-3bc5dec/runs/sudoku-backbone-rwkv-s500-clean-20260724T020321Z-3bc5dec/output/case_bank/official_b51_55/index.html
  cases=/huyang2/double-loop/artifacts/worktrees/baseline-clean-20260724-3bc5dec/runs/sudoku-backbone-rwkv-s500-clean-20260724T020321Z-3bc5dec/output/case_bank/official_b51_55/cases.json
official_b56_64 exact=0.0000 blank_acc=0.4555 selected={'solved_by_loop': 0, 'almost_solved': 0, 'hard_failure': 4}
  index=/huyang2/double-loop/artifacts/worktrees/baseline-clean-20260724-3bc5dec/runs/sudoku-backbone-rwkv-s500-clean-20260724T020321Z-3bc5dec/output/case_bank/official_b56_64/index.html
  cases=/huyang2/double-loop/artifacts/worktrees/baseline-clean-20260724-3bc5dec/runs/sudoku-backbone-rwkv-s500-clean-20260724T020321Z-3bc5dec/output/case_bank/official_b56_64/cases.json
Depth loop adds useful full-board refinement.
wrote /huyang2/double-loop/artifacts/worktrees/baseline-clean-20260724-3bc5dec/runs/sudoku-backbone-rwkv-s500-clean-20260724T020321Z-3bc5dec/output/futureseed_loop_seed52.json
wrote /huyang2/double-loop/artifacts/worktrees/baseline-clean-20260724-3bc5dec/runs/sudoku-backbone-rwkv-s500-clean-20260724T020321Z-3bc5dec/output/futureseed_loop_seed52.md
wrote /huyang2/double-loop/artifacts/worktrees/baseline-clean-20260724-3bc5dec/runs/sudoku-backbone-rwkv-s500-clean-20260724T020321Z-3bc5dec/output/futureseed_loop_case_seed52.html
