mode=full
run_dir=/huyang2/double-loop/.worktrees/futureseed-bidir-955e266-20260621T0850Z/runs/bidir-rwkv9-nofs-s800-20260621T083500Z-955e266
git_sha=955e266ca018744d7e92d39216e30c69c4840230
git_dirty=1
device=cuda torch=2.7.0+cu126 board=9x9 box=3x3 mainline=future_seed_loop rwkv_kernel=statepassing forward_dtype=bfloat16
/opt/conda/lib/python3.10/site-packages/torch/utils/cpp_extension.py:2356: UserWarning: TORCH_CUDA_ARCH_LIST is not set, all archs for visible cards are included for compilation. 
If this is not desired, please set os.environ['TORCH_CUDA_ARCH_LIST'].
  warnings.warn(
[future_seed_loop stage=1:4-8] step=0100 ce=0.8978 total=0.8978 loop1=0.8955 loop_last=0.8978 upd_l=0.950 upd_h=0.950 scratch_delta=0.000 scratch_gauss=0.0000
[future_seed_loop stage=1:4-8] step=0200 ce=0.7439 total=0.7439 loop1=0.7455 loop_last=0.7439 upd_l=0.950 upd_h=0.950 scratch_delta=0.000 scratch_gauss=0.0000
[future_seed_loop stage=1:4-8] step=0300 ce=0.6485 total=0.6485 loop1=0.6490 loop_last=0.6485 upd_l=0.950 upd_h=0.950 scratch_delta=0.000 scratch_gauss=0.0000
[future_seed_loop stage=2:8-12] step=0400 ce=0.7193 total=0.7193 loop1=0.7183 loop_last=0.7193 upd_l=0.950 upd_h=0.950 scratch_delta=0.000 scratch_gauss=0.0000
[future_seed_loop stage=2:8-12] step=0500 ce=0.6177 total=0.6177 loop1=0.6252 loop_last=0.6177 upd_l=0.950 upd_h=0.950 scratch_delta=0.000 scratch_gauss=0.0000
[future_seed_loop stage=2:8-12] step=0600 ce=0.5344 total=0.5344 loop1=0.5386 loop_last=0.5344 upd_l=0.950 upd_h=0.950 scratch_delta=0.000 scratch_gauss=0.0000
[future_seed_loop stage=2:8-12] step=0700 ce=0.4844 total=0.4844 loop1=0.4887 loop_last=0.4844 upd_l=0.950 upd_h=0.950 scratch_delta=0.000 scratch_gauss=0.0000
[future_seed_loop stage=2:8-12] step=0800 ce=0.4779 total=0.4779 loop1=0.4806 loop_last=0.4779 upd_l=0.950 upd_h=0.950 scratch_delta=0.000 scratch_gauss=0.0000

full-board metrics
loop=1 exact=0.0098, valid=0.0098, solved=0.0098, blank_acc=0.6649, early=0.4596, late=0.8347, early_late_gap=-0.3752
        fs_gate=0.000, fs_update=0.000, fs_state_norm=0.000, fs_decay=0.00, fb_in=0.000, fb_next=0.000, loop_time=0.000, upd_l=0.950, upd_h=0.950, scratch_gate=0.000, scratch_decay=0.000, scratch_delta=0.000, scratch_resid=0.000
loop=2 exact=0.0137, valid=0.0137, solved=0.0137, blank_acc=0.6670, early=0.4649, late=0.8352, early_late_gap=-0.3704
        fs_gate=0.000, fs_update=0.000, fs_state_norm=0.000, fs_decay=0.00, fb_in=0.000, fb_next=0.000, loop_time=0.000, upd_l=0.950, upd_h=0.950, scratch_gate=0.000, scratch_decay=0.000, scratch_delta=0.000, scratch_resid=0.000
loop=3 exact=0.0137, valid=0.0137, solved=0.0137, blank_acc=0.6678, early=0.4682, late=0.8377, early_late_gap=-0.3695
        fs_gate=0.000, fs_update=0.000, fs_state_norm=0.000, fs_decay=0.00, fb_in=0.000, fb_next=0.000, loop_time=0.000, upd_l=0.950, upd_h=0.950, scratch_gate=0.000, scratch_decay=0.000, scratch_delta=0.000, scratch_resid=0.000
loop=4 exact=0.0156, valid=0.0156, solved=0.0156, blank_acc=0.6686, early=0.4692, late=0.8377, early_late_gap=-0.3685
        fs_gate=0.000, fs_update=0.000, fs_state_norm=0.000, fs_decay=0.00, fb_in=0.000, fb_next=0.000, loop_time=0.000, upd_l=0.950, upd_h=0.950, scratch_gate=0.000, scratch_decay=0.000, scratch_delta=0.000, scratch_resid=0.000
loop=5 exact=0.0156, valid=0.0156, solved=0.0156, blank_acc=0.6688, early=0.4697, late=0.8382, early_late_gap=-0.3685
        fs_gate=0.000, fs_update=0.000, fs_state_norm=0.000, fs_decay=0.00, fb_in=0.000, fb_next=0.000, loop_time=0.000, upd_l=0.950, upd_h=0.950, scratch_gate=0.000, scratch_decay=0.000, scratch_delta=0.000, scratch_resid=0.000

stochastic rollout metrics
K1 oracle_exact=0.0156 oracle_solved=0.0156 disagree=0.0000
  confidence exact=0.0156, valid=0.0156, solved=0.0156, blank_acc=0.6688, early=0.4697, late=0.8382, early_late_gap=-0.3685; gap=0.0000
  consistency exact=0.0156, valid=0.0156, solved=0.0156, blank_acc=0.6688, early=0.4697, late=0.8382, early_late_gap=-0.3685; gap=0.0000
  residual    exact=0.0156, valid=0.0156, solved=0.0156, blank_acc=0.6688, early=0.4697, late=0.8382, early_late_gap=-0.3685; gap=0.0000
  majority    exact=0.0156, valid=0.0156, solved=0.0156, blank_acc=0.6688, early=0.4697, late=0.8382, early_late_gap=-0.3685; gap=0.0000

compute-scaling rollout metrics
loop1
  K1 oracle_exact=0.0098 confidence_exact=0.0098 residual_exact=0.0098 disagree=0.0000
loop3
  K1 oracle_exact=0.0137 confidence_exact=0.0137 residual_exact=0.0137 disagree=0.0000
loop5
  K1 oracle_exact=0.0156 confidence_exact=0.0156 residual_exact=0.0156 disagree=0.0000

hole-transfer metrics
holes=12 exact=0.0156, valid=0.0156, solved=0.0156, blank_acc=0.6688, early=0.4697, late=0.8382, early_late_gap=-0.3685; indep=0.0080, exact/indep=1.95
holes=8  exact=0.0625, valid=0.0625, solved=0.0625, blank_acc=0.6934, early=0.4779, late=0.8583, early_late_gap=-0.3804; indep=0.0534, exact/indep=1.17
holes=16 exact=0.0000, valid=0.0000, solved=0.0000, blank_acc=0.6360, early=0.4155, late=0.8199, early_late_gap=-0.4044; indep=0.0007, exact/indep=0.00
Depth loop adds useful full-board refinement.
wrote /huyang2/double-loop/.worktrees/futureseed-bidir-955e266-20260621T0850Z/runs/bidir-rwkv9-nofs-s800-20260621T083500Z-955e266/output/futureseed_loop_seed52.json
wrote /huyang2/double-loop/.worktrees/futureseed-bidir-955e266-20260621T0850Z/runs/bidir-rwkv9-nofs-s800-20260621T083500Z-955e266/output/futureseed_loop_seed52.md
wrote /huyang2/double-loop/.worktrees/futureseed-bidir-955e266-20260621T0850Z/runs/bidir-rwkv9-nofs-s800-20260621T083500Z-955e266/output/futureseed_loop_case_seed52.html
