mode=full
run_dir=/huyang2/double-loop/.worktrees/pscale033-nofs-d224-503f367-20260715/runs/gdn-full-diversity-d224l12-nofs-step1000-evalviz-20260715T1410Z-503f367
git_sha=503f367b4df84509feabe33e8c40edaeb5c2fb63
git_dirty=0
device=cuda torch=2.7.0+cu126 board=9x9 box=3x3 mainline=future_seed_loop backbone=gdn rwkv_kernel=auto gdn_mode=triton_recurrent forward_dtype=bfloat16
resumed_train_checkpoint path=/huyang2/double-loop/models/gdn-full-diversity-d224l12-nofs-s8000-20260715T1235Z-503f367/checkpoints/train_state_step001000.pt step=1000 reason=eval_checkpoint

full-board metrics
loop=1 exact=0.0000, valid=0.0000, solved=0.0000, blank_acc=0.2653, early=0.2002, late=0.3303, early_late_gap=-0.1301
        fs_gate=0.000, fs_update=0.000, fs_state_norm=0.000, fs_decay=0.00, fb_in=0.000, fb_next=0.000, loop_time=0.000, upd_l=0.950, upd_h=0.950, scratch_gate=0.000, scratch_decay=0.000, scratch_delta=0.000, scratch_resid=0.000
loop=2 exact=0.0000, valid=0.0000, solved=0.0000, blank_acc=0.2663, early=0.2003, late=0.3317, early_late_gap=-0.1314
        fs_gate=0.000, fs_update=0.000, fs_state_norm=0.000, fs_decay=0.00, fb_in=0.000, fb_next=0.000, loop_time=0.000, upd_l=0.950, upd_h=0.950, scratch_gate=0.000, scratch_decay=0.000, scratch_delta=0.000, scratch_resid=0.000
loop=3 exact=0.0000, valid=0.0000, solved=0.0000, blank_acc=0.2650, early=0.1977, late=0.3325, early_late_gap=-0.1348
        fs_gate=0.000, fs_update=0.000, fs_state_norm=0.000, fs_decay=0.00, fb_in=0.000, fb_next=0.000, loop_time=0.000, upd_l=0.950, upd_h=0.950, scratch_gate=0.000, scratch_decay=0.000, scratch_delta=0.000, scratch_resid=0.000
loop=4 exact=0.0000, valid=0.0000, solved=0.0000, blank_acc=0.2644, early=0.1976, late=0.3308, early_late_gap=-0.1333
        fs_gate=0.000, fs_update=0.000, fs_state_norm=0.000, fs_decay=0.00, fb_in=0.000, fb_next=0.000, loop_time=0.000, upd_l=0.950, upd_h=0.950, scratch_gate=0.000, scratch_decay=0.000, scratch_delta=0.000, scratch_resid=0.000
loop=5 exact=0.0000, valid=0.0000, solved=0.0000, blank_acc=0.2647, early=0.1983, late=0.3311, early_late_gap=-0.1328
        fs_gate=0.000, fs_update=0.000, fs_state_norm=0.000, fs_decay=0.00, fb_in=0.000, fb_next=0.000, loop_time=0.000, upd_l=0.950, upd_h=0.950, scratch_gate=0.000, scratch_decay=0.000, scratch_delta=0.000, scratch_resid=0.000

official sudoku eval split=test eval_n=512 seed=1051

official blank-range metrics
b46_50 blanks=46-50 n=512 exact=0.0000, valid=0.0000, solved=0.0000, blank_acc=0.3896, early=0.2522, late=0.5406, early_late_gap=-0.2884
b51_55 blanks=51-55 n=512 exact=0.0000, valid=0.0000, solved=0.0000, blank_acc=0.2699, early=0.2024, late=0.3410, early_late_gap=-0.1386
b56_64 blanks=56-64 n=512 exact=0.0000, valid=0.0000, solved=0.0000, blank_acc=0.2542, early=0.1972, late=0.3112, early_late_gap=-0.1140

case-bank artifacts
official_b46_50 exact=0.0000 blank_acc=0.3900 selected={'solved_by_loop': 0, 'almost_solved': 0, 'hard_failure': 4}
  index=/huyang2/double-loop/.worktrees/pscale033-nofs-d224-503f367-20260715/runs/gdn-full-diversity-d224l12-nofs-step1000-evalviz-20260715T1410Z-503f367/output/case_bank/official_b46_50/index.html
  cases=/huyang2/double-loop/.worktrees/pscale033-nofs-d224-503f367-20260715/runs/gdn-full-diversity-d224l12-nofs-step1000-evalviz-20260715T1410Z-503f367/output/case_bank/official_b46_50/cases.json
official_b51_55 exact=0.0000 blank_acc=0.2744 selected={'solved_by_loop': 0, 'almost_solved': 0, 'hard_failure': 4}
  index=/huyang2/double-loop/.worktrees/pscale033-nofs-d224-503f367-20260715/runs/gdn-full-diversity-d224l12-nofs-step1000-evalviz-20260715T1410Z-503f367/output/case_bank/official_b51_55/index.html
  cases=/huyang2/double-loop/.worktrees/pscale033-nofs-d224-503f367-20260715/runs/gdn-full-diversity-d224l12-nofs-step1000-evalviz-20260715T1410Z-503f367/output/case_bank/official_b51_55/cases.json
official_b56_64 exact=0.0000 blank_acc=0.2573 selected={'solved_by_loop': 0, 'almost_solved': 0, 'hard_failure': 4}
  index=/huyang2/double-loop/.worktrees/pscale033-nofs-d224-503f367-20260715/runs/gdn-full-diversity-d224l12-nofs-step1000-evalviz-20260715T1410Z-503f367/output/case_bank/official_b56_64/index.html
  cases=/huyang2/double-loop/.worktrees/pscale033-nofs-d224-503f367-20260715/runs/gdn-full-diversity-d224l12-nofs-step1000-evalviz-20260715T1410Z-503f367/output/case_bank/official_b56_64/cases.json
Depth loop is neutral on full-board exact in this run.
wrote /huyang2/double-loop/.worktrees/pscale033-nofs-d224-503f367-20260715/runs/gdn-full-diversity-d224l12-nofs-step1000-evalviz-20260715T1410Z-503f367/output/futureseed_loop_seed52.json
wrote /huyang2/double-loop/.worktrees/pscale033-nofs-d224-503f367-20260715/runs/gdn-full-diversity-d224l12-nofs-step1000-evalviz-20260715T1410Z-503f367/output/futureseed_loop_seed52.md
wrote /huyang2/double-loop/.worktrees/pscale033-nofs-d224-503f367-20260715/runs/gdn-full-diversity-d224l12-nofs-step1000-evalviz-20260715T1410Z-503f367/output/futureseed_loop_case_seed52.html
