+ export CUDA_VISIBLE_DEVICES=0
+ CUDA_VISIBLE_DEVICES=0
+ export TORCH_EXTENSIONS_DIR=/huyang2/double-loop/.cache/torch_extensions
+ TORCH_EXTENSIONS_DIR=/huyang2/double-loop/.cache/torch_extensions
+ export PYTORCH_CUDA_ALLOC_CONF=expandable_segments:True
+ PYTORCH_CUDA_ALLOC_CONF=expandable_segments:True
+ export TORCH_CUDA_ARCH_LIST=8.0
+ TORCH_CUDA_ARCH_LIST=8.0
+ export XDG_CACHE_HOME=/huyang2/double-loop/.cache
+ XDG_CACHE_HOME=/huyang2/double-loop/.cache
+ export UV_CACHE_DIR=/huyang2/double-loop/.cache/uv
+ UV_CACHE_DIR=/huyang2/double-loop/.cache/uv
+ export PATH=/huyang2/double-loop/.cache/bin:/opt/conda/bin:/usr/local/cuda-11.7/bin:/opt/conda/bin:/opt/conda/condabin:/usr/local/sbin:/usr/local/bin:/usr/sbin:/usr/bin:/sbin:/bin:/usr/games:/usr/local/games:/snap/bin
+ PATH=/huyang2/double-loop/.cache/bin:/opt/conda/bin:/usr/local/cuda-11.7/bin:/opt/conda/bin:/opt/conda/condabin:/usr/local/sbin:/usr/local/bin:/usr/sbin:/usr/bin:/sbin:/bin:/usr/games:/usr/local/games:/snap/bin
+ export NINJA_REAL=/opt/conda/bin/ninja
+ NINJA_REAL=/opt/conda/bin/ninja
+ export SOURCE_SNAPSHOT_MODE=lean
+ SOURCE_SNAPSHOT_MODE=lean
+ date -u +%Y-%m-%dT%H:%M:%SZ
2026-06-23T02:45:54Z
+ hostname
4bpq1kh6m5tuc-0
+ /opt/conda/bin/python --version
Python 3.10.11
+ /opt/conda/bin/python -
torch 2.7.0+cu126 cuda 12.6 is_available True
+ nvidia-smi
Tue Jun 23 02:45:56 2026       
+-----------------------------------------------------------------------------------------+
| NVIDIA-SMI 550.54.14              Driver Version: 550.54.14      CUDA Version: 12.4     |
|-----------------------------------------+------------------------+----------------------+
| GPU  Name                 Persistence-M | Bus-Id          Disp.A | Volatile Uncorr. ECC |
| Fan  Temp   Perf          Pwr:Usage/Cap |           Memory-Usage | GPU-Util  Compute M. |
|                                         |                        |               MIG M. |
|=========================================+========================+======================|
|   0  NVIDIA A800-SXM4-80GB          On  |   00000000:99:00.0 Off |                    0 |
| N/A   25C    P0             61W /  400W |       0MiB /  81920MiB |      0%      Default |
|                                         |                        |             Disabled |
+-----------------------------------------+------------------------+----------------------+
                                                                                         
+-----------------------------------------------------------------------------------------+
| Processes:                                                                              |
|  GPU   GI   CI        PID   Type   Process name                              GPU Memory |
|        ID   ID                                                               Usage      |
|=========================================================================================|
|  No running processes found                                                             |
+-----------------------------------------------------------------------------------------+
+ cd /huyang2/double-loop/artifacts/source/rwkv-maze-state64-d256l12-b32-20260623-2c061c3
+ exec /opt/conda/bin/python scripts/rwkv_maze_probe.py --repo-root /huyang2/double-loop/artifacts/source/rwkv-maze-state64-d256l12-b32-20260623-2c061c3 --data-dir /huyang2/double-loop/official_eqr_compare/eqr-clean/data/maze-30x30-unique-1k --out-dir /huyang2/double-loop/runs/rwkv-maze-state64-d256l12-actckpt-b32-lr1e4-20260623 --run-name rwkv-maze-state64-d256l12-actckpt-b32-lr1e4-20260623 --condition clean-fs-d256-l12-state64-actckpt-b32-lr1e4 --steps 300 --batch 32 --eval-n 256 --eval-batch 16 --d-model 256 --layers 12 --heads 4 --head-dim 64 --channel-mult 4 --l-cycles 2 --train-loops 8 --eval-loops 16 --lambda 0.95 --future-seed-scale 1 --future-seed-decay 0 --future-seed-update fixed --feedback-mode none --rwkv-kernel statepassing --forward-dtype bfloat16 --path-weight 8 --loop-loss all --lr 1e-4 --weight-decay 0.1 --grad-clip 1 --seed 52 --log-every 100 --viz-cases 64 --activation-checkpoint --broad-mask-kill-step 300 --broad-mask-min-precision 0.38 --broad-mask-min-fp-drop 10 --broad-mask-target raw
[rwkv_maze] step=0001 loss=1.8267 ce=1.8267 bin=0.7538 budget=0.1546 count=0.7624 dat=0.0000 improve=0.0000 loop1=0.3341 loop16=0.3305 gain=-0.0035 pred=0.3784->0.3455 fp=263.6->239.7 fn=42.3->48.0 count_pred=0.5443
[rwkv_maze] step=0100 loss=0.3741 ce=0.3741 bin=0.3868 budget=0.2058 count=0.9229 dat=0.0000 improve=0.0000 loop1=0.4681 loop16=0.4681 gain=+0.0000 pred=0.4328->0.4328 fp=270.2->270.2 fn=0.0->0.0 count_pred=0.6301
[rwkv_maze] step=0200 loss=0.3701 ce=0.3701 bin=0.3841 budget=0.2039 count=0.7866 dat=0.0000 improve=0.0000 loop1=0.4686 loop16=0.4686 gain=+0.0000 pred=0.4322->0.4322 fp=269.7->269.7 fn=0.0->0.0 count_pred=0.5587
